
[1m[46m RUN [49m[22m [36mv3.2.4 [39m[90mC:/workspace/claude/forgecraft-mcp[39m

{"timestamp":"2026-03-28T01:43:37.793Z","level":"INFO","service":"forgecraft","module":"analyzers/project-context","message":"Project context detected","projectDir":"C:\\Users\\JC\\AppData\\Local\\Temp\\forgecraft-ctx-test-1774662217362","repoUrl":"not found","framework":"not detected","hasDomain":false,"sensitiveData":"NO"}
{"timestamp":"2026-03-28T01:43:37.965Z","level":"INFO","service":"forgecraft","module":"registry/loader","message":"Templates loaded","tagCount":24,"tags":["ANALYTICS","API","CLI","DATA-LINEAGE","DATA-PIPELINE","FINTECH","GAME","HEALTHCARE","HIPAA","INFRA","LIBRARY","MEDALLION-ARCHITECTURE","ML","MOBILE","OBSERVABILITY-XRAY","REALTIME","SOC2","SOCIAL","STATE-MACHINE","UNIVERSAL","WEB-REACT","WEB-STATIC","WEB3","ZERO-TRUST"]}
{"timestamp":"2026-03-28T01:43:37.982Z","level":"INFO","service":"forgecraft","module":"registry/mcp-discovery","message":"Loaded local MCP server recommendations","count":5,"tags":["UNIVERSAL"]}
 [32mΓ£ô[39m tests/registry/mcp-discovery.test.ts[2m > [22mMcpDiscoveryService[2m > [22mDefaultMcpDiscoveryService ΓÇö local discovery[2m > [22mshould discover servers for UNIVERSAL tag[33m 455[2mms[22m[39m
 [32mΓ£ô[39m tests/shared/filesystem.test.ts[2m > [22mfilesystem[2m > [22mwriteFileIfMissing[2m > [22mshould create a new file and return 'created'[32m 13[2mms[22m[39m
 [32mΓ£ô[39m tests/shared/filesystem.test.ts[2m > [22mfilesystem[2m > [22mwriteFileIfMissing[2m > [22mshould skip existing file and return 'skipped'[32m 9[2mms[22m[39m
 [32mΓ£ô[39m tests/shared/filesystem.test.ts[2m > [22mfilesystem[2m > [22mwriteFileIfMissing[2m > [22mshould overwrite existing file when force is true[32m 16[2mms[22m[39m
 [32mΓ£ô[39m tests/shared/filesystem.test.ts[2m > [22mfilesystem[2m > [22mwriteFileIfMissing[2m > [22mshould create parent directories[32m 16[2mms[22m[39m
{"timestamp":"2026-03-28T01:43:38.079Z","level":"INFO","service":"forgecraft","module":"registry/loader","message":"Templates loaded","tagCount":24,"tags":["ANALYTICS","API","CLI","DATA-LINEAGE","DATA-PIPELINE","FINTECH","GAME","HEALTHCARE","HIPAA","INFRA","LIBRARY","MEDALLION-ARCHITECTURE","ML","MOBILE","OBSERVABILITY-XRAY","REALTIME","SOC2","SOCIAL","STATE-MACHINE","UNIVERSAL","WEB-REACT","WEB-STATIC","WEB3","ZERO-TRUST"]}
{"timestamp":"2026-03-28T01:43:38.084Z","level":"INFO","service":"forgecraft","module":"registry/composer","message":"Templates composed","tags":["UNIVERSAL"],"tier":"recommended","instructionBlocks":37,"structureEntries":20,"nfrBlocks":4,"hooks":13,"skills":8,"reviewBlocks":5,"referenceBlocks":8,"playbooks":0,"verificationStrategies":1}
 [32mΓ£ô[39m tests/artifacts/commit-hooks.test.ts[2m > [22mCommitHooksArtifact[2m > [22midentity properties[2m > [22mhas the correct specId[32m 2[2mms[22m[39m
 [32mΓ£ô[39m tests/artifacts/commit-hooks.test.ts[2m > [22mCommitHooksArtifact[2m > [22midentity properties[2m > [22mhas a non-empty name and purpose[32m 1[2mms[22m[39m
 [32mΓ£ô[39m tests/artifacts/commit-hooks.test.ts[2m > [22mCommitHooksArtifact[2m > [22midentity properties[2m > [22mcovers enforcement areas including secrets and compilation[32m 0[2mms[22m[39m
 [32mΓ£ô[39m tests/artifacts/commit-hooks.test.ts[2m > [22mCommitHooksArtifact[2m > [22midentity properties[2m > [22mcovers conventional commit message format enforcement[32m 0[2mms[22m[39m
 [32mΓ£ô[39m tests/artifacts/commit-hooks.test.ts[2m > [22mCommitHooksArtifact[2m > [22midentity properties[2m > [22mexcludes hook implementation details from its own spec[32m 1[2mms[22m[39m
 [32mΓ£ô[39m tests/artifacts/commit-hooks.test.ts[2m > [22mCommitHooksArtifact[2m > [22misInScope[2m > [22mreturns true for .claude/hooks/ paths[32m 0[2mms[22m[39m
 [32mΓ£ô[39m tests/artifacts/commit-hooks.test.ts[2m > [22mCommitHooksArtifact[2m > [22misInScope[2m > [22mreturns true for .claude/hooks/commit-msg.sh[32m 0[2mms[22m[39m
 [32mΓ£ô[39m tests/artifacts/commit-hooks.test.ts[2m > [22mCommitHooksArtifact[2m > [22misInScope[2m > [22mreturns true for .git/hooks/ paths[32m 0[2mms[22m[39m
 [32mΓ£ô[39m tests/artifacts/commit-hooks.test.ts[2m > [22mCommitHooksArtifact[2m > [22misInScope[2m > [22mreturns true for .git/hooks/commit-msg[32m 1[2mms[22m[39m
 [32mΓ£ô[39m tests/artifacts/commit-hooks.test.ts[2m > [22mCommitHooksArtifact[2m > [22misInScope[2m > [22mreturns true for scripts/setup-hooks.sh[32m 0[2mms[22m[39m
 [32mΓ£ô[39m tests/artifacts/commit-hooks.test.ts[2m > [22mCommitHooksArtifact[2m > [22misInScope[2m > [22mreturns false for unrelated paths[32m 0[2mms[22m[39m
 [32mΓ£ô[39m tests/artifacts/commit-hooks.test.ts[2m > [22mCommitHooksArtifact[2m > [22mverify()[2m > [22mpasses for an existing file[32m 1[2mms[22m[39m
 [32mΓ£ô[39m tests/artifacts/commit-hooks.test.ts[2m > [22mCommitHooksArtifact[2m > [22mverify()[2m > [22mpasses for commit-msg.sh[32m 1[2mms[22m[39m
 [32mΓ£ô[39m tests/artifacts/commit-hooks.test.ts[2m > [22mCommitHooksArtifact[2m > [22mverify()[2m > [22mfails for a non-existent file[32m 0[2mms[22m[39m
 [32mΓ£ô[39m tests/artifacts/commit-hooks.test.ts[2m > [22mCommitHooksArtifact[2m > [22mdefend() with all hooks present[2m > [22mpasses all gates[32m 3[2mms[22m[39m
 [32mΓ£ô[39m tests/artifacts/commit-hooks.test.ts[2m > [22mCommitHooksArtifact[2m > [22mdefend() with all hooks present[2m > [22mpasses git-commit-msg-hook-installed gate[32m 2[2mms[22m[39m
 [32mΓ£ô[39m tests/artifacts/commit-hooks.test.ts[2m > [22mCommitHooksArtifact[2m > [22mdefend() with missing hooks directory[2m > [22mfails hooks-directory-exists gate[32m 1[2mms[22m[39m
 [32mΓ£ô[39m tests/artifacts/commit-hooks.test.ts[2m > [22mCommitHooksArtifact[2m > [22mcommit-msg hook script content[2m > [22mcommit-msg hook script is included in hook templates[33m 522[2mms[22m[39m
{"timestamp":"2026-03-28T01:43:38.325Z","level":"INFO","service":"forgecraft","module":"registry/loader","message":"Templates loaded","tagCount":24,"tags":["ANALYTICS","API","CLI","DATA-LINEAGE","DATA-PIPELINE","FINTECH","GAME","HEALTHCARE","HIPAA","INFRA","LIBRARY","MEDALLION-ARCHITECTURE","ML","MOBILE","OBSERVABILITY-XRAY","REALTIME","SOC2","SOCIAL","STATE-MACHINE","UNIVERSAL","WEB-REACT","WEB-STATIC","WEB3","ZERO-TRUST"]}
{"timestamp":"2026-03-28T01:43:38.330Z","level":"INFO","service":"forgecraft","module":"registry/composer","message":"Templates composed","tags":["UNIVERSAL"],"tier":"recommended","instructionBlocks":37,"structureEntries":20,"nfrBlocks":4,"hooks":13,"skills":8,"reviewBlocks":5,"referenceBlocks":8,"playbooks":0,"verificationStrategies":1}
 [32mΓ£ô[39m tests/tools/get-nfr.test.ts[2m > [22mgetNfrTemplateHandler[2m > [22mreturns NFR content for UNIVERSAL tag[33m 383[2mms[22m[39m
{"timestamp":"2026-03-28T01:43:38.334Z","level":"INFO","service":"forgecraft","module":"registry/loader","message":"Templates loaded","tagCount":24,"tags":["ANALYTICS","API","CLI","DATA-LINEAGE","DATA-PIPELINE","FINTECH","GAME","HEALTHCARE","HIPAA","INFRA","LIBRARY","MEDALLION-ARCHITECTURE","ML","MOBILE","OBSERVABILITY-XRAY","REALTIME","SOC2","SOCIAL","STATE-MACHINE","UNIVERSAL","WEB-REACT","WEB-STATIC","WEB3","ZERO-TRUST"]}
{"timestamp":"2026-03-28T01:43:38.366Z","level":"INFO","service":"forgecraft","module":"registry/loader","message":"Templates loaded","tagCount":24,"tags":["ANALYTICS","API","CLI","DATA-LINEAGE","DATA-PIPELINE","FINTECH","GAME","HEALTHCARE","HIPAA","INFRA","LIBRARY","MEDALLION-ARCHITECTURE","ML","MOBILE","OBSERVABILITY-XRAY","REALTIME","SOC2","SOCIAL","STATE-MACHINE","UNIVERSAL","WEB-REACT","WEB-STATIC","WEB3","ZERO-TRUST"]}
{"timestamp":"2026-03-28T01:43:38.374Z","level":"INFO","service":"forgecraft","module":"registry/mcp-discovery","message":"Loaded local MCP server recommendations","count":5,"tags":["UNIVERSAL"]}
{"timestamp":"2026-03-28T01:43:38.401Z","level":"INFO","service":"forgecraft","module":"analyzers/project-context","message":"Project context detected","projectDir":"C:\\Users\\JC\\AppData\\Local\\Temp\\forgecraft-ctx-test-1774662217803","repoUrl":"not found","framework":"Next.js","hasDomain":false,"sensitiveData":"NO"}
 [32mΓ£ô[39m tests/analyzers/project-context.test.ts[2m > [22mproject-context[2m > [22mshould return basic context for empty directory[33m 441[2mms[22m[39m
{"timestamp":"2026-03-28T01:43:38.432Z","level":"INFO","service":"forgecraft","module":"registry/loader","message":"Templates loaded","tagCount":24,"tags":["ANALYTICS","API","CLI","DATA-LINEAGE","DATA-PIPELINE","FINTECH","GAME","HEALTHCARE","HIPAA","INFRA","LIBRARY","MEDALLION-ARCHITECTURE","ML","MOBILE","OBSERVABILITY-XRAY","REALTIME","SOC2","SOCIAL","STATE-MACHINE","UNIVERSAL","WEB-REACT","WEB-STATIC","WEB3","ZERO-TRUST"]}
{"timestamp":"2026-03-28T01:43:38.442Z","level":"INFO","service":"forgecraft","module":"registry/composer","message":"Templates composed","tags":["UNIVERSAL","FINTECH"],"tier":"recommended","instructionBlocks":41,"structureEntries":20,"nfrBlocks":6,"hooks":14,"skills":9,"reviewBlocks":5,"referenceBlocks":8,"playbooks":1,"verificationStrategies":2}
 [32mΓ£ô[39m tests/tools/get-playbook.test.ts[2m > [22mgetPlaybookHandler[2m > [22mfintech_playbook[2m > [22mreturns_playbook_for_fintech_tag[33m 596[2mms[22m[39m
{"timestamp":"2026-03-28T01:43:38.455Z","level":"INFO","service":"forgecraft","module":"tools/scaffold","message":"Scaffolding project","tags":["UNIVERSAL"],"projectDir":"C:\\Users\\JC\\AppData\\Local\\Temp\\forgecraft-scaffold-test-1774662218453","dryRun":true,"force":false}
{"timestamp":"2026-03-28T01:43:38.464Z","level":"INFO","service":"forgecraft","module":"registry/loader","message":"Templates loaded","tagCount":24,"tags":["ANALYTICS","API","CLI","DATA-LINEAGE","DATA-PIPELINE","FINTECH","GAME","HEALTHCARE","HIPAA","INFRA","LIBRARY","MEDALLION-ARCHITECTURE","ML","MOBILE","OBSERVABILITY-XRAY","REALTIME","SOC2","SOCIAL","STATE-MACHINE","UNIVERSAL","WEB-REACT","WEB-STATIC","WEB3","ZERO-TRUST"]}
{"timestamp":"2026-03-28T01:43:38.465Z","level":"INFO","service":"forgecraft","module":"registry/mcp-discovery","message":"Loaded local MCP server recommendations","count":5,"tags":["UNIVERSAL"]}
 [32mΓ£ô[39m tests/registry/mcp-discovery.test.ts[2m > [22mMcpDiscoveryService[2m > [22mDefaultMcpDiscoveryService ΓÇö local discovery[2m > [22mshould include forgecraft for UNIVERSAL tag[33m 462[2mms[22m[39m
{"timestamp":"2026-03-28T01:43:38.511Z","level":"INFO","service":"forgecraft","module":"registry/loader","message":"Templates loaded","tagCount":24,"tags":["ANALYTICS","API","CLI","DATA-LINEAGE","DATA-PIPELINE","FINTECH","GAME","HEALTHCARE","HIPAA","INFRA","LIBRARY","MEDALLION-ARCHITECTURE","ML","MOBILE","OBSERVABILITY-XRAY","REALTIME","SOC2","SOCIAL","STATE-MACHINE","UNIVERSAL","WEB-REACT","WEB-STATIC","WEB3","ZERO-TRUST"]}
{"timestamp":"2026-03-28T01:43:38.537Z","level":"INFO","service":"forgecraft","module":"registry/composer","message":"Templates composed","tags":["UNIVERSAL"],"tier":"recommended","instructionBlocks":37,"structureEntries":20,"nfrBlocks":4,"hooks":13,"skills":8,"reviewBlocks":5,"referenceBlocks":8,"playbooks":0,"verificationStrategies":1}
 [32mΓ£ô[39m tests/tools/review.test.ts[2m > [22mreviewProjectHandler[2m > [22mreturns a Code Review Checklist heading[33m 588[2mms[22m[39m
{"timestamp":"2026-03-28T01:43:38.595Z","level":"INFO","service":"forgecraft","module":"registry/loader","message":"Templates loaded","tagCount":24,"tags":["ANALYTICS","API","CLI","DATA-LINEAGE","DATA-PIPELINE","FINTECH","GAME","HEALTHCARE","HIPAA","INFRA","LIBRARY","MEDALLION-ARCHITECTURE","ML","MOBILE","OBSERVABILITY-XRAY","REALTIME","SOC2","SOCIAL","STATE-MACHINE","UNIVERSAL","WEB-REACT","WEB-STATIC","WEB3","ZERO-TRUST"]}
{"timestamp":"2026-03-28T01:43:38.601Z","level":"INFO","service":"forgecraft","module":"registry/composer","message":"Templates composed","tags":["UNIVERSAL"],"tier":"recommended","instructionBlocks":37,"structureEntries":20,"nfrBlocks":4,"hooks":13,"skills":8,"reviewBlocks":5,"referenceBlocks":8,"playbooks":0,"verificationStrategies":1}
 [32mΓ£ô[39m tests/tools/get-reference.test.ts[2m > [22mget_design_reference tool[2m > [22mshould return reference patterns for UNIVERSAL tag[33m 655[2mms[22m[39m
{"timestamp":"2026-03-28T01:43:38.760Z","level":"INFO","service":"forgecraft","module":"registry/loader","message":"Templates loaded","tagCount":24,"tags":["ANALYTICS","API","CLI","DATA-LINEAGE","DATA-PIPELINE","FINTECH","GAME","HEALTHCARE","HIPAA","INFRA","LIBRARY","MEDALLION-ARCHITECTURE","ML","MOBILE","OBSERVABILITY-XRAY","REALTIME","SOC2","SOCIAL","STATE-MACHINE","UNIVERSAL","WEB-REACT","WEB-STATIC","WEB3","ZERO-TRUST"]}
{"timestamp":"2026-03-28T01:43:38.766Z","level":"INFO","service":"forgecraft","module":"registry/composer","message":"Templates composed","tags":["UNIVERSAL","API"],"tier":"recommended","instructionBlocks":42,"structureEntries":28,"nfrBlocks":5,"hooks":13,"skills":10,"reviewBlocks":9,"referenceBlocks":8,"playbooks":0,"verificationStrategies":2}
 [32mΓ£ô[39m tests/integration/tools.test.ts[2m > [22mintegration[2m > [22mfull template pipeline[2m > [22mshould load ΓåÆ compose ΓåÆ render CLAUDE.md end-to-end[33m 645[2mms[22m[39m
 [32mΓ£ô[39m tests/tools/generate-session-prompt.test.ts[2m > [22mgenerateSessionPromptHandler[2m > [22mcascade gate[2m > [22mreturns a blocked message when cascade is incomplete[32m 11[2mms[22m[39m
 [32mΓ£ô[39m tests/tools/generate-session-prompt.test.ts[2m > [22mgenerateSessionPromptHandler[2m > [22mcascade gate[2m > [22mblocked message explains why cascade is required[32m 6[2mms[22m[39m
 [32mΓ£ô[39m tests/tools/generate-session-prompt.test.ts[2m > [22mgenerateSessionPromptHandler[2m > [22mcascade gate[2m > [22mblocked message includes guided remediation with failing steps[32m 4[2mms[22m[39m
 [32mΓ£ô[39m tests/tools/generate-session-prompt.test.ts[2m > [22mgenerateSessionPromptHandler[2m > [22mcascade gate[2m > [22mblocked message includes artifact path for the first failing step[32m 4[2mms[22m[39m
 [32mΓ£ô[39m tests/tools/generate-session-prompt.test.ts[2m > [22mgenerateSessionPromptHandler[2m > [22mcascade gate[2m > [22mblocked message includes specific questions for the first failing step[32m 4[2mms[22m[39m
 [32mΓ£ô[39m tests/tools/generate-session-prompt.test.ts[2m > [22mgenerateSessionPromptHandler[2m > [22mcascade gate[2m > [22mblocked message does not include TDD Gate (session prompt was not generated)[32m 4[2mms[22m[39m
{"timestamp":"2026-03-28T01:43:38.812Z","level":"INFO","service":"forgecraft","module":"registry/loader","message":"Templates loaded","tagCount":24,"tags":["ANALYTICS","API","CLI","DATA-LINEAGE","DATA-PIPELINE","FINTECH","GAME","HEALTHCARE","HIPAA","INFRA","LIBRARY","MEDALLION-ARCHITECTURE","ML","MOBILE","OBSERVABILITY-XRAY","REALTIME","SOC2","SOCIAL","STATE-MACHINE","UNIVERSAL","WEB-REACT","WEB-STATIC","WEB3","ZERO-TRUST"]}
{"timestamp":"2026-03-28T01:43:38.817Z","level":"INFO","service":"forgecraft","module":"registry/composer","message":"Templates composed","tags":["UNIVERSAL"],"tier":"recommended","instructionBlocks":37,"structureEntries":20,"nfrBlocks":4,"hooks":13,"skills":8,"reviewBlocks":5,"referenceBlocks":8,"playbooks":0,"verificationStrategies":1}
{"timestamp":"2026-03-28T01:43:38.824Z","level":"INFO","service":"forgecraft","module":"tools/refresh-project","message":"Refresh project starting","projectDir":"C:\\Users\\JC\\AppData\\Local\\Temp\\forgecraft-refresh-test-1774662218821","apply":false}
 [32mΓ£ô[39m tests/tools/get-verification-strategy.test.ts[2m > [22mgetVerificationStrategyHandler[2m > [22mreturns verification strategies heading for UNIVERSAL[33m 720[2mms[22m[39m
{"timestamp":"2026-03-28T01:43:38.833Z","level":"INFO","service":"forgecraft","module":"tools/refresh-project","message":"Refresh project starting","projectDir":"C:\\Users\\JC\\AppData\\Local\\Temp\\forgecraft-refresh-test-1774662218832","apply":false}
{"timestamp":"2026-03-28T01:43:38.840Z","level":"INFO","service":"forgecraft","module":"tools/refresh-project","message":"Refresh project starting","projectDir":"C:\\Users\\JC\\AppData\\Local\\Temp\\forgecraft-refresh-test-1774662218836","apply":false}
{"timestamp":"2026-03-28T01:43:38.847Z","level":"INFO","service":"forgecraft","module":"registry/loader","message":"Templates loaded","tagCount":24,"tags":["ANALYTICS","API","CLI","DATA-LINEAGE","DATA-PIPELINE","FINTECH","GAME","HEALTHCARE","HIPAA","INFRA","LIBRARY","MEDALLION-ARCHITECTURE","ML","MOBILE","OBSERVABILITY-XRAY","REALTIME","SOC2","SOCIAL","STATE-MACHINE","UNIVERSAL","WEB-REACT","WEB-STATIC","WEB3","ZERO-TRUST"]}
{"timestamp":"2026-03-28T01:43:38.854Z","level":"INFO","service":"forgecraft","module":"registry/composer","message":"Templates composed","tags":["UNIVERSAL"],"tier":"recommended","instructionBlocks":37,"structureEntries":20,"nfrBlocks":4,"hooks":13,"skills":8,"reviewBlocks":5,"referenceBlocks":8,"playbooks":0,"verificationStrategies":1}
{"timestamp":"2026-03-28T01:43:38.906Z","level":"INFO","service":"forgecraft","module":"registry/loader","message":"Templates loaded","tagCount":24,"tags":["ANALYTICS","API","CLI","DATA-LINEAGE","DATA-PIPELINE","FINTECH","GAME","HEALTHCARE","HIPAA","INFRA","LIBRARY","MEDALLION-ARCHITECTURE","ML","MOBILE","OBSERVABILITY-XRAY","REALTIME","SOC2","SOCIAL","STATE-MACHINE","UNIVERSAL","WEB-REACT","WEB-STATIC","WEB3","ZERO-TRUST"]}
{"timestamp":"2026-03-28T01:43:38.907Z","level":"INFO","service":"forgecraft","module":"registry/composer","message":"Templates composed","tags":["UNIVERSAL"],"tier":"recommended","instructionBlocks":37,"structureEntries":20,"nfrBlocks":4,"hooks":13,"skills":8,"reviewBlocks":5,"referenceBlocks":8,"playbooks":0,"verificationStrategies":1}
 [32mΓ£ô[39m tests/artifacts/commit-hooks.test.ts[2m > [22mCommitHooksArtifact[2m > [22mcommit-msg hook script content[2m > [22mcommit-msg hook script contains the conventional commit pattern[33m 822[2mms[22m[39m
 [32mΓ£ô[39m tests/tools/generate-session-prompt.test.ts[2m > [22mgenerateSessionPromptHandler[2m > [22mcascade gate[2m > [22mgenerates session prompt when cascade is complete[32m 111[2mms[22m[39m
 [32mΓ£ô[39m tests/tools/generate-session-prompt.test.ts[2m > [22mgenerateSessionPromptHandler[2m > [22mcascade gate[2m > [22mblocks when PRD.md exists but has UNFILLED markers[32m 12[2mms[22m[39m
{"timestamp":"2026-03-28T01:43:38.965Z","level":"INFO","service":"forgecraft","module":"registry/loader","message":"Templates loaded","tagCount":24,"tags":["ANALYTICS","API","CLI","DATA-LINEAGE","DATA-PIPELINE","FINTECH","GAME","HEALTHCARE","HIPAA","INFRA","LIBRARY","MEDALLION-ARCHITECTURE","ML","MOBILE","OBSERVABILITY-XRAY","REALTIME","SOC2","SOCIAL","STATE-MACHINE","UNIVERSAL","WEB-REACT","WEB-STATIC","WEB3","ZERO-TRUST"]}
{"timestamp":"2026-03-28T01:43:38.966Z","level":"INFO","service":"forgecraft","module":"registry/composer","message":"Templates composed","tags":["UNIVERSAL"],"tier":"recommended","instructionBlocks":37,"structureEntries":20,"nfrBlocks":4,"hooks":13,"skills":8,"reviewBlocks":5,"referenceBlocks":8,"playbooks":0,"verificationStrategies":1}
 [32mΓ£ô[39m tests/tools/get-nfr.test.ts[2m > [22mgetNfrTemplateHandler[2m > [22mincludes UNIVERSAL in tags listing[33m 633[2mms[22m[39m
 [32mΓ£ô[39m tests/tools/refresh-project.test.ts[2m > [22mrefreshProjectHandler[2m > [22mmissing forgecraft.yaml[2m > [22mreturns an error message when no forgecraft.yaml exists[32m 11[2mms[22m[39m
 [32mΓ£ô[39m tests/tools/refresh-project.test.ts[2m > [22mrefreshProjectHandler[2m > [22mmissing forgecraft.yaml[2m > [22mdoes not create any files when no config exists[32m 3[2mms[22m[39m
{"timestamp":"2026-03-28T01:43:39.001Z","level":"INFO","service":"forgecraft","module":"analyzers/project-context","message":"Project context detected","projectDir":"C:\\Users\\JC\\AppData\\Local\\Temp\\forgecraft-ctx-test-1774662218406","repoUrl":"not found","framework":"FastAPI","hasDomain":false,"sensitiveData":"NO"}
 [32mΓ£ô[39m tests/analyzers/project-context.test.ts[2m > [22mproject-context[2m > [22mshould detect framework from package.json[33m 603[2mms[22m[39m
{"timestamp":"2026-03-28T01:43:39.065Z","level":"INFO","service":"forgecraft","module":"registry/loader","message":"Templates loaded","tagCount":24,"tags":["ANALYTICS","API","CLI","DATA-LINEAGE","DATA-PIPELINE","FINTECH","GAME","HEALTHCARE","HIPAA","INFRA","LIBRARY","MEDALLION-ARCHITECTURE","ML","MOBILE","OBSERVABILITY-XRAY","REALTIME","SOC2","SOCIAL","STATE-MACHINE","UNIVERSAL","WEB-REACT","WEB-STATIC","WEB3","ZERO-TRUST"]}
{"timestamp":"2026-03-28T01:43:39.065Z","level":"INFO","service":"forgecraft","module":"registry/mcp-discovery","message":"Loaded local MCP server recommendations","count":5,"tags":["UNIVERSAL"]}
{"timestamp":"2026-03-28T01:43:39.064Z","level":"INFO","service":"forgecraft","module":"registry/loader","message":"Templates loaded","tagCount":24,"tags":["ANALYTICS","API","CLI","DATA-LINEAGE","DATA-PIPELINE","FINTECH","GAME","HEALTHCARE","HIPAA","INFRA","LIBRARY","MEDALLION-ARCHITECTURE","ML","MOBILE","OBSERVABILITY-XRAY","REALTIME","SOC2","SOCIAL","STATE-MACHINE","UNIVERSAL","WEB-REACT","WEB-STATIC","WEB3","ZERO-TRUST"]}
{"timestamp":"2026-03-28T01:43:39.065Z","level":"INFO","service":"forgecraft","module":"registry/composer","message":"Templates composed","tags":["UNIVERSAL","FINTECH"],"tier":"recommended","instructionBlocks":41,"structureEntries":20,"nfrBlocks":6,"hooks":14,"skills":9,"reviewBlocks":5,"referenceBlocks":8,"playbooks":1,"verificationStrategies":2}
 [32mΓ£ô[39m tests/tools/get-playbook.test.ts[2m > [22mgetPlaybookHandler[2m > [22mfintech_playbook[2m > [22mincludes_all_six_phases[33m 621[2mms[22m[39m
 [32mΓ£ô[39m tests/tools/configure-mcp.test.ts[2m > [22mconfigureMcpHandler[2m > [22mcreates .claude/settings.json in project_dir[33m 594[2mms[22m[39m
{"timestamp":"2026-03-28T01:43:39.083Z","level":"INFO","service":"forgecraft","module":"registry/loader","message":"Templates loaded","tagCount":24,"tags":["ANALYTICS","API","CLI","DATA-LINEAGE","DATA-PIPELINE","FINTECH","GAME","HEALTHCARE","HIPAA","INFRA","LIBRARY","MEDALLION-ARCHITECTURE","ML","MOBILE","OBSERVABILITY-XRAY","REALTIME","SOC2","SOCIAL","STATE-MACHINE","UNIVERSAL","WEB-REACT","WEB-STATIC","WEB3","ZERO-TRUST"]}
{"timestamp":"2026-03-28T01:43:39.084Z","level":"INFO","service":"forgecraft","module":"registry/composer","message":"Templates composed","tags":["UNIVERSAL"],"tier":"recommended","instructionBlocks":37,"structureEntries":20,"nfrBlocks":4,"hooks":13,"skills":8,"reviewBlocks":5,"referenceBlocks":8,"playbooks":0,"verificationStrategies":1}
 [32mΓ£ô[39m tests/tools/generate-session-prompt.test.ts[2m > [22mgenerateSessionPromptHandler[2m > [22mrequired prompt sections[2m > [22mreturns a single text content item[32m 118[2mms[22m[39m
{"timestamp":"2026-03-28T01:43:39.147Z","level":"INFO","service":"forgecraft","module":"registry/loader","message":"Templates loaded","tagCount":24,"tags":["ANALYTICS","API","CLI","DATA-LINEAGE","DATA-PIPELINE","FINTECH","GAME","HEALTHCARE","HIPAA","INFRA","LIBRARY","MEDALLION-ARCHITECTURE","ML","MOBILE","OBSERVABILITY-XRAY","REALTIME","SOC2","SOCIAL","STATE-MACHINE","UNIVERSAL","WEB-REACT","WEB-STATIC","WEB3","ZERO-TRUST"]}
{"timestamp":"2026-03-28T01:43:39.148Z","level":"INFO","service":"forgecraft","module":"registry/composer","message":"Templates composed","tags":["UNIVERSAL"],"tier":"recommended","instructionBlocks":37,"structureEntries":20,"nfrBlocks":4,"hooks":13,"skills":8,"reviewBlocks":5,"referenceBlocks":8,"playbooks":0,"verificationStrategies":1}
 [32mΓ£ô[39m tests/tools/get-reference.test.ts[2m > [22mget_design_reference tool[2m > [22mshould include all 3 reference blocks[33m 540[2mms[22m[39m
{"timestamp":"2026-03-28T01:43:39.154Z","level":"INFO","service":"forgecraft","module":"registry/loader","message":"Templates loaded","tagCount":24,"tags":["ANALYTICS","API","CLI","DATA-LINEAGE","DATA-PIPELINE","FINTECH","GAME","HEALTHCARE","HIPAA","INFRA","LIBRARY","MEDALLION-ARCHITECTURE","ML","MOBILE","OBSERVABILITY-XRAY","REALTIME","SOC2","SOCIAL","STATE-MACHINE","UNIVERSAL","WEB-REACT","WEB-STATIC","WEB3","ZERO-TRUST"]}
 [32mΓ£ô[39m tests/tools/add-hook.test.ts[2m > [22maddHookHandler[2m > [22mcreates .claude/hooks/ directory if it does not exist[33m 572[2mms[22m[39m
{"timestamp":"2026-03-28T01:43:39.170Z","level":"INFO","service":"forgecraft","module":"registry/loader","message":"Templates loaded","tagCount":24,"tags":["ANALYTICS","API","CLI","DATA-LINEAGE","DATA-PIPELINE","FINTECH","GAME","HEALTHCARE","HIPAA","INFRA","LIBRARY","MEDALLION-ARCHITECTURE","ML","MOBILE","OBSERVABILITY-XRAY","REALTIME","SOC2","SOCIAL","STATE-MACHINE","UNIVERSAL","WEB-REACT","WEB-STATIC","WEB3","ZERO-TRUST"]}
{"timestamp":"2026-03-28T01:43:39.171Z","level":"INFO","service":"forgecraft","module":"registry/composer","message":"Templates composed","tags":["UNIVERSAL"],"tier":"recommended","instructionBlocks":37,"structureEntries":20,"nfrBlocks":4,"hooks":13,"skills":8,"reviewBlocks":5,"referenceBlocks":8,"playbooks":0,"verificationStrategies":1}
 [32mΓ£ô[39m tests/tools/review.test.ts[2m > [22mreviewProjectHandler[2m > [22mincludes tag in output[33m 634[2mms[22m[39m
 [32mΓ£ô[39m tests/tools/generate-session-prompt.test.ts[2m > [22mgenerateSessionPromptHandler[2m > [22mrequired prompt sections[2m > [22mincludes a Context Load Order section[32m 154[2mms[22m[39m
{"timestamp":"2026-03-28T01:43:39.315Z","level":"INFO","service":"forgecraft","module":"registry/loader","message":"Templates loaded","tagCount":24,"tags":["ANALYTICS","API","CLI","DATA-LINEAGE","DATA-PIPELINE","FINTECH","GAME","HEALTHCARE","HIPAA","INFRA","LIBRARY","MEDALLION-ARCHITECTURE","ML","MOBILE","OBSERVABILITY-XRAY","REALTIME","SOC2","SOCIAL","STATE-MACHINE","UNIVERSAL","WEB-REACT","WEB-STATIC","WEB3","ZERO-TRUST"]}
{"timestamp":"2026-03-28T01:43:39.316Z","level":"INFO","service":"forgecraft","module":"registry/composer","message":"Templates composed","tags":["UNIVERSAL","API"],"tier":"recommended","instructionBlocks":42,"structureEntries":28,"nfrBlocks":5,"hooks":13,"skills":10,"reviewBlocks":9,"referenceBlocks":8,"playbooks":0,"verificationStrategies":2}
 [32mΓ£ô[39m tests/tools/generate-claude-md.test.ts[2m > [22mgenerateInstructionsHandler[2m > [22min-memory generation[2m > [22mreturns rendered CLAUDE.md content without project_dir[33m 777[2mms[22m[39m
 [32mΓ£ô[39m tests/tools/generate-session-prompt.test.ts[2m > [22mgenerateSessionPromptHandler[2m > [22mrequired prompt sections[2m > [22mincludes a TDD Gate section with RED-GREEN-REFACTOR[32m 123[2mms[22m[39m
{"timestamp":"2026-03-28T01:43:39.366Z","level":"INFO","service":"forgecraft","module":"tools/setup-project","message":"setup_project","phase":1,"projectDir":"C:\\Users\\JC\\AppData\\Local\\Temp\\forgecraft-setup-test-1774662219364"}
{"timestamp":"2026-03-28T01:43:39.373Z","level":"INFO","service":"forgecraft","module":"registry/loader","message":"Templates loaded","tagCount":24,"tags":["ANALYTICS","API","CLI","DATA-LINEAGE","DATA-PIPELINE","FINTECH","GAME","HEALTHCARE","HIPAA","INFRA","LIBRARY","MEDALLION-ARCHITECTURE","ML","MOBILE","OBSERVABILITY-XRAY","REALTIME","SOC2","SOCIAL","STATE-MACHINE","UNIVERSAL","WEB-REACT","WEB-STATIC","WEB3","ZERO-TRUST"]}
{"timestamp":"2026-03-28T01:43:39.374Z","level":"INFO","service":"forgecraft","module":"registry/composer","message":"Templates composed","tags":["UNIVERSAL","WEB-REACT","API"],"tier":"recommended","instructionBlocks":52,"structureEntries":40,"nfrBlocks":6,"hooks":15,"skills":12,"reviewBlocks":13,"referenceBlocks":8,"playbooks":0,"verificationStrategies":3}
 [32mΓ£ô[39m tests/integration/tools.test.ts[2m > [22mintegration[2m > [22mfull template pipeline[2m > [22mshould compose WEB-REACT + API without conflicts[33m 603[2mms[22m[39m
{"timestamp":"2026-03-28T01:43:39.385Z","level":"INFO","service":"forgecraft","module":"tools/setup-project","message":"setup_project","phase":1,"projectDir":"C:\\Users\\JC\\AppData\\Local\\Temp\\forgecraft-setup-test-1774662219384"}
{"timestamp":"2026-03-28T01:43:39.397Z","level":"INFO","service":"forgecraft","module":"tools/setup-project","message":"setup_project","phase":1,"projectDir":"C:\\Users\\JC\\AppData\\Local\\Temp\\forgecraft-setup-test-1774662219394"}
{"timestamp":"2026-03-28T01:43:39.419Z","level":"INFO","service":"forgecraft","module":"registry/loader","message":"Templates loaded","tagCount":24,"tags":["ANALYTICS","API","CLI","DATA-LINEAGE","DATA-PIPELINE","FINTECH","GAME","HEALTHCARE","HIPAA","INFRA","LIBRARY","MEDALLION-ARCHITECTURE","ML","MOBILE","OBSERVABILITY-XRAY","REALTIME","SOC2","SOCIAL","STATE-MACHINE","UNIVERSAL","WEB-REACT","WEB-STATIC","WEB3","ZERO-TRUST"]}
{"timestamp":"2026-03-28T01:43:39.420Z","level":"INFO","service":"forgecraft","module":"registry/mcp-discovery","message":"Loaded local MCP server recommendations","count":5,"tags":["UNIVERSAL"]}
 [32mΓ£ô[39m tests/registry/mcp-discovery.test.ts[2m > [22mMcpDiscoveryService[2m > [22mDefaultMcpDiscoveryService ΓÇö local discovery[2m > [22mshould include context7 for UNIVERSAL tag[33m 952[2mms[22m[39m
{"timestamp":"2026-03-28T01:43:39.432Z","level":"INFO","service":"forgecraft","module":"tools/setup-project","message":"setup_project","phase":1,"projectDir":"C:\\Users\\JC\\AppData\\Local\\Temp\\forgecraft-setup-test-1774662219407"}
{"timestamp":"2026-03-28T01:43:39.477Z","level":"INFO","service":"forgecraft","module":"tools/registry-refresh","message":"Registry sync complete","added":13,"updated":0,"retired":0}
{"timestamp":"2026-03-28T01:43:39.479Z","level":"INFO","service":"forgecraft","module":"analyzers/package-json","message":"Project analysis complete","projectDir":"C:\\Users\\JC\\AppData\\Local\\Temp\\forgecraft-refresh-test-1774662218836","detections":0,"tags":[]}
{"timestamp":"2026-03-28T01:43:39.482Z","level":"INFO","service":"forgecraft","module":"analyzers/completeness","message":"Completeness check done","passing":0,"failing":7}
 [32mΓ£ô[39m tests/tools/setup-project.test.ts[2m > [22msetupProjectHandler[2m > [22mphase 1 ΓÇö no mvp/scope_complete/has_consumers[2m > [22mreturns phase 1 response with three questions for empty project with no spec[32m 21[2mms[22m[39m
 [32mΓ£ô[39m tests/tools/setup-project.test.ts[2m > [22msetupProjectHandler[2m > [22mphase 1 ΓÇö no mvp/scope_complete/has_consumers[2m > [22mreturns phase 1 response with spec summary when spec_text provided[32m 10[2mms[22m[39m
 [32mΓ£ô[39m tests/tools/setup-project.test.ts[2m > [22msetupProjectHandler[2m > [22mphase 1 ΓÇö no mvp/scope_complete/has_consumers[2m > [22mreads spec from spec_path and includes summary in phase 1[32m 13[2mms[22m[39m
{"timestamp":"2026-03-28T01:43:39.500Z","level":"INFO","service":"forgecraft","module":"tools/setup-project","message":"setup_project","phase":1,"projectDir":"C:\\Users\\JC\\AppData\\Local\\Temp\\forgecraft-setup-test-1774662219494"}
 [32mΓ£ô[39m tests/tools/close-cycle.test.ts[2m > [22mcloseCycle[2m > [22mreturns_cascade_fail_when_spec_missing[32m 13[2mms[22m[39m
 [32mΓ£ô[39m tests/tools/generate-session-prompt.test.ts[2m > [22mgenerateSessionPromptHandler[2m > [22mrequired prompt sections[2m > [22mincludes an Acceptance Criteria section[32m 131[2mms[22m[39m
 [32mΓ£ô[39m tests/tools/generate-session-prompt.test.ts[2m > [22mgenerateSessionPromptHandler[2m > [22mrequired prompt sections[2m > [22mincludes a Session Close section[32m 68[2mms[22m[39m
{"timestamp":"2026-03-28T01:43:39.559Z","level":"INFO","service":"forgecraft","module":"tools/setup-project","message":"setup_project","phase":1,"projectDir":"C:\\Users\\JC\\AppData\\Local\\Temp\\forgecraft-setup-test-1774662219558"}
{"timestamp":"2026-03-28T01:43:39.565Z","level":"INFO","service":"forgecraft","module":"tools/setup-project","message":"setup_project","phase":1,"projectDir":"C:\\Users\\JC\\AppData\\Local\\Temp\\forgecraft-setup-test-1774662219564"}
{"timestamp":"2026-03-28T01:43:39.568Z","level":"INFO","service":"forgecraft","module":"registry/loader","message":"Templates loaded","tagCount":24,"tags":["ANALYTICS","API","CLI","DATA-LINEAGE","DATA-PIPELINE","FINTECH","GAME","HEALTHCARE","HIPAA","INFRA","LIBRARY","MEDALLION-ARCHITECTURE","ML","MOBILE","OBSERVABILITY-XRAY","REALTIME","SOC2","SOCIAL","STATE-MACHINE","UNIVERSAL","WEB-REACT","WEB-STATIC","WEB3","ZERO-TRUST"]}
{"timestamp":"2026-03-28T01:43:39.569Z","level":"INFO","service":"forgecraft","module":"registry/composer","message":"Templates composed","tags":["UNIVERSAL"],"tier":"recommended","instructionBlocks":37,"structureEntries":20,"nfrBlocks":4,"hooks":13,"skills":8,"reviewBlocks":5,"referenceBlocks":8,"playbooks":0,"verificationStrategies":1}
 [32mΓ£ô[39m tests/tools/get-verification-strategy.test.ts[2m > [22mgetVerificationStrategyHandler[2m > [22mincludes the requested tag in output[33m 742[2mms[22m[39m
{"timestamp":"2026-03-28T01:43:39.571Z","level":"INFO","service":"forgecraft","module":"tools/setup-project","message":"setup_project","phase":2,"projectDir":"C:\\Users\\JC\\AppData\\Local\\Temp\\forgecraft-setup-test-1774662219570"}
{"timestamp":"2026-03-28T01:43:39.591Z","level":"INFO","service":"forgecraft","module":"registry/loader","message":"Templates loaded","tagCount":24,"tags":["ANALYTICS","API","CLI","DATA-LINEAGE","DATA-PIPELINE","FINTECH","GAME","HEALTHCARE","HIPAA","INFRA","LIBRARY","MEDALLION-ARCHITECTURE","ML","MOBILE","OBSERVABILITY-XRAY","REALTIME","SOC2","SOCIAL","STATE-MACHINE","UNIVERSAL","WEB-REACT","WEB-STATIC","WEB3","ZERO-TRUST"]}
{"timestamp":"2026-03-28T01:43:39.591Z","level":"INFO","service":"forgecraft","module":"registry/composer","message":"Templates composed","tags":["UNIVERSAL"],"tier":"recommended","instructionBlocks":37,"structureEntries":20,"nfrBlocks":4,"hooks":13,"skills":8,"reviewBlocks":5,"referenceBlocks":8,"playbooks":0,"verificationStrategies":1}
 [32mΓ£ô[39m tests/tools/get-reference.test.ts[2m > [22mget_design_reference tool[2m > [22mshould include on-demand notice[33m 443[2mms[22m[39m
{"timestamp":"2026-03-28T01:43:39.600Z","level":"INFO","service":"forgecraft","module":"registry/loader","message":"Templates loaded","tagCount":24,"tags":["ANALYTICS","API","CLI","DATA-LINEAGE","DATA-PIPELINE","FINTECH","GAME","HEALTHCARE","HIPAA","INFRA","LIBRARY","MEDALLION-ARCHITECTURE","ML","MOBILE","OBSERVABILITY-XRAY","REALTIME","SOC2","SOCIAL","STATE-MACHINE","UNIVERSAL","WEB-REACT","WEB-STATIC","WEB3","ZERO-TRUST"]}
{"timestamp":"2026-03-28T01:43:39.600Z","level":"INFO","service":"forgecraft","module":"registry/composer","message":"Templates composed","tags":["UNIVERSAL"],"tier":"recommended","instructionBlocks":37,"structureEntries":20,"nfrBlocks":4,"hooks":13,"skills":8,"reviewBlocks":5,"referenceBlocks":8,"playbooks":0,"verificationStrategies":1}
 [32mΓ£ô[39m tests/artifacts/commit-hooks.test.ts[2m > [22mCommitHooksArtifact[2m > [22mcommit-msg hook script content[2m > [22mcommit-msg hook has commit-msg trigger type[33m 693[2mms[22m[39m
{"timestamp":"2026-03-28T01:43:39.605Z","level":"INFO","service":"forgecraft","module":"tools/scaffold","message":"Scaffolding project","tags":["UNIVERSAL"],"projectDir":"C:\\Users\\JC\\AppData\\Local\\Temp\\forgecraft-setup-test-1774662219570","dryRun":false,"force":false}
{"timestamp":"2026-03-28T01:43:39.616Z","level":"INFO","service":"forgecraft","module":"analyzers/project-context","message":"Project context detected","projectDir":"C:\\Users\\JC\\AppData\\Local\\Temp\\forgecraft-ctx-test-1774662219005","repoUrl":"not found","framework":"Streamlit","hasDomain":false,"sensitiveData":"NO"}
 [32mΓ£ô[39m tests/analyzers/project-context.test.ts[2m > [22mproject-context[2m > [22mshould detect python framework from pyproject.toml[33m 600[2mms[22m[39m
 [32mΓ£ô[39m tests/tools/generate-session-prompt.test.ts[2m > [22mgenerateSessionPromptHandler[2m > [22mrequired prompt sections[2m > [22mincludes the item_description in the output[32m 137[2mms[22m[39m
{"timestamp":"2026-03-28T01:43:39.686Z","level":"INFO","service":"forgecraft","module":"analyzers/project-context","message":"Project context detected","projectDir":"C:\\Users\\JC\\AppData\\Local\\Temp\\forgecraft-scaffold-test-1774662218453","repoUrl":"not found","framework":"not detected","hasDomain":false,"sensitiveData":"NO"}
 [32mΓ£ô[39m tests/tools/generate-session-prompt.test.ts[2m > [22mgenerateSessionPromptHandler[2m > [22msession_type commit format[2m > [22muses 'fix' in commit sequence for fix session type[32m 118[2mms[22m[39m
{"timestamp":"2026-03-28T01:43:39.895Z","level":"INFO","service":"forgecraft","module":"registry/loader","message":"Templates loaded","tagCount":24,"tags":["ANALYTICS","API","CLI","DATA-LINEAGE","DATA-PIPELINE","FINTECH","GAME","HEALTHCARE","HIPAA","INFRA","LIBRARY","MEDALLION-ARCHITECTURE","ML","MOBILE","OBSERVABILITY-XRAY","REALTIME","SOC2","SOCIAL","STATE-MACHINE","UNIVERSAL","WEB-REACT","WEB-STATIC","WEB3","ZERO-TRUST"]}
{"timestamp":"2026-03-28T01:43:39.896Z","level":"INFO","service":"forgecraft","module":"registry/composer","message":"Templates composed","tags":["UNIVERSAL","FINTECH"],"tier":"recommended","instructionBlocks":41,"structureEntries":20,"nfrBlocks":6,"hooks":14,"skills":9,"reviewBlocks":5,"referenceBlocks":8,"playbooks":1,"verificationStrategies":2}
 [32mΓ£ô[39m tests/tools/get-playbook.test.ts[2m > [22mgetPlaybookHandler[2m > [22mfintech_playbook[2m > [22mincludes_step_instructions_and_expected_outputs[33m 831[2mms[22m[39m
{"timestamp":"2026-03-28T01:43:39.940Z","level":"INFO","service":"forgecraft","module":"registry/loader","message":"Templates loaded","tagCount":24,"tags":["ANALYTICS","API","CLI","DATA-LINEAGE","DATA-PIPELINE","FINTECH","GAME","HEALTHCARE","HIPAA","INFRA","LIBRARY","MEDALLION-ARCHITECTURE","ML","MOBILE","OBSERVABILITY-XRAY","REALTIME","SOC2","SOCIAL","STATE-MACHINE","UNIVERSAL","WEB-REACT","WEB-STATIC","WEB3","ZERO-TRUST"]}
{"timestamp":"2026-03-28T01:43:39.940Z","level":"INFO","service":"forgecraft","module":"registry/composer","message":"Templates composed","tags":["UNIVERSAL"],"tier":"recommended","instructionBlocks":37,"structureEntries":20,"nfrBlocks":4,"hooks":13,"skills":8,"reviewBlocks":5,"referenceBlocks":8,"playbooks":0,"verificationStrategies":1}
 [32mΓ£ô[39m tests/tools/get-nfr.test.ts[2m > [22mgetNfrTemplateHandler[2m > [22mreturns sections count > 0 for UNIVERSAL[33m 975[2mms[22m[39m
{"timestamp":"2026-03-28T01:43:39.971Z","level":"INFO","service":"forgecraft","module":"registry/loader","message":"Templates loaded","tagCount":24,"tags":["ANALYTICS","API","CLI","DATA-LINEAGE","DATA-PIPELINE","FINTECH","GAME","HEALTHCARE","HIPAA","INFRA","LIBRARY","MEDALLION-ARCHITECTURE","ML","MOBILE","OBSERVABILITY-XRAY","REALTIME","SOC2","SOCIAL","STATE-MACHINE","UNIVERSAL","WEB-REACT","WEB-STATIC","WEB3","ZERO-TRUST"]}
{"timestamp":"2026-03-28T01:43:39.972Z","level":"INFO","service":"forgecraft","module":"registry/mcp-discovery","message":"Loaded local MCP server recommendations","count":5,"tags":["UNIVERSAL"]}
 [32mΓ£ô[39m tests/tools/configure-mcp.test.ts[2m > [22mconfigureMcpHandler[2m > [22msettings.json contains valid JSON with mcpServers key[33m 659[2mms[22m[39m
{"timestamp":"2026-03-28T01:43:40.097Z","level":"INFO","service":"forgecraft","module":"registry/loader","message":"Templates loaded","tagCount":24,"tags":["ANALYTICS","API","CLI","DATA-LINEAGE","DATA-PIPELINE","FINTECH","GAME","HEALTHCARE","HIPAA","INFRA","LIBRARY","MEDALLION-ARCHITECTURE","ML","MOBILE","OBSERVABILITY-XRAY","REALTIME","SOC2","SOCIAL","STATE-MACHINE","UNIVERSAL","WEB-REACT","WEB-STATIC","WEB3","ZERO-TRUST"]}
 [32mΓ£ô[39m tests/tools/add-hook.test.ts[2m > [22maddHookHandler[2m > [22mreturns error message for unknown hook name[33m 755[2mms[22m[39m
{"timestamp":"2026-03-28T01:43:40.116Z","level":"INFO","service":"forgecraft","module":"registry/loader","message":"Templates loaded","tagCount":24,"tags":["ANALYTICS","API","CLI","DATA-LINEAGE","DATA-PIPELINE","FINTECH","GAME","HEALTHCARE","HIPAA","INFRA","LIBRARY","MEDALLION-ARCHITECTURE","ML","MOBILE","OBSERVABILITY-XRAY","REALTIME","SOC2","SOCIAL","STATE-MACHINE","UNIVERSAL","WEB-REACT","WEB-STATIC","WEB3","ZERO-TRUST"]}
{"timestamp":"2026-03-28T01:43:40.116Z","level":"INFO","service":"forgecraft","module":"registry/mcp-discovery","message":"Loaded local MCP server recommendations","count":5,"tags":["UNIVERSAL"]}
 [32mΓ£ô[39m tests/registry/mcp-discovery.test.ts[2m > [22mMcpDiscoveryService[2m > [22mDefaultMcpDiscoveryService ΓÇö local discovery[2m > [22mshould return built-in source for local servers[33m 697[2mms[22m[39m
{"timestamp":"2026-03-28T01:43:40.125Z","level":"INFO","service":"forgecraft","module":"registry/loader","message":"Templates loaded","tagCount":24,"tags":["ANALYTICS","API","CLI","DATA-LINEAGE","DATA-PIPELINE","FINTECH","GAME","HEALTHCARE","HIPAA","INFRA","LIBRARY","MEDALLION-ARCHITECTURE","ML","MOBILE","OBSERVABILITY-XRAY","REALTIME","SOC2","SOCIAL","STATE-MACHINE","UNIVERSAL","WEB-REACT","WEB-STATIC","WEB3","ZERO-TRUST"]}
 [32mΓ£ô[39m tests/integration/tools.test.ts[2m > [22mintegration[2m > [22mlist_tags tool[2m > [22mshould return formatted tag list[32m 3[2mms[22m[39m
 [32mΓ£ô[39m tests/integration/tools.test.ts[2m > [22mintegration[2m > [22mlist_hooks tool[2m > [22mshould return hooks from all tags[33m 747[2mms[22m[39m
{"timestamp":"2026-03-28T01:43:40.136Z","level":"INFO","service":"forgecraft","module":"registry/loader","message":"Templates loaded","tagCount":24,"tags":["ANALYTICS","API","CLI","DATA-LINEAGE","DATA-PIPELINE","FINTECH","GAME","HEALTHCARE","HIPAA","INFRA","LIBRARY","MEDALLION-ARCHITECTURE","ML","MOBILE","OBSERVABILITY-XRAY","REALTIME","SOC2","SOCIAL","STATE-MACHINE","UNIVERSAL","WEB-REACT","WEB-STATIC","WEB3","ZERO-TRUST"]}
{"timestamp":"2026-03-28T01:43:40.137Z","level":"INFO","service":"forgecraft","module":"registry/composer","message":"Templates composed","tags":["UNIVERSAL"],"tier":"recommended","instructionBlocks":37,"structureEntries":20,"nfrBlocks":4,"hooks":13,"skills":8,"reviewBlocks":5,"referenceBlocks":8,"playbooks":0,"verificationStrategies":1}
{"timestamp":"2026-03-28T01:43:40.138Z","level":"INFO","service":"forgecraft","module":"registry/composer","message":"Templates composed","tags":["UNIVERSAL"],"tier":"recommended","instructionBlocks":37,"structureEntries":20,"nfrBlocks":4,"hooks":13,"skills":8,"reviewBlocks":5,"referenceBlocks":8,"playbooks":0,"verificationStrategies":1}
 [32mΓ£ô[39m tests/tools/generate-session-prompt.test.ts[2m > [22mgenerateSessionPromptHandler[2m > [22msession_type commit format[2m > [22muses 'refactor' in commit sequence for refactor session type[32m 200[2mms[22m[39m
 [32mΓ£ô[39m tests/tools/generate-session-prompt.test.ts[2m > [22mgenerateSessionPromptHandler[2m > [22macceptance_criteria[2m > [22muses default criteria when acceptance_criteria is not provided[32m 57[2mms[22m[39m
{"timestamp":"2026-03-28T01:43:40.223Z","level":"INFO","service":"forgecraft","module":"registry/loader","message":"Templates loaded","tagCount":24,"tags":["ANALYTICS","API","CLI","DATA-LINEAGE","DATA-PIPELINE","FINTECH","GAME","HEALTHCARE","HIPAA","INFRA","LIBRARY","MEDALLION-ARCHITECTURE","ML","MOBILE","OBSERVABILITY-XRAY","REALTIME","SOC2","SOCIAL","STATE-MACHINE","UNIVERSAL","WEB-REACT","WEB-STATIC","WEB3","ZERO-TRUST"]}
{"timestamp":"2026-03-28T01:43:40.224Z","level":"INFO","service":"forgecraft","module":"registry/composer","message":"Templates composed","tags":["UNIVERSAL"],"tier":"recommended","instructionBlocks":37,"structureEntries":20,"nfrBlocks":4,"hooks":13,"skills":8,"reviewBlocks":5,"referenceBlocks":8,"playbooks":0,"verificationStrategies":1}
{"timestamp":"2026-03-28T01:43:40.229Z","level":"INFO","service":"forgecraft","module":"tools/scaffold","message":"Scaffolding project","tags":["UNIVERSAL"],"projectDir":"C:\\Users\\JC\\AppData\\Local\\Temp\\forgecraft-scaffold-test-1774662220227","dryRun":true,"force":false}
{"timestamp":"2026-03-28T01:43:40.263Z","level":"INFO","service":"forgecraft","module":"analyzers/project-context","message":"Project context detected","projectDir":"C:\\Users\\JC\\AppData\\Local\\Temp\\forgecraft-ctx-test-1774662219620","repoUrl":"not found","framework":"not detected","hasDomain":false,"sensitiveData":"YES"}
 [32mΓ£ô[39m tests/analyzers/project-context.test.ts[2m > [22mproject-context[2m > [22mshould detect python framework from requirements.txt[33m 615[2mms[22m[39m
{"timestamp":"2026-03-28T01:43:40.270Z","level":"INFO","service":"forgecraft","module":"registry/loader","message":"Templates loaded","tagCount":24,"tags":["ANALYTICS","API","CLI","DATA-LINEAGE","DATA-PIPELINE","FINTECH","GAME","HEALTHCARE","HIPAA","INFRA","LIBRARY","MEDALLION-ARCHITECTURE","ML","MOBILE","OBSERVABILITY-XRAY","REALTIME","SOC2","SOCIAL","STATE-MACHINE","UNIVERSAL","WEB-REACT","WEB-STATIC","WEB3","ZERO-TRUST"]}
{"timestamp":"2026-03-28T01:43:40.270Z","level":"INFO","service":"forgecraft","module":"registry/composer","message":"Templates composed","tags":["UNIVERSAL"],"tier":"recommended","instructionBlocks":37,"structureEntries":20,"nfrBlocks":4,"hooks":13,"skills":8,"reviewBlocks":5,"referenceBlocks":8,"playbooks":0,"verificationStrategies":1}
{"timestamp":"2026-03-28T01:43:40.318Z","level":"INFO","service":"forgecraft","module":"registry/loader","message":"Templates loaded","tagCount":24,"tags":["ANALYTICS","API","CLI","DATA-LINEAGE","DATA-PIPELINE","FINTECH","GAME","HEALTHCARE","HIPAA","INFRA","LIBRARY","MEDALLION-ARCHITECTURE","ML","MOBILE","OBSERVABILITY-XRAY","REALTIME","SOC2","SOCIAL","STATE-MACHINE","UNIVERSAL","WEB-REACT","WEB-STATIC","WEB3","ZERO-TRUST"]}
{"timestamp":"2026-03-28T01:43:40.318Z","level":"INFO","service":"forgecraft","module":"registry/composer","message":"Templates composed","tags":["UNIVERSAL","API"],"tier":"recommended","instructionBlocks":42,"structureEntries":28,"nfrBlocks":5,"hooks":13,"skills":10,"reviewBlocks":9,"referenceBlocks":8,"playbooks":0,"verificationStrategies":2}
 [32mΓ£ô[39m tests/tools/get-reference.test.ts[2m > [22mget_design_reference tool[2m > [22mshould auto-prepend UNIVERSAL when not specified[33m 727[2mms[22m[39m
{"timestamp":"2026-03-28T01:43:40.320Z","level":"INFO","service":"forgecraft","module":"registry/loader","message":"Templates loaded","tagCount":24,"tags":["ANALYTICS","API","CLI","DATA-LINEAGE","DATA-PIPELINE","FINTECH","GAME","HEALTHCARE","HIPAA","INFRA","LIBRARY","MEDALLION-ARCHITECTURE","ML","MOBILE","OBSERVABILITY-XRAY","REALTIME","SOC2","SOCIAL","STATE-MACHINE","UNIVERSAL","WEB-REACT","WEB-STATIC","WEB3","ZERO-TRUST"]}
{"timestamp":"2026-03-28T01:43:40.326Z","level":"INFO","service":"forgecraft","module":"registry/composer","message":"Templates composed","tags":["UNIVERSAL"],"tier":"recommended","instructionBlocks":37,"structureEntries":20,"nfrBlocks":4,"hooks":13,"skills":8,"reviewBlocks":5,"referenceBlocks":8,"playbooks":0,"verificationStrategies":1}
 [32mΓ£ô[39m tests/tools/get-verification-strategy.test.ts[2m > [22mgetVerificationStrategyHandler[2m > [22mfilters by phase when phase param provided[33m 758[2mms[22m[39m
 [32mΓ£ô[39m tests/tools/generate-session-prompt.test.ts[2m > [22mgenerateSessionPromptHandler[2m > [22macceptance_criteria[2m > [22muses provided acceptance_criteria instead of defaults[32m 280[2mms[22m[39m
{"timestamp":"2026-03-28T01:43:40.371Z","level":"INFO","service":"forgecraft","module":"registry/loader","message":"Templates loaded","tagCount":24,"tags":["ANALYTICS","API","CLI","DATA-LINEAGE","DATA-PIPELINE","FINTECH","GAME","HEALTHCARE","HIPAA","INFRA","LIBRARY","MEDALLION-ARCHITECTURE","ML","MOBILE","OBSERVABILITY-XRAY","REALTIME","SOC2","SOCIAL","STATE-MACHINE","UNIVERSAL","WEB-REACT","WEB-STATIC","WEB3","ZERO-TRUST"]}
{"timestamp":"2026-03-28T01:43:40.372Z","level":"INFO","service":"forgecraft","module":"registry/composer","message":"Templates composed","tags":["UNIVERSAL"],"tier":"recommended","instructionBlocks":37,"structureEntries":20,"nfrBlocks":4,"hooks":13,"skills":8,"reviewBlocks":5,"referenceBlocks":8,"playbooks":0,"verificationStrategies":1}
{"timestamp":"2026-03-28T01:43:40.419Z","level":"INFO","service":"forgecraft","module":"registry/loader","message":"Templates loaded","tagCount":24,"tags":["ANALYTICS","API","CLI","DATA-LINEAGE","DATA-PIPELINE","FINTECH","GAME","HEALTHCARE","HIPAA","INFRA","LIBRARY","MEDALLION-ARCHITECTURE","ML","MOBILE","OBSERVABILITY-XRAY","REALTIME","SOC2","SOCIAL","STATE-MACHINE","UNIVERSAL","WEB-REACT","WEB-STATIC","WEB3","ZERO-TRUST"]}
{"timestamp":"2026-03-28T01:43:40.420Z","level":"INFO","service":"forgecraft","module":"registry/composer","message":"Templates composed","tags":["UNIVERSAL"],"tier":"recommended","instructionBlocks":37,"structureEntries":20,"nfrBlocks":4,"hooks":13,"skills":8,"reviewBlocks":5,"referenceBlocks":8,"playbooks":0,"verificationStrategies":1}
 [32mΓ£ô[39m tests/tools/generate-session-prompt.test.ts[2m > [22mgenerateSessionPromptHandler[2m > [22mscope_note[2m > [22mincludes Out of Scope section when scope_note is provided[32m 184[2mms[22m[39m
{"timestamp":"2026-03-28T01:43:40.595Z","level":"INFO","service":"forgecraft","module":"registry/loader","message":"Templates loaded","tagCount":24,"tags":["ANALYTICS","API","CLI","DATA-LINEAGE","DATA-PIPELINE","FINTECH","GAME","HEALTHCARE","HIPAA","INFRA","LIBRARY","MEDALLION-ARCHITECTURE","ML","MOBILE","OBSERVABILITY-XRAY","REALTIME","SOC2","SOCIAL","STATE-MACHINE","UNIVERSAL","WEB-REACT","WEB-STATIC","WEB3","ZERO-TRUST"]}
{"timestamp":"2026-03-28T01:43:40.595Z","level":"INFO","service":"forgecraft","module":"registry/composer","message":"Templates composed","tags":["UNIVERSAL"],"tier":"recommended","instructionBlocks":37,"structureEntries":20,"nfrBlocks":4,"hooks":13,"skills":8,"reviewBlocks":5,"referenceBlocks":8,"playbooks":0,"verificationStrategies":1}
 [32mΓ£ô[39m tests/artifacts/commit-hooks.test.ts[2m > [22mCommitHooksArtifact[2m > [22mcommit-msg hook script content[2m > [22mcommit-msg hook script passes commit message file path as argument[33m 995[2mms[22m[39m
 [32mΓ£ô[39m tests/artifacts/commit-hooks.test.ts[2m > [22mCommitHooksArtifact[2m > [22mvalidateConventionalCommit()[2m > [22mexits 0 (returns true) for valid feat commit[32m 1[2mms[22m[39m
 [32mΓ£ô[39m tests/artifacts/commit-hooks.test.ts[2m > [22mCommitHooksArtifact[2m > [22mvalidateConventionalCommit()[2m > [22mexits 0 (returns true) for fix commit without scope[32m 0[2mms[22m[39m
 [32mΓ£ô[39m tests/artifacts/commit-hooks.test.ts[2m > [22mCommitHooksArtifact[2m > [22mvalidateConventionalCommit()[2m > [22mexits 0 (returns true) for breaking change with bang[32m 0[2mms[22m[39m
 [32mΓ£ô[39m tests/artifacts/commit-hooks.test.ts[2m > [22mCommitHooksArtifact[2m > [22mvalidateConventionalCommit()[2m > [22mexits 0 (returns true) for docs commit[32m 0[2mms[22m[39m
 [32mΓ£ô[39m tests/artifacts/commit-hooks.test.ts[2m > [22mCommitHooksArtifact[2m > [22mvalidateConventionalCommit()[2m > [22mexits 1 (returns false) for message missing type prefix[32m 0[2mms[22m[39m
 [32mΓ£ô[39m tests/artifacts/commit-hooks.test.ts[2m > [22mCommitHooksArtifact[2m > [22mvalidateConventionalCommit()[2m > [22mexits 1 (returns false) for uppercase type[32m 0[2mms[22m[39m
 [32mΓ£ô[39m tests/artifacts/commit-hooks.test.ts[2m > [22mCommitHooksArtifact[2m > [22mvalidateConventionalCommit()[2m > [22mexits 1 (returns false) for message too long (>72 chars after colon-space)[32m 0[2mms[22m[39m
 [32mΓ£ô[39m tests/artifacts/commit-hooks.test.ts[2m > [22mCommitHooksArtifact[2m > [22mvalidateConventionalCommit()[2m > [22mmerge commit first line does not match conventional format (hook skips via grep)[32m 0[2mms[22m[39m
 [32mΓ£ô[39m tests/artifacts/commit-hooks.test.ts[2m > [22mCommitHooksArtifact[2m > [22mvalidateConventionalCommit()[2m > [22mexits 0 (returns true) for multi-line commit with valid first line[32m 0[2mms[22m[39m
 [32mΓ£ô[39m tests/artifacts/commit-hooks.test.ts[2m > [22mCommitHooksArtifact[2m > [22mcomposeWith()[2m > [22mhas no dependsOn (hooks are terminal ΓÇö nothing depends on them)[32m 0[2mms[22m[39m
 [32mΓ£ô[39m tests/artifacts/commit-hooks.test.ts[2m > [22mCommitHooksArtifact[2m > [22mcomposeWith()[2m > [22mreturns empty conflicts when composed with another artifact[32m 2[2mms[22m[39m
{"timestamp":"2026-03-28T01:43:40.697Z","level":"INFO","service":"forgecraft","module":"registry/loader","message":"Templates loaded","tagCount":24,"tags":["ANALYTICS","API","CLI","DATA-LINEAGE","DATA-PIPELINE","FINTECH","GAME","HEALTHCARE","HIPAA","INFRA","LIBRARY","MEDALLION-ARCHITECTURE","ML","MOBILE","OBSERVABILITY-XRAY","REALTIME","SOC2","SOCIAL","STATE-MACHINE","UNIVERSAL","WEB-REACT","WEB-STATIC","WEB3","ZERO-TRUST"]}
{"timestamp":"2026-03-28T01:43:40.698Z","level":"INFO","service":"forgecraft","module":"registry/composer","message":"Templates composed","tags":["UNIVERSAL","FINTECH"],"tier":"recommended","instructionBlocks":41,"structureEntries":20,"nfrBlocks":6,"hooks":14,"skills":9,"reviewBlocks":5,"referenceBlocks":8,"playbooks":1,"verificationStrategies":2}
 [32mΓ£ô[39m tests/tools/get-playbook.test.ts[2m > [22mgetPlaybookHandler[2m > [22mfintech_playbook[2m > [22mfilters_to_single_phase_when_phase_param_given[33m 802[2mms[22m[39m
{"timestamp":"2026-03-28T01:43:40.716Z","level":"INFO","service":"forgecraft","module":"registry/loader","message":"Templates loaded","tagCount":24,"tags":["ANALYTICS","API","CLI","DATA-LINEAGE","DATA-PIPELINE","FINTECH","GAME","HEALTHCARE","HIPAA","INFRA","LIBRARY","MEDALLION-ARCHITECTURE","ML","MOBILE","OBSERVABILITY-XRAY","REALTIME","SOC2","SOCIAL","STATE-MACHINE","UNIVERSAL","WEB-REACT","WEB-STATIC","WEB3","ZERO-TRUST"]}
 [32mΓ£ô[39m tests/tools/add-hook.test.ts[2m > [22maddHookHandler[2m > [22mlists available hooks in error message when hook not found[33m 942[2mms[22m[39m
 [32mΓ£ô[39m tests/tools/close-cycle.test.ts[2m > [22mcloseCycle[2m > [22mreturns_ready_when_cascade_passes[33m 1380[2mms[22m[39m
 [32mΓ£ô[39m tests/tools/close-cycle.test.ts[2m > [22mcloseCycle[2m > [22mdetects_test_command_from_package_json[32m 8[2mms[22m[39m
 [32mΓ£ô[39m tests/tools/close-cycle.test.ts[2m > [22mcloseCycle[2m > [22mdetects_test_command_from_pyproject[32m 7[2mms[22m[39m
 [32mΓ£ô[39m tests/tools/close-cycle.test.ts[2m > [22mcloseCycle[2m > [22mreturns_undefined_when_no_project_file[32m 3[2mms[22m[39m
{"timestamp":"2026-03-28T01:43:40.796Z","level":"INFO","service":"forgecraft","module":"registry/loader","message":"Templates loaded","tagCount":24,"tags":["ANALYTICS","API","CLI","DATA-LINEAGE","DATA-PIPELINE","FINTECH","GAME","HEALTHCARE","HIPAA","INFRA","LIBRARY","MEDALLION-ARCHITECTURE","ML","MOBILE","OBSERVABILITY-XRAY","REALTIME","SOC2","SOCIAL","STATE-MACHINE","UNIVERSAL","WEB-REACT","WEB-STATIC","WEB3","ZERO-TRUST"]}
{"timestamp":"2026-03-28T01:43:40.798Z","level":"INFO","service":"forgecraft","module":"registry/composer","message":"Templates composed","tags":["UNIVERSAL","API"],"tier":"recommended","instructionBlocks":42,"structureEntries":28,"nfrBlocks":5,"hooks":13,"skills":10,"reviewBlocks":9,"referenceBlocks":8,"playbooks":0,"verificationStrategies":2}
 [32mΓ£ô[39m tests/tools/get-nfr.test.ts[2m > [22mgetNfrTemplateHandler[2m > [22mreturns fallback message for a tag with no NFR blocks[33m 869[2mms[22m[39m
{"timestamp":"2026-03-28T01:43:40.821Z","level":"INFO","service":"forgecraft","module":"registry/loader","message":"Templates loaded","tagCount":24,"tags":["ANALYTICS","API","CLI","DATA-LINEAGE","DATA-PIPELINE","FINTECH","GAME","HEALTHCARE","HIPAA","INFRA","LIBRARY","MEDALLION-ARCHITECTURE","ML","MOBILE","OBSERVABILITY-XRAY","REALTIME","SOC2","SOCIAL","STATE-MACHINE","UNIVERSAL","WEB-REACT","WEB-STATIC","WEB3","ZERO-TRUST"]}
{"timestamp":"2026-03-28T01:43:40.822Z","level":"INFO","service":"forgecraft","module":"registry/mcp-discovery","message":"Loaded local MCP server recommendations","count":5,"tags":["UNIVERSAL"]}
{"timestamp":"2026-03-28T01:43:40.829Z","level":"INFO","service":"forgecraft","module":"analyzers/project-context","message":"Project context detected","projectDir":"C:\\Users\\JC\\AppData\\Local\\Temp\\forgecraft-ctx-test-1774662220265","repoUrl":"not found","framework":"not detected","hasDomain":false,"sensitiveData":"YES"}
 [32mΓ£ô[39m tests/analyzers/project-context.test.ts[2m > [22mproject-context[2m > [22mshould set sensitive data YES for healthcare tags[33m 645[2mms[22m[39m
 [32mΓ£ô[39m tests/tools/configure-mcp.test.ts[2m > [22mconfigureMcpHandler[2m > [22madds permissions.allow entries when auto_approve_tools=true[33m 941[2mms[22m[39m
 [32mΓ£ô[39m tests/tools/generate-session-prompt.test.ts[2m > [22mgenerateSessionPromptHandler[2m > [22mscope_note[2m > [22momits Out of Scope section when scope_note is not provided[32m 256[2mms[22m[39m
 [32mΓ£ô[39m tests/tools/generate-session-prompt.test.ts[2m > [22mgenerateSessionPromptHandler[2m > [22martifact discovery[2m > [22mreferences CLAUDE.md in context load when cascade passes[32m 96[2mms[22m[39m
{"timestamp":"2026-03-28T01:43:40.851Z","level":"INFO","service":"forgecraft","module":"registry/loader","message":"Templates loaded","tagCount":24,"tags":["ANALYTICS","API","CLI","DATA-LINEAGE","DATA-PIPELINE","FINTECH","GAME","HEALTHCARE","HIPAA","INFRA","LIBRARY","MEDALLION-ARCHITECTURE","ML","MOBILE","OBSERVABILITY-XRAY","REALTIME","SOC2","SOCIAL","STATE-MACHINE","UNIVERSAL","WEB-REACT","WEB-STATIC","WEB3","ZERO-TRUST"]}
{"timestamp":"2026-03-28T01:43:40.851Z","level":"INFO","service":"forgecraft","module":"registry/mcp-discovery","message":"Loaded local MCP server recommendations","count":2,"tags":["WEB-REACT"]}
 [32mΓ£ô[39m tests/registry/mcp-discovery.test.ts[2m > [22mMcpDiscoveryService[2m > [22mDefaultMcpDiscoveryService ΓÇö local discovery[2m > [22mshould discover chrome-devtools for WEB-REACT tag[33m 733[2mms[22m[39m
{"timestamp":"2026-03-28T01:43:40.901Z","level":"INFO","service":"forgecraft","module":"registry/loader","message":"Templates loaded","tagCount":24,"tags":["ANALYTICS","API","CLI","DATA-LINEAGE","DATA-PIPELINE","FINTECH","GAME","HEALTHCARE","HIPAA","INFRA","LIBRARY","MEDALLION-ARCHITECTURE","ML","MOBILE","OBSERVABILITY-XRAY","REALTIME","SOC2","SOCIAL","STATE-MACHINE","UNIVERSAL","WEB-REACT","WEB-STATIC","WEB3","ZERO-TRUST"]}
{"timestamp":"2026-03-28T01:43:40.908Z","level":"INFO","service":"forgecraft","module":"registry/composer","message":"Templates composed","tags":["UNIVERSAL"],"tier":"recommended","instructionBlocks":37,"structureEntries":20,"nfrBlocks":4,"hooks":13,"skills":8,"reviewBlocks":5,"referenceBlocks":8,"playbooks":0,"verificationStrategies":1}
 [32mΓ£ô[39m tests/tools/get-reference.test.ts[2m > [22mgetGuidanceHandler[2m > [22mreturns exactly 5 guidance blocks[33m 583[2mms[22m[39m
{"timestamp":"2026-03-28T01:43:40.938Z","level":"INFO","service":"forgecraft","module":"registry/loader","message":"Templates loaded","tagCount":24,"tags":["ANALYTICS","API","CLI","DATA-LINEAGE","DATA-PIPELINE","FINTECH","GAME","HEALTHCARE","HIPAA","INFRA","LIBRARY","MEDALLION-ARCHITECTURE","ML","MOBILE","OBSERVABILITY-XRAY","REALTIME","SOC2","SOCIAL","STATE-MACHINE","UNIVERSAL","WEB-REACT","WEB-STATIC","WEB3","ZERO-TRUST"]}
{"timestamp":"2026-03-28T01:43:40.938Z","level":"INFO","service":"forgecraft","module":"registry/composer","message":"Templates composed","tags":["UNIVERSAL"],"tier":"recommended","instructionBlocks":37,"structureEntries":20,"nfrBlocks":4,"hooks":13,"skills":8,"reviewBlocks":5,"referenceBlocks":8,"playbooks":0,"verificationStrategies":1}
{"timestamp":"2026-03-28T01:43:40.946Z","level":"INFO","service":"forgecraft","module":"registry/loader","message":"Templates loaded","tagCount":24,"tags":["ANALYTICS","API","CLI","DATA-LINEAGE","DATA-PIPELINE","FINTECH","GAME","HEALTHCARE","HIPAA","INFRA","LIBRARY","MEDALLION-ARCHITECTURE","ML","MOBILE","OBSERVABILITY-XRAY","REALTIME","SOC2","SOCIAL","STATE-MACHINE","UNIVERSAL","WEB-REACT","WEB-STATIC","WEB3","ZERO-TRUST"]}
 [32mΓ£ô[39m tests/integration/tools.test.ts[2m > [22mintegration[2m > [22mlist_hooks tool[2m > [22mshould filter hooks by tag[33m 820[2mms[22m[39m
 [32mΓ£ô[39m tests/tools/generate-session-prompt.test.ts[2m > [22mgenerateSessionPromptHandler[2m > [22martifact discovery[2m > [22mwarns about missing Status.md even when cascade passes[32m 122[2mms[22m[39m
{"timestamp":"2026-03-28T01:43:40.958Z","level":"INFO","service":"forgecraft","module":"analyzers/package-json","message":"Project analysis complete","projectDir":"C:\\workspace\\claude\\forgecraft-mcp\\tests\\fixtures\\classify-test","detections":2,"tags":["API","CLI"]}
{"timestamp":"2026-03-28T01:43:41.007Z","level":"INFO","service":"forgecraft","module":"analyzers/project-context","message":"Project context detected","projectDir":"C:\\Users\\JC\\AppData\\Local\\Temp\\forgecraft-scaffold-test-1774662220227","repoUrl":"not found","framework":"not detected","hasDomain":false,"sensitiveData":"NO"}
{"timestamp":"2026-03-28T01:43:41.010Z","level":"INFO","service":"forgecraft","module":"analyzers/project-context","message":"Project context detected","projectDir":"C:\\Users\\JC\\AppData\\Local\\Temp\\forgecraft-setup-test-1774662219570","repoUrl":"not found","framework":"not detected","hasDomain":false,"sensitiveData":"NO"}
 [32mΓ£ô[39m tests/tools/generate-session-prompt.test.ts[2m > [22mgenerateSessionPromptHandler[2m > [22martifact discovery[2m > [22mincludes Status.md content snippet when present[32m 69[2mms[22m[39m
{"timestamp":"2026-03-28T01:43:41.140Z","level":"INFO","service":"forgecraft","module":"tools/refresh-project","message":"Refresh project starting","projectDir":"C:\\Users\\JC\\AppData\\Local\\Temp\\forgecraft-refresh-test-1774662221135","apply":false}
{"timestamp":"2026-03-28T01:43:41.159Z","level":"INFO","service":"forgecraft","module":"registry/loader","message":"Templates loaded","tagCount":24,"tags":["ANALYTICS","API","CLI","DATA-LINEAGE","DATA-PIPELINE","FINTECH","GAME","HEALTHCARE","HIPAA","INFRA","LIBRARY","MEDALLION-ARCHITECTURE","ML","MOBILE","OBSERVABILITY-XRAY","REALTIME","SOC2","SOCIAL","STATE-MACHINE","UNIVERSAL","WEB-REACT","WEB-STATIC","WEB3","ZERO-TRUST"]}
{"timestamp":"2026-03-28T01:43:41.159Z","level":"INFO","service":"forgecraft","module":"registry/composer","message":"Templates composed","tags":["UNIVERSAL"],"tier":"recommended","instructionBlocks":37,"structureEntries":20,"nfrBlocks":4,"hooks":13,"skills":8,"reviewBlocks":5,"referenceBlocks":8,"playbooks":0,"verificationStrategies":1}
 [32mΓ£ô[39m tests/tools/review.test.ts[2m > [22mreviewProjectHandler[2m > [22mfocused scope returns shorter output than comprehensive[33m 1986[2mms[22m[39m
{"timestamp":"2026-03-28T01:43:41.226Z","level":"INFO","service":"forgecraft","module":"registry/loader","message":"Templates loaded","tagCount":24,"tags":["ANALYTICS","API","CLI","DATA-LINEAGE","DATA-PIPELINE","FINTECH","GAME","HEALTHCARE","HIPAA","INFRA","LIBRARY","MEDALLION-ARCHITECTURE","ML","MOBILE","OBSERVABILITY-XRAY","REALTIME","SOC2","SOCIAL","STATE-MACHINE","UNIVERSAL","WEB-REACT","WEB-STATIC","WEB3","ZERO-TRUST"]}
 [32mΓ£ô[39m tests/tools/forgecraft-router.test.ts[2m > [22mforgecraft router[2m > [22maction: list[2m > [22mshould list tags when resource is 'tags'[32m 4[2mms[22m[39m
 [32mΓ£ô[39m tests/tools/forgecraft-router.test.ts[2m > [22mforgecraft router[2m > [22maction: list[2m > [22mshould default to listing tags when resource is omitted[32m 0[2mms[22m[39m
 [32mΓ£ô[39m tests/tools/forgecraft-router.test.ts[2m > [22mforgecraft router[2m > [22maction: list[2m > [22mshould list hooks when resource is 'hooks'[33m 647[2mms[22m[39m
 [32mΓ£ô[39m tests/tools/generate-session-prompt.test.ts[2m > [22mgenerateSessionPromptHandler[2m > [22martifact discovery[2m > [22mreferences ADR directory when ADRs exist (from cascade-complete setup)[32m 152[2mms[22m[39m
 [32mΓ£ô[39m tests/tools/generate-session-prompt.test.ts[2m > [22mgenerateSessionPromptHandler[2m > [22martifact discovery[2m > [22mincludes use-cases.md in context load when present[32m 63[2mms[22m[39m
{"timestamp":"2026-03-28T01:43:41.339Z","level":"INFO","service":"forgecraft","module":"registry/loader","message":"Templates loaded","tagCount":24,"tags":["ANALYTICS","API","CLI","DATA-LINEAGE","DATA-PIPELINE","FINTECH","GAME","HEALTHCARE","HIPAA","INFRA","LIBRARY","MEDALLION-ARCHITECTURE","ML","MOBILE","OBSERVABILITY-XRAY","REALTIME","SOC2","SOCIAL","STATE-MACHINE","UNIVERSAL","WEB-REACT","WEB-STATIC","WEB3","ZERO-TRUST"]}
{"timestamp":"2026-03-28T01:43:41.339Z","level":"INFO","service":"forgecraft","module":"registry/mcp-discovery","message":"Loaded local MCP server recommendations","count":4,"tags":["GAME"]}
 [32mΓ£ô[39m tests/registry/mcp-discovery.test.ts[2m > [22mMcpDiscoveryService[2m > [22mDefaultMcpDiscoveryService ΓÇö local discovery[2m > [22mshould discover unity-mcp for GAME tag[33m 488[2mms[22m[39m
{"timestamp":"2026-03-28T01:43:41.342Z","level":"INFO","service":"forgecraft","module":"registry/loader","message":"Templates loaded","tagCount":24,"tags":["ANALYTICS","API","CLI","DATA-LINEAGE","DATA-PIPELINE","FINTECH","GAME","HEALTHCARE","HIPAA","INFRA","LIBRARY","MEDALLION-ARCHITECTURE","ML","MOBILE","OBSERVABILITY-XRAY","REALTIME","SOC2","SOCIAL","STATE-MACHINE","UNIVERSAL","WEB-REACT","WEB-STATIC","WEB3","ZERO-TRUST"]}
{"timestamp":"2026-03-28T01:43:41.342Z","level":"INFO","service":"forgecraft","module":"registry/composer","message":"Templates composed","tags":["UNIVERSAL","API"],"tier":"recommended","instructionBlocks":42,"structureEntries":28,"nfrBlocks":5,"hooks":13,"skills":10,"reviewBlocks":9,"referenceBlocks":8,"playbooks":0,"verificationStrategies":2}
 [32mΓ£ô[39m tests/tools/get-verification-strategy.test.ts[2m > [22mgetVerificationStrategyHandler[2m > [22mreturns content for API tag[33m 1015[2mms[22m[39m
{"timestamp":"2026-03-28T01:43:41.381Z","level":"INFO","service":"forgecraft","module":"registry/loader","message":"Templates loaded","tagCount":24,"tags":["ANALYTICS","API","CLI","DATA-LINEAGE","DATA-PIPELINE","FINTECH","GAME","HEALTHCARE","HIPAA","INFRA","LIBRARY","MEDALLION-ARCHITECTURE","ML","MOBILE","OBSERVABILITY-XRAY","REALTIME","SOC2","SOCIAL","STATE-MACHINE","UNIVERSAL","WEB-REACT","WEB-STATIC","WEB3","ZERO-TRUST"]}
{"timestamp":"2026-03-28T01:43:41.381Z","level":"INFO","service":"forgecraft","module":"registry/composer","message":"Templates composed","tags":["UNIVERSAL"],"tier":"recommended","instructionBlocks":37,"structureEntries":20,"nfrBlocks":4,"hooks":13,"skills":8,"reviewBlocks":5,"referenceBlocks":8,"playbooks":0,"verificationStrategies":1}
 [32mΓ£ô[39m tests/tools/generate-claude-md.test.ts[2m > [22mgenerateInstructionsHandler[2m > [22min-memory generation[2m > [22mUNIVERSAL is auto-included if not in tags list[33m 456[2mms[22m[39m
{"timestamp":"2026-03-28T01:43:41.401Z","level":"INFO","service":"forgecraft","module":"registry/loader","message":"Templates loaded","tagCount":24,"tags":["ANALYTICS","API","CLI","DATA-LINEAGE","DATA-PIPELINE","FINTECH","GAME","HEALTHCARE","HIPAA","INFRA","LIBRARY","MEDALLION-ARCHITECTURE","ML","MOBILE","OBSERVABILITY-XRAY","REALTIME","SOC2","SOCIAL","STATE-MACHINE","UNIVERSAL","WEB-REACT","WEB-STATIC","WEB3","ZERO-TRUST"]}
{"timestamp":"2026-03-28T01:43:41.403Z","level":"INFO","service":"forgecraft","module":"registry/composer","message":"Templates composed","tags":["UNIVERSAL"],"tier":"recommended","instructionBlocks":37,"structureEntries":20,"nfrBlocks":4,"hooks":13,"skills":8,"reviewBlocks":5,"referenceBlocks":8,"playbooks":0,"verificationStrategies":1}
 [32mΓ£ô[39m tests/tools/get-reference.test.ts[2m > [22mgetGuidanceHandler[2m > [22mcontains all five GS procedure topics[33m 493[2mms[22m[39m
{"timestamp":"2026-03-28T01:43:41.419Z","level":"INFO","service":"forgecraft","module":"tools/registry-refresh","message":"Registry sync complete","added":17,"updated":0,"retired":0}
{"timestamp":"2026-03-28T01:43:41.419Z","level":"INFO","service":"forgecraft","module":"registry/loader","message":"Templates loaded","tagCount":24,"tags":["ANALYTICS","API","CLI","DATA-LINEAGE","DATA-PIPELINE","FINTECH","GAME","HEALTHCARE","HIPAA","INFRA","LIBRARY","MEDALLION-ARCHITECTURE","ML","MOBILE","OBSERVABILITY-XRAY","REALTIME","SOC2","SOCIAL","STATE-MACHINE","UNIVERSAL","WEB-REACT","WEB-STATIC","WEB3","ZERO-TRUST"]}
{"timestamp":"2026-03-28T01:43:41.420Z","level":"INFO","service":"forgecraft","module":"analyzers/package-json","message":"Project analysis complete","projectDir":"C:\\Users\\JC\\AppData\\Local\\Temp\\forgecraft-refresh-test-1774662221135","detections":0,"tags":[]}
{"timestamp":"2026-03-28T01:43:41.423Z","level":"INFO","service":"forgecraft","module":"analyzers/completeness","message":"Completeness check done","passing":0,"failing":8}
 [32mΓ£ô[39m tests/tools/add-hook.test.ts[2m > [22maddHookHandler[2m > [22mwrites a hook file to .claude/hooks/ on success[33m 629[2mms[22m[39m
{"timestamp":"2026-03-28T01:43:41.518Z","level":"INFO","service":"forgecraft","module":"registry/loader","message":"Templates loaded","tagCount":24,"tags":["ANALYTICS","API","CLI","DATA-LINEAGE","DATA-PIPELINE","FINTECH","GAME","HEALTHCARE","HIPAA","INFRA","LIBRARY","MEDALLION-ARCHITECTURE","ML","MOBILE","OBSERVABILITY-XRAY","REALTIME","SOC2","SOCIAL","STATE-MACHINE","UNIVERSAL","WEB-REACT","WEB-STATIC","WEB3","ZERO-TRUST"]}
{"timestamp":"2026-03-28T01:43:41.519Z","level":"INFO","service":"forgecraft","module":"registry/composer","message":"Templates composed","tags":["UNIVERSAL","FINTECH"],"tier":"recommended","instructionBlocks":41,"structureEntries":20,"nfrBlocks":6,"hooks":14,"skills":9,"reviewBlocks":5,"referenceBlocks":8,"playbooks":1,"verificationStrategies":2}
 [32mΓ£ô[39m tests/tools/get-playbook.test.ts[2m > [22mgetPlaybookHandler[2m > [22mfintech_playbook[2m > [22mreports_unknown_phase_gracefully[33m 820[2mms[22m[39m
{"timestamp":"2026-03-28T01:43:41.535Z","level":"INFO","service":"forgecraft","module":"analyzers/project-context","message":"Project context detected","projectDir":"C:\\Users\\JC\\AppData\\Local\\Temp\\forgecraft-ctx-test-1774662220831","repoUrl":"not found","framework":"not detected","hasDomain":true,"sensitiveData":"NO"}
 [32mΓ£ô[39m tests/analyzers/project-context.test.ts[2m > [22mproject-context[2m > [22mshould set sensitive data YES for fintech tags[33m 566[2mms[22m[39m
 [32mΓ£ô[39m tests/tools/generate-session-prompt.test.ts[2m > [22mgenerateSessionPromptHandler[2m > [22moutput metadata[2m > [22mincludes files_created and next_steps in output[32m 207[2mms[22m[39m
{"timestamp":"2026-03-28T01:43:41.659Z","level":"INFO","service":"forgecraft","module":"registry/loader","message":"Templates loaded","tagCount":24,"tags":["ANALYTICS","API","CLI","DATA-LINEAGE","DATA-PIPELINE","FINTECH","GAME","HEALTHCARE","HIPAA","INFRA","LIBRARY","MEDALLION-ARCHITECTURE","ML","MOBILE","OBSERVABILITY-XRAY","REALTIME","SOC2","SOCIAL","STATE-MACHINE","UNIVERSAL","WEB-REACT","WEB-STATIC","WEB3","ZERO-TRUST"]}
{"timestamp":"2026-03-28T01:43:41.659Z","level":"INFO","service":"forgecraft","module":"registry/mcp-discovery","message":"Loaded local MCP server recommendations","count":5,"tags":["UNIVERSAL"]}
 [32mΓ£ô[39m tests/tools/configure-mcp.test.ts[2m > [22mconfigureMcpHandler[2m > [22mdoes not add permissions when auto_approve_tools=false[33m 821[2mms[22m[39m
 [32mΓ£ô[39m tests/tools/scaffold.test.ts[2m > [22mscaffoldProjectHandler[2m > [22mdry_run mode[2m > [22mreturns a plan without writing files[33m 1776[2mms[22m[39m
{"timestamp":"2026-03-28T01:43:41.700Z","level":"INFO","service":"forgecraft","module":"tools/scaffold","message":"Scaffolding project","tags":["UNIVERSAL"],"projectDir":"C:\\Users\\JC\\AppData\\Local\\Temp\\forgecraft-scaffold-test-1774662221699","dryRun":false,"force":false}
{"timestamp":"2026-03-28T01:43:41.918Z","level":"INFO","service":"forgecraft","module":"registry/loader","message":"Templates loaded","tagCount":24,"tags":["ANALYTICS","API","CLI","DATA-LINEAGE","DATA-PIPELINE","FINTECH","GAME","HEALTHCARE","HIPAA","INFRA","LIBRARY","MEDALLION-ARCHITECTURE","ML","MOBILE","OBSERVABILITY-XRAY","REALTIME","SOC2","SOCIAL","STATE-MACHINE","UNIVERSAL","WEB-REACT","WEB-STATIC","WEB3","ZERO-TRUST"]}
{"timestamp":"2026-03-28T01:43:41.918Z","level":"INFO","service":"forgecraft","module":"registry/composer","message":"Templates composed","tags":["UNIVERSAL"],"tier":"recommended","instructionBlocks":37,"structureEntries":20,"nfrBlocks":4,"hooks":13,"skills":8,"reviewBlocks":5,"referenceBlocks":8,"playbooks":0,"verificationStrategies":1}
{"timestamp":"2026-03-28T01:43:41.921Z","level":"INFO","service":"forgecraft","module":"analyzers/language-detector","message":"No language indicators found, defaulting to typescript","projectDir":"C:\\Users\\JC\\AppData\\Local\\Temp\\forgecraft-gen-test-1774662221388"}
{"timestamp":"2026-03-28T01:43:41.941Z","level":"INFO","service":"forgecraft","module":"registry/loader","message":"Templates loaded","tagCount":24,"tags":["ANALYTICS","API","CLI","DATA-LINEAGE","DATA-PIPELINE","FINTECH","GAME","HEALTHCARE","HIPAA","INFRA","LIBRARY","MEDALLION-ARCHITECTURE","ML","MOBILE","OBSERVABILITY-XRAY","REALTIME","SOC2","SOCIAL","STATE-MACHINE","UNIVERSAL","WEB-REACT","WEB-STATIC","WEB3","ZERO-TRUST"]}
{"timestamp":"2026-03-28T01:43:41.941Z","level":"INFO","service":"forgecraft","module":"registry/mcp-discovery","message":"Loaded local MCP server recommendations","count":2,"tags":["INFRA"]}
 [32mΓ£ô[39m tests/registry/mcp-discovery.test.ts[2m > [22mMcpDiscoveryService[2m > [22mDefaultMcpDiscoveryService ΓÇö local discovery[2m > [22mshould discover docker for INFRA tag[33m 601[2mms[22m[39m
 [32mΓ£ô[39m tests/tools/generate-session-prompt.test.ts[2m > [22mgenerateSessionPromptHandler[2m > [22moutput metadata[2m > [22mincludes check_cascade in next_steps guidance[33m 318[2mms[22m[39m
{"timestamp":"2026-03-28T01:43:42.020Z","level":"INFO","service":"forgecraft","module":"registry/loader","message":"Templates loaded","tagCount":24,"tags":["ANALYTICS","API","CLI","DATA-LINEAGE","DATA-PIPELINE","FINTECH","GAME","HEALTHCARE","HIPAA","INFRA","LIBRARY","MEDALLION-ARCHITECTURE","ML","MOBILE","OBSERVABILITY-XRAY","REALTIME","SOC2","SOCIAL","STATE-MACHINE","UNIVERSAL","WEB-REACT","WEB-STATIC","WEB3","ZERO-TRUST"]}
 [32mΓ£ô[39m tests/tools/forgecraft-router.test.ts[2m > [22mforgecraft router[2m > [22maction: list[2m > [22mshould list skills when resource is 'skills'[33m 787[2mms[22m[39m
{"timestamp":"2026-03-28T01:43:42.034Z","level":"INFO","service":"forgecraft","module":"registry/loader","message":"Templates loaded","tagCount":24,"tags":["ANALYTICS","API","CLI","DATA-LINEAGE","DATA-PIPELINE","FINTECH","GAME","HEALTHCARE","HIPAA","INFRA","LIBRARY","MEDALLION-ARCHITECTURE","ML","MOBILE","OBSERVABILITY-XRAY","REALTIME","SOC2","SOCIAL","STATE-MACHINE","UNIVERSAL","WEB-REACT","WEB-STATIC","WEB3","ZERO-TRUST"]}
{"timestamp":"2026-03-28T01:43:42.034Z","level":"INFO","service":"forgecraft","module":"registry/composer","message":"Templates composed","tags":["UNIVERSAL"],"tier":"recommended","instructionBlocks":37,"structureEntries":20,"nfrBlocks":4,"hooks":13,"skills":8,"reviewBlocks":5,"referenceBlocks":8,"playbooks":0,"verificationStrategies":1}
 [32mΓ£ô[39m tests/tools/get-reference.test.ts[2m > [22mgetGuidanceHandler[2m > [22mincludes the on-demand notice[33m 630[2mms[22m[39m
 [32mΓ£ô[39m tests/tools/generate-session-prompt.test.ts[2m > [22mgenerateSessionPromptHandler[2m > [22mcascade decisions: SKIP steps do not block prompt generation[2m > [22mgenerates a prompt when required steps PASS and optional steps would have failed[33m 303[2mms[22m[39m
 [32mΓ£ô[39m tests/tools/generate-session-prompt.test.ts[2m > [22mgenerateSessionPromptHandler[2m > [22mcascade decisions: SKIP steps do not block prompt generation[2m > [22mstill blocks when required steps fail even if optional steps would have passed[32m 35[2mms[22m[39m
{"timestamp":"2026-03-28T01:43:42.108Z","level":"INFO","service":"forgecraft","module":"analyzers/project-context","message":"Project context detected","projectDir":"C:\\Users\\JC\\AppData\\Local\\Temp\\forgecraft-ctx-test-1774662221537","repoUrl":"not found","framework":"not detected","hasDomain":false,"sensitiveData":"NO"}
 [32mΓ£ô[39m tests/analyzers/project-context.test.ts[2m > [22mproject-context[2m > [22mshould use description as domain when provided[33m 706[2mms[22m[39m
{"timestamp":"2026-03-28T01:43:42.123Z","level":"INFO","service":"forgecraft","module":"registry/loader","message":"Templates loaded","tagCount":24,"tags":["ANALYTICS","API","CLI","DATA-LINEAGE","DATA-PIPELINE","FINTECH","GAME","HEALTHCARE","HIPAA","INFRA","LIBRARY","MEDALLION-ARCHITECTURE","ML","MOBILE","OBSERVABILITY-XRAY","REALTIME","SOC2","SOCIAL","STATE-MACHINE","UNIVERSAL","WEB-REACT","WEB-STATIC","WEB3","ZERO-TRUST"]}
{"timestamp":"2026-03-28T01:43:42.123Z","level":"INFO","service":"forgecraft","module":"registry/composer","message":"Templates composed","tags":["UNIVERSAL"],"tier":"recommended","instructionBlocks":37,"structureEntries":20,"nfrBlocks":4,"hooks":13,"skills":8,"reviewBlocks":5,"referenceBlocks":8,"playbooks":0,"verificationStrategies":1}
 [32mΓ£ô[39m tests/integration/tools.test.ts[2m > [22mintegration[2m > [22mclassify_project tool[2m > [22mshould classify from description[32m 2[2mms[22m[39m
 [32mΓ£ô[39m tests/integration/tools.test.ts[2m > [22mintegration[2m > [22mclassify_project tool[2m > [22mshould classify from project directory[32m 11[2mms[22m[39m
 [32mΓ£ô[39m tests/integration/tools.test.ts[2m > [22mintegration[2m > [22mclassify_project tool[2m > [22mshould always include UNIVERSAL[32m 0[2mms[22m[39m
 [32mΓ£ô[39m tests/integration/tools.test.ts[2m > [22mintegration[2m > [22mreview_project tool[2m > [22mshould return review checklist for UNIVERSAL tag[33m 1163[2mms[22m[39m
{"timestamp":"2026-03-28T01:43:42.127Z","level":"INFO","service":"forgecraft","module":"registry/loader","message":"Templates loaded","tagCount":24,"tags":["ANALYTICS","API","CLI","DATA-LINEAGE","DATA-PIPELINE","FINTECH","GAME","HEALTHCARE","HIPAA","INFRA","LIBRARY","MEDALLION-ARCHITECTURE","ML","MOBILE","OBSERVABILITY-XRAY","REALTIME","SOC2","SOCIAL","STATE-MACHINE","UNIVERSAL","WEB-REACT","WEB-STATIC","WEB3","ZERO-TRUST"]}
{"timestamp":"2026-03-28T01:43:42.128Z","level":"INFO","service":"forgecraft","module":"registry/composer","message":"Templates composed","tags":["UNIVERSAL","API"],"tier":"recommended","instructionBlocks":42,"structureEntries":28,"nfrBlocks":5,"hooks":13,"skills":10,"reviewBlocks":9,"referenceBlocks":8,"playbooks":0,"verificationStrategies":2}
 [32mΓ£ô[39m tests/tools/review.test.ts[2m > [22mreviewProjectHandler[2m > [22mincludes multiple tags in output when specified[33m 968[2mms[22m[39m
{"timestamp":"2026-03-28T01:43:42.144Z","level":"INFO","service":"forgecraft","module":"registry/loader","message":"Templates loaded","tagCount":24,"tags":["ANALYTICS","API","CLI","DATA-LINEAGE","DATA-PIPELINE","FINTECH","GAME","HEALTHCARE","HIPAA","INFRA","LIBRARY","MEDALLION-ARCHITECTURE","ML","MOBILE","OBSERVABILITY-XRAY","REALTIME","SOC2","SOCIAL","STATE-MACHINE","UNIVERSAL","WEB-REACT","WEB-STATIC","WEB3","ZERO-TRUST"]}
{"timestamp":"2026-03-28T01:43:42.145Z","level":"INFO","service":"forgecraft","module":"registry/composer","message":"Templates composed","tags":["UNIVERSAL","API"],"tier":"recommended","instructionBlocks":42,"structureEntries":28,"nfrBlocks":5,"hooks":13,"skills":10,"reviewBlocks":9,"referenceBlocks":8,"playbooks":0,"verificationStrategies":2}
{"timestamp":"2026-03-28T01:43:42.145Z","level":"INFO","service":"forgecraft","module":"registry/composer","message":"Templates composed","tags":["UNIVERSAL","API"],"tier":"recommended","instructionBlocks":42,"structureEntries":28,"nfrBlocks":5,"hooks":13,"skills":10,"reviewBlocks":9,"referenceBlocks":8,"playbooks":0,"verificationStrategies":2}
{"timestamp":"2026-03-28T01:43:42.157Z","level":"INFO","service":"forgecraft","module":"registry/loader","message":"Templates loaded","tagCount":24,"tags":["ANALYTICS","API","CLI","DATA-LINEAGE","DATA-PIPELINE","FINTECH","GAME","HEALTHCARE","HIPAA","INFRA","LIBRARY","MEDALLION-ARCHITECTURE","ML","MOBILE","OBSERVABILITY-XRAY","REALTIME","SOC2","SOCIAL","STATE-MACHINE","UNIVERSAL","WEB-REACT","WEB-STATIC","WEB3","ZERO-TRUST"]}
{"timestamp":"2026-03-28T01:43:42.157Z","level":"INFO","service":"forgecraft","module":"registry/composer","message":"Templates composed","tags":["UNIVERSAL"],"tier":"recommended","instructionBlocks":37,"structureEntries":20,"nfrBlocks":4,"hooks":13,"skills":8,"reviewBlocks":5,"referenceBlocks":8,"playbooks":0,"verificationStrategies":1}
 [32mΓ£ô[39m tests/tools/close-cycle.test.ts[2m > [22mcloseCycle[2m > [22mcounts_active_gates[33m 1211[2mms[22m[39m
{"timestamp":"2026-03-28T01:43:42.236Z","level":"INFO","service":"forgecraft","module":"registry/loader","message":"Templates loaded","tagCount":24,"tags":["ANALYTICS","API","CLI","DATA-LINEAGE","DATA-PIPELINE","FINTECH","GAME","HEALTHCARE","HIPAA","INFRA","LIBRARY","MEDALLION-ARCHITECTURE","ML","MOBILE","OBSERVABILITY-XRAY","REALTIME","SOC2","SOCIAL","STATE-MACHINE","UNIVERSAL","WEB-REACT","WEB-STATIC","WEB3","ZERO-TRUST"]}
 [32mΓ£ô[39m tests/tools/generate-session-prompt.test.ts[2m > [22mgenerateSessionPromptHandler[2m > [22mexecution loop and active MCP tools sections[2m > [22mincludes an Execution Loop section[32m 85[2mms[22m[39m
{"timestamp":"2026-03-28T01:43:42.302Z","level":"INFO","service":"forgecraft","module":"registry/loader","message":"Templates loaded","tagCount":24,"tags":["ANALYTICS","API","CLI","DATA-LINEAGE","DATA-PIPELINE","FINTECH","GAME","HEALTHCARE","HIPAA","INFRA","LIBRARY","MEDALLION-ARCHITECTURE","ML","MOBILE","OBSERVABILITY-XRAY","REALTIME","SOC2","SOCIAL","STATE-MACHINE","UNIVERSAL","WEB-REACT","WEB-STATIC","WEB3","ZERO-TRUST"]}
{"timestamp":"2026-03-28T01:43:42.302Z","level":"INFO","service":"forgecraft","module":"registry/composer","message":"Templates composed","tags":["UNIVERSAL","GAME"],"tier":"recommended","instructionBlocks":46,"structureEntries":40,"nfrBlocks":8,"hooks":13,"skills":8,"reviewBlocks":9,"referenceBlocks":8,"playbooks":1,"verificationStrategies":2}
 [32mΓ£ô[39m tests/tools/get-playbook.test.ts[2m > [22mgetPlaybookHandler[2m > [22mgame_playbook[2m > [22mreturns_playbook_for_game_tag[33m 781[2mms[22m[39m
 [32mΓ£ô[39m tests/tools/generate-session-prompt.test.ts[2m > [22mgenerateSessionPromptHandler[2m > [22mexecution loop and active MCP tools sections[2m > [22mderives test command from package.json scripts.test field[32m 131[2mms[22m[39m
{"timestamp":"2026-03-28T01:43:42.523Z","level":"INFO","service":"forgecraft","module":"registry/loader","message":"Templates loaded","tagCount":24,"tags":["ANALYTICS","API","CLI","DATA-LINEAGE","DATA-PIPELINE","FINTECH","GAME","HEALTHCARE","HIPAA","INFRA","LIBRARY","MEDALLION-ARCHITECTURE","ML","MOBILE","OBSERVABILITY-XRAY","REALTIME","SOC2","SOCIAL","STATE-MACHINE","UNIVERSAL","WEB-REACT","WEB-STATIC","WEB3","ZERO-TRUST"]}
{"timestamp":"2026-03-28T01:43:42.523Z","level":"INFO","service":"forgecraft","module":"registry/mcp-discovery","message":"Loaded local MCP server recommendations","count":5,"tags":["UNIVERSAL"]}
 [32mΓ£ô[39m tests/tools/configure-mcp.test.ts[2m > [22mconfigureMcpHandler[2m > [22mmerges custom_servers into settings.json[33m 890[2mms[22m[39m
 [32mΓ£ô[39m tests/tools/generate-session-prompt.test.ts[2m > [22mgenerateSessionPromptHandler[2m > [22mexecution loop and active MCP tools sections[2m > [22mincludes Active MCP Tools section when .claude/settings.json exists[32m 223[2mms[22m[39m
 [32mΓ£ô[39m tests/tools/generate-session-prompt.test.ts[2m > [22mgenerateSessionPromptHandler[2m > [22mexecution loop and active MCP tools sections[2m > [22mincludes fallback message in Active MCP Tools when .claude/settings.json not found[32m 57[2mms[22m[39m
{"timestamp":"2026-03-28T01:43:42.679Z","level":"INFO","service":"forgecraft","module":"analyzers/project-context","message":"Project context detected","projectDir":"C:\\Users\\JC\\AppData\\Local\\Temp\\forgecraft-gen-test-1774662221388","repoUrl":"not found","framework":"not detected","hasDomain":false,"sensitiveData":"NO"}
{"timestamp":"2026-03-28T01:43:42.684Z","level":"INFO","service":"forgecraft","module":"registry/loader","message":"Templates loaded","tagCount":24,"tags":["ANALYTICS","API","CLI","DATA-LINEAGE","DATA-PIPELINE","FINTECH","GAME","HEALTHCARE","HIPAA","INFRA","LIBRARY","MEDALLION-ARCHITECTURE","ML","MOBILE","OBSERVABILITY-XRAY","REALTIME","SOC2","SOCIAL","STATE-MACHINE","UNIVERSAL","WEB-REACT","WEB-STATIC","WEB3","ZERO-TRUST"]}
{"timestamp":"2026-03-28T01:43:42.684Z","level":"INFO","service":"forgecraft","module":"registry/mcp-discovery","message":"Loaded local MCP server recommendations","count":7,"tags":["UNIVERSAL","WEB-REACT","WEB-STATIC"]}
 [32mΓ£ô[39m tests/registry/mcp-discovery.test.ts[2m > [22mMcpDiscoveryService[2m > [22mDefaultMcpDiscoveryService ΓÇö local discovery[2m > [22mshould merge servers across multiple tags without duplicates[33m 742[2mms[22m[39m
 [32mΓ£ô[39m tests/tools/generate-claude-md.test.ts[2m > [22mgenerateInstructionsHandler[2m > [22min-memory generation[2m > [22mcompact mode produces shorter output[33m 2068[2mms[22m[39m
 [32mΓ£ô[39m tests/tools/generate-session-prompt.test.ts[2m > [22mgenerateSessionPromptHandler[2m > [22mprompt hygiene[2m > [22mdoes_not_inline_adr_content ΓÇö ADR file content not included in prompt output[32m 138[2mms[22m[39m
{"timestamp":"2026-03-28T01:43:42.800Z","level":"INFO","service":"forgecraft","module":"registry/loader","message":"Templates loaded","tagCount":24,"tags":["ANALYTICS","API","CLI","DATA-LINEAGE","DATA-PIPELINE","FINTECH","GAME","HEALTHCARE","HIPAA","INFRA","LIBRARY","MEDALLION-ARCHITECTURE","ML","MOBILE","OBSERVABILITY-XRAY","REALTIME","SOC2","SOCIAL","STATE-MACHINE","UNIVERSAL","WEB-REACT","WEB-STATIC","WEB3","ZERO-TRUST"]}
{"timestamp":"2026-03-28T01:43:42.801Z","level":"INFO","service":"forgecraft","module":"registry/composer","message":"Templates composed","tags":["UNIVERSAL","API"],"tier":"recommended","instructionBlocks":42,"structureEntries":28,"nfrBlocks":5,"hooks":13,"skills":10,"reviewBlocks":9,"referenceBlocks":8,"playbooks":0,"verificationStrategies":2}
 [32mΓ£ô[39m tests/integration/tools.test.ts[2m > [22mintegration[2m > [22mreview_project tool[2m > [22mshould include tag-specific review items for API[33m 679[2mms[22m[39m
{"timestamp":"2026-03-28T01:43:42.849Z","level":"INFO","service":"forgecraft","module":"analyzers/project-context","message":"Project context detected","projectDir":"C:\\Users\\JC\\AppData\\Local\\Temp\\forgecraft-scaffold-test-1774662221699","repoUrl":"not found","framework":"not detected","hasDomain":false,"sensitiveData":"NO"}
 [32mΓ£ô[39m tests/tools/generate-session-prompt.test.ts[2m > [22mgenerateSessionPromptHandler[2m > [22mprompt hygiene[2m > [22mreferences_gates_by_path_not_content ΓÇö gate YAML content not inlined[32m 138[2mms[22m[39m
{"timestamp":"2026-03-28T01:43:42.972Z","level":"INFO","service":"forgecraft","module":"registry/loader","message":"Templates loaded","tagCount":24,"tags":["ANALYTICS","API","CLI","DATA-LINEAGE","DATA-PIPELINE","FINTECH","GAME","HEALTHCARE","HIPAA","INFRA","LIBRARY","MEDALLION-ARCHITECTURE","ML","MOBILE","OBSERVABILITY-XRAY","REALTIME","SOC2","SOCIAL","STATE-MACHINE","UNIVERSAL","WEB-REACT","WEB-STATIC","WEB3","ZERO-TRUST"]}
{"timestamp":"2026-03-28T01:43:42.972Z","level":"INFO","service":"forgecraft","module":"registry/composer","message":"Templates composed","tags":["UNIVERSAL","API"],"tier":"recommended","instructionBlocks":42,"structureEntries":28,"nfrBlocks":5,"hooks":13,"skills":10,"reviewBlocks":9,"referenceBlocks":8,"playbooks":0,"verificationStrategies":2}
 [32mΓ£ô[39m tests/tools/refresh-project.test.ts[2m > [22mrefreshProjectHandler[2m > [22mapply=false (drift report)[2m > [22mreturns drift analysis without writing instruction files[33m 2299[2mms[22m[39m
 [32mΓ£ô[39m tests/tools/generate-session-prompt.test.ts[2m > [22mgenerateSessionPromptHandler[2m > [22mprompt hygiene[2m > [22mincludes_codeseeker_context_retrieval_when_available ΓÇö context retrieval section present when codeseeker configured[32m 161[2mms[22m[39m
{"timestamp":"2026-03-28T01:43:43.139Z","level":"INFO","service":"forgecraft","module":"registry/loader","message":"Templates loaded","tagCount":24,"tags":["ANALYTICS","API","CLI","DATA-LINEAGE","DATA-PIPELINE","FINTECH","GAME","HEALTHCARE","HIPAA","INFRA","LIBRARY","MEDALLION-ARCHITECTURE","ML","MOBILE","OBSERVABILITY-XRAY","REALTIME","SOC2","SOCIAL","STATE-MACHINE","UNIVERSAL","WEB-REACT","WEB-STATIC","WEB3","ZERO-TRUST"]}
{"timestamp":"2026-03-28T01:43:43.140Z","level":"INFO","service":"forgecraft","module":"registry/composer","message":"Templates composed","tags":["UNIVERSAL"],"tier":"recommended","instructionBlocks":37,"structureEntries":20,"nfrBlocks":4,"hooks":13,"skills":8,"reviewBlocks":5,"referenceBlocks":8,"playbooks":0,"verificationStrategies":1}
 [32mΓ£ô[39m tests/tools/get-reference.test.ts[2m > [22mgetGuidanceHandler[2m > [22mguidance blocks are NOT present in composeTemplates instruction blocks[33m 1112[2mms[22m[39m
{"timestamp":"2026-03-28T01:43:43.197Z","level":"INFO","service":"forgecraft","module":"tools/refresh-project","message":"Refresh project starting","projectDir":"C:\\Users\\JC\\AppData\\Local\\Temp\\forgecraft-refresh-test-1774662223170","apply":false}
{"timestamp":"2026-03-28T01:43:43.199Z","level":"INFO","service":"forgecraft","module":"registry/loader","message":"Templates loaded","tagCount":24,"tags":["ANALYTICS","API","CLI","DATA-LINEAGE","DATA-PIPELINE","FINTECH","GAME","HEALTHCARE","HIPAA","INFRA","LIBRARY","MEDALLION-ARCHITECTURE","ML","MOBILE","OBSERVABILITY-XRAY","REALTIME","SOC2","SOCIAL","STATE-MACHINE","UNIVERSAL","WEB-REACT","WEB-STATIC","WEB3","ZERO-TRUST"]}
 [32mΓ£ô[39m tests/tools/forgecraft-router.test.ts[2m > [22mforgecraft router[2m > [22maction: list[2m > [22mshould filter hooks by tags when provided[33m 1179[2mms[22m[39m
 [32mΓ£ô[39m tests/tools/generate-session-prompt.test.ts[2m > [22mgenerateSessionPromptHandler[2m > [22mprompt hygiene[2m > [22mincludes context retrieval section without codeseeker guidance when codeseeker not configured[32m 87[2mms[22m[39m
{"timestamp":"2026-03-28T01:43:43.222Z","level":"INFO","service":"forgecraft","module":"registry/loader","message":"Templates loaded","tagCount":24,"tags":["ANALYTICS","API","CLI","DATA-LINEAGE","DATA-PIPELINE","FINTECH","GAME","HEALTHCARE","HIPAA","INFRA","LIBRARY","MEDALLION-ARCHITECTURE","ML","MOBILE","OBSERVABILITY-XRAY","REALTIME","SOC2","SOCIAL","STATE-MACHINE","UNIVERSAL","WEB-REACT","WEB-STATIC","WEB3","ZERO-TRUST"]}
{"timestamp":"2026-03-28T01:43:43.222Z","level":"INFO","service":"forgecraft","module":"registry/composer","message":"Templates composed","tags":["UNIVERSAL"],"tier":"recommended","instructionBlocks":37,"structureEntries":20,"nfrBlocks":4,"hooks":13,"skills":8,"reviewBlocks":5,"referenceBlocks":8,"playbooks":0,"verificationStrategies":1}
{"timestamp":"2026-03-28T01:43:43.225Z","level":"INFO","service":"forgecraft","module":"analyzers/language-detector","message":"No language indicators found, defaulting to typescript","projectDir":"C:\\Users\\JC\\AppData\\Local\\Temp\\forgecraft-gen-test-1774662222690"}
{"timestamp":"2026-03-28T01:43:43.248Z","level":"INFO","service":"forgecraft","module":"registry/loader","message":"Templates loaded","tagCount":24,"tags":["ANALYTICS","API","CLI","DATA-LINEAGE","DATA-PIPELINE","FINTECH","GAME","HEALTHCARE","HIPAA","INFRA","LIBRARY","MEDALLION-ARCHITECTURE","ML","MOBILE","OBSERVABILITY-XRAY","REALTIME","SOC2","SOCIAL","STATE-MACHINE","UNIVERSAL","WEB-REACT","WEB-STATIC","WEB3","ZERO-TRUST"]}
{"timestamp":"2026-03-28T01:43:43.248Z","level":"INFO","service":"forgecraft","module":"registry/composer","message":"Templates composed","tags":["UNIVERSAL","GAME"],"tier":"recommended","instructionBlocks":46,"structureEntries":40,"nfrBlocks":8,"hooks":13,"skills":8,"reviewBlocks":9,"referenceBlocks":8,"playbooks":1,"verificationStrategies":2}
 [32mΓ£ô[39m tests/tools/get-playbook.test.ts[2m > [22mgetPlaybookHandler[2m > [22mgame_playbook[2m > [22mincludes_headless_simulation_phase[33m 945[2mms[22m[39m
 [32mΓ£ô[39m tests/tools/refresh-project.test.ts[2m > [22mrefreshProjectHandler[2m > [22mapply=false (drift report)[2m > [22mresponse text includes current tags[33m 2034[2mms[22m[39m
 [32mΓ£ô[39m tests/tools/generate-session-prompt.test.ts[2m > [22mgenerateSessionPromptHandler[2m > [22mprompt hygiene[2m > [22mincludes_close_cycle_reminder ΓÇö close_cycle appears after execution loop[32m 202[2mms[22m[39m
{"timestamp":"2026-03-28T01:43:43.396Z","level":"INFO","service":"forgecraft","module":"registry/loader","message":"Templates loaded","tagCount":24,"tags":["ANALYTICS","API","CLI","DATA-LINEAGE","DATA-PIPELINE","FINTECH","GAME","HEALTHCARE","HIPAA","INFRA","LIBRARY","MEDALLION-ARCHITECTURE","ML","MOBILE","OBSERVABILITY-XRAY","REALTIME","SOC2","SOCIAL","STATE-MACHINE","UNIVERSAL","WEB-REACT","WEB-STATIC","WEB3","ZERO-TRUST"]}
{"timestamp":"2026-03-28T01:43:43.396Z","level":"INFO","service":"forgecraft","module":"registry/composer","message":"Templates composed","tags":["UNIVERSAL"],"tier":"recommended","instructionBlocks":37,"structureEntries":20,"nfrBlocks":4,"hooks":13,"skills":8,"reviewBlocks":5,"referenceBlocks":8,"playbooks":0,"verificationStrategies":1}
 [32mΓ£ô[39m tests/tools/generate-session-prompt.test.ts[2m > [22mgenerateSessionPromptHandler ΓÇö roadmap integration[2m > [22mauto-selects next pending roadmap item when item_description is omitted[32m 97[2mms[22m[39m
{"timestamp":"2026-03-28T01:43:43.559Z","level":"INFO","service":"forgecraft","module":"tools/registry-refresh","message":"Registry sync complete","added":13,"updated":0,"retired":0}
{"timestamp":"2026-03-28T01:43:43.562Z","level":"INFO","service":"forgecraft","module":"analyzers/package-json","message":"Project analysis complete","projectDir":"C:\\Users\\JC\\AppData\\Local\\Temp\\forgecraft-refresh-test-1774662223170","detections":0,"tags":[]}
{"timestamp":"2026-03-28T01:43:43.565Z","level":"INFO","service":"forgecraft","module":"analyzers/completeness","message":"Completeness check done","passing":0,"failing":7}
 [32mΓ£ô[39m tests/tools/generate-session-prompt.test.ts[2m > [22mgenerateSessionPromptHandler ΓÇö roadmap integration[2m > [22mselects specific roadmap item when roadmap_item_id is provided[32m 142[2mms[22m[39m
 [32mΓ£ô[39m tests/tools/close-cycle.test.ts[2m > [22mcloseCycle[2m > [22mpromotes_generalizable_gates_with_evidence[33m 1452[2mms[22m[39m
{"timestamp":"2026-03-28T01:43:43.718Z","level":"INFO","service":"forgecraft","module":"registry/loader","message":"Templates loaded","tagCount":24,"tags":["ANALYTICS","API","CLI","DATA-LINEAGE","DATA-PIPELINE","FINTECH","GAME","HEALTHCARE","HIPAA","INFRA","LIBRARY","MEDALLION-ARCHITECTURE","ML","MOBILE","OBSERVABILITY-XRAY","REALTIME","SOC2","SOCIAL","STATE-MACHINE","UNIVERSAL","WEB-REACT","WEB-STATIC","WEB3","ZERO-TRUST"]}
 [32mΓ£ô[39m tests/tools/add-hook.test.ts[2m > [22maddHookHandler[2m > [22mreports Created or Updated action in response text[33m 718[2mms[22m[39m
 [32mΓ£ô[39m tests/tools/generate-session-prompt.test.ts[2m > [22mgenerateSessionPromptHandler ΓÇö roadmap integration[2m > [22mmarks selected roadmap item as in-progress in roadmap.md[32m 129[2mms[22m[39m
{"timestamp":"2026-03-28T01:43:43.849Z","level":"INFO","service":"forgecraft","module":"registry/loader","message":"Templates loaded","tagCount":24,"tags":["ANALYTICS","API","CLI","DATA-LINEAGE","DATA-PIPELINE","FINTECH","GAME","HEALTHCARE","HIPAA","INFRA","LIBRARY","MEDALLION-ARCHITECTURE","ML","MOBILE","OBSERVABILITY-XRAY","REALTIME","SOC2","SOCIAL","STATE-MACHINE","UNIVERSAL","WEB-REACT","WEB-STATIC","WEB3","ZERO-TRUST"]}
{"timestamp":"2026-03-28T01:43:43.849Z","level":"INFO","service":"forgecraft","module":"registry/mcp-discovery","message":"Loaded local MCP server recommendations","count":5,"tags":["UNIVERSAL"]}
{"timestamp":"2026-03-28T01:43:43.900Z","level":"INFO","service":"forgecraft","module":"registry/loader","message":"Templates loaded","tagCount":24,"tags":["ANALYTICS","API","CLI","DATA-LINEAGE","DATA-PIPELINE","FINTECH","GAME","HEALTHCARE","HIPAA","INFRA","LIBRARY","MEDALLION-ARCHITECTURE","ML","MOBILE","OBSERVABILITY-XRAY","REALTIME","SOC2","SOCIAL","STATE-MACHINE","UNIVERSAL","WEB-REACT","WEB-STATIC","WEB3","ZERO-TRUST"]}
{"timestamp":"2026-03-28T01:43:43.901Z","level":"INFO","service":"forgecraft","module":"registry/composer","message":"Templates composed","tags":["UNIVERSAL"],"tier":"recommended","instructionBlocks":37,"structureEntries":20,"nfrBlocks":4,"hooks":13,"skills":8,"reviewBlocks":5,"referenceBlocks":8,"playbooks":0,"verificationStrategies":1}
{"timestamp":"2026-03-28T01:43:43.913Z","level":"INFO","service":"forgecraft","module":"analyzers/project-context","message":"Project context detected","projectDir":"C:\\Users\\JC\\AppData\\Local\\Temp\\forgecraft-gen-test-1774662222690","repoUrl":"not found","framework":"not detected","hasDomain":false,"sensitiveData":"NO"}
 [32mΓ£ô[39m tests/tools/generate-claude-md.test.ts[2m > [22mgenerateInstructionsHandler[2m > [22mfile writing with project_dir[2m > [22mwrites CLAUDE.md when target is claude and project_dir provided[33m 1302[2mms[22m[39m
{"timestamp":"2026-03-28T01:43:43.936Z","level":"INFO","service":"forgecraft","module":"registry/loader","message":"Templates loaded","tagCount":24,"tags":["ANALYTICS","API","CLI","DATA-LINEAGE","DATA-PIPELINE","FINTECH","GAME","HEALTHCARE","HIPAA","INFRA","LIBRARY","MEDALLION-ARCHITECTURE","ML","MOBILE","OBSERVABILITY-XRAY","REALTIME","SOC2","SOCIAL","STATE-MACHINE","UNIVERSAL","WEB-REACT","WEB-STATIC","WEB3","ZERO-TRUST"]}
{"timestamp":"2026-03-28T01:43:43.936Z","level":"INFO","service":"forgecraft","module":"registry/mcp-discovery","message":"Loaded local MCP server recommendations","count":5,"tags":["UNIVERSAL"]}
 [32mΓ£ô[39m tests/shared/filesystem.test.ts[2m > [22mfilesystem[2m > [22mcheckGitSafety[2m > [22mshould return null for non-git directory[33m 553[2mms[22m[39m
{"timestamp":"2026-03-28T01:43:43.968Z","level":"INFO","service":"forgecraft","module":"registry/loader","message":"Templates loaded","tagCount":24,"tags":["ANALYTICS","API","CLI","DATA-LINEAGE","DATA-PIPELINE","FINTECH","GAME","HEALTHCARE","HIPAA","INFRA","LIBRARY","MEDALLION-ARCHITECTURE","ML","MOBILE","OBSERVABILITY-XRAY","REALTIME","SOC2","SOCIAL","STATE-MACHINE","UNIVERSAL","WEB-REACT","WEB-STATIC","WEB3","ZERO-TRUST"]}
{"timestamp":"2026-03-28T01:43:43.968Z","level":"INFO","service":"forgecraft","module":"registry/mcp-discovery","message":"Loaded local MCP server recommendations","count":5,"tags":["UNIVERSAL"]}
 [32mΓ£ô[39m tests/tools/generate-session-prompt.test.ts[2m > [22mgenerateSessionPromptHandler ΓÇö roadmap integration[2m > [22mwrites bound prompt to docs/session-prompts/RM-001.md[32m 229[2mms[22m[39m
 [32mΓ£ô[39m tests/tools/setup-project.test.ts[2m > [22msetupProjectHandler[2m > [22mphase 1 ΓÇö no mvp/scope_complete/has_consumers[2m > [22mauto-discovers README.md as spec when no spec arg provided[32m 87[2mms[22m[39m
 [32mΓ£ô[39m tests/tools/setup-project.test.ts[2m > [22msetupProjectHandler[2m > [22mphase 1 ΓÇö no mvp/scope_complete/has_consumers[2m > [22mdetects existing project mode when src/ directory has files[32m 64[2mms[22m[39m
 [32mΓ£ô[39m tests/tools/setup-project.test.ts[2m > [22msetupProjectHandler[2m > [22mphase 1 ΓÇö no mvp/scope_complete/has_consumers[2m > [22mreports new project mode when no source dirs exist[32m 6[2mms[22m[39m
 [32mΓ£ô[39m tests/tools/setup-project.test.ts[2m > [22msetupProjectHandler[2m > [22mphase 1 ΓÇö no mvp/scope_complete/has_consumers[2m > [22mthrows when spec_path does not exist[32m 5[2mms[22m[39m
 [32mΓ£ô[39m tests/tools/generate-session-prompt.test.ts[2m > [22mgenerateSessionPromptHandler ΓÇö roadmap integration[2m > [22mreturns error when no roadmap and no item_description provided[32m 218[2mms[22m[39m
{"timestamp":"2026-03-28T01:43:44.219Z","level":"INFO","service":"forgecraft","module":"registry/loader","message":"Templates loaded","tagCount":24,"tags":["ANALYTICS","API","CLI","DATA-LINEAGE","DATA-PIPELINE","FINTECH","GAME","HEALTHCARE","HIPAA","INFRA","LIBRARY","MEDALLION-ARCHITECTURE","ML","MOBILE","OBSERVABILITY-XRAY","REALTIME","SOC2","SOCIAL","STATE-MACHINE","UNIVERSAL","WEB-REACT","WEB-STATIC","WEB3","ZERO-TRUST"]}
{"timestamp":"2026-03-28T01:43:44.220Z","level":"INFO","service":"forgecraft","module":"registry/composer","message":"Templates composed","tags":["UNIVERSAL"],"tier":"recommended","instructionBlocks":37,"structureEntries":20,"nfrBlocks":4,"hooks":13,"skills":8,"reviewBlocks":5,"referenceBlocks":8,"playbooks":0,"verificationStrategies":1}
 [32mΓ£ô[39m tests/tools/forgecraft-router.test.ts[2m > [22mforgecraft router[2m > [22maction: get_reference[2m > [22mshould return design patterns by default[33m 1020[2mms[22m[39m
{"timestamp":"2026-03-28T01:43:44.273Z","level":"INFO","service":"forgecraft","module":"registry/loader","message":"Templates loaded","tagCount":24,"tags":["ANALYTICS","API","CLI","DATA-LINEAGE","DATA-PIPELINE","FINTECH","GAME","HEALTHCARE","HIPAA","INFRA","LIBRARY","MEDALLION-ARCHITECTURE","ML","MOBILE","OBSERVABILITY-XRAY","REALTIME","SOC2","SOCIAL","STATE-MACHINE","UNIVERSAL","WEB-REACT","WEB-STATIC","WEB3","ZERO-TRUST"]}
{"timestamp":"2026-03-28T01:43:44.273Z","level":"INFO","service":"forgecraft","module":"registry/composer","message":"Templates composed","tags":["UNIVERSAL"],"tier":"recommended","instructionBlocks":37,"structureEntries":20,"nfrBlocks":4,"hooks":13,"skills":8,"reviewBlocks":5,"referenceBlocks":8,"playbooks":0,"verificationStrategies":1}
{"timestamp":"2026-03-28T01:43:44.275Z","level":"INFO","service":"forgecraft","module":"analyzers/language-detector","message":"No language indicators found, defaulting to typescript","projectDir":"C:\\Users\\JC\\AppData\\Local\\Temp\\forgecraft-gen-test-1774662223926"}
 [32mΓ£ô[39m tests/tools/check-cascade.test.ts[2m > [22mcheckCascadeHandler[2m > [22mstep 1 ΓÇö functional specification[2m > [22mreports FAIL when no functional spec file exists[32m 11[2mms[22m[39m
 [32mΓ£ô[39m tests/tools/check-cascade.test.ts[2m > [22mcheckCascadeHandler[2m > [22mstep 1 ΓÇö functional specification[2m > [22mreports PASS when docs/PRD.md exists[32m 60[2mms[22m[39m
{"timestamp":"2026-03-28T01:43:44.298Z","level":"INFO","service":"forgecraft","module":"registry/loader","message":"Templates loaded","tagCount":24,"tags":["ANALYTICS","API","CLI","DATA-LINEAGE","DATA-PIPELINE","FINTECH","GAME","HEALTHCARE","HIPAA","INFRA","LIBRARY","MEDALLION-ARCHITECTURE","ML","MOBILE","OBSERVABILITY-XRAY","REALTIME","SOC2","SOCIAL","STATE-MACHINE","UNIVERSAL","WEB-REACT","WEB-STATIC","WEB3","ZERO-TRUST"]}
{"timestamp":"2026-03-28T01:43:44.298Z","level":"INFO","service":"forgecraft","module":"registry/composer","message":"Templates composed","tags":["UNIVERSAL"],"tier":"recommended","instructionBlocks":37,"structureEntries":20,"nfrBlocks":4,"hooks":13,"skills":8,"reviewBlocks":5,"referenceBlocks":8,"playbooks":0,"verificationStrategies":1}
{"timestamp":"2026-03-28T01:43:44.298Z","level":"INFO","service":"forgecraft","module":"registry/composer","message":"Templates composed","tags":["UNIVERSAL","CLI"],"tier":"recommended","instructionBlocks":38,"structureEntries":23,"nfrBlocks":4,"hooks":13,"skills":8,"reviewBlocks":8,"referenceBlocks":8,"playbooks":0,"verificationStrategies":1}
 [32mΓ£ô[39m tests/tools/generate-session-prompt.test.ts[2m > [22mgenerateSessionPromptHandler ΓÇö roadmap integration[2m > [22mreturns error when roadmap has no pending items[32m 184[2mms[22m[39m
{"timestamp":"2026-03-28T01:43:44.300Z","level":"INFO","service":"forgecraft","module":"registry/loader","message":"Templates loaded","tagCount":24,"tags":["ANALYTICS","API","CLI","DATA-LINEAGE","DATA-PIPELINE","FINTECH","GAME","HEALTHCARE","HIPAA","INFRA","LIBRARY","MEDALLION-ARCHITECTURE","ML","MOBILE","OBSERVABILITY-XRAY","REALTIME","SOC2","SOCIAL","STATE-MACHINE","UNIVERSAL","WEB-REACT","WEB-STATIC","WEB3","ZERO-TRUST"]}
 [32mΓ£ô[39m tests/tools/list.test.ts[2m > [22mlistTagsHandler[2m > [22mreturns exactly 27 tags[32m 3[2mms[22m[39m
 [32mΓ£ô[39m tests/tools/list.test.ts[2m > [22mlistTagsHandler[2m > [22mincludes UNIVERSAL tag description[32m 1[2mms[22m[39m
 [32mΓ£ô[39m tests/tools/list.test.ts[2m > [22mlistHooksHandler[2m > [22mreturns hooks content for UNIVERSAL tag[33m 626[2mms[22m[39m
 [32mΓ£ô[39m tests/tools/generate-session-prompt.test.ts[2m > [22mgenerateSessionPromptHandler ΓÇö roadmap integration[2m > [22mexplicit item_description takes precedence over roadmap auto-select[32m 55[2mms[22m[39m
 [32mΓ£ô[39m tests/tools/check-cascade.test.ts[2m > [22mcheckCascadeHandler[2m > [22mstep 1 ΓÇö functional specification[2m > [22maccepts docs/TechSpec.md as a valid functional spec[32m 32[2mms[22m[39m
 [32mΓ£ô[39m tests/tools/check-cascade.test.ts[2m > [22mcheckCascadeHandler[2m > [22mstep 2 ΓÇö architecture diagrams[2m > [22mreports FAIL when docs/diagrams/ does not exist[32m 35[2mms[22m[39m
 [32mΓ£ô[39m tests/tools/check-cascade.test.ts[2m > [22mcheckCascadeHandler[2m > [22mstep 2 ΓÇö architecture diagrams[2m > [22mreports WARN when docs/diagrams/ is empty[32m 15[2mms[22m[39m
{"timestamp":"2026-03-28T01:43:44.405Z","level":"INFO","service":"forgecraft","module":"tools/setup-project","message":"setup_project","phase":2,"projectDir":"C:\\Users\\JC\\AppData\\Local\\Temp\\forgecraft-setup-test-1774662224404"}
{"timestamp":"2026-03-28T01:43:44.415Z","level":"INFO","service":"forgecraft","module":"registry/loader","message":"Templates loaded","tagCount":24,"tags":["ANALYTICS","API","CLI","DATA-LINEAGE","DATA-PIPELINE","FINTECH","GAME","HEALTHCARE","HIPAA","INFRA","LIBRARY","MEDALLION-ARCHITECTURE","ML","MOBILE","OBSERVABILITY-XRAY","REALTIME","SOC2","SOCIAL","STATE-MACHINE","UNIVERSAL","WEB-REACT","WEB-STATIC","WEB3","ZERO-TRUST"]}
{"timestamp":"2026-03-28T01:43:44.416Z","level":"INFO","service":"forgecraft","module":"registry/composer","message":"Templates composed","tags":["UNIVERSAL"],"tier":"recommended","instructionBlocks":37,"structureEntries":20,"nfrBlocks":4,"hooks":13,"skills":8,"reviewBlocks":5,"referenceBlocks":8,"playbooks":0,"verificationStrategies":1}
 [32mΓ£ô[39m tests/tools/scaffold.test.ts[2m > [22mscaffoldProjectHandler[2m > [22mdry_run mode[2m > [22mdry-run output lists expected structure entries[33m 1471[2mms[22m[39m
 [32mΓ£ô[39m tests/tools/get-reference.test.ts[2m > [22mgetGuidanceHandler[2m > [22mdesign_patterns handler excludes guidance blocks[33m 1269[2mms[22m[39m
{"timestamp":"2026-03-28T01:43:44.468Z","level":"INFO","service":"forgecraft","module":"tools/scaffold","message":"Scaffolding project","tags":["UNIVERSAL"],"projectDir":"C:\\Users\\JC\\AppData\\Local\\Temp\\forgecraft-setup-test-1774662224404","dryRun":false,"force":false}
{"timestamp":"2026-03-28T01:43:44.483Z","level":"INFO","service":"forgecraft","module":"registry/loader","message":"Templates loaded","tagCount":24,"tags":["ANALYTICS","API","CLI","DATA-LINEAGE","DATA-PIPELINE","FINTECH","GAME","HEALTHCARE","HIPAA","INFRA","LIBRARY","MEDALLION-ARCHITECTURE","ML","MOBILE","OBSERVABILITY-XRAY","REALTIME","SOC2","SOCIAL","STATE-MACHINE","UNIVERSAL","WEB-REACT","WEB-STATIC","WEB3","ZERO-TRUST"]}
 [32mΓ£ô[39m tests/tools/add-hook.test.ts[2m > [22maddHookHandler[2m > [22msecond call reports Updated (idempotent)[33m 2290[2mms[22m[39m
 [32mΓ£ô[39m tests/tools/check-cascade.test.ts[2m > [22mcheckCascadeHandler[2m > [22mstep 2 ΓÇö architecture diagrams[2m > [22mreports PASS when docs/diagrams/ has at least one .md file[32m 112[2mms[22m[39m
 [32mΓ£ô[39m tests/tools/check-cascade.test.ts[2m > [22mcheckCascadeHandler[2m > [22mstep 3 ΓÇö architectural constitution[2m > [22mreports FAIL when no constitution file exists[32m 19[2mms[22m[39m
{"timestamp":"2026-03-28T01:43:44.590Z","level":"INFO","service":"forgecraft","module":"registry/loader","message":"Templates loaded","tagCount":24,"tags":["ANALYTICS","API","CLI","DATA-LINEAGE","DATA-PIPELINE","FINTECH","GAME","HEALTHCARE","HIPAA","INFRA","LIBRARY","MEDALLION-ARCHITECTURE","ML","MOBILE","OBSERVABILITY-XRAY","REALTIME","SOC2","SOCIAL","STATE-MACHINE","UNIVERSAL","WEB-REACT","WEB-STATIC","WEB3","ZERO-TRUST"]}
{"timestamp":"2026-03-28T01:43:44.590Z","level":"INFO","service":"forgecraft","module":"registry/composer","message":"Templates composed","tags":["UNIVERSAL","GAME"],"tier":"recommended","instructionBlocks":46,"structureEntries":40,"nfrBlocks":8,"hooks":13,"skills":8,"reviewBlocks":9,"referenceBlocks":8,"playbooks":1,"verificationStrategies":2}
 [32mΓ£ô[39m tests/tools/get-playbook.test.ts[2m > [22mgetPlaybookHandler[2m > [22mgame_playbook[2m > [22mincludes_art_generation_phase[33m 1342[2mms[22m[39m
{"timestamp":"2026-03-28T01:43:44.650Z","level":"INFO","service":"forgecraft","module":"registry/loader","message":"Templates loaded","tagCount":24,"tags":["ANALYTICS","API","CLI","DATA-LINEAGE","DATA-PIPELINE","FINTECH","GAME","HEALTHCARE","HIPAA","INFRA","LIBRARY","MEDALLION-ARCHITECTURE","ML","MOBILE","OBSERVABILITY-XRAY","REALTIME","SOC2","SOCIAL","STATE-MACHINE","UNIVERSAL","WEB-REACT","WEB-STATIC","WEB3","ZERO-TRUST"]}
{"timestamp":"2026-03-28T01:43:44.650Z","level":"INFO","service":"forgecraft","module":"registry/mcp-discovery","message":"Loaded local MCP server recommendations","count":6,"tags":["UNIVERSAL","API"]}
 [32mΓ£ô[39m tests/tools/configure-mcp.test.ts[2m > [22mconfigureMcpHandler[2m > [22mreturns response text confirming file path[33m 823[2mms[22m[39m
 [32mΓ£ô[39m tests/tools/configure-mcp.test.ts[2m > [22mconfigureMcpHandler[2m > [22msecond call updates existing settings.json without error[33m 2108[2mms[22m[39m
 [32mΓ£ô[39m tests/tools/check-cascade.test.ts[2m > [22mcheckCascadeHandler[2m > [22mstep 3 ΓÇö architectural constitution[2m > [22mreports WARN when CLAUDE.md exceeds 300 lines[32m 136[2mms[22m[39m
 [32mΓ£ô[39m tests/tools/check-cascade.test.ts[2m > [22mcheckCascadeHandler[2m > [22mstep 3 ΓÇö architectural constitution[2m > [22maccepts .github/copilot-instructions.md as a constitution[32m 43[2mms[22m[39m
{"timestamp":"2026-03-28T01:43:44.761Z","level":"INFO","service":"forgecraft","module":"tools/scaffold","message":"Scaffolding project","tags":["UNIVERSAL"],"projectDir":"C:\\Users\\JC\\AppData\\Local\\Temp\\forgecraft-scaffold-test-1774662224760","dryRun":false,"force":false}
{"timestamp":"2026-03-28T01:43:44.837Z","level":"INFO","service":"forgecraft","module":"registry/loader","message":"Templates loaded","tagCount":24,"tags":["ANALYTICS","API","CLI","DATA-LINEAGE","DATA-PIPELINE","FINTECH","GAME","HEALTHCARE","HIPAA","INFRA","LIBRARY","MEDALLION-ARCHITECTURE","ML","MOBILE","OBSERVABILITY-XRAY","REALTIME","SOC2","SOCIAL","STATE-MACHINE","UNIVERSAL","WEB-REACT","WEB-STATIC","WEB3","ZERO-TRUST"]}
{"timestamp":"2026-03-28T01:43:44.837Z","level":"INFO","service":"forgecraft","module":"registry/mcp-discovery","message":"Loaded local MCP server recommendations","count":2,"tags":["WEB-REACT"]}
{"timestamp":"2026-03-28T01:43:44.868Z","level":"INFO","service":"forgecraft","module":"analyzers/project-context","message":"Project context detected","projectDir":"C:\\Users\\JC\\AppData\\Local\\Temp\\forgecraft-gen-test-1774662223926","repoUrl":"not found","framework":"not detected","hasDomain":false,"sensitiveData":"NO"}
 [32mΓ£ô[39m tests/tools/check-cascade.test.ts[2m > [22mcheckCascadeHandler[2m > [22mstep 4 ΓÇö ADRs[2m > [22mreports FAIL when no ADRs found in docs/adrs/ or docs/adr/[32m 89[2mms[22m[39m
 [32mΓ£ô[39m tests/tools/generate-claude-md.test.ts[2m > [22mgenerateInstructionsHandler[2m > [22mfile writing with project_dir[2m > [22mwritten CLAUDE.md is non-empty and well-formed[33m 1236[2mms[22m[39m
{"timestamp":"2026-03-28T01:43:44.920Z","level":"INFO","service":"forgecraft","module":"analyzers/project-context","message":"Project context detected","projectDir":"C:\\Users\\JC\\AppData\\Local\\Temp\\forgecraft-ctx-test-1774662222111","repoUrl":"detected","framework":"not detected","hasDomain":false,"sensitiveData":"NO"}
 [32mΓ£ô[39m tests/analyzers/project-context.test.ts[2m > [22mproject-context[2m > [22mshould leave domain undefined when no description[33m 574[2mms[22m[39m
 [32mΓ£ô[39m tests/tools/close-cycle.test.ts[2m > [22mcloseCycle[2m > [22mskips_gates_without_evidence[33m 1445[2mms[22m[39m
 [32mΓ£ô[39m tests/tools/check-cascade.test.ts[2m > [22mcheckCascadeHandler[2m > [22mstep 4 ΓÇö ADRs[2m > [22mreports PASS when docs/adrs/ contains an ADR[32m 143[2mms[22m[39m
 [32mΓ£ô[39m tests/tools/check-cascade.test.ts[2m > [22mcheckCascadeHandler[2m > [22mstep 4 ΓÇö ADRs[2m > [22maccepts ADRs in docs/adr/ (without trailing s)[32m 59[2mms[22m[39m
{"timestamp":"2026-03-28T01:43:45.013Z","level":"INFO","service":"forgecraft","module":"registry/loader","message":"Templates loaded","tagCount":24,"tags":["ANALYTICS","API","CLI","DATA-LINEAGE","DATA-PIPELINE","FINTECH","GAME","HEALTHCARE","HIPAA","INFRA","LIBRARY","MEDALLION-ARCHITECTURE","ML","MOBILE","OBSERVABILITY-XRAY","REALTIME","SOC2","SOCIAL","STATE-MACHINE","UNIVERSAL","WEB-REACT","WEB-STATIC","WEB3","ZERO-TRUST"]}
{"timestamp":"2026-03-28T01:43:45.015Z","level":"INFO","service":"forgecraft","module":"registry/composer","message":"Templates composed","tags":["UNIVERSAL"],"tier":"recommended","instructionBlocks":37,"structureEntries":20,"nfrBlocks":4,"hooks":13,"skills":8,"reviewBlocks":5,"referenceBlocks":8,"playbooks":0,"verificationStrategies":1}
 [32mΓ£ô[39m tests/tools/forgecraft-router.test.ts[2m > [22mforgecraft router[2m > [22maction: get_reference[2m > [22mshould return NFR templates when resource is 'nfr'[33m 795[2mms[22m[39m
{"timestamp":"2026-03-28T01:43:45.077Z","level":"INFO","service":"forgecraft","module":"registry/loader","message":"Templates loaded","tagCount":24,"tags":["ANALYTICS","API","CLI","DATA-LINEAGE","DATA-PIPELINE","FINTECH","GAME","HEALTHCARE","HIPAA","INFRA","LIBRARY","MEDALLION-ARCHITECTURE","ML","MOBILE","OBSERVABILITY-XRAY","REALTIME","SOC2","SOCIAL","STATE-MACHINE","UNIVERSAL","WEB-REACT","WEB-STATIC","WEB3","ZERO-TRUST"]}
{"timestamp":"2026-03-28T01:43:45.078Z","level":"INFO","service":"forgecraft","module":"registry/composer","message":"Templates composed","tags":["UNIVERSAL"],"tier":"recommended","instructionBlocks":37,"structureEntries":20,"nfrBlocks":4,"hooks":13,"skills":8,"reviewBlocks":5,"referenceBlocks":8,"playbooks":0,"verificationStrategies":1}
 [32mΓ£ô[39m tests/integration/tools.test.ts[2m > [22mintegration[2m > [22mreview_project tool[2m > [22mshould filter to critical items in focused scope[33m 2273[2mms[22m[39m
{"timestamp":"2026-03-28T01:43:45.123Z","level":"INFO","service":"forgecraft","module":"registry/loader","message":"Templates loaded","tagCount":24,"tags":["ANALYTICS","API","CLI","DATA-LINEAGE","DATA-PIPELINE","FINTECH","GAME","HEALTHCARE","HIPAA","INFRA","LIBRARY","MEDALLION-ARCHITECTURE","ML","MOBILE","OBSERVABILITY-XRAY","REALTIME","SOC2","SOCIAL","STATE-MACHINE","UNIVERSAL","WEB-REACT","WEB-STATIC","WEB3","ZERO-TRUST"]}
 [32mΓ£ô[39m tests/tools/add-hook.test.ts[2m > [22maddHookHandler[2m > [22mtag filter narrows search to specified tag[33m 800[2mms[22m[39m
 [32mΓ£ô[39m tests/tools/add-hook.test.ts[2m > [22maddHookHandler[2m > [22mreturns not found when tag filter excludes the hook[33m 588[2mms[22m[39m
{"timestamp":"2026-03-28T01:43:45.138Z","level":"INFO","service":"forgecraft","module":"registry/loader","message":"Templates loaded","tagCount":24,"tags":["ANALYTICS","API","CLI","DATA-LINEAGE","DATA-PIPELINE","FINTECH","GAME","HEALTHCARE","HIPAA","INFRA","LIBRARY","MEDALLION-ARCHITECTURE","ML","MOBILE","OBSERVABILITY-XRAY","REALTIME","SOC2","SOCIAL","STATE-MACHINE","UNIVERSAL","WEB-REACT","WEB-STATIC","WEB3","ZERO-TRUST"]}
 [32mΓ£ô[39m tests/tools/list.test.ts[2m > [22mlistHooksHandler[2m > [22mreturns all hooks when no tags filter provided[33m 833[2mms[22m[39m
 [32mΓ£ô[39m tests/tools/check-cascade.test.ts[2m > [22mcheckCascadeHandler[2m > [22mstep 4 ΓÇö ADRs[2m > [22maccepts MADR-style NNNN-description.md naming (no ADR prefix)[32m 61[2mms[22m[39m
 [32mΓ£ô[39m tests/tools/check-cascade.test.ts[2m > [22mcheckCascadeHandler[2m > [22mstep 5 ΓÇö behavioral contracts[2m > [22mreports FAIL when no use cases and no Status.md with next steps[32m 44[2mms[22m[39m
{"timestamp":"2026-03-28T01:43:45.204Z","level":"INFO","service":"forgecraft","module":"registry/loader","message":"Templates loaded","tagCount":24,"tags":["ANALYTICS","API","CLI","DATA-LINEAGE","DATA-PIPELINE","FINTECH","GAME","HEALTHCARE","HIPAA","INFRA","LIBRARY","MEDALLION-ARCHITECTURE","ML","MOBILE","OBSERVABILITY-XRAY","REALTIME","SOC2","SOCIAL","STATE-MACHINE","UNIVERSAL","WEB-REACT","WEB-STATIC","WEB3","ZERO-TRUST"]}
{"timestamp":"2026-03-28T01:43:45.204Z","level":"INFO","service":"forgecraft","module":"registry/composer","message":"Templates composed","tags":["UNIVERSAL","CLI"],"tier":"recommended","instructionBlocks":38,"structureEntries":23,"nfrBlocks":4,"hooks":13,"skills":8,"reviewBlocks":8,"referenceBlocks":8,"playbooks":0,"verificationStrategies":1}
{"timestamp":"2026-03-28T01:43:45.235Z","level":"INFO","service":"forgecraft","module":"registry/loader","message":"Templates loaded","tagCount":24,"tags":["ANALYTICS","API","CLI","DATA-LINEAGE","DATA-PIPELINE","FINTECH","GAME","HEALTHCARE","HIPAA","INFRA","LIBRARY","MEDALLION-ARCHITECTURE","ML","MOBILE","OBSERVABILITY-XRAY","REALTIME","SOC2","SOCIAL","STATE-MACHINE","UNIVERSAL","WEB-REACT","WEB-STATIC","WEB3","ZERO-TRUST"]}
{"timestamp":"2026-03-28T01:43:45.240Z","level":"INFO","service":"forgecraft","module":"registry/composer","message":"Templates composed","tags":["UNIVERSAL"],"tier":"recommended","instructionBlocks":37,"structureEntries":20,"nfrBlocks":4,"hooks":13,"skills":8,"reviewBlocks":5,"referenceBlocks":8,"playbooks":0,"verificationStrategies":1}
{"timestamp":"2026-03-28T01:43:45.261Z","level":"INFO","service":"forgecraft","module":"tools/verification-state","message":"Verification state saved","projectDir":"C:\\Users\\JC\\AppData\\Local\\Temp\\forgecraft-vstate-test-1774662224773","aggregate_s":0,"tags":["UNIVERSAL"]}
{"timestamp":"2026-03-28T01:43:45.294Z","level":"INFO","service":"forgecraft","module":"registry/loader","message":"Templates loaded","tagCount":24,"tags":["ANALYTICS","API","CLI","DATA-LINEAGE","DATA-PIPELINE","FINTECH","GAME","HEALTHCARE","HIPAA","INFRA","LIBRARY","MEDALLION-ARCHITECTURE","ML","MOBILE","OBSERVABILITY-XRAY","REALTIME","SOC2","SOCIAL","STATE-MACHINE","UNIVERSAL","WEB-REACT","WEB-STATIC","WEB3","ZERO-TRUST"]}
{"timestamp":"2026-03-28T01:43:45.294Z","level":"INFO","service":"forgecraft","module":"registry/composer","message":"Templates composed","tags":["UNIVERSAL"],"tier":"recommended","instructionBlocks":37,"structureEntries":20,"nfrBlocks":4,"hooks":13,"skills":8,"reviewBlocks":5,"referenceBlocks":8,"playbooks":0,"verificationStrategies":1}
{"timestamp":"2026-03-28T01:43:45.334Z","level":"INFO","service":"forgecraft","module":"registry/loader","message":"Templates loaded","tagCount":24,"tags":["ANALYTICS","API","CLI","DATA-LINEAGE","DATA-PIPELINE","FINTECH","GAME","HEALTHCARE","HIPAA","INFRA","LIBRARY","MEDALLION-ARCHITECTURE","ML","MOBILE","OBSERVABILITY-XRAY","REALTIME","SOC2","SOCIAL","STATE-MACHINE","UNIVERSAL","WEB-REACT","WEB-STATIC","WEB3","ZERO-TRUST"]}
{"timestamp":"2026-03-28T01:43:45.335Z","level":"INFO","service":"forgecraft","module":"registry/mcp-discovery","message":"Loaded local MCP server recommendations","count":1,"tags":["API"]}
 [32mΓ£ô[39m tests/tools/check-cascade.test.ts[2m > [22mcheckCascadeHandler[2m > [22mstep 5 ΓÇö behavioral contracts[2m > [22mreports WARN when Status.md has next-steps but no use-cases.md[32m 181[2mms[22m[39m
{"timestamp":"2026-03-28T01:43:45.433Z","level":"INFO","service":"forgecraft","module":"tools/refresh-project","message":"Refresh project starting","projectDir":"C:\\Users\\JC\\AppData\\Local\\Temp\\forgecraft-refresh-test-1774662225429","apply":true}
{"timestamp":"2026-03-28T01:43:45.437Z","level":"INFO","service":"forgecraft","module":"registry/loader","message":"Templates loaded","tagCount":24,"tags":["ANALYTICS","API","CLI","DATA-LINEAGE","DATA-PIPELINE","FINTECH","GAME","HEALTHCARE","HIPAA","INFRA","LIBRARY","MEDALLION-ARCHITECTURE","ML","MOBILE","OBSERVABILITY-XRAY","REALTIME","SOC2","SOCIAL","STATE-MACHINE","UNIVERSAL","WEB-REACT","WEB-STATIC","WEB3","ZERO-TRUST"]}
{"timestamp":"2026-03-28T01:43:45.437Z","level":"INFO","service":"forgecraft","module":"registry/composer","message":"Templates composed","tags":["UNIVERSAL"],"tier":"recommended","instructionBlocks":37,"structureEntries":20,"nfrBlocks":4,"hooks":13,"skills":8,"reviewBlocks":5,"referenceBlocks":8,"playbooks":0,"verificationStrategies":1}
{"timestamp":"2026-03-28T01:43:45.519Z","level":"INFO","service":"forgecraft","module":"registry/loader","message":"Templates loaded","tagCount":24,"tags":["ANALYTICS","API","CLI","DATA-LINEAGE","DATA-PIPELINE","FINTECH","GAME","HEALTHCARE","HIPAA","INFRA","LIBRARY","MEDALLION-ARCHITECTURE","ML","MOBILE","OBSERVABILITY-XRAY","REALTIME","SOC2","SOCIAL","STATE-MACHINE","UNIVERSAL","WEB-REACT","WEB-STATIC","WEB3","ZERO-TRUST"]}
{"timestamp":"2026-03-28T01:43:45.519Z","level":"INFO","service":"forgecraft","module":"registry/composer","message":"Templates composed","tags":["UNIVERSAL"],"tier":"recommended","instructionBlocks":37,"structureEntries":20,"nfrBlocks":4,"hooks":13,"skills":8,"reviewBlocks":5,"referenceBlocks":8,"playbooks":0,"verificationStrategies":1}
{"timestamp":"2026-03-28T01:43:45.523Z","level":"INFO","service":"forgecraft","module":"analyzers/language-detector","message":"No language indicators found, defaulting to typescript","projectDir":"C:\\Users\\JC\\AppData\\Local\\Temp\\forgecraft-gen-test-1774662224880"}
{"timestamp":"2026-03-28T01:43:45.540Z","level":"INFO","service":"forgecraft","module":"tools/registry-refresh","message":"Registry sync complete","added":13,"updated":0,"retired":0}
{"timestamp":"2026-03-28T01:43:45.540Z","level":"INFO","service":"forgecraft","module":"analyzers/package-json","message":"Project analysis complete","projectDir":"C:\\Users\\JC\\AppData\\Local\\Temp\\forgecraft-refresh-test-1774662225429","detections":0,"tags":[]}
{"timestamp":"2026-03-28T01:43:45.541Z","level":"INFO","service":"forgecraft","module":"analyzers/completeness","message":"Completeness check done","passing":0,"failing":7}
{"timestamp":"2026-03-28T01:43:45.555Z","level":"INFO","service":"forgecraft","module":"analyzers/project-context","message":"Project context detected","projectDir":"C:\\Users\\JC\\AppData\\Local\\Temp\\forgecraft-ctx-test-1774662224956","repoUrl":"not found","framework":"not detected","hasDomain":false,"sensitiveData":"NO"}
 [32mΓ£ô[39m tests/analyzers/project-context.test.ts[2m > [22mproject-context[2m > [22mshould detect repo URL from git remote[33m 2845[2mms[22m[39m
 [32mΓ£ô[39m tests/analyzers/project-context.test.ts[2m > [22mproject-context[2m > [22mshould return empty repoUrl for non-git directory[33m 601[2mms[22m[39m
 [32mΓ£ô[39m tests/tools/check-cascade.test.ts[2m > [22mcheckCascadeHandler[2m > [22mstep 5 ΓÇö behavioral contracts[2m > [22mreports PASS when docs/use-cases.md exists[32m 148[2mms[22m[39m
 [32mΓ£ô[39m tests/tools/check-cascade.test.ts[2m > [22mcheckCascadeHandler[2m > [22mcomplete cascade[2m > [22mreports COMPLETE with 5/5 steps passing[32m 94[2mms[22m[39m
 [32mΓ£ô[39m tests/tools/check-cascade.test.ts[2m > [22mcheckCascadeHandler[2m > [22mcomplete cascade[2m > [22mincludes generate_session_prompt in next-step guidance when complete[32m 164[2mms[22m[39m
{"timestamp":"2026-03-28T01:43:45.858Z","level":"INFO","service":"forgecraft","module":"registry/loader","message":"Templates loaded","tagCount":24,"tags":["ANALYTICS","API","CLI","DATA-LINEAGE","DATA-PIPELINE","FINTECH","GAME","HEALTHCARE","HIPAA","INFRA","LIBRARY","MEDALLION-ARCHITECTURE","ML","MOBILE","OBSERVABILITY-XRAY","REALTIME","SOC2","SOCIAL","STATE-MACHINE","UNIVERSAL","WEB-REACT","WEB-STATIC","WEB3","ZERO-TRUST"]}
{"timestamp":"2026-03-28T01:43:45.859Z","level":"INFO","service":"forgecraft","module":"registry/composer","message":"Templates composed","tags":["UNIVERSAL","GAME"],"tier":"recommended","instructionBlocks":46,"structureEntries":40,"nfrBlocks":8,"hooks":13,"skills":8,"reviewBlocks":9,"referenceBlocks":8,"playbooks":1,"verificationStrategies":2}
 [32mΓ£ô[39m tests/tools/get-playbook.test.ts[2m > [22mgetPlaybookHandler[2m > [22mgame_playbook[2m > [22mincludes_economy_tuning_phase[33m 1268[2mms[22m[39m
{"timestamp":"2026-03-28T01:43:45.941Z","level":"INFO","service":"forgecraft","module":"analyzers/project-context","message":"Project context detected","projectDir":"C:\\Users\\JC\\AppData\\Local\\Temp\\forgecraft-setup-test-1774662224404","repoUrl":"not found","framework":"not detected","hasDomain":false,"sensitiveData":"NO"}
 [32mΓ£ô[39m tests/tools/check-cascade.test.ts[2m > [22mcheckCascadeHandler[2m > [22mcomplete cascade[2m > [22mincludes files_created and next_steps in output[32m 189[2mms[22m[39m
 [32mΓ£ô[39m tests/tools/check-cascade.test.ts[2m > [22mcheckCascadeHandler[2m > [22mcomplete cascade[2m > [22mwrites docs/session-prompt-initial.md when cascade first completes[32m 121[2mms[22m[39m
[90mstdout[2m | tests/cli.test.ts[2m > [22m[2mrunCli[2m > [22m[2mexits on unknown command
[22m[39m
ForgeCraft MCP ΓÇö engineering standards for AI coding assistants

USAGE
  npx forgecraft-mcp <command> [arguments] [flags]
  npx forgecraft-mcp serve                         (default ΓÇö starts MCP server)

COMMANDS
  setup   <dir>          First-time project setup (auto-detects stack)
  refresh <dir>          Re-sync instruction files after project changes
  audit   <dir>          Check project against configured standards
  scaffold <dir>         Generate project structure and instruction files
  review  [dir]          Generate code review checklist
  list    [tags|hooks|skills]   Discover available resources
  classify [dir]         Suggest tags for a project
  generate <dir>         Generate instruction files only
  convert <dir>          Generate migration plan
  add-hook <name> <dir>  Install a quality-gate hook
  add-module <name> <dir> Scaffold a feature module
  verify  [dir]          Run tests + score ┬º4.3 GS properties + report layer violations
  advice  [dir]          Quality cycle checklist + tool stack + example configs for your tags
  metrics [dir]          External quality report: LOC, coverage, layer violations, dead code, complexity
FLAGS (vary by command)
  --tags <tags...>       Project classification tags (or read from forgecraft.yaml)
  --tier <tier>          Content depth: core | recommended | optional
  --targets <targets...> AI assistant targets: claude cursor copilot windsurf cline aider
  --name <name>          Project name
  --description <text>   Project description for tag detection
  --dry-run              Preview without writing files
  --apply                Apply changes (for refresh, default is preview)
  --add-tags <tags...>   Add tags during refresh
  --remove-tags <tags...> Remove tags during refresh
  --no-anti-patterns     Skip anti-pattern scanning (for audit)
  --language <lang>      typescript | python (default: typescript)
  --scope <scope>        comprehensive | focused (for review)
  --test-cmd <cmd>       Test command override for verify (default: npm test)
  --timeout <ms>         Test suite timeout in milliseconds (default: 120000)
  --threshold <n>        Minimum GS score out of 12 for pass (default: 10)
  --mutation             Run Stryker mutation testing (slow, opt-in; used by metrics)
  --coverage-dir <path>  Path to existing coverage report directory (used by metrics)
  --force                Overwrite existing files
  --compact              Strip explanatory bullet tails and deduplicate lines (~20-40% smaller output)
  --tag <tag>            Single tag filter (for add-hook)
  --check                Drift-check mode for refresh: exit 1 if tag/tier drift detected (CI gate)


{"timestamp":"2026-03-28T01:43:46.184Z","level":"INFO","service":"forgecraft","module":"analyzers/project-context","message":"Project context detected","projectDir":"C:\\Users\\JC\\AppData\\Local\\Temp\\forgecraft-gen-test-1774662224880","repoUrl":"not found","framework":"not detected","hasDomain":false,"sensitiveData":"NO"}
 [32mΓ£ô[39m tests/tools/generate-claude-md.test.ts[2m > [22mgenerateInstructionsHandler[2m > [22mfile writing with project_dir[2m > [22mwrites copilot-instructions.md for copilot target[33m 954[2mms[22m[39m
 [32mΓ£ô[39m tests/tools/close-cycle.test.ts[2m > [22mcloseCycle[2m > [22mclose_cycle suggests next roadmap item when roadmap.md exists[33m 1286[2mms[22m[39m
 [32mΓ£ô[39m tests/tools/check-cascade.test.ts[2m > [22mcheckCascadeHandler[2m > [22mcomplete cascade[2m > [22mdoes not overwrite docs/session-prompt-initial.md on subsequent cascade checks[32m 205[2mms[22m[39m
 [32mΓ£ô[39m tests/tools/check-cascade.test.ts[2m > [22mcheckCascadeHandler[2m > [22mcomplete cascade[2m > [22mdoes not write session-prompt-initial.md when cascade is incomplete[32m 33[2mms[22m[39m
{"timestamp":"2026-03-28T01:43:46.270Z","level":"INFO","service":"forgecraft","module":"analyzers/project-context","message":"Project context detected","projectDir":"C:\\Users\\JC\\AppData\\Local\\Temp\\forgecraft-scaffold-test-1774662224760","repoUrl":"not found","framework":"not detected","hasDomain":false,"sensitiveData":"NO"}
{"timestamp":"2026-03-28T01:43:46.315Z","level":"INFO","service":"forgecraft","module":"registry/loader","message":"Templates loaded","tagCount":24,"tags":["ANALYTICS","API","CLI","DATA-LINEAGE","DATA-PIPELINE","FINTECH","GAME","HEALTHCARE","HIPAA","INFRA","LIBRARY","MEDALLION-ARCHITECTURE","ML","MOBILE","OBSERVABILITY-XRAY","REALTIME","SOC2","SOCIAL","STATE-MACHINE","UNIVERSAL","WEB-REACT","WEB-STATIC","WEB3","ZERO-TRUST"]}
{"timestamp":"2026-03-28T01:43:46.316Z","level":"INFO","service":"forgecraft","module":"registry/composer","message":"Templates composed","tags":["UNIVERSAL"],"tier":"recommended","instructionBlocks":37,"structureEntries":20,"nfrBlocks":4,"hooks":13,"skills":8,"reviewBlocks":5,"referenceBlocks":8,"playbooks":0,"verificationStrategies":1}
 [32mΓ£ô[39m tests/tools/forgecraft-router.test.ts[2m > [22mforgecraft router[2m > [22maction: get_reference[2m > [22mshould throw when tags are missing[32m 3[2mms[22m[39m
 [32mΓ£ô[39m tests/tools/forgecraft-router.test.ts[2m > [22mforgecraft router[2m > [22maction: classify[2m > [22mshould classify from description[32m 2[2mms[22m[39m
 [32mΓ£ô[39m tests/tools/forgecraft-router.test.ts[2m > [22mforgecraft router[2m > [22maction: review[2m > [22mshould generate a review checklist[33m 1297[2mms[22m[39m
{"timestamp":"2026-03-28T01:43:46.329Z","level":"INFO","service":"forgecraft","module":"analyzers/completeness","message":"Completeness check done","passing":0,"failing":8}
{"timestamp":"2026-03-28T01:43:46.331Z","level":"INFO","service":"forgecraft","module":"analyzers/anti-pattern","message":"Scanning for anti-patterns","totalFiles":1,"sourceFiles":0}
{"timestamp":"2026-03-28T01:43:46.332Z","level":"INFO","service":"forgecraft","module":"analyzers/anti-pattern","message":"Anti-pattern scan complete","violations":0,"warnings":0}
{"timestamp":"2026-03-28T01:43:46.354Z","level":"INFO","service":"forgecraft","module":"registry/loader","message":"Templates loaded","tagCount":24,"tags":["ANALYTICS","API","CLI","DATA-LINEAGE","DATA-PIPELINE","FINTECH","GAME","HEALTHCARE","HIPAA","INFRA","LIBRARY","MEDALLION-ARCHITECTURE","ML","MOBILE","OBSERVABILITY-XRAY","REALTIME","SOC2","SOCIAL","STATE-MACHINE","UNIVERSAL","WEB-REACT","WEB-STATIC","WEB3","ZERO-TRUST"]}
 [32mΓ£ô[39m tests/tools/list.test.ts[2m > [22mlistSkillsHandler[2m > [22mreturns skills or no-skills message[33m 1215[2mms[22m[39m
 [32mΓ£ô[39m tests/tools/check-cascade.test.ts[2m > [22mcheckCascadeHandler[2m > [22mdoc aliasing ΓÇö content-based fallback[2m > [22mreturns WARN (not FAIL) when docs/ has a non-standard spec file with structural sections[32m 54[2mms[22m[39m
 [32mΓ£ô[39m tests/tools/check-cascade.test.ts[2m > [22mcheckCascadeHandler[2m > [22mdoc aliasing ΓÇö content-based fallback[2m > [22mreturns WARN with a hint to rename to docs/PRD.md[32m 88[2mms[22m[39m
{"timestamp":"2026-03-28T01:43:46.478Z","level":"INFO","service":"forgecraft","module":"registry/loader","message":"Templates loaded","tagCount":24,"tags":["ANALYTICS","API","CLI","DATA-LINEAGE","DATA-PIPELINE","FINTECH","GAME","HEALTHCARE","HIPAA","INFRA","LIBRARY","MEDALLION-ARCHITECTURE","ML","MOBILE","OBSERVABILITY-XRAY","REALTIME","SOC2","SOCIAL","STATE-MACHINE","UNIVERSAL","WEB-REACT","WEB-STATIC","WEB3","ZERO-TRUST"]}
{"timestamp":"2026-03-28T01:43:46.479Z","level":"INFO","service":"forgecraft","module":"registry/composer","message":"Templates composed","tags":["UNIVERSAL"],"tier":"recommended","instructionBlocks":37,"structureEntries":20,"nfrBlocks":4,"hooks":13,"skills":8,"reviewBlocks":5,"referenceBlocks":8,"playbooks":0,"verificationStrategies":1}
{"timestamp":"2026-03-28T01:43:46.483Z","level":"INFO","service":"forgecraft","module":"registry/loader","message":"Templates loaded","tagCount":24,"tags":["ANALYTICS","API","CLI","DATA-LINEAGE","DATA-PIPELINE","FINTECH","GAME","HEALTHCARE","HIPAA","INFRA","LIBRARY","MEDALLION-ARCHITECTURE","ML","MOBILE","OBSERVABILITY-XRAY","REALTIME","SOC2","SOCIAL","STATE-MACHINE","UNIVERSAL","WEB-REACT","WEB-STATIC","WEB3","ZERO-TRUST"]}
{"timestamp":"2026-03-28T01:43:46.483Z","level":"INFO","service":"forgecraft","module":"registry/composer","message":"Templates composed","tags":["UNIVERSAL","WEB-REACT","API"],"tier":"recommended","instructionBlocks":52,"structureEntries":40,"nfrBlocks":6,"hooks":15,"skills":12,"reviewBlocks":13,"referenceBlocks":8,"playbooks":0,"verificationStrategies":3}
 [32mΓ£ô[39m tests/integration/tools.test.ts[2m > [22mintegration[2m > [22mreview_project tool[2m > [22mshould compose review blocks from multiple tags without duplicates[33m 1406[2mms[22m[39m
{"timestamp":"2026-03-28T01:43:46.536Z","level":"INFO","service":"forgecraft","module":"tools/verification-state","message":"Verification state saved","projectDir":"C:\\Users\\JC\\AppData\\Local\\Temp\\forgecraft-vstate-test-1774662225302","aggregate_s":0,"tags":["UNIVERSAL"]}
 [32mΓ£ô[39m tests/tools/verification-state.test.ts[2m > [22mrecordVerificationHandler[2m > [22mrecords a step and returns confirmation text[33m 529[2mms[22m[39m
{"timestamp":"2026-03-28T01:43:46.541Z","level":"INFO","service":"forgecraft","module":"registry/loader","message":"Templates loaded","tagCount":24,"tags":["ANALYTICS","API","CLI","DATA-LINEAGE","DATA-PIPELINE","FINTECH","GAME","HEALTHCARE","HIPAA","INFRA","LIBRARY","MEDALLION-ARCHITECTURE","ML","MOBILE","OBSERVABILITY-XRAY","REALTIME","SOC2","SOCIAL","STATE-MACHINE","UNIVERSAL","WEB-REACT","WEB-STATIC","WEB3","ZERO-TRUST"]}
{"timestamp":"2026-03-28T01:43:46.541Z","level":"INFO","service":"forgecraft","module":"registry/composer","message":"Templates composed","tags":["UNIVERSAL"],"tier":"recommended","instructionBlocks":37,"structureEntries":20,"nfrBlocks":4,"hooks":13,"skills":8,"reviewBlocks":5,"referenceBlocks":8,"playbooks":0,"verificationStrategies":1}
{"timestamp":"2026-03-28T01:43:46.541Z","level":"INFO","service":"forgecraft","module":"registry/composer","message":"Templates composed","tags":["UNIVERSAL"],"tier":"recommended","instructionBlocks":37,"structureEntries":20,"nfrBlocks":4,"hooks":13,"skills":8,"reviewBlocks":5,"referenceBlocks":8,"playbooks":0,"verificationStrategies":1}
{"timestamp":"2026-03-28T01:43:46.578Z","level":"INFO","service":"forgecraft","module":"registry/loader","message":"Templates loaded","tagCount":24,"tags":["ANALYTICS","API","CLI","DATA-LINEAGE","DATA-PIPELINE","FINTECH","GAME","HEALTHCARE","HIPAA","INFRA","LIBRARY","MEDALLION-ARCHITECTURE","ML","MOBILE","OBSERVABILITY-XRAY","REALTIME","SOC2","SOCIAL","STATE-MACHINE","UNIVERSAL","WEB-REACT","WEB-STATIC","WEB3","ZERO-TRUST"]}
{"timestamp":"2026-03-28T01:43:46.578Z","level":"INFO","service":"forgecraft","module":"registry/mcp-discovery","message":"Loaded local MCP server recommendations","count":1,"tags":["CLI"]}
{"timestamp":"2026-03-28T01:43:46.674Z","level":"INFO","service":"forgecraft","module":"registry/loader","message":"Templates loaded","tagCount":24,"tags":["ANALYTICS","API","CLI","DATA-LINEAGE","DATA-PIPELINE","FINTECH","GAME","HEALTHCARE","HIPAA","INFRA","LIBRARY","MEDALLION-ARCHITECTURE","ML","MOBILE","OBSERVABILITY-XRAY","REALTIME","SOC2","SOCIAL","STATE-MACHINE","UNIVERSAL","WEB-REACT","WEB-STATIC","WEB3","ZERO-TRUST"]}
{"timestamp":"2026-03-28T01:43:46.674Z","level":"INFO","service":"forgecraft","module":"registry/composer","message":"Templates composed","tags":["UNIVERSAL"],"tier":"recommended","instructionBlocks":37,"structureEntries":20,"nfrBlocks":4,"hooks":13,"skills":8,"reviewBlocks":5,"referenceBlocks":8,"playbooks":0,"verificationStrategies":1}
{"timestamp":"2026-03-28T01:43:46.677Z","level":"INFO","service":"forgecraft","module":"analyzers/language-detector","message":"No language indicators found, defaulting to typescript","projectDir":"C:\\Users\\JC\\AppData\\Local\\Temp\\forgecraft-gen-test-1774662226193"}
 [32mΓ£ô[39m tests/tools/check-cascade.test.ts[2m > [22mcheckCascadeHandler[2m > [22mdoc aliasing ΓÇö content-based fallback[2m > [22mstep 5 returns WARN when docs/ has a *spec*.md fallback file[32m 161[2mms[22m[39m
 [32mΓ£ô[39m tests/tools/check-cascade.test.ts[2m > [22mcheckCascadeHandler[2m > [22mPython package file equivalents[2m > [22mstep 5 returns PASS when pyproject.toml and tests/ directory exist[32m 85[2mms[22m[39m
{"timestamp":"2026-03-28T01:43:46.793Z","level":"INFO","service":"forgecraft","module":"registry/loader","message":"Templates loaded","tagCount":24,"tags":["ANALYTICS","API","CLI","DATA-LINEAGE","DATA-PIPELINE","FINTECH","GAME","HEALTHCARE","HIPAA","INFRA","LIBRARY","MEDALLION-ARCHITECTURE","ML","MOBILE","OBSERVABILITY-XRAY","REALTIME","SOC2","SOCIAL","STATE-MACHINE","UNIVERSAL","WEB-REACT","WEB-STATIC","WEB3","ZERO-TRUST"]}
{"timestamp":"2026-03-28T01:43:46.793Z","level":"INFO","service":"forgecraft","module":"registry/composer","message":"Templates composed","tags":["UNIVERSAL","FINTECH","GAME"],"tier":"recommended","instructionBlocks":50,"structureEntries":40,"nfrBlocks":10,"hooks":14,"skills":9,"reviewBlocks":9,"referenceBlocks":8,"playbooks":2,"verificationStrategies":3}
 [32mΓ£ô[39m tests/tools/get-playbook.test.ts[2m > [22mgetPlaybookHandler[2m > [22mmulti_tag[2m > [22mreturns_multiple_playbooks_for_fintech_and_game[33m 934[2mms[22m[39m
 [32mΓ£ô[39m tests/tools/check-cascade.test.ts[2m > [22mcheckCascadeHandler[2m > [22mPython package file equivalents[2m > [22mstep 5 returns PASS when requirements.txt and test/ directory exist[32m 225[2mms[22m[39m
{"timestamp":"2026-03-28T01:43:47.229Z","level":"INFO","service":"forgecraft","module":"registry/loader","message":"Templates loaded","tagCount":24,"tags":["ANALYTICS","API","CLI","DATA-LINEAGE","DATA-PIPELINE","FINTECH","GAME","HEALTHCARE","HIPAA","INFRA","LIBRARY","MEDALLION-ARCHITECTURE","ML","MOBILE","OBSERVABILITY-XRAY","REALTIME","SOC2","SOCIAL","STATE-MACHINE","UNIVERSAL","WEB-REACT","WEB-STATIC","WEB3","ZERO-TRUST"]}
{"timestamp":"2026-03-28T01:43:47.229Z","level":"INFO","service":"forgecraft","module":"registry/mcp-discovery","message":"Loaded local MCP server recommendations","count":2,"tags":["LIBRARY"]}
 [32mΓ£ô[39m tests/tools/check-cascade.test.ts[2m > [22mcheckCascadeHandler[2m > [22mzero-test-gate ΓÇö placeholder test script[2m > [22mstep 5 returns FAIL when package.json test script is a placeholder echo[33m 304[2mms[22m[39m
 [32mΓ£ô[39m tests/tools/check-cascade.test.ts[2m > [22mcheckCascadeHandler[2m > [22mzero-test-gate ΓÇö placeholder test script[2m > [22mdoes NOT fail when package.json test script is a real test runner[32m 196[2mms[22m[39m
{"timestamp":"2026-03-28T01:43:47.302Z","level":"INFO","service":"forgecraft","module":"analyzers/project-context","message":"Project context detected","projectDir":"C:\\Users\\JC\\AppData\\Local\\Temp\\forgecraft-gen-test-1774662226193","repoUrl":"not found","framework":"not detected","hasDomain":false,"sensitiveData":"NO"}
{"timestamp":"2026-03-28T01:43:47.305Z","level":"INFO","service":"forgecraft","module":"shared/filesystem","message":"Adding new sections from template during merge","sectionCount":146,"headers":["## Project Identity","## Code Standards","## Dev Environment Hygiene","### VS Code Extensions","### Docker Containers & Volumes","### Python Virtual Environments","### General Install Hygiene","## Dependency Registry ΓÇö AI-Maintained Security Contract","### The registry artifact","### Process rules ΓÇö stack-agnostic","### Audit commands by ecosystem","## Language Stack Constraints ΓÇö Seed Defaults","### TypeScript / Node.js ΓÇö Approved Toolchain","## Production Code Standards ΓÇö NON-NEGOTIABLE","### SOLID Principles","### Zero Hardcoded Values","### Zero Mocks in Application Code","### Interfaces First","### Dependency Injection","### Error Handling","### Modular from Day One","## Layered Architecture (Ports & Adapters / Hexagonal)","### Ports (Interfaces owned by the domain)","### Adapters (Implementations of ports)","### Data Transfer Objects (DTOs)","### Layer Rules","## Clean Code Principles","### Command-Query Separation (CQS)","### Guard Clauses & Early Return","### Composition over Inheritance","### Law of Demeter (Principle of Least Knowledge)","### Immutability by Default","### Pure Functions","### Factory Pattern","## CI/CD & Deployment","### Pipeline","### Environments","### Deployment Strategy","### Preview Environments","## Testing Pyramid","### Coverage Targets","### Test Rules","### Test Doubles Taxonomy","### Test Data Builders","### Property-Based Testing","## Test-Driven Development (TDD)","### Red-Green-Refactor ΓÇö The Only Cycle","### Tests Are Specifications, Not Confirmations","### Bug Fix Protocol","### One Behavior Per Test","## TDD Enforcement ΓÇö Forbidden Patterns and Gate Protocol","### Forbidden Patterns (non-negotiable)","### The Session Gate Protocol","### Commit Sequence as Audit Trail","### Why Instructions Alone Are Not Sufficient","## Adversarial Testing Posture","### The adversarial posture","### Name tests as behaviors, not paths","### Cover the adversarial surface","## Property-Based Testing","### When to add property tests","### Ecosystem tools (language-agnostic principle)","### Template invariant structure","## Specification Completeness Meta-Query","### Six dimensions to probe systematically","## Data Guardrails ΓÜá∩╕Å","## Commit Protocol","### Commit Hooks ΓÇö Emit, Don't Reference","### Linter Config ΓÇö Emit in P0, Don't Reference","### CI Pipeline ΓÇö Emit, Don't Reference","### Commit Message Precision","### What Constitutes One Logical Change","## Clarification Protocol","## Feature Completion Protocol","### 1. Verify (local, pre-commit)","### 2. Commit (code only)","### 3. Deploy to Staging + Smoke Gate","### 4. Doc Sync Cascade","## MCP-Powered Tooling","### CodeSeeker ΓÇö Graph-Powered Code Intelligence","## Engineering Preferences","## Code Generation ΓÇö Verify Before Returning","### Verification steps (in order)","### Required evidence in the final response","### Common test setup pitfalls (TypeScript / Prisma)","## Known Pitfalls","### [Add project-specific pitfalls here]","### Library ΓÇö trap description","## Corrections Log","### Learned Corrections","## Techniques","### Active Techniques","## Testing Architecture","### Test Types by Scope and Purpose","### Variant Coverage Dimensions","### Test Pipeline Mapping","## Active Release Phase: development","## Generative Specification: Testing Techniques","### Adversarial Test Posture","### Expose-Store-to-Window (Interactive / Game / Real-Time UIs)","### Vertical Chain Test","### Mutation Testing as Adversarial Audit","### Multimodal Quality Gates (Generative Assets)","## Artifact Grammar ΓÇö The Generative Specification","### The Six Properties (self-test)","## Names Are Production Rules","### Layer-Scoped Naming Vocabulary","### Naming as Technique Transport","## ADR Protocol ΓÇö Persistent Memory","### Format (minimal)","## Context","## Decision","## Alternatives Considered","## Consequences","### When to Write an ADR","### ADR Directory","### ADR Stubs ΓÇö Emit in P1","## [Unreleased]","### Added","### Session Protocol","## Use Cases ΓÇö Triple Derivation","### The Three Derivations","### Use Case Format (minimal)","## UC-NNN: [Action] [Domain Object]","### The Diagnostic Rule","## Living Documentation ΓÇö Derived, Not Maintained","### The Generative Specification Resolution","### Rules","### Polyglot Systems","## Agentic Self-Refinement","### The Loop Structure","### Applications by Domain","### Session Continuity Pattern (Status.md)","### Wrong History Pattern (Anti-Pattern)","## Wrong Specification Risk","### Mitigation 1: Specification Verification Before Code","### Mitigation 2: Living Specification","### Diagnostic Signs of a Wrong Specification","## Generative Specification: The Five Memory Types","### Missing Types = Compounding Failure","## Status.md ΓÇö Required Format","## Completed (this session)","## In Progress","## Next","## Decisions made (this session)","## Blockers / Dependencies"]}
 [32mΓ£ô[39m tests/tools/generate-claude-md.test.ts[2m > [22mgenerateInstructionsHandler[2m > [22mfile writing with project_dir[2m > [22mresponse lists file paths written[33m 1313[2mms[22m[39m
{"timestamp":"2026-03-28T01:43:47.317Z","level":"INFO","service":"forgecraft","module":"analyzers/anti-pattern","message":"Scanning for anti-patterns","totalFiles":0,"sourceFiles":0}
{"timestamp":"2026-03-28T01:43:47.323Z","level":"INFO","service":"forgecraft","module":"analyzers/anti-pattern","message":"Anti-pattern scan complete","violations":0,"warnings":0}
{"timestamp":"2026-03-28T01:43:47.329Z","level":"INFO","service":"forgecraft","module":"analyzers/anti-pattern","message":"Scanning for anti-patterns","totalFiles":1,"sourceFiles":1}
{"timestamp":"2026-03-28T01:43:47.332Z","level":"INFO","service":"forgecraft","module":"analyzers/anti-pattern","message":"Anti-pattern scan complete","violations":0,"warnings":0}
{"timestamp":"2026-03-28T01:43:47.340Z","level":"INFO","service":"forgecraft","module":"analyzers/anti-pattern","message":"Scanning for anti-patterns","totalFiles":2,"sourceFiles":2}
{"timestamp":"2026-03-28T01:43:47.343Z","level":"INFO","service":"forgecraft","module":"analyzers/anti-pattern","message":"Anti-pattern scan complete","violations":0,"warnings":1}
{"timestamp":"2026-03-28T01:43:47.350Z","level":"INFO","service":"forgecraft","module":"analyzers/anti-pattern","message":"Scanning for anti-patterns","totalFiles":3,"sourceFiles":3}
{"timestamp":"2026-03-28T01:43:47.353Z","level":"INFO","service":"forgecraft","module":"analyzers/anti-pattern","message":"Anti-pattern scan complete","violations":0,"warnings":1}
{"timestamp":"2026-03-28T01:43:47.359Z","level":"INFO","service":"forgecraft","module":"analyzers/anti-pattern","message":"Scanning for anti-patterns","totalFiles":4,"sourceFiles":4}
{"timestamp":"2026-03-28T01:43:47.364Z","level":"INFO","service":"forgecraft","module":"analyzers/anti-pattern","message":"Anti-pattern scan complete","violations":0,"warnings":2}
{"timestamp":"2026-03-28T01:43:47.377Z","level":"INFO","service":"forgecraft","module":"analyzers/anti-pattern","message":"Scanning for anti-patterns","totalFiles":5,"sourceFiles":5}
{"timestamp":"2026-03-28T01:43:47.394Z","level":"INFO","service":"forgecraft","module":"registry/loader","message":"Templates loaded","tagCount":24,"tags":["ANALYTICS","API","CLI","DATA-LINEAGE","DATA-PIPELINE","FINTECH","GAME","HEALTHCARE","HIPAA","INFRA","LIBRARY","MEDALLION-ARCHITECTURE","ML","MOBILE","OBSERVABILITY-XRAY","REALTIME","SOC2","SOCIAL","STATE-MACHINE","UNIVERSAL","WEB-REACT","WEB-STATIC","WEB3","ZERO-TRUST"]}
{"timestamp":"2026-03-28T01:43:47.394Z","level":"INFO","service":"forgecraft","module":"registry/composer","message":"Templates composed","tags":["UNIVERSAL"],"tier":"recommended","instructionBlocks":37,"structureEntries":20,"nfrBlocks":4,"hooks":13,"skills":8,"reviewBlocks":5,"referenceBlocks":8,"playbooks":0,"verificationStrategies":1}
 [32mΓ£ô[39m tests/tools/forgecraft-router.test.ts[2m > [22mforgecraft router[2m > [22maction: review[2m > [22mshould throw when tags are missing[32m 1[2mms[22m[39m
 [32mΓ£ô[39m tests/tools/forgecraft-router.test.ts[2m > [22mforgecraft router[2m > [22mparameter validation[2m > [22mreads tags from forgecraft.yaml when audit is called without explicit tags[32m 33[2mms[22m[39m
 [32mΓ£ô[39m tests/tools/forgecraft-router.test.ts[2m > [22mforgecraft router[2m > [22mparameter validation[2m > [22mshould throw when scaffold is missing project_dir[32m 4[2mms[22m[39m
 [32mΓ£ô[39m tests/tools/forgecraft-router.test.ts[2m > [22mforgecraft router[2m > [22mparameter validation[2m > [22mshould throw when scaffold is missing tags[32m 3[2mms[22m[39m
 [32mΓ£ô[39m tests/tools/forgecraft-router.test.ts[2m > [22mforgecraft router[2m > [22mparameter validation[2m > [22mshould throw when audit is missing project_dir[32m 2[2mms[22m[39m
 [32mΓ£ô[39m tests/tools/forgecraft-router.test.ts[2m > [22mforgecraft router[2m > [22mparameter validation[2m > [22mshould throw when add_hook is missing name[32m 4[2mms[22m[39m
 [32mΓ£ô[39m tests/tools/forgecraft-router.test.ts[2m > [22mforgecraft router[2m > [22mparameter validation[2m > [22mshould throw when add_module is missing name[32m 3[2mms[22m[39m
 [32mΓ£ô[39m tests/tools/forgecraft-router.test.ts[2m > [22mforgecraft router[2m > [22mparameter validation[2m > [22mshould throw when convert is missing project_dir[32m 3[2mms[22m[39m
 [32mΓ£ô[39m tests/tools/forgecraft-router.test.ts[2m > [22mforgecraft router[2m > [22mparameter validation[2m > [22mshould throw when generate is missing tags[32m 3[2mms[22m[39m
 [32mΓ£ô[39m tests/tools/forgecraft-router.test.ts[2m > [22mforgecraft router[2m > [22mparameter validation[2m > [22mshould treat empty tags array as missing[32m 3[2mms[22m[39m
 [32mΓ£ô[39m tests/tools/forgecraft-router.test.ts[2m > [22mforgecraft router[2m > [22maction: generate[2m > [22mshould return instruction file content when project_dir is omitted[33m 1017[2mms[22m[39m
{"timestamp":"2026-03-28T01:43:47.432Z","level":"INFO","service":"forgecraft","module":"analyzers/anti-pattern","message":"Anti-pattern scan complete","violations":1,"warnings":1}
 [32mΓ£ô[39m tests/analyzers/anti-pattern.test.ts[2m > [22mscanAntiPatterns[2m > [22mreturn shape[2m > [22mreturns violations and warnings arrays for empty project[32m 11[2mms[22m[39m
 [32mΓ£ô[39m tests/analyzers/anti-pattern.test.ts[2m > [22mscanAntiPatterns[2m > [22mreturn shape[2m > [22mreturns empty arrays for a clean file[32m 9[2mms[22m[39m
 [32mΓ£ô[39m tests/analyzers/anti-pattern.test.ts[2m > [22mscanAntiPatterns[2m > [22mfile_length warning[2m > [22mwarns when file exceeds maxFileLength[32m 10[2mms[22m[39m
 [32mΓ£ô[39m tests/analyzers/anti-pattern.test.ts[2m > [22mscanAntiPatterns[2m > [22mfile_length warning[2m > [22mdoes not warn when file is under the limit[32m 10[2mms[22m[39m
 [32mΓ£ô[39m tests/analyzers/anti-pattern.test.ts[2m > [22mscanAntiPatterns[2m > [22mfile_length warning[2m > [22mrespects custom maxFileLength config[32m 11[2mms[22m[39m
 [32mΓ£ô[39m tests/analyzers/anti-pattern.test.ts[2m > [22mscanAntiPatterns[2m > [22mhardcoded_url violation[2m > [22mdetects localhost in non-config source files[32m 67[2mms[22m[39m
{"timestamp":"2026-03-28T01:43:47.473Z","level":"INFO","service":"forgecraft","module":"analyzers/anti-pattern","message":"Scanning for anti-patterns","totalFiles":6,"sourceFiles":5}
{"timestamp":"2026-03-28T01:43:47.483Z","level":"INFO","service":"forgecraft","module":"registry/loader","message":"Templates loaded","tagCount":24,"tags":["ANALYTICS","API","CLI","DATA-LINEAGE","DATA-PIPELINE","FINTECH","GAME","HEALTHCARE","HIPAA","INFRA","LIBRARY","MEDALLION-ARCHITECTURE","ML","MOBILE","OBSERVABILITY-XRAY","REALTIME","SOC2","SOCIAL","STATE-MACHINE","UNIVERSAL","WEB-REACT","WEB-STATIC","WEB3","ZERO-TRUST"]}
 [32mΓ£ô[39m tests/cli.test.ts[2m > [22mrunCli[2m > [22mreturns false when no args provided (MCP server mode)[32m 3[2mms[22m[39m
 [32mΓ£ô[39m tests/cli.test.ts[2m > [22mrunCli[2m > [22mreturns false for explicit serve command[32m 1[2mms[22m[39m
 [32mΓ£ô[39m tests/cli.test.ts[2m > [22mrunCli[2m > [22mreturns true and prints help for --help flag[32m 3[2mms[22m[39m
 [32mΓ£ô[39m tests/cli.test.ts[2m > [22mrunCli[2m > [22mreturns true and prints help for -h flag[32m 1[2mms[22m[39m
 [32mΓ£ô[39m tests/cli.test.ts[2m > [22mrunCli[2m > [22mexits on unknown command[32m 9[2mms[22m[39m
 [32mΓ£ô[39m tests/cli.test.ts[2m > [22mCLI: list[2m > [22mlists tags and returns true[32m 1[2mms[22m[39m
 [32mΓ£ô[39m tests/cli.test.ts[2m > [22mCLI: list[2m > [22mdefaults to tags when resource omitted[32m 1[2mms[22m[39m
 [32mΓ£ô[39m tests/cli.test.ts[2m > [22mCLI: list[2m > [22mlists hooks and returns true[33m 1305[2mms[22m[39m
{"timestamp":"2026-03-28T01:43:47.492Z","level":"INFO","service":"forgecraft","module":"registry/loader","message":"Templates loaded","tagCount":24,"tags":["ANALYTICS","API","CLI","DATA-LINEAGE","DATA-PIPELINE","FINTECH","GAME","HEALTHCARE","HIPAA","INFRA","LIBRARY","MEDALLION-ARCHITECTURE","ML","MOBILE","OBSERVABILITY-XRAY","REALTIME","SOC2","SOCIAL","STATE-MACHINE","UNIVERSAL","WEB-REACT","WEB-STATIC","WEB3","ZERO-TRUST"]}
{"timestamp":"2026-03-28T01:43:47.493Z","level":"INFO","service":"forgecraft","module":"registry/composer","message":"Templates composed","tags":["UNIVERSAL","API"],"tier":"recommended","instructionBlocks":42,"structureEntries":28,"nfrBlocks":5,"hooks":13,"skills":10,"reviewBlocks":9,"referenceBlocks":8,"playbooks":0,"verificationStrategies":2}
 [32mΓ£ô[39m tests/tools/get-playbook.test.ts[2m > [22mgetPlaybookHandler[2m > [22mno_playbook[2m > [22mreturns_helpful_message_for_tag_without_playbook[33m 699[2mms[22m[39m
{"timestamp":"2026-03-28T01:43:47.522Z","level":"INFO","service":"forgecraft","module":"analyzers/anti-pattern","message":"Anti-pattern scan complete","violations":1,"warnings":1}
{"timestamp":"2026-03-28T01:43:47.539Z","level":"INFO","service":"forgecraft","module":"analyzers/anti-pattern","message":"Scanning for anti-patterns","totalFiles":7,"sourceFiles":6}
{"timestamp":"2026-03-28T01:43:47.545Z","level":"INFO","service":"forgecraft","module":"analyzers/anti-pattern","message":"Anti-pattern scan complete","violations":1,"warnings":1}
 [32mΓ£ô[39m tests/analyzers/anti-pattern.test.ts[2m > [22mscanAntiPatterns[2m > [22mhardcoded_url violation[2m > [22mdoes not flag localhost in a test file[32m 89[2mms[22m[39m
 [32mΓ£ô[39m tests/analyzers/anti-pattern.test.ts[2m > [22mscanAntiPatterns[2m > [22mhardcoded_url violation[2m > [22mdoes not flag localhost in a commented line[32m 23[2mms[22m[39m
{"timestamp":"2026-03-28T01:43:47.574Z","level":"INFO","service":"forgecraft","module":"analyzers/anti-pattern","message":"Scanning for anti-patterns","totalFiles":8,"sourceFiles":7}
 [32mΓ£ô[39m tests/tools/close-cycle.test.ts[2m > [22mcloseCycle[2m > [22mclose_cycle skips roadmap suggestion when roadmap.md absent[33m 1293[2mms[22m[39m
{"timestamp":"2026-03-28T01:43:47.600Z","level":"INFO","service":"forgecraft","module":"registry/loader","message":"Templates loaded","tagCount":24,"tags":["ANALYTICS","API","CLI","DATA-LINEAGE","DATA-PIPELINE","FINTECH","GAME","HEALTHCARE","HIPAA","INFRA","LIBRARY","MEDALLION-ARCHITECTURE","ML","MOBILE","OBSERVABILITY-XRAY","REALTIME","SOC2","SOCIAL","STATE-MACHINE","UNIVERSAL","WEB-REACT","WEB-STATIC","WEB3","ZERO-TRUST"]}
{"timestamp":"2026-03-28T01:43:47.600Z","level":"INFO","service":"forgecraft","module":"registry/composer","message":"Templates composed","tags":["UNIVERSAL"],"tier":"recommended","instructionBlocks":37,"structureEntries":20,"nfrBlocks":4,"hooks":13,"skills":8,"reviewBlocks":5,"referenceBlocks":8,"playbooks":0,"verificationStrategies":1}
{"timestamp":"2026-03-28T01:43:47.619Z","level":"INFO","service":"forgecraft","module":"analyzers/language-detector","message":"No language indicators found, defaulting to typescript","projectDir":"C:\\Users\\JC\\AppData\\Local\\Temp\\forgecraft-refresh-test-1774662225429"}
{"timestamp":"2026-03-28T01:43:47.695Z","level":"INFO","service":"forgecraft","module":"analyzers/anti-pattern","message":"Anti-pattern scan complete","violations":2,"warnings":1}
 [32mΓ£ô[39m tests/analyzers/anti-pattern.test.ts[2m > [22mscanAntiPatterns[2m > [22mmock_in_source violation[2m > [22mdetects mock_data in production source[32m 150[2mms[22m[39m
{"timestamp":"2026-03-28T01:43:47.701Z","level":"INFO","service":"forgecraft","module":"analyzers/gs-scorer","message":"Layer violation scan complete","routeFilesScanned":1,"violations":2}
{"timestamp":"2026-03-28T01:43:47.711Z","level":"INFO","service":"forgecraft","module":"analyzers/gs-scorer","message":"Layer violation scan complete","routeFilesScanned":1,"violations":2}
{"timestamp":"2026-03-28T01:43:47.723Z","level":"INFO","service":"forgecraft","module":"analyzers/gs-scorer","message":"Layer violation scan complete","routeFilesScanned":0,"violations":0}
{"timestamp":"2026-03-28T01:43:47.728Z","level":"INFO","service":"forgecraft","module":"analyzers/gs-scorer","message":"Layer violation scan complete","routeFilesScanned":1,"violations":2}
{"timestamp":"2026-03-28T01:43:47.729Z","level":"INFO","service":"forgecraft","module":"registry/loader","message":"Templates loaded","tagCount":24,"tags":["ANALYTICS","API","CLI","DATA-LINEAGE","DATA-PIPELINE","FINTECH","GAME","HEALTHCARE","HIPAA","INFRA","LIBRARY","MEDALLION-ARCHITECTURE","ML","MOBILE","OBSERVABILITY-XRAY","REALTIME","SOC2","SOCIAL","STATE-MACHINE","UNIVERSAL","WEB-REACT","WEB-STATIC","WEB3","ZERO-TRUST"]}
{"timestamp":"2026-03-28T01:43:47.730Z","level":"INFO","service":"forgecraft","module":"registry/composer","message":"Templates composed","tags":["UNIVERSAL"],"tier":"recommended","instructionBlocks":37,"structureEntries":20,"nfrBlocks":4,"hooks":13,"skills":8,"reviewBlocks":5,"referenceBlocks":8,"playbooks":0,"verificationStrategies":1}
{"timestamp":"2026-03-28T01:43:47.744Z","level":"INFO","service":"forgecraft","module":"analyzers/anti-pattern","message":"Scanning for anti-patterns","totalFiles":9,"sourceFiles":8}
{"timestamp":"2026-03-28T01:43:47.744Z","level":"INFO","service":"forgecraft","module":"analyzers/gs-scorer","message":"Scoring GS properties","projectDir":"C:\\workspace\\claude\\forgecraft-mcp\\tests\\fixtures\\verify-clean-project"}
{"timestamp":"2026-03-28T01:43:47.755Z","level":"INFO","service":"forgecraft","module":"analyzers/gs-scorer","message":"Scoring GS properties","projectDir":"C:\\workspace\\claude\\forgecraft-mcp\\tests\\fixtures\\verify-clean-project"}
{"timestamp":"2026-03-28T01:43:47.761Z","level":"INFO","service":"forgecraft","module":"tools/verification-state","message":"Verification state saved","projectDir":"C:\\Users\\JC\\AppData\\Local\\Temp\\forgecraft-vstate-test-1774662226549","aggregate_s":0,"tags":["UNIVERSAL"]}
{"timestamp":"2026-03-28T01:43:47.778Z","level":"INFO","service":"forgecraft","module":"analyzers/gs-scorer","message":"Scoring GS properties","projectDir":"C:\\workspace\\claude\\forgecraft-mcp\\tests\\fixtures\\verify-clean-project"}
 [32mΓ£ô[39m tests/tools/verification-state.test.ts[2m > [22mrecordVerificationHandler[2m > [22mshows S_realized in Updated Progress section[33m 1244[2mms[22m[39m
 [32mΓ£ô[39m tests/tools/verification-state.test.ts[2m > [22mgetVerificationStatusHandler[2m > [22mreturns Not Initialized when no state file exists[32m 3[2mms[22m[39m
 [32mΓ£ô[39m tests/tools/verify.test.ts[2m > [22mfindDirectDbCallsInRoutes[2m > [22mdetects prisma.model.method() calls in route files[32m 11[2mms[22m[39m
 [32mΓ£ô[39m tests/tools/verify.test.ts[2m > [22mfindDirectDbCallsInRoutes[2m > [22mrecords file path, 1-based line number, and non-empty snippet[32m 7[2mms[22m[39m
 [32mΓ£ô[39m tests/tools/verify.test.ts[2m > [22mfindDirectDbCallsInRoutes[2m > [22mreturns zero violations in a project with no route files[32m 11[2mms[22m[39m
 [32mΓ£ô[39m tests/tools/verify.test.ts[2m > [22mfindDirectDbCallsInRoutes[2m > [22mdoes not flag prisma imports (import statements)[32m 4[2mms[22m[39m
 [32mΓ£ô[39m tests/tools/verify.test.ts[2m > [22mfindMissingTestFiles[2m > [22mfinds source modules without test counterparts[32m 5[2mms[22m[39m
 [32mΓ£ô[39m tests/tools/verify.test.ts[2m > [22mfindMissingTestFiles[2m > [22mdoes not flag files that have a test counterpart[32m 4[2mms[22m[39m
 [32mΓ£ô[39m tests/tools/verify.test.ts[2m > [22mfindMissingTestFiles[2m > [22mprovides an expectedTestFile hint for each missing file[32m 4[2mms[22m[39m
 [32mΓ£ô[39m tests/tools/verify.test.ts[2m > [22mscoreGsProperties[2m > [22mreturns exactly seven properties in canonical ┬º4.3 order[32m 11[2mms[22m[39m
 [32mΓ£ô[39m tests/tools/verify.test.ts[2m > [22mscoreGsProperties[2m > [22mscores Self-describing as 2 when CLAUDE.md has architecture/convention keywords[32m 7[2mms[22m[39m
 [32mΓ£ô[39m tests/tools/verify.test.ts[2m > [22mscoreGsProperties[2m > [22mscores Bounded as 2 when zero layer violations passed in[32m 37[2mms[22m[39m
{"timestamp":"2026-03-28T01:43:47.800Z","level":"INFO","service":"forgecraft","module":"analyzers/gs-scorer","message":"Scoring GS properties","projectDir":"C:\\workspace\\claude\\forgecraft-mcp\\tests\\fixtures\\verify-clean-project"}
 [32mΓ£ô[39m tests/tools/verification-state.test.ts[2m > [22mgetVerificationStatusHandler[2m > [22mreturns status after recording a step[33m 1252[2mms[22m[39m
{"timestamp":"2026-03-28T01:43:47.820Z","level":"INFO","service":"forgecraft","module":"analyzers/gs-scorer","message":"Scoring GS properties","projectDir":"C:\\workspace\\claude\\forgecraft-mcp\\tests\\fixtures\\verify-clean-project"}
{"timestamp":"2026-03-28T01:43:47.835Z","level":"INFO","service":"forgecraft","module":"registry/loader","message":"Templates loaded","tagCount":24,"tags":["ANALYTICS","API","CLI","DATA-LINEAGE","DATA-PIPELINE","FINTECH","GAME","HEALTHCARE","HIPAA","INFRA","LIBRARY","MEDALLION-ARCHITECTURE","ML","MOBILE","OBSERVABILITY-XRAY","REALTIME","SOC2","SOCIAL","STATE-MACHINE","UNIVERSAL","WEB-REACT","WEB-STATIC","WEB3","ZERO-TRUST"]}
{"timestamp":"2026-03-28T01:43:47.836Z","level":"INFO","service":"forgecraft","module":"registry/composer","message":"Templates composed","tags":["UNIVERSAL"],"tier":"recommended","instructionBlocks":37,"structureEntries":20,"nfrBlocks":4,"hooks":13,"skills":8,"reviewBlocks":5,"referenceBlocks":8,"playbooks":0,"verificationStrategies":1}
 [32mΓ£ô[39m tests/integration/tools.test.ts[2m > [22mintegration[2m > [22mreview_project tool[2m > [22mshould include per-issue output format guidance[33m 1351[2mms[22m[39m
 [32mΓ£ô[39m tests/tools/spec-parser.test.ts[2m > [22mparseSpec[2m > [22mstructured markdown spec[2m > [22mextracts project name from H1[32m 6[2mms[22m[39m
 [32mΓ£ô[39m tests/tools/spec-parser.test.ts[2m > [22mparseSpec[2m > [22mstructured markdown spec[2m > [22mextracts problem from ## Problem heading[32m 2[2mms[22m[39m
 [32mΓ£ô[39m tests/tools/spec-parser.test.ts[2m > [22mparseSpec[2m > [22mstructured markdown spec[2m > [22mextracts users as array from ## Users heading[32m 1[2mms[22m[39m
 [32mΓ£ô[39m tests/tools/spec-parser.test.ts[2m > [22mparseSpec[2m > [22mstructured markdown spec[2m > [22mextracts success criteria from ## Goals heading[32m 1[2mms[22m[39m
 [32mΓ£ô[39m tests/tools/spec-parser.test.ts[2m > [22mparseSpec[2m > [22mstructured markdown spec[2m > [22mextracts components from ## Components heading[32m 1[2mms[22m[39m
 [32mΓ£ô[39m tests/tools/spec-parser.test.ts[2m > [22mparseSpec[2m > [22mstructured markdown spec[2m > [22mextracts external systems from ## External Systems heading[32m 1[2mms[22m[39m
 [32mΓ£ô[39m tests/tools/spec-parser.test.ts[2m > [22mparseSpec[2m > [22mstructured markdown spec[2m > [22minfers FINTECH tag from payment keywords[32m 2[2mms[22m[39m
 [32mΓ£ô[39m tests/tools/spec-parser.test.ts[2m > [22mparseSpec[2m > [22mstructured markdown spec[2m > [22minfers LIBRARY tag from SDK keyword[32m 1[2mms[22m[39m
 [32mΓ£ô[39m tests/tools/spec-parser.test.ts[2m > [22mparseSpec[2m > [22mstructured markdown spec[2m > [22malways includes UNIVERSAL tag[32m 1[2mms[22m[39m
 [32mΓ£ô[39m tests/tools/spec-parser.test.ts[2m > [22mparseSpec[2m > [22mfreeform prose spec (keyword fallback)[2m > [22mfalls back to keyword extraction for problem[32m 4[2mms[22m[39m
 [32mΓ£ô[39m tests/tools/spec-parser.test.ts[2m > [22mparseSpec[2m > [22mfreeform prose spec (keyword fallback)[2m > [22mextracts user sentences via keyword fallback[32m 2[2mms[22m[39m
 [32mΓ£ô[39m tests/tools/spec-parser.test.ts[2m > [22mparseSpec[2m > [22mfreeform prose spec (keyword fallback)[2m > [22mextracts success criteria sentences via keyword fallback[32m 1[2mms[22m[39m
 [32mΓ£ô[39m tests/tools/spec-parser.test.ts[2m > [22mparseSpec[2m > [22mfreeform prose spec (keyword fallback)[2m > [22mdoes NOT infer WEB3 tag from prose blockchain/DeFi/wallet mentions[32m 1[2mms[22m[39m
 [32mΓ£ô[39m tests/tools/spec-parser.test.ts[2m > [22mparseSpec[2m > [22mOpenAPI-style spec[2m > [22minfers API tag from REST/endpoint/HTTP keywords[32m 1[2mms[22m[39m
 [32mΓ£ô[39m tests/tools/spec-parser.test.ts[2m > [22mparseSpec[2m > [22mOpenAPI-style spec[2m > [22mextracts name from H1[32m 0[2mms[22m[39m
 [32mΓ£ô[39m tests/tools/spec-parser.test.ts[2m > [22mparseSpec[2m > [22mWEB3 tag requires code-level signals, not prose[2m > [22mdoes NOT infer WEB3 from 'smart contract' as a concept in prose[32m 1[2mms[22m[39m
 [32mΓ£ô[39m tests/tools/spec-parser.test.ts[2m > [22mparseSpec[2m > [22mWEB3 tag requires code-level signals, not prose[2m > [22mdoes NOT infer WEB3 from crypto/wallet/blockchain as narrative prose[32m 0[2mms[22m[39m
 [32mΓ£ô[39m tests/tools/spec-parser.test.ts[2m > [22mparseSpec[2m > [22mWEB3 tag requires code-level signals, not prose[2m > [22minfers WEB3 from Solidity pragma (code-level signal)[32m 0[2mms[22m[39m
 [32mΓ£ô[39m tests/tools/spec-parser.test.ts[2m > [22mparseSpec[2m > [22mWEB3 tag requires code-level signals, not prose[2m > [22minfers WEB3 from ethers dependency reference (code-level signal)[32m 1[2mms[22m[39m
 [32mΓ£ô[39m tests/tools/spec-parser.test.ts[2m > [22mparseSpec[2m > [22mempty string input[2m > [22mreturns default SpecSummary with empty fields[32m 4[2mms[22m[39m
 [32mΓ£ô[39m tests/tools/spec-parser.test.ts[2m > [22mparseSpec[2m > [22mempty string input[2m > [22mstill includes UNIVERSAL tag[32m 0[2mms[22m[39m
 [32mΓ£ô[39m tests/tools/spec-parser.test.ts[2m > [22mparseSpec[2m > [22mempty string input[2m > [22muses hintName when provided with empty text[32m 0[2mms[22m[39m
 [32mΓ£ô[39m tests/tools/spec-parser.test.ts[2m > [22mparseSpec[2m > [22mhintName fallback[2m > [22muses hintName when no H1 present[32m 0[2mms[22m[39m
 [32mΓ£ô[39m tests/tools/spec-parser.test.ts[2m > [22mparseSpec[2m > [22mhintName fallback[2m > [22mprefers H1 over hintName[32m 0[2mms[22m[39m
 [32mΓ£ô[39m tests/tools/spec-parser.test.ts[2m > [22mparseSpec[2m > [22mambiguity detection ΓÇö deployment target[2m > [22mdetects deployment_target ambiguity when spec mentions 'system' without deployment tags[32m 1[2mms[22m[39m
 [32mΓ£ô[39m tests/tools/spec-parser.test.ts[2m > [22mparseSpec[2m > [22mambiguity detection ΓÇö deployment target[2m > [22mdeployment_target ambiguity has CLI, API, and LIBRARY interpretations[32m 2[2mms[22m[39m
 [32mΓ£ô[39m tests/tools/spec-parser.test.ts[2m > [22mparseSpec[2m > [22mambiguity detection ΓÇö deployment target[2m > [22mdoes NOT report deployment_target ambiguity when CLI tag is inferred from code signals[32m 0[2mms[22m[39m
 [32mΓ£ô[39m tests/tools/spec-parser.test.ts[2m > [22mparseSpec[2m > [22mambiguity detection ΓÇö deployment target[2m > [22mdoes NOT report deployment_target ambiguity when API tag is inferred[32m 0[2mms[22m[39m
 [32mΓ£ô[39m tests/tools/spec-parser.test.ts[2m > [22mparseSpec[2m > [22mambiguity detection ΓÇö deployment target[2m > [22mreturns empty ambiguities for a spec with clear deployment signals[32m 0[2mms[22m[39m
 [32mΓ£ô[39m tests/tools/spec-parser.test.ts[2m > [22minferTagsFromDirectory[2m > [22malways includes UNIVERSAL[32m 11[2mms[22m[39m
{"timestamp":"2026-03-28T01:43:47.860Z","level":"INFO","service":"forgecraft","module":"analyzers/gs-scorer","message":"Scoring GS properties","projectDir":"C:\\workspace\\claude\\forgecraft-mcp\\tests\\fixtures\\verify-clean-project"}
{"timestamp":"2026-03-28T01:43:47.863Z","level":"INFO","service":"forgecraft","module":"analyzers/anti-pattern","message":"Anti-pattern scan complete","violations":3,"warnings":1}
 [32mΓ£ô[39m tests/analyzers/anti-pattern.test.ts[2m > [22mscanAntiPatterns[2m > [22mmock_in_source violation[2m > [22mdetects fake_data in production source[32m 166[2mms[22m[39m
{"timestamp":"2026-03-28T01:43:47.875Z","level":"INFO","service":"forgecraft","module":"analyzers/anti-pattern","message":"Scanning for anti-patterns","totalFiles":10,"sourceFiles":8}
{"timestamp":"2026-03-28T01:43:47.875Z","level":"INFO","service":"forgecraft","module":"analyzers/gs-scorer","message":"Scoring GS properties","projectDir":"C:\\workspace\\claude\\forgecraft-mcp\\tests\\fixtures\\verify-clean-project"}
{"timestamp":"2026-03-28T01:43:47.888Z","level":"INFO","service":"forgecraft","module":"analyzers/gs-scorer","message":"Scoring GS properties","projectDir":"C:\\workspace\\claude\\forgecraft-mcp\\tests\\fixtures\\verify-clean-project"}
{"timestamp":"2026-03-28T01:43:47.901Z","level":"INFO","service":"forgecraft","module":"analyzers/gs-scorer","message":"Scoring GS properties","projectDir":"C:\\workspace\\claude\\forgecraft-mcp\\tests\\fixtures\\verify-clean-project"}
 [32mΓ£ô[39m tests/tools/verify.test.ts[2m > [22mscoreGsProperties[2m > [22mscores Bounded as 0 when 3+ layer violations passed in[32m 21[2mms[22m[39m
 [32mΓ£ô[39m tests/tools/verify.test.ts[2m > [22mscoreGsProperties[2m > [22mscores Auditable as 2 when ADRs + Status.md are present[32m 40[2mms[22m[39m
 [32mΓ£ô[39m tests/tools/verify.test.ts[2m > [22mscoreGsProperties[2m > [22mscores Composable as 2 when services/ and repositories/ both exist[32m 12[2mms[22m[39m
 [32mΓ£ô[39m tests/tools/verify.test.ts[2m > [22mscoreGsProperties[2m > [22mscores Verifiable as 1 when tests exist but some modules are missing tests[32m 16[2mms[22m[39m
 [32mΓ£ô[39m tests/tools/verify.test.ts[2m > [22mscoreGsProperties[2m > [22meach score is 0, 1, or 2[32m 11[2mms[22m[39m
 [32mΓ£ô[39m tests/tools/verify.test.ts[2m > [22mscoreGsProperties[2m > [22meach property has at least one evidence string[32m 22[2mms[22m[39m
{"timestamp":"2026-03-28T01:43:47.949Z","level":"INFO","service":"forgecraft","module":"analyzers/anti-pattern","message":"Anti-pattern scan complete","violations":3,"warnings":1}
{"timestamp":"2026-03-28T01:43:47.957Z","level":"INFO","service":"forgecraft","module":"analyzers/anti-pattern","message":"Scanning for anti-patterns","totalFiles":11,"sourceFiles":8}
{"timestamp":"2026-03-28T01:43:47.967Z","level":"INFO","service":"forgecraft","module":"analyzers/anti-pattern","message":"Anti-pattern scan complete","violations":3,"warnings":1}
 [32mΓ£ô[39m tests/tools/spec-parser.test.ts[2m > [22minferTagsFromDirectory[2m > [22minfers CLI tag from package.json bin field[32m 73[2mms[22m[39m
 [32mΓ£ô[39m tests/tools/spec-parser.test.ts[2m > [22minferTagsFromDirectory[2m > [22minfers CLI tag from commander dependency[32m 35[2mms[22m[39m
 [32mΓ£ô[39m tests/tools/spec-parser.test.ts[2m > [22minferTagsFromDirectory[2m > [22minfers API tag from express dependency[32m 37[2mms[22m[39m
 [32mΓ£ô[39m tests/analyzers/anti-pattern.test.ts[2m > [22mscanAntiPatterns[2m > [22mmock_in_source violation[2m > [22mdoes not flag mock in test file path[32m 85[2mms[22m[39m
 [32mΓ£ô[39m tests/analyzers/anti-pattern.test.ts[2m > [22mscanAntiPatterns[2m > [22mmock_in_source violation[2m > [22mdoes not flag mock in tests/ file without mock keyword in name (Windows path)[32m 18[2mms[22m[39m
{"timestamp":"2026-03-28T01:43:47.974Z","level":"INFO","service":"forgecraft","module":"analyzers/anti-pattern","message":"Scanning for anti-patterns","totalFiles":12,"sourceFiles":9}
{"timestamp":"2026-03-28T01:43:47.995Z","level":"INFO","service":"forgecraft","module":"registry/loader","message":"Templates loaded","tagCount":24,"tags":["ANALYTICS","API","CLI","DATA-LINEAGE","DATA-PIPELINE","FINTECH","GAME","HEALTHCARE","HIPAA","INFRA","LIBRARY","MEDALLION-ARCHITECTURE","ML","MOBILE","OBSERVABILITY-XRAY","REALTIME","SOC2","SOCIAL","STATE-MACHINE","UNIVERSAL","WEB-REACT","WEB-STATIC","WEB3","ZERO-TRUST"]}
{"timestamp":"2026-03-28T01:43:47.996Z","level":"INFO","service":"forgecraft","module":"registry/composer","message":"Templates composed","tags":["UNIVERSAL"],"tier":"recommended","instructionBlocks":37,"structureEntries":20,"nfrBlocks":4,"hooks":13,"skills":8,"reviewBlocks":5,"referenceBlocks":8,"playbooks":0,"verificationStrategies":1}
{"timestamp":"2026-03-28T01:43:47.998Z","level":"INFO","service":"forgecraft","module":"analyzers/language-detector","message":"No language indicators found, defaulting to typescript","projectDir":"C:\\Users\\JC\\AppData\\Local\\Temp\\forgecraft-gen-test-1774662227315"}
{"timestamp":"2026-03-28T01:43:48.035Z","level":"INFO","service":"forgecraft","module":"analyzers/anti-pattern","message":"Anti-pattern scan complete","violations":3,"warnings":2}
{"timestamp":"2026-03-28T01:43:48.053Z","level":"INFO","service":"forgecraft","module":"analyzers/anti-pattern","message":"Scanning for anti-patterns","totalFiles":13,"sourceFiles":10}
 [32mΓ£ô[39m tests/tools/spec-parser.test.ts[2m > [22minferTagsFromDirectory[2m > [22minfers API tag from src/routes directory[32m 67[2mms[22m[39m
 [32mΓ£ô[39m tests/tools/spec-parser.test.ts[2m > [22minferTagsFromDirectory[2m > [22minfers CLI tag from bin/ directory[32m 37[2mms[22m[39m
 [32mΓ£ô[39m tests/tools/spec-parser.test.ts[2m > [22minferTagsFromDirectory[2m > [22mreturns empty ambiguities for an unambiguous CLI project[32m 10[2mms[22m[39m
{"timestamp":"2026-03-28T01:43:48.123Z","level":"INFO","service":"forgecraft","module":"analyzers/gs-scorer","message":"Layer violation scan complete","routeFilesScanned":0,"violations":0}
{"timestamp":"2026-03-28T01:43:48.125Z","level":"INFO","service":"forgecraft","module":"analyzers/gs-scorer","message":"Scoring GS properties","projectDir":"C:\\workspace\\claude\\forgecraft-mcp\\tests\\fixtures\\verify-clean-project"}
 [32mΓ£ô[39m tests/tools/verify.test.ts[2m > [22mverifyHandler[2m > [22mreturns structured Markdown report with all required sections[32m 210[2mms[22m[39m
 [32mΓ£ô[39m tests/tools/scaffold.test.ts[2m > [22mscaffoldProjectHandler[2m > [22mactual scaffolding[2m > [22mcreates CLAUDE.md in project_dir[33m 3061[2mms[22m[39m
{"timestamp":"2026-03-28T01:43:48.216Z","level":"INFO","service":"forgecraft","module":"analyzers/anti-pattern","message":"Anti-pattern scan complete","violations":3,"warnings":2}
 [32mΓ£ô[39m tests/analyzers/anti-pattern.test.ts[2m > [22mscanAntiPatterns[2m > [22mbare_exception warning[2m > [22mwarns on bare catch() in TypeScript file[32m 67[2mms[22m[39m
 [32mΓ£ô[39m tests/analyzers/anti-pattern.test.ts[2m > [22mscanAntiPatterns[2m > [22mbare_exception warning[2m > [22mdoes not warn on catch with parameter[32m 181[2mms[22m[39m
 [32mΓ£ô[39m tests/tools/spec-parser.test.ts[2m > [22minferTagsFromDirectory[2m > [22mambiguity detection ΓÇö pure markdown project[2m > [22minfers DOCS tag when no build system and markdown files present[32m 42[2mms[22m[39m
 [32mΓ£ô[39m tests/tools/spec-parser.test.ts[2m > [22minferTagsFromDirectory[2m > [22mambiguity detection ΓÇö pure markdown project[2m > [22mreports project_type ambiguity for pure markdown project[32m 9[2mms[22m[39m
 [32mΓ£ô[39m tests/tools/spec-parser.test.ts[2m > [22minferTagsFromDirectory[2m > [22mambiguity detection ΓÇö pure markdown project[2m > [22mambiguity interpretations include DOCS and early-stage software options[32m 10[2mms[22m[39m
 [32mΓ£ô[39m tests/tools/spec-parser.test.ts[2m > [22minferTagsFromDirectory[2m > [22mambiguity detection ΓÇö pure markdown project[2m > [22mdoes NOT add DOCS ambiguity when package.json is present[32m 65[2mms[22m[39m
{"timestamp":"2026-03-28T01:43:48.257Z","level":"INFO","service":"forgecraft","module":"analyzers/gs-scorer","message":"Layer violation scan complete","routeFilesScanned":0,"violations":0}
{"timestamp":"2026-03-28T01:43:48.260Z","level":"INFO","service":"forgecraft","module":"analyzers/gs-scorer","message":"Scoring GS properties","projectDir":"C:\\workspace\\claude\\forgecraft-mcp\\tests\\fixtures\\verify-clean-project"}
 [32mΓ£ô[39m tests/tools/verify.test.ts[2m > [22mverifyHandler[2m > [22mreports PASS when test command exits 0[32m 134[2mms[22m[39m
{"timestamp":"2026-03-28T01:43:48.277Z","level":"INFO","service":"forgecraft","module":"analyzers/anti-pattern","message":"Scanning for anti-patterns","totalFiles":14,"sourceFiles":11}
{"timestamp":"2026-03-28T01:43:48.284Z","level":"INFO","service":"forgecraft","module":"analyzers/project-context","message":"Project context detected","projectDir":"C:\\Users\\JC\\AppData\\Local\\Temp\\forgecraft-refresh-test-1774662225429","repoUrl":"not found","framework":"not detected","hasDomain":false,"sensitiveData":"NO"}
 [32mΓ£ô[39m tests/tools/refresh-project.test.ts[2m > [22mrefreshProjectHandler[2m > [22mapply=false (drift report)[2m > [22mresponse text mentions add_tags override[33m 2260[2mms[22m[39m
 [32mΓ£ô[39m tests/tools/spec-parser.test.ts[2m > [22minferTagsFromDirectory[2m > [22mambiguity detection ΓÇö CLI vs LIBRARY[2m > [22mreports primary_tag ambiguity when CLI framework dep and main field coexist[32m 101[2mms[22m[39m
 [32mΓ£ô[39m tests/tools/spec-parser.test.ts[2m > [22minferTagsFromDirectory[2m > [22mambiguity detection ΓÇö CLI vs LIBRARY[2m > [22mCLI vs LIBRARY ambiguity has three interpretations (CLI, LIBRARY, CLI+LIBRARY)[32m 10[2mms[22m[39m
 [32mΓ£ô[39m tests/tools/spec-parser.test.ts[2m > [22minferTagsFromDirectory[2m > [22minfers DATABASE tag when prisma in deps[32m 29[2mms[22m[39m
 [32mΓ£ô[39m tests/tools/spec-parser.test.ts[2m > [22minferTagsFromDirectory[2m > [22minfers DATABASE tag when pg in deps[32m 13[2mms[22m[39m
 [32mΓ£ô[39m tests/tools/spec-parser.test.ts[2m > [22minferTagsFromDirectory[2m > [22minfers AUTH tag when next-auth in deps[32m 9[2mms[22m[39m
 [32mΓ£ô[39m tests/tools/spec-parser.test.ts[2m > [22minferTagsFromDirectory[2m > [22minfers AUTH tag when clerk in deps[32m 10[2mms[22m[39m
{"timestamp":"2026-03-28T01:43:48.381Z","level":"INFO","service":"forgecraft","module":"tools/refresh-project","message":"Refresh project starting","projectDir":"C:\\Users\\JC\\AppData\\Local\\Temp\\forgecraft-refresh-test-1774662228359","apply":true}
{"timestamp":"2026-03-28T01:43:48.385Z","level":"INFO","service":"forgecraft","module":"analyzers/anti-pattern","message":"Anti-pattern scan complete","violations":4,"warnings":2}
 [32mΓ£ô[39m tests/analyzers/anti-pattern.test.ts[2m > [22mscanAntiPatterns[2m > [22mhardcoded_credential violation[2m > [22mdetects hardcoded password in source[32m 169[2mms[22m[39m
{"timestamp":"2026-03-28T01:43:48.388Z","level":"INFO","service":"forgecraft","module":"tools/scaffold","message":"Scaffolding project","tags":["UNIVERSAL","API"],"projectDir":"C:\\Users\\JC\\AppData\\Local\\Temp\\forgecraft-scaffold-test-1774662228384","dryRun":false,"force":false}
{"timestamp":"2026-03-28T01:43:48.420Z","level":"INFO","service":"forgecraft","module":"analyzers/anti-pattern","message":"Scanning for anti-patterns","totalFiles":15,"sourceFiles":12}
 [32mΓ£ô[39m tests/tools/start-hardening.test.ts[2m > [22mstartHardening[2m > [22mreturns blocked when docs/roadmap.md does not exist[32m 8[2mms[22m[39m
 [32mΓ£ô[39m tests/tools/start-hardening.test.ts[2m > [22mstartHardening[2m > [22mreturns blocked when roadmap has pending items[32m 12[2mms[22m[39m
 [32mΓ£ô[39m tests/tools/spec-parser.test.ts[2m > [22minferTagsFromDirectory[2m > [22mdoes NOT infer LIBRARY when only src/lib/ exists (no main/exports)[32m 27[2mms[22m[39m
 [32mΓ£ô[39m tests/tools/spec-parser.test.ts[2m > [22minferTagsFromDirectory[2m > [22minfers LIBRARY when package.json has main field (and no bin)[32m 10[2mms[22m[39m
 [32mΓ£ô[39m tests/tools/spec-parser.test.ts[2m > [22minferTagsFromDirectory[2m > [22minfers LIBRARY when package.json has exports field (and no bin)[32m 36[2mms[22m[39m
{"timestamp":"2026-03-28T01:43:48.509Z","level":"INFO","service":"forgecraft","module":"registry/loader","message":"Templates loaded","tagCount":24,"tags":["ANALYTICS","API","CLI","DATA-LINEAGE","DATA-PIPELINE","FINTECH","GAME","HEALTHCARE","HIPAA","INFRA","LIBRARY","MEDALLION-ARCHITECTURE","ML","MOBILE","OBSERVABILITY-XRAY","REALTIME","SOC2","SOCIAL","STATE-MACHINE","UNIVERSAL","WEB-REACT","WEB-STATIC","WEB3","ZERO-TRUST"]}
{"timestamp":"2026-03-28T01:43:48.509Z","level":"INFO","service":"forgecraft","module":"registry/mcp-discovery","message":"Loaded local MCP server recommendations","count":4,"tags":["GAME"]}
{"timestamp":"2026-03-28T01:43:48.539Z","level":"INFO","service":"forgecraft","module":"tools/registry-refresh","message":"Registry sync complete","added":13,"updated":0,"retired":0}
{"timestamp":"2026-03-28T01:43:48.540Z","level":"INFO","service":"forgecraft","module":"analyzers/package-json","message":"Project analysis complete","projectDir":"C:\\Users\\JC\\AppData\\Local\\Temp\\forgecraft-refresh-test-1774662228359","detections":0,"tags":[]}
{"timestamp":"2026-03-28T01:43:48.543Z","level":"INFO","service":"forgecraft","module":"analyzers/completeness","message":"Completeness check done","passing":0,"failing":7}
{"timestamp":"2026-03-28T01:43:48.546Z","level":"INFO","service":"forgecraft","module":"registry/loader","message":"Templates loaded","tagCount":24,"tags":["ANALYTICS","API","CLI","DATA-LINEAGE","DATA-PIPELINE","FINTECH","GAME","HEALTHCARE","HIPAA","INFRA","LIBRARY","MEDALLION-ARCHITECTURE","ML","MOBILE","OBSERVABILITY-XRAY","REALTIME","SOC2","SOCIAL","STATE-MACHINE","UNIVERSAL","WEB-REACT","WEB-STATIC","WEB3","ZERO-TRUST"]}
{"timestamp":"2026-03-28T01:43:48.547Z","level":"INFO","service":"forgecraft","module":"registry/loader","message":"Templates loaded","tagCount":24,"tags":["ANALYTICS","API","CLI","DATA-LINEAGE","DATA-PIPELINE","FINTECH","GAME","HEALTHCARE","HIPAA","INFRA","LIBRARY","MEDALLION-ARCHITECTURE","ML","MOBILE","OBSERVABILITY-XRAY","REALTIME","SOC2","SOCIAL","STATE-MACHINE","UNIVERSAL","WEB-REACT","WEB-STATIC","WEB3","ZERO-TRUST"]}
{"timestamp":"2026-03-28T01:43:48.547Z","level":"INFO","service":"forgecraft","module":"registry/composer","message":"Templates composed","tags":["UNIVERSAL","FINTECH"],"tier":"recommended","instructionBlocks":41,"structureEntries":20,"nfrBlocks":6,"hooks":14,"skills":9,"reviewBlocks":5,"referenceBlocks":8,"playbooks":1,"verificationStrategies":2}
 [32mΓ£ô[39m tests/tools/get-playbook.test.ts[2m > [22mplaybook_router_integration[2m > [22mget_reference_playbook_dispatches_correctly[33m 1053[2mms[22m[39m
 [32mΓ£ô[39m tests/cli.test.ts[2m > [22mCLI: list[2m > [22mlists skills and returns true[33m 1062[2mms[22m[39m
{"timestamp":"2026-03-28T01:43:48.558Z","level":"INFO","service":"forgecraft","module":"analyzers/anti-pattern","message":"Anti-pattern scan complete","violations":4,"warnings":2}
 [32mΓ£ô[39m tests/analyzers/anti-pattern.test.ts[2m > [22mscanAntiPatterns[2m > [22mhardcoded_credential violation[2m > [22mdoes not flag password in a comment[32m 172[2mms[22m[39m
 [32mΓ£ô[39m tests/tools/spec-parser.test.ts[2m > [22minferTagsFromDirectory[2m > [22mdoes NOT infer LIBRARY when main is set but bin is also set[32m 83[2mms[22m[39m
 [32mΓ£ô[39m tests/tools/spec-parser.test.ts[2m > [22minferTagsFromDirectory[2m > [22minfers CLI and API tags from @modelcontextprotocol/sdk dependency[32m 47[2mms[22m[39m
 [32mΓ£ô[39m tests/tools/spec-parser.test.ts[2m > [22minferTagsFromDirectory[2m > [22msubdirectory package detection[2m > [22minfers API tag from backend/package.json with express dependency[32m 24[2mms[22m[39m
 [32mΓ£ô[39m tests/tools/spec-parser.test.ts[2m > [22minferTagsFromDirectory[2m > [22msubdirectory package detection[2m > [22minfers WEB-REACT tag from frontend/package.json with react dependency[32m 11[2mms[22m[39m
{"timestamp":"2026-03-28T01:43:48.583Z","level":"INFO","service":"forgecraft","module":"analyzers/anti-pattern","message":"Scanning for anti-patterns","totalFiles":16,"sourceFiles":13}
 [32mΓ£ô[39m tests/tools/start-hardening.test.ts[2m > [22mstartHardening[2m > [22mallows hardening when Phase 1 is complete and Phase 2 is pending (future phase)[32m 131[2mms[22m[39m
 [32mΓ£ô[39m tests/tools/start-hardening.test.ts[2m > [22mstartHardening[2m > [22mblocks hardening when current phase has mixed done and pending items[32m 14[2mms[22m[39m
{"timestamp":"2026-03-28T01:43:48.589Z","level":"INFO","service":"forgecraft","module":"analyzers/completeness","message":"Completeness check done","passing":0,"failing":7}
{"timestamp":"2026-03-28T01:43:48.590Z","level":"INFO","service":"forgecraft","module":"analyzers/anti-pattern","message":"Scanning for anti-patterns","totalFiles":1,"sourceFiles":0}
{"timestamp":"2026-03-28T01:43:48.590Z","level":"INFO","service":"forgecraft","module":"analyzers/anti-pattern","message":"Anti-pattern scan complete","violations":0,"warnings":0}
 [32mΓ£ô[39m tests/tools/spec-parser.test.ts[2m > [22minferTagsFromDirectory[2m > [22msubdirectory package detection[2m > [22minfers API tag from api/requirements.txt with fastapi[32m 11[2mms[22m[39m
 [32mΓ£ô[39m tests/cli.test.ts[2m > [22mCLI: audit tag fallback from forgecraft.yaml[2m > [22mreads tags from forgecraft.yaml when --tags not provided[32m 44[2mms[22m[39m
 [32mΓ£ô[39m tests/cli.test.ts[2m > [22mCLI: audit tag fallback from forgecraft.yaml[2m > [22mexits with error when --tags missing and no forgecraft.yaml[32m 4[2mms[22m[39m
 [32mΓ£ô[39m tests/cli.test.ts[2m > [22msentinelHandler[2m > [22mrecommends setup for unconfigured project[32m 3[2mms[22m[39m
 [32mΓ£ô[39m tests/cli.test.ts[2m > [22msentinelHandler[2m > [22mrecommends scaffold when forgecraft.yaml exists but no hooks[32m 7[2mms[22m[39m
 [32mΓ£ô[39m tests/cli.test.ts[2m > [22msentinelHandler[2m > [22mrecommends refresh when fully configured[32m 15[2mms[22m[39m
 [32mΓ£ô[39m tests/cli.test.ts[2m > [22msentinelHandler[2m > [22malways includes setup-time tool reminder[32m 2[2mms[22m[39m
 [32mΓ£ô[39m tests/cli.test.ts[2m > [22mdetectAiAssistant[2m > [22mreturns a boolean detected field and nullable name for any project dir[32m 3[2mms[22m[39m
 [32mΓ£ô[39m tests/cli.test.ts[2m > [22mdetectAiAssistant[2m > [22mdetects VS Code Copilot via .vscode/mcp.json[32m 8[2mms[22m[39m
{"timestamp":"2026-03-28T01:43:48.704Z","level":"INFO","service":"forgecraft","module":"tools/setup-project","message":"setup_project","phase":1,"projectDir":"C:\\Users\\JC\\AppData\\Local\\Temp\\fc-setup-cli-1774662228700"}
 [32mΓ£ô[39m tests/cli.test.ts[2m > [22mdetectAiAssistant[2m > [22mdetects Claude via CLAUDE.md[32m 47[2mms[22m[39m
 [32mΓ£ô[39m tests/cli.test.ts[2m > [22mdetectAiAssistant[2m > [22mdetects Cursor via .cursor/mcp.json[32m 9[2mms[22m[39m
 [32mΓ£ô[39m tests/cli.test.ts[2m > [22mdetectAiAssistant[2m > [22mbuildNoAssistantWarning includes setup instructions[32m 2[2mms[22m[39m
 [32mΓ£ô[39m tests/cli.test.ts[2m > [22mCLI: setup defaults to Phase 1[2m > [22msetup without phase-2 flags returns Phase 1 analysis (not artifacts)[32m 16[2mms[22m[39m
 [32mΓ£ô[39m tests/tools/start-hardening.test.ts[2m > [22mstartHardening[2m > [22mgenerates 3 phases when roadmap is complete and no project gates exist[32m 127[2mms[22m[39m
 [32mΓ£ô[39m tests/tools/start-hardening.test.ts[2m > [22mstartHardening[2m > [22mskips HARDEN-003 when skip_load_test is true and no load gates[32m 26[2mms[22m[39m
{"timestamp":"2026-03-28T01:43:48.751Z","level":"INFO","service":"forgecraft","module":"analyzers/anti-pattern","message":"Anti-pattern scan complete","violations":4,"warnings":2}
 [32mΓ£ô[39m tests/analyzers/anti-pattern.test.ts[2m > [22mscanAntiPatterns[2m > [22mhardcoded_credential violation[2m > [22mdoes not flag password in an env variable read[32m 193[2mms[22m[39m
{"timestamp":"2026-03-28T01:43:48.775Z","level":"INFO","service":"forgecraft","module":"analyzers/project-context","message":"Project context detected","projectDir":"C:\\Users\\JC\\AppData\\Local\\Temp\\forgecraft-gen-test-1774662227315","repoUrl":"not found","framework":"not detected","hasDomain":false,"sensitiveData":"NO"}
 [32mΓ£ô[39m tests/tools/spec-parser.test.ts[2m > [22minferTagsFromDirectory[2m > [22msubdirectory package detection[2m > [22mmerges tags from multiple subdirectories (frontend + backend)[32m 100[2mms[22m[39m
 [32mΓ£ô[39m tests/tools/spec-parser.test.ts[2m > [22minferTagsFromDirectory[2m > [22mPython framework detection[2m > [22minfers API tag from fastapi in requirements.txt[32m 92[2mms[22m[39m
 [32mΓ£ô[39m tests/tools/generate-claude-md.test.ts[2m > [22mgenerateInstructionsHandler[2m > [22mfile writing with project_dir[2m > [22mmerges custom section when merge_with_existing=true[33m 1121[2mms[22m[39m
{"timestamp":"2026-03-28T01:43:48.817Z","level":"INFO","service":"forgecraft","module":"analyzers/anti-pattern","message":"Scanning for anti-patterns","totalFiles":17,"sourceFiles":13}
 [32mΓ£ô[39m tests/tools/generate-claude-md.test.ts[2m > [22mgenerateInstructionsHandler[2m > [22mfile writing with project_dir[2m > [22mmulti-target writes both CLAUDE.md and copilot file[33m 1482[2mms[22m[39m
{"timestamp":"2026-03-28T01:43:48.860Z","level":"INFO","service":"forgecraft","module":"analyzers/gs-scorer","message":"Layer violation scan complete","routeFilesScanned":0,"violations":0}
{"timestamp":"2026-03-28T01:43:48.863Z","level":"INFO","service":"forgecraft","module":"analyzers/gs-scorer","message":"Scoring GS properties","projectDir":"C:\\workspace\\claude\\forgecraft-mcp\\tests\\fixtures\\verify-clean-project"}
 [32mΓ£ô[39m tests/tools/verify.test.ts[2m > [22mverifyHandler[2m > [22mreports FAIL when test command exits non-zero[33m 603[2mms[22m[39m
{"timestamp":"2026-03-28T01:43:48.872Z","level":"INFO","service":"forgecraft","module":"registry/loader","message":"Templates loaded","tagCount":24,"tags":["ANALYTICS","API","CLI","DATA-LINEAGE","DATA-PIPELINE","FINTECH","GAME","HEALTHCARE","HIPAA","INFRA","LIBRARY","MEDALLION-ARCHITECTURE","ML","MOBILE","OBSERVABILITY-XRAY","REALTIME","SOC2","SOCIAL","STATE-MACHINE","UNIVERSAL","WEB-REACT","WEB-STATIC","WEB3","ZERO-TRUST"]}
{"timestamp":"2026-03-28T01:43:48.873Z","level":"INFO","service":"forgecraft","module":"registry/composer","message":"Templates composed","tags":["UNIVERSAL"],"tier":"recommended","instructionBlocks":37,"structureEntries":20,"nfrBlocks":4,"hooks":13,"skills":8,"reviewBlocks":5,"referenceBlocks":8,"playbooks":0,"verificationStrategies":1}
 [32mΓ£ô[39m tests/integration/tools.test.ts[2m > [22mintegration[2m > [22mget_design_reference tool[2m > [22mshould return DDD, CQRS, and GoF patterns on demand[33m 1037[2mms[22m[39m
 [32mΓ£ô[39m tests/tools/generate-diagram.test.ts[2m > [22mgenerateDiagramHandler[2m > [22moutput structure[2m > [22mreturns a single text content item[32m 20[2mms[22m[39m
 [32mΓ£ô[39m tests/tools/generate-diagram.test.ts[2m > [22mgenerateDiagramHandler[2m > [22moutput structure[2m > [22mcreates docs/diagrams/c4-context.md[32m 23[2mms[22m[39m
 [32mΓ£ô[39m tests/tools/generate-diagram.test.ts[2m > [22mgenerateDiagramHandler[2m > [22moutput structure[2m > [22mresponse text contains the generated diagram content[32m 12[2mms[22m[39m
 [32mΓ£ô[39m tests/tools/spec-parser.test.ts[2m > [22minferTagsFromDirectory[2m > [22mPython framework detection[2m > [22minfers CLI tag from click in requirements.txt[32m 22[2mms[22m[39m
 [32mΓ£ô[39m tests/tools/spec-parser.test.ts[2m > [22minferTagsFromDirectory[2m > [22mPython framework detection[2m > [22minfers CLI tag from typer in requirements.txt[32m 10[2mms[22m[39m
 [32mΓ£ô[39m tests/tools/spec-parser.test.ts[2m > [22minferTagsFromDirectory[2m > [22mPython framework detection[2m > [22minfers API tag from fastapi in pyproject.toml[32m 12[2mms[22m[39m
 [32mΓ£ô[39m tests/tools/start-hardening.test.ts[2m > [22mstartHardening[2m > [22mwrites HARDEN-001.md to docs/session-prompts/[32m 194[2mms[22m[39m
 [32mΓ£ô[39m tests/tools/generate-diagram.test.ts[2m > [22mgenerateDiagramHandler[2m > [22moutput structure[2m > [22mresponse text confirms the output path[32m 54[2mms[22m[39m
 [32mΓ£ô[39m tests/tools/spec-parser.test.ts[2m > [22mfindRichestSpecFile[2m > [22mreturns largest qualifying spec file[32m 77[2mms[22m[39m
 [32mΓ£ô[39m tests/tools/start-hardening.test.ts[2m > [22mstartHardening[2m > [22mwrites HARDEN-002.md with deployment URL from input[32m 80[2mms[22m[39m
{"timestamp":"2026-03-28T01:43:49.058Z","level":"INFO","service":"forgecraft","module":"analyzers/gs-scorer","message":"Layer violation scan complete","routeFilesScanned":0,"violations":0}
{"timestamp":"2026-03-28T01:43:49.061Z","level":"INFO","service":"forgecraft","module":"analyzers/gs-scorer","message":"Scoring GS properties","projectDir":"C:\\workspace\\claude\\forgecraft-mcp\\tests\\fixtures\\verify-clean-project"}
 [32mΓ£ô[39m tests/tools/verify.test.ts[2m > [22mverifyHandler[2m > [22mreport includes total score out of 14 (7 properties ├ù 2)[32m 198[2mms[22m[39m
{"timestamp":"2026-03-28T01:43:49.080Z","level":"INFO","service":"forgecraft","module":"analyzers/anti-pattern","message":"Anti-pattern scan complete","violations":4,"warnings":2}
 [32mΓ£ô[39m tests/analyzers/anti-pattern.test.ts[2m > [22mscanAntiPatterns[2m > [22mnon-source files[2m > [22mignores .md files[33m 327[2mms[22m[39m
 [32mΓ£ô[39m tests/shared/filesystem.test.ts[2m > [22mfilesystem[2m > [22mcheckGitSafety[2m > [22mshould return null for clean git repo[33m 5933[2mms[22m[39m
 [32mΓ£ô[39m tests/tools/generate-diagram.test.ts[2m > [22mgenerateDiagramHandler[2m > [22moutput structure[2m > [22mgenerated file contains valid Mermaid C4Context fenced block[32m 104[2mms[22m[39m
 [32mΓ£ô[39m tests/tools/generate-diagram.test.ts[2m > [22mgenerateDiagramHandler[2m > [22mproject name[2m > [22muses project_name from forgecraft.yaml when present[32m 81[2mms[22m[39m
 [32mΓ£ô[39m tests/tools/generate-diagram.test.ts[2m > [22mgenerateDiagramHandler[2m > [22mproject name[2m > [22mfalls back to directory name when forgecraft.yaml is absent[32m 13[2mms[22m[39m
 [32mΓ£ô[39m tests/tools/spec-parser.test.ts[2m > [22mfindRichestSpecFile[2m > [22mreturns null when no qualifying files (all too short)[32m 108[2mms[22m[39m
 [32mΓ£ô[39m tests/tools/spec-parser.test.ts[2m > [22mfindRichestSpecFile[2m > [22mexcludes PRD.md from candidates[32m 37[2mms[22m[39m
 [32mΓ£ô[39m tests/tools/spec-parser.test.ts[2m > [22mfindRichestSpecFile[2m > [22mexcludes TechSpec.md from candidates[32m 56[2mms[22m[39m
{"timestamp":"2026-03-28T01:43:49.117Z","level":"INFO","service":"forgecraft","module":"analyzers/anti-pattern","message":"Scanning for anti-patterns","totalFiles":18,"sourceFiles":14}
{"timestamp":"2026-03-28T01:43:49.118Z","level":"INFO","service":"forgecraft","module":"registry/loader","message":"Templates loaded","tagCount":24,"tags":["ANALYTICS","API","CLI","DATA-LINEAGE","DATA-PIPELINE","FINTECH","GAME","HEALTHCARE","HIPAA","INFRA","LIBRARY","MEDALLION-ARCHITECTURE","ML","MOBILE","OBSERVABILITY-XRAY","REALTIME","SOC2","SOCIAL","STATE-MACHINE","UNIVERSAL","WEB-REACT","WEB-STATIC","WEB3","ZERO-TRUST"]}
{"timestamp":"2026-03-28T01:43:49.119Z","level":"INFO","service":"forgecraft","module":"registry/composer","message":"Templates composed","tags":["UNIVERSAL"],"tier":"recommended","instructionBlocks":37,"structureEntries":20,"nfrBlocks":4,"hooks":13,"skills":8,"reviewBlocks":5,"referenceBlocks":8,"playbooks":0,"verificationStrategies":1}
{"timestamp":"2026-03-28T01:43:49.136Z","level":"INFO","service":"forgecraft","module":"shared/filesystem","message":"Adding new sections from template during merge","sectionCount":1,"headers":["## New Section"]}
 [32mΓ£ô[39m tests/tools/close-cycle.test.ts[2m > [22mcloseCycle[2m > [22mcloseCycle logs gs score to docs/gs-score.md on successful cycle[33m 1371[2mms[22m[39m
{"timestamp":"2026-03-28T01:43:49.185Z","level":"INFO","service":"forgecraft","module":"shared/filesystem","message":"Adding new sections from template during merge","sectionCount":1,"headers":["## New Section"]}
 [32mΓ£ô[39m tests/tools/generate-diagram.test.ts[2m > [22mgenerateDiagramHandler[2m > [22mactor extraction from use-cases.md[2m > [22mincludes a Person node for each unique actor found in use-cases.md[32m 66[2mms[22m[39m
 [32mΓ£ô[39m tests/tools/generate-diagram.test.ts[2m > [22mgenerateDiagramHandler[2m > [22mactor extraction from use-cases.md[2m > [22mdeduplicates actors that appear multiple times[32m 16[2mms[22m[39m
 [32mΓ£ô[39m tests/tools/start-hardening.test.ts[2m > [22mstartHardening[2m > [22mreads deployment URL from forgecraft.yaml when not overridden[32m 195[2mms[22m[39m
 [32mΓ£ô[39m tests/shared/filesystem.test.ts[2m > [22mfilesystem[2m > [22mcheckGitSafety[2m > [22mshould return warning for dirty git repo[33m 5116[2mms[22m[39m
 [32mΓ£ô[39m tests/shared/filesystem.test.ts[2m > [22mfilesystem[2m > [22mmergeInstructionFiles[2m > [22mpreserves_existing_content_for_matching_sections[32m 3[2mms[22m[39m
 [32mΓ£ô[39m tests/shared/filesystem.test.ts[2m > [22mfilesystem[2m > [22mmergeInstructionFiles[2m > [22mappends_new_sections_from_generated_not_in_existing[32m 7[2mms[22m[39m
 [32mΓ£ô[39m tests/shared/filesystem.test.ts[2m > [22mfilesystem[2m > [22mmergeInstructionFiles[2m > [22mpreserves_custom_sections_not_in_generated_output[32m 3[2mms[22m[39m
 [32mΓ£ô[39m tests/shared/filesystem.test.ts[2m > [22mfilesystem[2m > [22mmergeInstructionFiles[2m > [22mshould preserve multiple custom sections[32m 2[2mms[22m[39m
 [32mΓ£ô[39m tests/shared/filesystem.test.ts[2m > [22mfilesystem[2m > [22mmergeInstructionFiles[2m > [22mexisting_wins_when_sections_present_in_both[32m 2[2mms[22m[39m
 [32mΓ£ô[39m tests/shared/filesystem.test.ts[2m > [22mfilesystem[2m > [22mwriteInstructionFileWithMerge[2m > [22mshould create new file when none exists[32m 31[2mms[22m[39m
{"timestamp":"2026-03-28T01:43:49.202Z","level":"INFO","service":"forgecraft","module":"analyzers/gs-scorer","message":"Layer violation scan complete","routeFilesScanned":1,"violations":2}
{"timestamp":"2026-03-28T01:43:49.203Z","level":"INFO","service":"forgecraft","module":"analyzers/gs-scorer","message":"Scoring GS properties","projectDir":"C:\\workspace\\claude\\forgecraft-mcp\\tests\\fixtures\\verify-bounded-violation"}
 [32mΓ£ô[39m tests/tools/verify.test.ts[2m > [22mverifyHandler[2m > [22mlayer violations section lists prisma calls from the violation fixture[32m 140[2mms[22m[39m
 [32mΓ£ô[39m tests/shared/filesystem.test.ts[2m > [22mfilesystem[2m > [22mwriteInstructionFileWithMerge[2m > [22mpreserves_existing_content_and_appends_new_generated_sections[32m 12[2mms[22m[39m
 [32mΓ£ô[39m tests/shared/filesystem.test.ts[2m > [22mfilesystem[2m > [22mwriteInstructionFileWithMerge[2m > [22mshould create parent directories[32m 13[2mms[22m[39m
 [32mΓ£ô[39m tests/tools/spec-parser.test.ts[2m > [22mfindRichestSpecFile[2m > [22mreturns root-level README.md when it qualifies[32m 23[2mms[22m[39m
 [32mΓ£ô[39m tests/tools/spec-parser.test.ts[2m > [22minferSensitiveData[2m > [22mreturns true for spec mentioning medical keywords[32m 1[2mms[22m[39m
 [32mΓ£ô[39m tests/tools/spec-parser.test.ts[2m > [22minferSensitiveData[2m > [22mreturns true for FINTECH tag[32m 0[2mms[22m[39m
 [32mΓ£ô[39m tests/tools/spec-parser.test.ts[2m > [22minferSensitiveData[2m > [22mreturns true for HIPAA tag[32m 0[2mms[22m[39m
 [32mΓ£ô[39m tests/tools/spec-parser.test.ts[2m > [22minferSensitiveData[2m > [22mreturns false for unrelated spec with no sensitive tags[32m 1[2mms[22m[39m
 [32mΓ£ô[39m tests/tools/spec-parser.test.ts[2m > [22minferSensitiveData[2m > [22mreturns true when spec mentions payment keywords[32m 1[2mms[22m[39m
 [32mΓ£ô[39m tests/tools/spec-parser.test.ts[2m > [22minferSensitiveData[2m > [22mreturns true for SOCIAL tag (SOCIAL always implies sensitive data)[32m 0[2mms[22m[39m
 [32mΓ£ô[39m tests/tools/spec-parser.test.ts[2m > [22minferSensitiveData[2m > [22mdoes not trigger on 'health' used as game/network metric (false positive regression)[32m 1[2mms[22m[39m
 [32mΓ£ô[39m tests/tools/spec-parser.test.ts[2m > [22minferSensitiveData[2m > [22mdoes not trigger on 'phi' inside 'physiology' (substring false positive regression)[32m 0[2mms[22m[39m
 [32mΓ£ô[39m tests/tools/spec-parser.test.ts[2m > [22minferSensitiveData[2m > [22mtriggers on 'phi' as a standalone acronym (Protected Health Information)[32m 0[2mms[22m[39m
 [32mΓ£ô[39m tests/tools/spec-parser.test.ts[2m > [22minferSensitiveData[2m > [22mdoes not trigger on 'incident' in a story/narrative context (false positive regression)[32m 0[2mms[22m[39m
 [32mΓ£ô[39m tests/tools/spec-parser.test.ts[2m > [22mscanSourceForSensitivePatterns[2m > [22mdetects playwright cookie injection in src/ TypeScript file[32m 11[2mms[22m[39m
 [32mΓ£ô[39m tests/tools/spec-parser.test.ts[2m > [22mscanSourceForSensitivePatterns[2m > [22mdetects li_at session cookie reference[32m 10[2mms[22m[39m
 [32mΓ£ô[39m tests/tools/generate-diagram.test.ts[2m > [22mgenerateDiagramHandler[2m > [22mactor extraction from use-cases.md[2m > [22mskips actors that are FILL markers[32m 31[2mms[22m[39m
 [32mΓ£ô[39m tests/tools/generate-diagram.test.ts[2m > [22mgenerateDiagramHandler[2m > [22mactor extraction from use-cases.md[2m > [22mfalls back to 'User' when no use-cases.md exists[32m 13[2mms[22m[39m
 [32mΓ£ô[39m tests/tools/generate-diagram.test.ts[2m > [22mgenerateDiagramHandler[2m > [22mexternal system nodes from tags[2m > [22madds API client node when API tag is present[32m 49[2mms[22m[39m
 [32mΓ£ô[39m tests/tools/generate-diagram.test.ts[2m > [22mgenerateDiagramHandler[2m > [22mexternal system nodes from tags[2m > [22madds blockchain node when WEB3 tag is present[32m 19[2mms[22m[39m
 [32mΓ£ô[39m tests/tools/spec-parser.test.ts[2m > [22mscanSourceForSensitivePatterns[2m > [22mdetects linkedin scraping pattern[32m 129[2mms[22m[39m
{"timestamp":"2026-03-28T01:43:49.367Z","level":"INFO","service":"forgecraft","module":"analyzers/anti-pattern","message":"Anti-pattern scan complete","violations":4,"warnings":2}
 [32mΓ£ô[39m tests/analyzers/anti-pattern.test.ts[2m > [22mscanAntiPatterns[2m > [22mregex literal false-positive exclusions[2m > [22m[RED] does not flag localhost inside a regex literal pattern[32m 286[2mms[22m[39m
 [32mΓ£ô[39m tests/tools/spec-parser.test.ts[2m > [22mscanSourceForSensitivePatterns[2m > [22mreturns false for benign source files with no scraping patterns[32m 52[2mms[22m[39m
 [32mΓ£ô[39m tests/tools/spec-parser.test.ts[2m > [22mscanSourceForSensitivePatterns[2m > [22mreturns false when no src/ directory exists[32m 3[2mms[22m[39m
 [32mΓ£ô[39m tests/tools/spec-parser.test.ts[2m > [22mscanSourceForSensitivePatterns[2m > [22minferTagsFromDirectory adds SOCIAL tag when scraping patterns detected[32m 65[2mms[22m[39m
{"timestamp":"2026-03-28T01:43:49.409Z","level":"INFO","service":"forgecraft","module":"analyzers/anti-pattern","message":"Scanning for anti-patterns","totalFiles":19,"sourceFiles":14}
 [32mΓ£ô[39m tests/tools/generate-diagram.test.ts[2m > [22mgenerateDiagramHandler[2m > [22mexternal system nodes from tags[2m > [22madds data source and sink nodes when DATA-PIPELINE tag is present[32m 40[2mms[22m[39m
 [32mΓ£ô[39m tests/tools/generate-diagram.test.ts[2m > [22mgenerateDiagramHandler[2m > [22mexternal system nodes from tags[2m > [22mhas no external nodes for UNIVERSAL-only tag set[32m 17[2mms[22m[39m
 [32mΓ£ô[39m tests/tools/start-hardening.test.ts[2m > [22mstartHardening[2m > [22mincludes pre-release project-specific gates in HARDEN-001 prompt[32m 97[2mms[22m[39m
 [32mΓ£ô[39m tests/tools/start-hardening.test.ts[2m > [22mstartHardening[2m > [22mincludes use-case titles in HARDEN-002 smoke test steps[32m 30[2mms[22m[39m
{"timestamp":"2026-03-28T01:43:49.499Z","level":"INFO","service":"forgecraft","module":"analyzers/anti-pattern","message":"Anti-pattern scan complete","violations":4,"warnings":2}
 [32mΓ£ô[39m tests/analyzers/anti-pattern.test.ts[2m > [22mscanAntiPatterns[2m > [22mregex literal false-positive exclusions[2m > [22m[RED] does not flag mock_data inside a regex literal pattern[32m 132[2mms[22m[39m
{"timestamp":"2026-03-28T01:43:49.505Z","level":"INFO","service":"forgecraft","module":"analyzers/anti-pattern","message":"Scanning for anti-patterns","totalFiles":20,"sourceFiles":15}
{"timestamp":"2026-03-28T01:43:49.516Z","level":"INFO","service":"forgecraft","module":"analyzers/anti-pattern","message":"Anti-pattern scan complete","violations":4,"warnings":2}
{"timestamp":"2026-03-28T01:43:49.529Z","level":"INFO","service":"forgecraft","module":"registry/loader","message":"Templates loaded","tagCount":24,"tags":["ANALYTICS","API","CLI","DATA-LINEAGE","DATA-PIPELINE","FINTECH","GAME","HEALTHCARE","HIPAA","INFRA","LIBRARY","MEDALLION-ARCHITECTURE","ML","MOBILE","OBSERVABILITY-XRAY","REALTIME","SOC2","SOCIAL","STATE-MACHINE","UNIVERSAL","WEB-REACT","WEB-STATIC","WEB3","ZERO-TRUST"]}
{"timestamp":"2026-03-28T01:43:49.529Z","level":"INFO","service":"forgecraft","module":"registry/composer","message":"Templates composed","tags":["UNIVERSAL","API"],"tier":"recommended","instructionBlocks":42,"structureEntries":28,"nfrBlocks":5,"hooks":13,"skills":10,"reviewBlocks":9,"referenceBlocks":8,"playbooks":0,"verificationStrategies":2}
 [32mΓ£ô[39m tests/tools/check-cascade-stubs.test.ts[2m > [22mSTUB detection in checkCascadeHandler[2m > [22mstep 1 ΓÇö functional specification STUB[2m > [22mreports STUB when docs/PRD.md has <!-- FILL: markers[32m 18[2mms[22m[39m
 [32mΓ£ô[39m tests/tools/check-cascade-stubs.test.ts[2m > [22mSTUB detection in checkCascadeHandler[2m > [22mstep 1 ΓÇö functional specification STUB[2m > [22mreports STUB when docs/PRD.md has <!-- UNFILLED marker[32m 12[2mms[22m[39m
 [32mΓ£ô[39m tests/tools/check-cascade-stubs.test.ts[2m > [22mSTUB detection in checkCascadeHandler[2m > [22mstep 1 ΓÇö functional specification STUB[2m > [22mreports STUB when docs/PRD.md has [DESCRIBE pattern[32m 13[2mms[22m[39m
 [32mΓ£ô[39m tests/tools/generate-diagram.test.ts[2m > [22mgenerateDiagramHandler[2m > [22mPRD content extraction[2m > [22muses Users section content in the System node description[32m 133[2mms[22m[39m
 [32mΓ£ô[39m tests/tools/start-hardening.test.ts[2m > [22mstartHardening[2m > [22mdoes not double the UC prefix when use-case headings already contain 'UC-NNN:' in API Playwright scaffold[32m 295[2mms[22m[39m
{"timestamp":"2026-03-28T01:43:49.588Z","level":"INFO","service":"forgecraft","module":"registry/loader","message":"Templates loaded","tagCount":24,"tags":["ANALYTICS","API","CLI","DATA-LINEAGE","DATA-PIPELINE","FINTECH","GAME","HEALTHCARE","HIPAA","INFRA","LIBRARY","MEDALLION-ARCHITECTURE","ML","MOBILE","OBSERVABILITY-XRAY","REALTIME","SOC2","SOCIAL","STATE-MACHINE","UNIVERSAL","WEB-REACT","WEB-STATIC","WEB3","ZERO-TRUST"]}
{"timestamp":"2026-03-28T01:43:49.588Z","level":"INFO","service":"forgecraft","module":"registry/mcp-discovery","message":"Loaded local MCP server recommendations","count":2,"tags":["INFRA"]}
 [32mΓ£ô[39m tests/tools/check-cascade-stubs.test.ts[2m > [22mSTUB detection in checkCascadeHandler[2m > [22mstep 1 ΓÇö functional specification STUB[2m > [22mreports PASS when docs/PRD.md has real content without template markers[32m 97[2mms[22m[39m
 [32mΓ£ô[39m tests/tools/check-cascade-stubs.test.ts[2m > [22mSTUB detection in checkCascadeHandler[2m > [22mstep 1 ΓÇö functional specification STUB[2m > [22mSTUB counts as blocking ΓÇö reports BLOCKED status[32m 12[2mms[22m[39m
 [32mΓ£ô[39m tests/tools/check-cascade-stubs.test.ts[2m > [22mSTUB detection in checkCascadeHandler[2m > [22mstep 2 ΓÇö architecture diagrams STUB[2m > [22mreports STUB when c4-context.md has <!-- FILL: markers[32m 45[2mms[22m[39m
 [32mΓ£ô[39m tests/tools/generate-diagram.test.ts[2m > [22mgenerateDiagramHandler[2m > [22mPRD content extraction[2m > [22mfalls back to Problem section when Users section is empty[32m 123[2mms[22m[39m
 [32mΓ£ô[39m tests/tools/generate-diagram.test.ts[2m > [22mgenerateDiagramHandler[2m > [22mPRD content extraction[2m > [22muses fallback description when no PRD.md exists[32m 48[2mms[22m[39m
{"timestamp":"2026-03-28T01:43:49.669Z","level":"INFO","service":"forgecraft","module":"registry/loader","message":"Templates loaded","tagCount":24,"tags":["ANALYTICS","API","CLI","DATA-LINEAGE","DATA-PIPELINE","FINTECH","GAME","HEALTHCARE","HIPAA","INFRA","LIBRARY","MEDALLION-ARCHITECTURE","ML","MOBILE","OBSERVABILITY-XRAY","REALTIME","SOC2","SOCIAL","STATE-MACHINE","UNIVERSAL","WEB-REACT","WEB-STATIC","WEB3","ZERO-TRUST"]}
{"timestamp":"2026-03-28T01:43:49.669Z","level":"INFO","service":"forgecraft","module":"registry/composer","message":"Templates composed","tags":["UNIVERSAL"],"tier":"recommended","instructionBlocks":37,"structureEntries":20,"nfrBlocks":4,"hooks":13,"skills":8,"reviewBlocks":5,"referenceBlocks":8,"playbooks":0,"verificationStrategies":1}
{"timestamp":"2026-03-28T01:43:49.670Z","level":"INFO","service":"forgecraft","module":"registry/composer","message":"Templates composed","tags":["UNIVERSAL","CLI"],"tier":"recommended","instructionBlocks":38,"structureEntries":23,"nfrBlocks":4,"hooks":13,"skills":8,"reviewBlocks":8,"referenceBlocks":8,"playbooks":0,"verificationStrategies":1}
 [32mΓ£ô[39m tests/tools/start-hardening.test.ts[2m > [22mstartHardening[2m > [22mHARDEN-002 includes Playwright APIRequestContext smoke test scaffold for API-tagged projects[32m 56[2mms[22m[39m
 [32mΓ£ô[39m tests/tools/generate-diagram.test.ts[2m > [22mgenerateDiagramHandler[2m > [22mfile creation[2m > [22mcreates docs/diagrams/ directory if it does not exist[32m 36[2mms[22m[39m
 [32mΓ£ô[39m tests/tools/generate-diagram.test.ts[2m > [22mgenerateDiagramHandler[2m > [22mfile creation[2m > [22moverwrites existing c4-context.md with fresh content[32m 51[2mms[22m[39m
 [32mΓ£ô[39m tests/tools/start-hardening.test.ts[2m > [22mstartHardening[2m > [22mHARDEN-002 does not include Playwright scaffold for non-API projects[32m 103[2mms[22m[39m
 [32mΓ£ô[39m tests/tools/start-hardening.test.ts[2m > [22mstartHardeningHandler[2m > [22mreturns error text when project_dir is missing[32m 1[2mms[22m[39m
 [32mΓ£ô[39m tests/tools/start-hardening.test.ts[2m > [22mstartHardeningHandler[2m > [22mreturns blocked message when roadmap has pending items[32m 10[2mms[22m[39m
 [32mΓ£ô[39m tests/tools/start-hardening.test.ts[2m > [22mstartHardeningHandler[2m > [22mreturns success text when roadmap is complete[32m 37[2mms[22m[39m
 [32mΓ£ô[39m tests/analyzers/anti-pattern.test.ts[2m > [22mscanAntiPatterns[2m > [22mregex literal false-positive exclusions[2m > [22m[RED] does not flag localhost used as env-var fallback default[32m 17[2mms[22m[39m
{"timestamp":"2026-03-28T01:43:49.914Z","level":"INFO","service":"forgecraft","module":"registry/loader","message":"Templates loaded","tagCount":24,"tags":["ANALYTICS","API","CLI","DATA-LINEAGE","DATA-PIPELINE","FINTECH","GAME","HEALTHCARE","HIPAA","INFRA","LIBRARY","MEDALLION-ARCHITECTURE","ML","MOBILE","OBSERVABILITY-XRAY","REALTIME","SOC2","SOCIAL","STATE-MACHINE","UNIVERSAL","WEB-REACT","WEB-STATIC","WEB3","ZERO-TRUST"]}
{"timestamp":"2026-03-28T01:43:49.914Z","level":"INFO","service":"forgecraft","module":"registry/mcp-discovery","message":"Loaded local MCP server recommendations","count":5,"tags":["UNIVERSAL"]}
{"timestamp":"2026-03-28T01:43:50.044Z","level":"INFO","service":"forgecraft","module":"analyzers/language-detector","message":"No language indicators found, defaulting to typescript","projectDir":"C:\\workspace\\claude\\forgecraft-mcp\\tests\\fixtures\\metrics-project"}
{"timestamp":"2026-03-28T01:43:50.056Z","level":"INFO","service":"forgecraft","module":"analyzers/language-detector","message":"No language indicators found, defaulting to typescript","projectDir":"C:\\workspace\\claude\\forgecraft-mcp\\tests\\fixtures\\metrics-project"}
 [32mΓ£ô[39m tests/tools/check-cascade-stubs.test.ts[2m > [22mSTUB detection in checkCascadeHandler[2m > [22mstep 2 ΓÇö architecture diagrams STUB[2m > [22mreports PASS when diagram has real content[32m 201[2mms[22m[39m
{"timestamp":"2026-03-28T01:43:50.072Z","level":"INFO","service":"forgecraft","module":"analyzers/language-detector","message":"No language indicators found, defaulting to typescript","projectDir":"C:\\workspace\\claude\\forgecraft-mcp\\tests\\fixtures\\metrics-project"}
 [32mΓ£ô[39m tests/tools/setup-project.test.ts[2m > [22msetupProjectHandler[2m > [22mphase 2 ΓÇö mvp/scope_complete/has_consumers provided[2m > [22mcreates forgecraft.yaml in phase 2[33m 4833[2mms[22m[39m
{"timestamp":"2026-03-28T01:43:50.100Z","level":"INFO","service":"forgecraft","module":"analyzers/language-detector","message":"No language indicators found, defaulting to typescript","projectDir":"/no/such/path/xyz"}
{"timestamp":"2026-03-28T01:43:50.103Z","level":"INFO","service":"forgecraft","module":"analyzers/language-detector","message":"No language indicators found, defaulting to typescript","projectDir":"C:\\workspace\\claude\\forgecraft-mcp\\tests\\fixtures\\metrics-project"}
{"timestamp":"2026-03-28T01:43:50.112Z","level":"INFO","service":"forgecraft","module":"registry/loader","message":"Templates loaded","tagCount":24,"tags":["ANALYTICS","API","CLI","DATA-LINEAGE","DATA-PIPELINE","FINTECH","GAME","HEALTHCARE","HIPAA","INFRA","LIBRARY","MEDALLION-ARCHITECTURE","ML","MOBILE","OBSERVABILITY-XRAY","REALTIME","SOC2","SOCIAL","STATE-MACHINE","UNIVERSAL","WEB-REACT","WEB-STATIC","WEB3","ZERO-TRUST"]}
{"timestamp":"2026-03-28T01:43:50.112Z","level":"INFO","service":"forgecraft","module":"registry/composer","message":"Templates composed","tags":["UNIVERSAL"],"tier":"recommended","instructionBlocks":37,"structureEntries":20,"nfrBlocks":4,"hooks":13,"skills":8,"reviewBlocks":5,"referenceBlocks":8,"playbooks":0,"verificationStrategies":1}
{"timestamp":"2026-03-28T01:43:50.117Z","level":"INFO","service":"forgecraft","module":"analyzers/language-detector","message":"No language indicators found, defaulting to typescript","projectDir":"C:\\workspace\\claude\\forgecraft-mcp\\tests\\fixtures\\verify-clean-project"}
 [32mΓ£ô[39m tests/integration/tools.test.ts[2m > [22mintegration[2m > [22mget_design_reference tool[2m > [22mshould not include reference patterns in instruction file output[33m 1244[2mms[22m[39m
{"timestamp":"2026-03-28T01:43:50.127Z","level":"INFO","service":"forgecraft","module":"analyzers/language-detector","message":"No language indicators found, defaulting to typescript","projectDir":"C:\\workspace\\claude\\forgecraft-mcp\\tests\\fixtures\\metrics-project"}
 [32mΓ£ô[39m tests/tools/metrics.test.ts[2m > [22mprobeLoc[2m > [22mcounts TypeScript files in fixture[32m 14[2mms[22m[39m
 [32mΓ£ô[39m tests/tools/metrics.test.ts[2m > [22mprobeLoc[2m > [22mreports lines greater than zero[32m 7[2mms[22m[39m
 [32mΓ£ô[39m tests/tools/metrics.test.ts[2m > [22mprobeLoc[2m > [22mgroups results by extension[32m 37[2mms[22m[39m
 [32mΓ£ô[39m tests/tools/metrics.test.ts[2m > [22mprobeLoc[2m > [22mreturns available=false for non-existent directory[32m 3[2mms[22m[39m
 [32mΓ£ô[39m tests/tools/metrics.test.ts[2m > [22mprobeLoc[2m > [22mskips node_modules directory[32m 9[2mms[22m[39m
 [32mΓ£ô[39m tests/tools/metrics.test.ts[2m > [22mprobeCoverage[2m > [22mreads coverage-summary.json from fixture[32m 4[2mms[22m[39m
 [32mΓ£ô[39m tests/tools/metrics.test.ts[2m > [22mprobeCoverage[2m > [22mreturns not-available with installHint when no report exists[32m 4[2mms[22m[39m
 [32mΓ£ô[39m tests/tools/metrics.test.ts[2m > [22mprobeCoverage[2m > [22maccepts explicit coverageDir override[32m 3[2mms[22m[39m
 [32mΓ£ô[39m tests/tools/metrics.test.ts[2m > [22mprobeLayerViolations[2m > [22mdetects prisma direct call in routes fixture[32m 30[2mms[22m[39m
{"timestamp":"2026-03-28T01:43:50.165Z","level":"INFO","service":"forgecraft","module":"analyzers/language-detector","message":"No language indicators found, defaulting to typescript","projectDir":"C:\\workspace\\claude\\forgecraft-mcp\\tests\\fixtures\\metrics-project"}
 [32mΓ£ô[39m tests/tools/check-cascade-stubs.test.ts[2m > [22mSTUB detection in checkCascadeHandler[2m > [22mstep 5 ΓÇö behavioral contracts STUB[2m > [22mreports STUB when docs/use-cases.md has <!-- FILL: markers[32m 198[2mms[22m[39m
 [32mΓ£ô[39m tests/tools/check-cascade-stubs.test.ts[2m > [22misCascadeComplete[2m > [22mreturns true when all steps are PASS[32m 1[2mms[22m[39m
 [32mΓ£ô[39m tests/tools/check-cascade-stubs.test.ts[2m > [22misCascadeComplete[2m > [22mreturns true when all steps are PASS or WARN[32m 0[2mms[22m[39m
 [32mΓ£ô[39m tests/tools/check-cascade-stubs.test.ts[2m > [22misCascadeComplete[2m > [22mreturns false when any step is FAIL[32m 0[2mms[22m[39m
 [32mΓ£ô[39m tests/tools/check-cascade-stubs.test.ts[2m > [22misCascadeComplete[2m > [22mreturns true when any step is SKIP (optional, not blocking)[32m 1[2mms[22m[39m
 [32mΓ£ô[39m tests/tools/check-cascade-stubs.test.ts[2m > [22misCascadeComplete[2m > [22mreturns false when any step is FAIL even with SKIP steps present[32m 0[2mms[22m[39m
 [32mΓ£ô[39m tests/tools/check-cascade-stubs.test.ts[2m > [22mbuildGuidedRemediation[2m > [22mreturns 'All cascade steps are complete' when everything passes[32m 1[2mms[22m[39m
 [32mΓ£ô[39m tests/tools/check-cascade-stubs.test.ts[2m > [22mbuildGuidedRemediation[2m > [22mincludes failing step numbers in order[32m 1[2mms[22m[39m
 [32mΓ£ô[39m tests/tools/check-cascade-stubs.test.ts[2m > [22mbuildGuidedRemediation[2m > [22mshows only the FIRST failing step's questions[32m 1[2mms[22m[39m
 [32mΓ£ô[39m tests/tools/check-cascade-stubs.test.ts[2m > [22mbuildGuidedRemediation[2m > [22mshows STUB steps with ΓÜá STUB label in the failing list[32m 0[2mms[22m[39m
 [32mΓ£ô[39m tests/tools/check-cascade-stubs.test.ts[2m > [22mbuildGuidedRemediation[2m > [22mincludes the artifact path for the first failing step[32m 0[2mms[22m[39m
 [32mΓ£ô[39m tests/tools/check-cascade-stubs.test.ts[2m > [22mbuildGuidedRemediation[2m > [22mincludes the closing line with artifact name[32m 0[2mms[22m[39m
 [32mΓ£ô[39m tests/tools/check-cascade-stubs.test.ts[2m > [22mbuildGuidedRemediation[2m > [22mSKIP steps are not listed in buildGuidedRemediation failing steps[32m 0[2mms[22m[39m
 [32mΓ£ô[39m tests/tools/check-cascade-stubs.test.ts[2m > [22mbuildGuidedRemediation[2m > [22muses correct artifact path for each step number[32m 1[2mms[22m[39m
 [32mΓ£ô[39m tests/tools/check-cascade-stubs.test.ts[2m > [22mrunCascadeChecks with cascade decisions[2m > [22mmarks FAIL step as SKIP when decision.required is false[32m 7[2mms[22m[39m
 [32mΓ£ô[39m tests/tools/check-cascade-stubs.test.ts[2m > [22mrunCascadeChecks with cascade decisions[2m > [22muses decision.rationale as the SKIP step detail[32m 5[2mms[22m[39m
 [32mΓ£ô[39m tests/tools/check-cascade-stubs.test.ts[2m > [22mrunCascadeChecks with cascade decisions[2m > [22mkeeps a FAIL step as FAIL when decision.required is true[32m 5[2mms[22m[39m
 [32mΓ£ô[39m tests/tools/check-cascade-stubs.test.ts[2m > [22mrunCascadeChecks with cascade decisions[2m > [22mstill fails required steps even when other steps are SKIP[32m 8[2mms[22m[39m
 [32mΓ£ô[39m tests/tools/check-cascade-stubs.test.ts[2m > [22mrunCascadeChecks with cascade decisions[2m > [22mdefaults to required (FAIL not SKIP) when no decision for a step[32m 15[2mms[22m[39m
{"timestamp":"2026-03-28T01:43:50.186Z","level":"INFO","service":"forgecraft","module":"analyzers/language-detector","message":"No language indicators found, defaulting to typescript","projectDir":"C:\\workspace\\claude\\forgecraft-mcp\\tests\\fixtures\\verify-clean-project"}
{"timestamp":"2026-03-28T01:43:50.192Z","level":"INFO","service":"forgecraft","module":"analyzers/language-detector","message":"No language indicators found, defaulting to typescript","projectDir":"C:\\workspace\\claude\\forgecraft-mcp\\tests\\fixtures\\metrics-project"}
{"timestamp":"2026-03-28T01:43:50.208Z","level":"INFO","service":"forgecraft","module":"analyzers/language-detector","message":"No language indicators found, defaulting to typescript","projectDir":"C:\\workspace\\claude\\forgecraft-mcp\\tests\\fixtures\\metrics-project"}
{"timestamp":"2026-03-28T01:43:50.214Z","level":"INFO","service":"forgecraft","module":"analyzers/language-detector","message":"No language indicators found, defaulting to typescript","projectDir":"C:\\workspace\\claude\\forgecraft-mcp\\tests\\fixtures\\metrics-project"}
{"timestamp":"2026-03-28T01:43:50.217Z","level":"INFO","service":"forgecraft","module":"analyzers/language-detector","message":"No language indicators found, defaulting to typescript","projectDir":"C:\\workspace\\claude\\forgecraft-mcp\\tests\\fixtures\\metrics-project"}
{"timestamp":"2026-03-28T01:43:50.221Z","level":"INFO","service":"forgecraft","module":"analyzers/language-detector","message":"No language indicators found, defaulting to typescript","projectDir":"C:\\workspace\\claude\\forgecraft-mcp\\tests\\fixtures\\metrics-project"}
{"timestamp":"2026-03-28T01:43:50.225Z","level":"INFO","service":"forgecraft","module":"analyzers/project-context","message":"Project context detected","projectDir":"C:\\Users\\JC\\AppData\\Local\\Temp\\forgecraft-scaffold-test-1774662228384","repoUrl":"not found","framework":"not detected","hasDomain":false,"sensitiveData":"NO"}
 [32mΓ£ô[39m tests/tools/generate-roadmap.test.ts[2m > [22mgenerateRoadmapHandler[2m > [22mgenerate_roadmap returns error when cascade incomplete[32m 11[2mms[22m[39m
 [32mΓ£ô[39m tests/tools/check-cascade-stubs.test.ts[2m > [22mcheckCascadeHandler: cascade config warnings[2m > [22mincludes no-cascade-config warning when no forgecraft.yaml[32m 151[2mms[22m[39m
{"timestamp":"2026-03-28T01:43:50.456Z","level":"INFO","service":"forgecraft","module":"analyzers/language-detector","message":"No language indicators found, defaulting to typescript","projectDir":"C:\\workspace\\claude\\forgecraft-mcp\\tests\\fixtures\\metrics-project"}
{"timestamp":"2026-03-28T01:43:50.461Z","level":"INFO","service":"forgecraft","module":"analyzers/language-detector","message":"No language indicators found, defaulting to typescript","projectDir":"C:\\workspace\\claude\\forgecraft-mcp\\tests\\fixtures\\metrics-project"}
{"timestamp":"2026-03-28T01:43:50.464Z","level":"INFO","service":"forgecraft","module":"analyzers/language-detector","message":"No language indicators found, defaulting to typescript","projectDir":"C:\\workspace\\claude\\forgecraft-mcp\\tests\\fixtures\\metrics-project"}
{"timestamp":"2026-03-28T01:43:50.480Z","level":"INFO","service":"forgecraft","module":"tools/setup-project","message":"setup_project","phase":2,"projectDir":"C:\\Users\\JC\\AppData\\Local\\Temp\\forgecraft-setup-test-1774662230479"}
 [32mΓ£ô[39m tests/tools/generate-roadmap.test.ts[2m > [22mgenerateRoadmapHandler[2m > [22mgenerate_roadmap writes docs/roadmap.md with Phase 1/2/3 sections[32m 142[2mms[22m[39m
{"timestamp":"2026-03-28T01:43:50.488Z","level":"INFO","service":"forgecraft","module":"tools/scaffold","message":"Scaffolding project","tags":["UNIVERSAL"],"projectDir":"C:\\Users\\JC\\AppData\\Local\\Temp\\forgecraft-setup-test-1774662230479","dryRun":false,"force":false}
 [32mΓ£ô[39m tests/tools/metrics.test.ts[2m > [22mprobeLayerViolations[2m > [22muses internal source when depcruise not installed[32m 31[2mms[22m[39m
 [32mΓ£ô[39m tests/tools/metrics.test.ts[2m > [22mprobeLayerViolations[2m > [22mreports zero violations on clean project[32m 7[2mms[22m[39m
 [32mΓ£ô[39m tests/tools/metrics.test.ts[2m > [22mprobeLayerViolations[2m > [22mreturns installHint when depcruise not installed[32m 14[2mms[22m[39m
 [32mΓ£ô[39m tests/tools/metrics.test.ts[2m > [22mprobeDeadCode[2m > [22mreturns not-available with installHint when knip not installed[32m 4[2mms[22m[39m
 [32mΓ£ô[39m tests/tools/metrics.test.ts[2m > [22mprobeComplexity[2m > [22mreturns not-available with installHint when eslint not installed[32m 5[2mms[22m[39m
 [32mΓ£ô[39m tests/tools/metrics.test.ts[2m > [22mprobeMutation[2m > [22mreturns not-available with installHint when stryker not installed[32m 3[2mms[22m[39m
 [32mΓ£ô[39m tests/tools/metrics.test.ts[2m > [22mmetricsHandler[2m > [22mreturns MCP content array[32m 293[2mms[22m[39m
{"timestamp":"2026-03-28T01:43:50.514Z","level":"INFO","service":"forgecraft","module":"analyzers/language-detector","message":"No language indicators found, defaulting to typescript","projectDir":"C:\\workspace\\claude\\forgecraft-mcp\\tests\\fixtures\\metrics-project"}
{"timestamp":"2026-03-28T01:43:50.600Z","level":"INFO","service":"forgecraft","module":"registry/loader","message":"Templates loaded","tagCount":24,"tags":["ANALYTICS","API","CLI","DATA-LINEAGE","DATA-PIPELINE","FINTECH","GAME","HEALTHCARE","HIPAA","INFRA","LIBRARY","MEDALLION-ARCHITECTURE","ML","MOBILE","OBSERVABILITY-XRAY","REALTIME","SOC2","SOCIAL","STATE-MACHINE","UNIVERSAL","WEB-REACT","WEB-STATIC","WEB3","ZERO-TRUST"]}
{"timestamp":"2026-03-28T01:43:50.600Z","level":"INFO","service":"forgecraft","module":"registry/composer","message":"Templates composed","tags":["UNIVERSAL","CLI"],"tier":"recommended","instructionBlocks":38,"structureEntries":23,"nfrBlocks":4,"hooks":13,"skills":8,"reviewBlocks":8,"referenceBlocks":8,"playbooks":0,"verificationStrategies":1}
{"timestamp":"2026-03-28T01:43:50.618Z","level":"INFO","service":"forgecraft","module":"analyzers/language-detector","message":"No language indicators found, defaulting to typescript","projectDir":"C:\\Users\\JC\\AppData\\Local\\Temp\\forgecraft-refresh-test-1774662228359"}
 [32mΓ£ô[39m tests/tools/generate-roadmap.test.ts[2m > [22mgenerateRoadmapHandler[2m > [22mgenerate_roadmap derives UC titles from use-cases.md[32m 106[2mms[22m[39m
{"timestamp":"2026-03-28T01:43:50.623Z","level":"INFO","service":"forgecraft","module":"registry/loader","message":"Templates loaded","tagCount":24,"tags":["ANALYTICS","API","CLI","DATA-LINEAGE","DATA-PIPELINE","FINTECH","GAME","HEALTHCARE","HIPAA","INFRA","LIBRARY","MEDALLION-ARCHITECTURE","ML","MOBILE","OBSERVABILITY-XRAY","REALTIME","SOC2","SOCIAL","STATE-MACHINE","UNIVERSAL","WEB-REACT","WEB-STATIC","WEB3","ZERO-TRUST"]}
{"timestamp":"2026-03-28T01:43:50.623Z","level":"INFO","service":"forgecraft","module":"registry/mcp-discovery","message":"Loaded local MCP server recommendations","count":1,"tags":["DATA-PIPELINE"]}
{"timestamp":"2026-03-28T01:43:50.625Z","level":"INFO","service":"forgecraft","module":"analyzers/language-detector","message":"No language indicators found, defaulting to typescript","projectDir":"C:\\workspace\\claude\\forgecraft-mcp\\tests\\fixtures\\metrics-project"}
{"timestamp":"2026-03-28T01:43:50.633Z","level":"INFO","service":"forgecraft","module":"analyzers/language-detector","message":"No language indicators found, defaulting to typescript","projectDir":"C:\\workspace\\claude\\forgecraft-mcp\\tests\\fixtures\\metrics-project"}
{"timestamp":"2026-03-28T01:43:50.637Z","level":"INFO","service":"forgecraft","module":"analyzers/language-detector","message":"No language indicators found, defaulting to typescript","projectDir":"C:\\workspace\\claude\\forgecraft-mcp\\tests\\fixtures\\metrics-project"}
 [32mΓ£ô[39m tests/tools/metrics.test.ts[2m > [22mmetricsHandler[2m > [22mreport contains Summary section[32m 126[2mms[22m[39m
{"timestamp":"2026-03-28T01:43:50.642Z","level":"INFO","service":"forgecraft","module":"analyzers/language-detector","message":"No language indicators found, defaulting to typescript","projectDir":"C:\\workspace\\claude\\forgecraft-mcp\\tests\\fixtures\\metrics-project"}
{"timestamp":"2026-03-28T01:43:50.671Z","level":"INFO","service":"forgecraft","module":"analyzers/language-detector","message":"No language indicators found, defaulting to typescript","projectDir":"C:\\workspace\\claude\\forgecraft-mcp\\tests\\fixtures\\metrics-project"}
{"timestamp":"2026-03-28T01:43:50.684Z","level":"INFO","service":"forgecraft","module":"analyzers/language-detector","message":"No language indicators found, defaulting to typescript","projectDir":"C:\\workspace\\claude\\forgecraft-mcp\\tests\\fixtures\\metrics-project"}
{"timestamp":"2026-03-28T01:43:50.686Z","level":"INFO","service":"forgecraft","module":"analyzers/language-detector","message":"No language indicators found, defaulting to typescript","projectDir":"C:\\workspace\\claude\\forgecraft-mcp\\tests\\fixtures\\metrics-project"}
{"timestamp":"2026-03-28T01:43:50.689Z","level":"INFO","service":"forgecraft","module":"analyzers/language-detector","message":"No language indicators found, defaulting to typescript","projectDir":"C:\\workspace\\claude\\forgecraft-mcp\\tests\\fixtures\\metrics-project"}
 [32mΓ£ô[39m tests/tools/generate-roadmap.test.ts[2m > [22mgenerateRoadmapHandler[2m > [22mgenerate_roadmap writes session prompt stubs for each Phase 1 item[32m 184[2mms[22m[39m
{"timestamp":"2026-03-28T01:43:50.775Z","level":"INFO","service":"forgecraft","module":"analyzers/language-detector","message":"No language indicators found, defaulting to typescript","projectDir":"C:\\workspace\\claude\\forgecraft-mcp\\tests\\fixtures\\metrics-project"}
{"timestamp":"2026-03-28T01:43:50.796Z","level":"INFO","service":"forgecraft","module":"analyzers/language-detector","message":"No language indicators found, defaulting to typescript","projectDir":"C:\\workspace\\claude\\forgecraft-mcp\\tests\\fixtures\\metrics-project"}
{"timestamp":"2026-03-28T01:43:50.799Z","level":"INFO","service":"forgecraft","module":"analyzers/language-detector","message":"No language indicators found, defaulting to typescript","projectDir":"C:\\workspace\\claude\\forgecraft-mcp\\tests\\fixtures\\metrics-project"}
 [32mΓ£ô[39m tests/tools/metrics.test.ts[2m > [22mmetricsHandler[2m > [22mreport contains coverage data from fixture[32m 49[2mms[22m[39m
 [32mΓ£ô[39m tests/tools/metrics.test.ts[2m > [22mmetricsHandler[2m > [22mreport shows LOC count[32m 114[2mms[22m[39m
{"timestamp":"2026-03-28T01:43:50.810Z","level":"INFO","service":"forgecraft","module":"analyzers/language-detector","message":"No language indicators found, defaulting to typescript","projectDir":"C:\\workspace\\claude\\forgecraft-mcp\\tests\\fixtures\\metrics-project"}
 [32mΓ£ô[39m tests/tools/check-cascade-stubs.test.ts[2m > [22mcheckCascadeHandler: cascade config warnings[2m > [22mdoes NOT include no-cascade-config warning when decisions are configured[32m 187[2mms[22m[39m
{"timestamp":"2026-03-28T01:43:50.836Z","level":"INFO","service":"forgecraft","module":"analyzers/language-detector","message":"No language indicators found, defaulting to typescript","projectDir":"C:\\workspace\\claude\\forgecraft-mcp\\tests\\fixtures\\metrics-project"}
{"timestamp":"2026-03-28T01:43:50.840Z","level":"INFO","service":"forgecraft","module":"analyzers/language-detector","message":"No language indicators found, defaulting to typescript","projectDir":"C:\\workspace\\claude\\forgecraft-mcp\\tests\\fixtures\\metrics-project"}
{"timestamp":"2026-03-28T01:43:50.842Z","level":"INFO","service":"forgecraft","module":"analyzers/language-detector","message":"No language indicators found, defaulting to typescript","projectDir":"C:\\workspace\\claude\\forgecraft-mcp\\tests\\fixtures\\metrics-project"}
{"timestamp":"2026-03-28T01:43:50.852Z","level":"INFO","service":"forgecraft","module":"analyzers/language-detector","message":"No language indicators found, defaulting to typescript","projectDir":"C:\\workspace\\claude\\forgecraft-mcp\\tests\\fixtures\\metrics-project"}
 [32mΓ£ô[39m tests/tools/check-cascade-stubs.test.ts[2m > [22mcheckCascadeHandler: cascade config warnings[2m > [22mshows SKIP in the step report with Γùï SKIP icon[33m 389[2mms[22m[39m
 [32mΓ£ô[39m tests/tools/check-cascade-stubs.test.ts[2m > [22mrunCascadeChecks[2m > [22mreturns exactly 5 steps[32m 6[2mms[22m[39m
 [32mΓ£ô[39m tests/tools/check-cascade-stubs.test.ts[2m > [22mrunCascadeChecks[2m > [22mreturns steps numbered 1 through 5 in order[32m 5[2mms[22m[39m
 [32mΓ£ô[39m tests/tools/check-cascade-stubs.test.ts[2m > [22mrunCascadeChecks[2m > [22mevery step has a questions array[32m 4[2mms[22m[39m
 [32mΓ£ô[39m tests/tools/check-cascade-stubs.test.ts[2m > [22mrunCascadeChecks[2m > [22mfailing steps carry specific questions[32m 3[2mms[22m[39m
{"timestamp":"2026-03-28T01:43:50.984Z","level":"INFO","service":"forgecraft","module":"analyzers/language-detector","message":"No language indicators found, defaulting to typescript","projectDir":"C:\\workspace\\claude\\forgecraft-mcp\\tests\\fixtures\\metrics-project"}
 [32mΓ£ô[39m tests/tools/generate-roadmap.test.ts[2m > [22mgenerateRoadmapHandler[2m > [22mgenerate_roadmap is idempotent (does not overwrite existing roadmap)[32m 215[2mms[22m[39m
 [32mΓ£ô[39m tests/tools/generate-roadmap.test.ts[2m > [22mparseUseCaseTitles[2m > [22mreturns generic titles when use-cases.md is absent[32m 4[2mms[22m[39m
{"timestamp":"2026-03-28T01:43:50.990Z","level":"INFO","service":"forgecraft","module":"analyzers/language-detector","message":"No language indicators found, defaulting to typescript","projectDir":"C:\\workspace\\claude\\forgecraft-mcp\\tests\\fixtures\\metrics-project"}
{"timestamp":"2026-03-28T01:43:50.993Z","level":"INFO","service":"forgecraft","module":"analyzers/language-detector","message":"No language indicators found, defaulting to typescript","projectDir":"C:\\workspace\\claude\\forgecraft-mcp\\tests\\fixtures\\metrics-project"}
 [32mΓ£ô[39m tests/tools/metrics.test.ts[2m > [22mmetricsHandler[2m > [22mreport contains layer violation when present[32m 49[2mms[22m[39m
 [32mΓ£ô[39m tests/tools/metrics.test.ts[2m > [22mmetricsHandler[2m > [22mskips mutation section when include_mutation=false[32m 144[2mms[22m[39m
{"timestamp":"2026-03-28T01:43:50.996Z","level":"INFO","service":"forgecraft","module":"analyzers/language-detector","message":"No language indicators found, defaulting to typescript","projectDir":"C:\\workspace\\claude\\forgecraft-mcp\\tests\\fixtures\\metrics-project"}
 [32mΓ£ô[39m tests/tools/generate-roadmap.test.ts[2m > [22mparseUseCaseTitles[2m > [22mparses UC headings with colon separator[32m 94[2mms[22m[39m
 [32mΓ£ô[39m tests/tools/generate-roadmap.test.ts[2m > [22mparseUseCaseTitles[2m > [22mfalls back to generic when use-cases.md has no UC headings[32m 58[2mms[22m[39m
 [32mΓ£ô[39m tests/tools/generate-roadmap.test.ts[2m > [22mbuildRoadmapContent[2m > [22mincludes project name in the heading[32m 1[2mms[22m[39m
 [32mΓ£ô[39m tests/tools/generate-roadmap.test.ts[2m > [22mbuildRoadmapContent[2m > [22mincludes the spec file path in the footer[32m 0[2mms[22m[39m
 [32mΓ£ô[39m tests/tools/generate-roadmap.test.ts[2m > [22mbuildSessionPromptStub[2m > [22mincludes the RM id and UC id in the stub[32m 0[2mms[22m[39m
 [32mΓ£ô[39m tests/tools/generate-roadmap.test.ts[2m > [22mreadProjectName[2m > [22mreads project_name from forgecraft.yaml[32m 7[2mms[22m[39m
 [32mΓ£ô[39m tests/tools/generate-roadmap.test.ts[2m > [22mreadProjectName[2m > [22mfalls back to PRD.md first heading[32m 11[2mms[22m[39m
 [32mΓ£ô[39m tests/tools/generate-roadmap.test.ts[2m > [22mreadProjectName[2m > [22mfalls back to directory name when no config or PRD[32m 3[2mms[22m[39m
{"timestamp":"2026-03-28T01:43:51.075Z","level":"INFO","service":"forgecraft","module":"analyzers/language-detector","message":"No language indicators found, defaulting to typescript","projectDir":"C:\\workspace\\claude\\forgecraft-mcp\\tests\\fixtures\\metrics-project"}
{"timestamp":"2026-03-28T01:43:51.088Z","level":"INFO","service":"forgecraft","module":"analyzers/language-detector","message":"No language indicators found, defaulting to typescript","projectDir":"C:\\workspace\\claude\\forgecraft-mcp\\tests\\fixtures\\metrics-project"}
{"timestamp":"2026-03-28T01:43:51.090Z","level":"INFO","service":"forgecraft","module":"analyzers/language-detector","message":"No language indicators found, defaulting to typescript","projectDir":"C:\\workspace\\claude\\forgecraft-mcp\\tests\\fixtures\\metrics-project"}
{"timestamp":"2026-03-28T01:43:51.093Z","level":"INFO","service":"forgecraft","module":"analyzers/language-detector","message":"No language indicators found, defaulting to typescript","projectDir":"C:\\workspace\\claude\\forgecraft-mcp\\tests\\fixtures\\metrics-project"}
{"timestamp":"2026-03-28T01:43:51.117Z","level":"INFO","service":"forgecraft","module":"analyzers/language-detector","message":"No language indicators found, defaulting to typescript","projectDir":"C:\\workspace\\claude\\forgecraft-mcp\\tests\\fixtures\\metrics-project"}
{"timestamp":"2026-03-28T01:43:51.123Z","level":"INFO","service":"forgecraft","module":"analyzers/language-detector","message":"No language indicators found, defaulting to typescript","projectDir":"C:\\workspace\\claude\\forgecraft-mcp\\tests\\fixtures\\metrics-project"}
{"timestamp":"2026-03-28T01:43:51.127Z","level":"INFO","service":"forgecraft","module":"analyzers/language-detector","message":"No language indicators found, defaulting to typescript","projectDir":"C:\\workspace\\claude\\forgecraft-mcp\\tests\\fixtures\\metrics-project"}
 [32mΓ£ô[39m tests/tools/metrics.test.ts[2m > [22mmetricsHandler[2m > [22mshows install hints for missing tools[32m 97[2mms[22m[39m
 [32mΓ£ô[39m tests/tools/metrics.test.ts[2m > [22mmetricsHandler[2m > [22maccepts explicit coverage_dir[32m 37[2mms[22m[39m
 [32mΓ£ô[39m tests/tools/metrics.test.ts[2m > [22mbuildMetricsReport[2m > [22mincludes project dir in heading[32m 1[2mms[22m[39m
 [32mΓ£ô[39m tests/tools/metrics.test.ts[2m > [22mbuildMetricsReport[2m > [22mshows N/A badge for unavailable probes[32m 0[2mms[22m[39m
 [32mΓ£ô[39m tests/tools/metrics.test.ts[2m > [22mbuildMetricsReport[2m > [22mshows green badge for zero layer violations[32m 0[2mms[22m[39m
 [32mΓ£ô[39m tests/tools/metrics.test.ts[2m > [22mbuildMetricsReport[2m > [22mshows red badge for layer violations > 0[32m 1[2mms[22m[39m
 [32mΓ£ô[39m tests/tools/metrics.test.ts[2m > [22mbuildMetricsReport[2m > [22mshows red badge for coverage below 75%[32m 0[2mms[22m[39m
{"timestamp":"2026-03-28T01:43:51.221Z","level":"INFO","service":"forgecraft","module":"analyzers/project-context","message":"Project context detected","projectDir":"C:\\Users\\JC\\AppData\\Local\\Temp\\forgecraft-refresh-test-1774662228359","repoUrl":"not found","framework":"not detected","hasDomain":false,"sensitiveData":"NO"}
 [32mΓ£ô[39m tests/tools/add-module.test.ts[2m > [22maddModuleHandler[2m > [22mTypeScript module scaffolding[2m > [22mcreates src/modules/<name>/ directory[32m 36[2mms[22m[39m
 [32mΓ£ô[39m tests/tools/add-module.test.ts[2m > [22maddModuleHandler[2m > [22mTypeScript module scaffolding[2m > [22mgenerates at least one TypeScript file in the module directory[32m 42[2mms[22m[39m
{"timestamp":"2026-03-28T01:43:51.247Z","level":"INFO","service":"forgecraft","module":"registry/loader","message":"Templates loaded","tagCount":24,"tags":["ANALYTICS","API","CLI","DATA-LINEAGE","DATA-PIPELINE","FINTECH","GAME","HEALTHCARE","HIPAA","INFRA","LIBRARY","MEDALLION-ARCHITECTURE","ML","MOBILE","OBSERVABILITY-XRAY","REALTIME","SOC2","SOCIAL","STATE-MACHINE","UNIVERSAL","WEB-REACT","WEB-STATIC","WEB3","ZERO-TRUST"]}
{"timestamp":"2026-03-28T01:43:51.248Z","level":"INFO","service":"forgecraft","module":"registry/composer","message":"Templates composed","tags":["UNIVERSAL"],"tier":"recommended","instructionBlocks":37,"structureEntries":20,"nfrBlocks":4,"hooks":13,"skills":8,"reviewBlocks":5,"referenceBlocks":8,"playbooks":0,"verificationStrategies":1}
 [32mΓ£ô[39m tests/tools/refresh-project.test.ts[2m > [22mrefreshProjectHandler[2m > [22mapply=true (write changes)[2m > [22mwrites CLAUDE.md when apply=true[33m 2930[2mms[22m[39m
{"timestamp":"2026-03-28T01:43:51.359Z","level":"INFO","service":"forgecraft","module":"tools/refresh-project","message":"Refresh project starting","projectDir":"C:\\Users\\JC\\AppData\\Local\\Temp\\forgecraft-refresh-test-1774662231344","apply":true}
 [32mΓ£ô[39m tests/tools/add-module.test.ts[2m > [22maddModuleHandler[2m > [22mTypeScript module scaffolding[2m > [22mreturns response listing created files[32m 85[2mms[22m[39m
 [32mΓ£ô[39m tests/tools/add-module.test.ts[2m > [22maddModuleHandler[2m > [22mTypeScript module scaffolding[2m > [22mnormalises module name to kebab-case[32m 49[2mms[22m[39m
 [32mΓ£ô[39m tests/tools/contribute-gate.test.ts[2m > [22mcontributeGates[2m > [22mreturns empty result when contribute_gates is false (not set)[32m 30[2mms[22m[39m
 [32mΓ£ô[39m tests/tools/contribute-gate.test.ts[2m > [22mcontributeGates[2m > [22mskips gates with empty evidence[32m 58[2mms[22m[39m
 [32mΓ£ô[39m tests/shared/cnt-health.test.ts[2m > [22mdetectCntDrift[2m > [22mreturns hasCnt: false when .claude/index.md does not exist[32m 9[2mms[22m[39m
 [32mΓ£ô[39m tests/shared/cnt-health.test.ts[2m > [22mdetectCntDrift[2m > [22mdetects stale CNT node when domain has no matching src/ directory[32m 54[2mms[22m[39m
 [32mΓ£ô[39m tests/tools/add-module.test.ts[2m > [22maddModuleHandler[2m > [22mTypeScript module scaffolding[2m > [22mAPI tag produces service file with API patterns[32m 95[2mms[22m[39m
 [32mΓ£ô[39m tests/tools/add-module.test.ts[2m > [22maddModuleHandler[2m > [22mPython module scaffolding[2m > [22mcreates src/<name>/ directory for Python[32m 77[2mms[22m[39m
{"timestamp":"2026-03-28T01:43:51.484Z","level":"INFO","service":"forgecraft","module":"registry/loader","message":"Templates loaded","tagCount":24,"tags":["ANALYTICS","API","CLI","DATA-LINEAGE","DATA-PIPELINE","FINTECH","GAME","HEALTHCARE","HIPAA","INFRA","LIBRARY","MEDALLION-ARCHITECTURE","ML","MOBILE","OBSERVABILITY-XRAY","REALTIME","SOC2","SOCIAL","STATE-MACHINE","UNIVERSAL","WEB-REACT","WEB-STATIC","WEB3","ZERO-TRUST"]}
{"timestamp":"2026-03-28T01:43:51.485Z","level":"INFO","service":"forgecraft","module":"registry/mcp-discovery","message":"Loaded local MCP server recommendations","count":1,"tags":["ML"]}
{"timestamp":"2026-03-28T01:43:51.502Z","level":"INFO","service":"forgecraft","module":"tools/registry-refresh","message":"Registry sync complete","added":17,"updated":0,"retired":0}
{"timestamp":"2026-03-28T01:43:51.502Z","level":"INFO","service":"forgecraft","module":"analyzers/package-json","message":"Project analysis complete","projectDir":"C:\\Users\\JC\\AppData\\Local\\Temp\\forgecraft-refresh-test-1774662231344","detections":0,"tags":[]}
{"timestamp":"2026-03-28T01:43:51.503Z","level":"INFO","service":"forgecraft","module":"analyzers/completeness","message":"Completeness check done","passing":0,"failing":8}
 [32mΓ£ô[39m tests/tools/contribute-gate.test.ts[2m > [22mcontributeGates[2m > [22mskips already-submitted gates[32m 92[2mms[22m[39m
 [32mΓ£ô[39m tests/tools/contribute-gate.test.ts[2m > [22mcontributeGates[2m > [22mwith dryRun:true returns pending without calling fetch[32m 22[2mms[22m[39m
 [32mΓ£ô[39m tests/tools/add-module.test.ts[2m > [22maddModuleHandler[2m > [22mPython module scaffolding[2m > [22mgenerates __init__.py in module directory[32m 39[2mms[22m[39m
 [32mΓ£ô[39m tests/tools/add-module.test.ts[2m > [22maddModuleHandler[2m > [22mPython module scaffolding[2m > [22mreturns response listing created Python files[32m 23[2mms[22m[39m
 [32mΓ£ô[39m tests/shared/cnt-health.test.ts[2m > [22mdetectCntDrift[2m > [22mdetects uncovered module when src/ dir has no CNT node[32m 111[2mms[22m[39m
 [32mΓ£ô[39m tests/shared/cnt-health.test.ts[2m > [22mdetectCntDrift[2m > [22mreports no drift when all modules are covered[32m 60[2mms[22m[39m
 [32mΓ£ô[39m tests/shared/cnt-health.test.ts[2m > [22mdetectCntDrift[2m > [22mincludes message when drift exists[32m 25[2mms[22m[39m
 [32mΓ£ô[39m tests/tools/contribute-gate.test.ts[2m > [22mcontributeGates[2m > [22mrecords pending to .forgecraft/pending-contributions.json on server failure[32m 37[2mms[22m[39m
 [32mΓ£ô[39m tests/tools/contribute-gate.test.ts[2m > [22mcontributeGates[2m > [22mrecords submission to .forgecraft/contributions.json on success[32m 29[2mms[22m[39m
 [32mΓ£ô[39m tests/tools/contribute-gate.test.ts[2m > [22mcontributeGates[2m > [22mskips gate when convergenceAttributes has failing attributes[32m 16[2mms[22m[39m
 [32mΓ£ô[39m tests/tools/contribute-gate.test.ts[2m > [22mcontributeGates[2m > [22mallows gate when all five convergenceAttributes are true[32m 39[2mms[22m[39m
 [32mΓ£ô[39m tests/shared/cnt-health.test.ts[2m > [22mauditCntHealth[2m > [22mreturns hasCnt: false when .claude/index.md does not exist[32m 4[2mms[22m[39m
 [32mΓ£ô[39m tests/shared/cnt-health.test.ts[2m > [22mauditCntHealth[2m > [22mreports issue when CLAUDE.md has more than 3 lines[32m 18[2mms[22m[39m
 [32mΓ£ô[39m tests/tools/contribute-gate.test.ts[2m > [22mcontributeGates[2m > [22mallows gate with no convergenceAttributes (backward compat)[32m 29[2mms[22m[39m
 [32mΓ£ô[39m tests/tools/contribute-gate.test.ts[2m > [22mcontributeGates[2m > [22msubmitGate includes experimentId in payload when provided[32m 139[2mms[22m[39m
 [32mΓ£ô[39m tests/shared/cnt-health.test.ts[2m > [22mauditCntHealth[2m > [22mreports issue when .claude/core.md has more than 50 lines[32m 93[2mms[22m[39m
{"timestamp":"2026-03-28T01:43:51.888Z","level":"INFO","service":"forgecraft","module":"analyzers/project-context","message":"Project context detected","projectDir":"C:\\Users\\JC\\AppData\\Local\\Temp\\forgecraft-setup-test-1774662230479","repoUrl":"not found","framework":"not detected","hasDomain":false,"sensitiveData":"NO"}
{"timestamp":"2026-03-28T01:43:51.901Z","level":"INFO","service":"forgecraft","module":"registry/loader","message":"Templates loaded","tagCount":24,"tags":["ANALYTICS","API","CLI","DATA-LINEAGE","DATA-PIPELINE","FINTECH","GAME","HEALTHCARE","HIPAA","INFRA","LIBRARY","MEDALLION-ARCHITECTURE","ML","MOBILE","OBSERVABILITY-XRAY","REALTIME","SOC2","SOCIAL","STATE-MACHINE","UNIVERSAL","WEB-REACT","WEB-STATIC","WEB3","ZERO-TRUST"]}
{"timestamp":"2026-03-28T01:43:51.901Z","level":"INFO","service":"forgecraft","module":"registry/mcp-discovery","message":"Loaded local MCP server recommendations","count":1,"tags":["MOBILE"]}
 [32mΓ£ô[39m tests/shared/cnt-health.test.ts[2m > [22mauditCntHealth[2m > [22mreports leaf violation when standards file has more than 30 lines[32m 104[2mms[22m[39m
 [32mΓ£ô[39m tests/shared/cnt-health.test.ts[2m > [22mauditCntHealth[2m > [22mskips scaffold-generated files from leaf violation check[32m 27[2mms[22m[39m
 [32mΓ£ô[39m tests/tools/scaffold.test.ts[2m > [22mscaffoldProjectHandler[2m > [22mactual scaffolding[2m > [22mcreates Status.md in project_dir[33m 3623[2mms[22m[39m
 [32mΓ£ô[39m tests/shared/cnt-health.test.ts[2m > [22mauditCntHealth[2m > [22mstill flags user-created files that exceed 30 lines[32m 151[2mms[22m[39m
 [32mΓ£ô[39m tests/shared/cnt-health.test.ts[2m > [22mauditCntHealth[2m > [22mreturns score 100 when all checks pass[32m 48[2mms[22m[39m
 [32mΓ£ô[39m tests/tools/set-cascade-requirement.test.ts[2m > [22msetCascadeRequirementHandler[2m > [22mcreates forgecraft.yaml when missing[2m > [22mcreates forgecraft.yaml if it does not exist[32m 70[2mms[22m[39m
 [32mΓ£ô[39m tests/tools/communication-protocol.test.ts[2m > [22mformatAmbiguity[2m > [22mstarts with the ΓÜí Ambiguity prefix and field name[32m 3[2mms[22m[39m
 [32mΓ£ô[39m tests/tools/communication-protocol.test.ts[2m > [22mformatAmbiguity[2m > [22mincludes the understood_as value[32m 1[2mms[22m[39m
 [32mΓ£ô[39m tests/tools/communication-protocol.test.ts[2m > [22mformatAmbiguity[2m > [22mincludes the understood_example with ΓåÆ prefix[32m 0[2mms[22m[39m
 [32mΓ£ô[39m tests/tools/communication-protocol.test.ts[2m > [22mformatAmbiguity[2m > [22mincludes all alternatives with 'Alternative:' prefix[32m 1[2mms[22m[39m
 [32mΓ£ô[39m tests/tools/communication-protocol.test.ts[2m > [22mformatAmbiguity[2m > [22mincludes the resolution_hint with 'To resolve:' prefix[32m 0[2mms[22m[39m
 [32mΓ£ô[39m tests/tools/communication-protocol.test.ts[2m > [22mformatAmbiguity[2m > [22mformats correctly with no alternatives[32m 1[2mms[22m[39m
 [32mΓ£ô[39m tests/tools/communication-protocol.test.ts[2m > [22mapplyAmbiguityFormatting[2m > [22mreturns the result unchanged when there are no ambiguities[32m 1[2mms[22m[39m
 [32mΓ£ô[39m tests/tools/communication-protocol.test.ts[2m > [22mapplyAmbiguityFormatting[2m > [22mreturns the result unchanged when ambiguities array is empty[32m 0[2mms[22m[39m
 [32mΓ£ô[39m tests/tools/communication-protocol.test.ts[2m > [22mapplyAmbiguityFormatting[2m > [22mprepends ambiguity blocks before the existing text[32m 1[2mms[22m[39m
 [32mΓ£ô[39m tests/tools/communication-protocol.test.ts[2m > [22mapplyAmbiguityFormatting[2m > [22mseparates ambiguity section from main content with a divider[32m 0[2mms[22m[39m
 [32mΓ£ô[39m tests/tools/communication-protocol.test.ts[2m > [22mapplyAmbiguityFormatting[2m > [22mformats multiple ambiguities, each with ΓÜí prefix[32m 0[2mms[22m[39m
 [32mΓ£ô[39m tests/tools/communication-protocol.test.ts[2m > [22mapplyAmbiguityFormatting[2m > [22mpreserves additional content items beyond the first[32m 2[2mms[22m[39m
{"timestamp":"2026-03-28T01:43:52.093Z","level":"INFO","service":"forgecraft","module":"tools/generate-adr","message":"Created docs/adrs/ directory","adrDir":"C:\\Users\\JC\\AppData\\Local\\Temp\\forgecraft-adr-test-1774662232089\\docs\\adrs"}
{"timestamp":"2026-03-28T01:43:52.102Z","level":"INFO","service":"forgecraft","module":"tools/generate-adr","message":"ADR written","filePath":"C:\\Users\\JC\\AppData\\Local\\Temp\\forgecraft-adr-test-1774662232089\\docs\\adrs\\0001-use-postgresql-for-primary-storage.md","number":1}
{"timestamp":"2026-03-28T01:43:52.136Z","level":"INFO","service":"forgecraft","module":"tools/generate-adr","message":"Created docs/adrs/ directory","adrDir":"C:\\Users\\JC\\AppData\\Local\\Temp\\forgecraft-adr-test-1774662232112\\docs\\adrs"}
{"timestamp":"2026-03-28T01:43:52.153Z","level":"INFO","service":"forgecraft","module":"tools/generate-adr","message":"ADR written","filePath":"C:\\Users\\JC\\AppData\\Local\\Temp\\forgecraft-adr-test-1774662232112\\docs\\adrs\\0001-use-postgresql-for-primary-storage.md","number":1}
{"timestamp":"2026-03-28T01:43:52.172Z","level":"INFO","service":"forgecraft","module":"tools/generate-adr","message":"Created docs/adrs/ directory","adrDir":"C:\\Users\\JC\\AppData\\Local\\Temp\\forgecraft-adr-test-1774662232160\\docs\\adrs"}
{"timestamp":"2026-03-28T01:43:52.176Z","level":"INFO","service":"forgecraft","module":"tools/generate-adr","message":"ADR written","filePath":"C:\\Users\\JC\\AppData\\Local\\Temp\\forgecraft-adr-test-1774662232160\\docs\\adrs\\0001-first-decision.md","number":1}
{"timestamp":"2026-03-28T01:43:52.180Z","level":"INFO","service":"forgecraft","module":"tools/generate-adr","message":"ADR written","filePath":"C:\\Users\\JC\\AppData\\Local\\Temp\\forgecraft-adr-test-1774662232160\\docs\\adrs\\0002-second-decision.md","number":2}
 [32mΓ£ô[39m tests/tools/set-cascade-requirement.test.ts[2m > [22msetCascadeRequirementHandler[2m > [22mcreates forgecraft.yaml when missing[2m > [22mwrites the cascade.steps array into the new file[32m 45[2mms[22m[39m
 [32mΓ£ô[39m tests/tools/generate-adr.test.ts[2m > [22mgenerateAdrHandler[2m > [22mcreates docs/adrs/ directory if it does not exist[32m 24[2mms[22m[39m
 [32mΓ£ô[39m tests/tools/generate-adr.test.ts[2m > [22mgenerateAdrHandler[2m > [22mwrites an ADR file with auto-sequenced number 0001 for first ADR[32m 49[2mms[22m[39m
 [32mΓ£ô[39m tests/tools/communication-protocol.test.ts[2m > [22mgenerateSessionPromptHandler ambiguity detection[2m > [22madds an ambiguity when item_description is fewer than 30 chars and cascade is complete[32m 150[2mms[22m[39m
{"timestamp":"2026-03-28T01:43:52.191Z","level":"INFO","service":"forgecraft","module":"tools/generate-adr","message":"Created docs/adrs/ directory","adrDir":"C:\\Users\\JC\\AppData\\Local\\Temp\\forgecraft-adr-test-1774662232188\\docs\\adrs"}
{"timestamp":"2026-03-28T01:43:52.195Z","level":"INFO","service":"forgecraft","module":"tools/generate-adr","message":"ADR written","filePath":"C:\\Users\\JC\\AppData\\Local\\Temp\\forgecraft-adr-test-1774662232188\\docs\\adrs\\0001-use-redis-for-caching.md","number":1}
{"timestamp":"2026-03-28T01:43:52.205Z","level":"INFO","service":"forgecraft","module":"tools/generate-adr","message":"Created docs/adrs/ directory","adrDir":"C:\\Users\\JC\\AppData\\Local\\Temp\\forgecraft-adr-test-1774662232201\\docs\\adrs"}
{"timestamp":"2026-03-28T01:43:52.208Z","level":"INFO","service":"forgecraft","module":"tools/generate-adr","message":"ADR written","filePath":"C:\\Users\\JC\\AppData\\Local\\Temp\\forgecraft-adr-test-1774662232201\\docs\\adrs\\0001-use-redis-for-caching.md","number":1}
{"timestamp":"2026-03-28T01:43:52.217Z","level":"INFO","service":"forgecraft","module":"tools/generate-adr","message":"Created docs/adrs/ directory","adrDir":"C:\\Users\\JC\\AppData\\Local\\Temp\\forgecraft-adr-test-1774662232215\\docs\\adrs"}
{"timestamp":"2026-03-28T01:43:52.221Z","level":"INFO","service":"forgecraft","module":"tools/generate-adr","message":"ADR written","filePath":"C:\\Users\\JC\\AppData\\Local\\Temp\\forgecraft-adr-test-1774662232215\\docs\\adrs\\0001-use-redis-for-caching.md","number":1}
 [32mΓ£ô[39m tests/artifacts/adr.test.ts[2m > [22mAdrArtifact[2m > [22mGenerativeSpec identity[2m > [22mhas_correct_specId[32m 6[2mms[22m[39m
 [32mΓ£ô[39m tests/artifacts/adr.test.ts[2m > [22mAdrArtifact[2m > [22mGenerativeSpec identity[2m > [22mhas_non_empty_covers_and_excludes[32m 4[2mms[22m[39m
 [32mΓ£ô[39m tests/artifacts/adr.test.ts[2m > [22mAdrArtifact[2m > [22mGenerativeSpec identity[2m > [22mexposes_three_quality_gates[32m 3[2mms[22m[39m
 [32mΓ£ô[39m tests/artifacts/adr.test.ts[2m > [22mAdrArtifact[2m > [22misInScope[2m > [22mmatches_adr_markdown_files[32m 2[2mms[22m[39m
 [32mΓ£ô[39m tests/artifacts/adr.test.ts[2m > [22mAdrArtifact[2m > [22misInScope[2m > [22mrejects_files_outside_adr_dir[32m 2[2mms[22m[39m
 [32mΓ£ô[39m tests/artifacts/adr.test.ts[2m > [22mAdrArtifact[2m > [22misInScope[2m > [22mrejects_non_markdown_in_adr_dir[32m 2[2mms[22m[39m
 [32mΓ£ô[39m tests/artifacts/adr.test.ts[2m > [22mAdrArtifact[2m > [22mgates[2m > [22madr_dir_exists_gate_fails_when_missing[32m 3[2mms[22m[39m
 [32mΓ£ô[39m tests/artifacts/adr.test.ts[2m > [22mAdrArtifact[2m > [22mgates[2m > [22madr_dir_exists_gate_passes_when_present[32m 36[2mms[22m[39m
 [32mΓ£ô[39m tests/artifacts/adr.test.ts[2m > [22mAdrArtifact[2m > [22mgates[2m > [22mnaming_convention_gate_passes_for_valid_names[32m 13[2mms[22m[39m
 [32mΓ£ô[39m tests/artifacts/adr.test.ts[2m > [22mAdrArtifact[2m > [22mgates[2m > [22mnaming_convention_gate_fails_for_invalid_names[32m 12[2mms[22m[39m
{"timestamp":"2026-03-28T01:43:52.253Z","level":"INFO","service":"forgecraft","module":"registry/loader","message":"Templates loaded","tagCount":24,"tags":["ANALYTICS","API","CLI","DATA-LINEAGE","DATA-PIPELINE","FINTECH","GAME","HEALTHCARE","HIPAA","INFRA","LIBRARY","MEDALLION-ARCHITECTURE","ML","MOBILE","OBSERVABILITY-XRAY","REALTIME","SOC2","SOCIAL","STATE-MACHINE","UNIVERSAL","WEB-REACT","WEB-STATIC","WEB3","ZERO-TRUST"]}
{"timestamp":"2026-03-28T01:43:52.254Z","level":"INFO","service":"forgecraft","module":"registry/composer","message":"Templates composed","tags":["UNIVERSAL","API"],"tier":"recommended","instructionBlocks":42,"structureEntries":28,"nfrBlocks":5,"hooks":13,"skills":10,"reviewBlocks":9,"referenceBlocks":8,"playbooks":0,"verificationStrategies":2}
{"timestamp":"2026-03-28T01:43:52.254Z","level":"INFO","service":"forgecraft","module":"registry/composer","message":"Templates composed","tags":["UNIVERSAL"],"tier":"recommended","instructionBlocks":37,"structureEntries":20,"nfrBlocks":4,"hooks":13,"skills":8,"reviewBlocks":5,"referenceBlocks":8,"playbooks":0,"verificationStrategies":1}
{"timestamp":"2026-03-28T01:43:52.264Z","level":"INFO","service":"forgecraft","module":"tools/generate-adr","message":"Created docs/adrs/ directory","adrDir":"C:\\Users\\JC\\AppData\\Local\\Temp\\forgecraft-adr-test-1774662232261\\docs\\adrs"}
{"timestamp":"2026-03-28T01:43:52.267Z","level":"INFO","service":"forgecraft","module":"tools/generate-adr","message":"ADR written","filePath":"C:\\Users\\JC\\AppData\\Local\\Temp\\forgecraft-adr-test-1774662232261\\docs\\adrs\\0001-use-redis-for-caching.md","number":1}
{"timestamp":"2026-03-28T01:43:52.277Z","level":"INFO","service":"forgecraft","module":"tools/generate-adr","message":"Created docs/adrs/ directory","adrDir":"C:\\Users\\JC\\AppData\\Local\\Temp\\forgecraft-adr-test-1774662232274\\docs\\adrs"}
{"timestamp":"2026-03-28T01:43:52.281Z","level":"INFO","service":"forgecraft","module":"tools/scaffold","message":"Scaffolding project","tags":["UNIVERSAL"],"projectDir":"C:\\Users\\JC\\AppData\\Local\\Temp\\forgecraft-scaffold-test-1774662232280","dryRun":false,"force":false}
{"timestamp":"2026-03-28T01:43:52.281Z","level":"INFO","service":"forgecraft","module":"tools/generate-adr","message":"ADR written","filePath":"C:\\Users\\JC\\AppData\\Local\\Temp\\forgecraft-adr-test-1774662232274\\docs\\adrs\\0001-use-redis-for-caching.md","number":1}
 [32mΓ£ô[39m tests/tools/generate-adr.test.ts[2m > [22mgenerateAdrHandler[2m > [22msequences second ADR as 0002[32m 28[2mms[22m[39m
 [32mΓ£ô[39m tests/tools/generate-adr.test.ts[2m > [22mgenerateAdrHandler[2m > [22mincludes title as H1 heading with ADR number[32m 13[2mms[22m[39m
 [32mΓ£ô[39m tests/tools/generate-adr.test.ts[2m > [22mgenerateAdrHandler[2m > [22mwrites context when provided[32m 13[2mms[22m[39m
 [32mΓ£ô[39m tests/tools/generate-adr.test.ts[2m > [22mgenerateAdrHandler[2m > [22mwrites TODO placeholder when context is omitted[32m 47[2mms[22m[39m
 [32mΓ£ô[39m tests/tools/generate-adr.test.ts[2m > [22mgenerateAdrHandler[2m > [22mwrites decision when provided[32m 13[2mms[22m[39m
 [32mΓ£ô[39m tests/tools/set-cascade-requirement.test.ts[2m > [22msetCascadeRequirementHandler[2m > [22mupdates existing forgecraft.yaml[2m > [22madds a new step to existing cascade.steps[32m 160[2mms[22m[39m
 [32mΓ£ô[39m tests/tools/set-cascade-requirement.test.ts[2m > [22msetCascadeRequirementHandler[2m > [22mupdates existing forgecraft.yaml[2m > [22mreplaces an existing decision for the same step[32m 11[2mms[22m[39m
 [32mΓ£ô[39m tests/tools/set-cascade-requirement.test.ts[2m > [22msetCascadeRequirementHandler[2m > [22mupdates existing forgecraft.yaml[2m > [22mpreserves other existing config fields[32m 35[2mms[22m[39m
 [32mΓ£ô[39m tests/tools/set-cascade-requirement.test.ts[2m > [22msetCascadeRequirementHandler[2m > [22mdecision fields[2m > [22mrecords required: true correctly[32m 11[2mms[22m[39m
 [32mΓ£ô[39m tests/tools/set-cascade-requirement.test.ts[2m > [22msetCascadeRequirementHandler[2m > [22mdecision fields[2m > [22mrecords required: false correctly[32m 8[2mms[22m[39m
 [32mΓ£ô[39m tests/tools/set-cascade-requirement.test.ts[2m > [22msetCascadeRequirementHandler[2m > [22mdecision fields[2m > [22msets decidedBy to assistant by default[32m 9[2mms[22m[39m
{"timestamp":"2026-03-28T01:43:52.295Z","level":"INFO","service":"forgecraft","module":"tools/generate-adr","message":"Created docs/adrs/ directory","adrDir":"C:\\Users\\JC\\AppData\\Local\\Temp\\forgecraft-adr-test-1774662232290\\docs\\adrs"}
{"timestamp":"2026-03-28T01:43:52.299Z","level":"INFO","service":"forgecraft","module":"tools/generate-adr","message":"ADR written","filePath":"C:\\Users\\JC\\AppData\\Local\\Temp\\forgecraft-adr-test-1774662232290\\docs\\adrs\\0001-use-redis-for-caching.md","number":1}
{"timestamp":"2026-03-28T01:43:52.311Z","level":"INFO","service":"forgecraft","module":"tools/generate-adr","message":"Created docs/adrs/ directory","adrDir":"C:\\Users\\JC\\AppData\\Local\\Temp\\forgecraft-adr-test-1774662232308\\docs\\adrs"}
 [32mΓ£ô[39m tests/tools/communication-protocol.test.ts[2m > [22mgenerateSessionPromptHandler ambiguity detection[2m > [22mambiguity field mentions the original short description[32m 159[2mms[22m[39m
{"timestamp":"2026-03-28T01:43:52.315Z","level":"INFO","service":"forgecraft","module":"tools/generate-adr","message":"ADR written","filePath":"C:\\Users\\JC\\AppData\\Local\\Temp\\forgecraft-adr-test-1774662232308\\docs\\adrs\\0001-use-redis-for-caching.md","number":1}
 [32mΓ£ô[39m tests/artifacts/adr.test.ts[2m > [22mAdrArtifact[2m > [22mgates[2m > [22mnaming_convention_gate_ignores_template_md[32m 26[2mms[22m[39m
 [32mΓ£ô[39m tests/artifacts/adr.test.ts[2m > [22mAdrArtifact[2m > [22mgates[2m > [22mrequired_sections_gate_passes_for_well_formed_adr[32m 12[2mms[22m[39m
 [32mΓ£ô[39m tests/artifacts/adr.test.ts[2m > [22mAdrArtifact[2m > [22mgates[2m > [22mrequired_sections_gate_fails_for_missing_section[32m 14[2mms[22m[39m
 [32mΓ£ô[39m tests/artifacts/adr.test.ts[2m > [22mAdrArtifact[2m > [22mverify[2m > [22mreturns_failure_for_missing_file[32m 2[2mms[22m[39m
 [32mΓ£ô[39m tests/artifacts/adr.test.ts[2m > [22mAdrArtifact[2m > [22mverify[2m > [22mverifies_all_four_required_sections[32m 36[2mms[22m[39m
 [32mΓ£ô[39m tests/artifacts/adr.test.ts[2m > [22mAdrArtifact[2m > [22mverify[2m > [22mreports_missing_section_as_failed[32m 14[2mms[22m[39m
 [32mΓ£ô[39m tests/artifacts/adr.test.ts[2m > [22mAdrArtifact[2m > [22mdefend[2m > [22mresolves_and_returns_gate_results[32m 3[2mms[22m[39m
{"timestamp":"2026-03-28T01:43:52.329Z","level":"INFO","service":"forgecraft","module":"registry/loader","message":"Templates loaded","tagCount":24,"tags":["ANALYTICS","API","CLI","DATA-LINEAGE","DATA-PIPELINE","FINTECH","GAME","HEALTHCARE","HIPAA","INFRA","LIBRARY","MEDALLION-ARCHITECTURE","ML","MOBILE","OBSERVABILITY-XRAY","REALTIME","SOC2","SOCIAL","STATE-MACHINE","UNIVERSAL","WEB-REACT","WEB-STATIC","WEB3","ZERO-TRUST"]}
 [32mΓ£ô[39m tests/registry/loader.test.ts[2m > [22mloader[2m > [22mloadAllTemplates[2m > [22mshould load templates from the templates directory[32m 2[2mms[22m[39m
 [32mΓ£ô[39m tests/registry/loader.test.ts[2m > [22mloader[2m > [22mloadAllTemplates[2m > [22mshould include UNIVERSAL tag[32m 1[2mms[22m[39m
 [32mΓ£ô[39m tests/registry/loader.test.ts[2m > [22mloader[2m > [22mloadAllTemplates[2m > [22mshould include API tag[32m 0[2mms[22m[39m
 [32mΓ£ô[39m tests/registry/loader.test.ts[2m > [22mloader[2m > [22mloadAllTemplates[2m > [22mshould include CLI tag[32m 0[2mms[22m[39m
 [32mΓ£ô[39m tests/registry/loader.test.ts[2m > [22mloader[2m > [22mloadAllTemplates[2m > [22mshould load UNIVERSAL instruction blocks[32m 0[2mms[22m[39m
 [32mΓ£ô[39m tests/registry/loader.test.ts[2m > [22mloader[2m > [22mloadAllTemplates[2m > [22mshould load UNIVERSAL structure entries[32m 0[2mms[22m[39m
 [32mΓ£ô[39m tests/registry/loader.test.ts[2m > [22mloader[2m > [22mloadAllTemplates[2m > [22mshould load UNIVERSAL hooks[32m 0[2mms[22m[39m
 [32mΓ£ô[39m tests/registry/loader.test.ts[2m > [22mloader[2m > [22mloadAllTemplates[2m > [22mshould load UNIVERSAL NFR blocks[32m 0[2mms[22m[39m
 [32mΓ£ô[39m tests/registry/loader.test.ts[2m > [22mloader[2m > [22mloadAllTemplates[2m > [22mshould load UNIVERSAL review blocks[32m 1[2mms[22m[39m
 [32mΓ£ô[39m tests/registry/loader.test.ts[2m > [22mloader[2m > [22mloadAllTemplates[2m > [22mshould load UNIVERSAL reference blocks[32m 0[2mms[22m[39m
 [32mΓ£ô[39m tests/registry/loader.test.ts[2m > [22mloader[2m > [22mloadAllTemplates[2m > [22mshould load reference blocks with expected IDs[32m 2[2mms[22m[39m
 [32mΓ£ô[39m tests/registry/loader.test.ts[2m > [22mloader[2m > [22mloadAllTemplates[2m > [22mshould load review blocks with valid dimensions[32m 1[2mms[22m[39m
 [32mΓ£ô[39m tests/registry/loader.test.ts[2m > [22mloader[2m > [22mloadAllTemplates[2m > [22mshould load API review blocks[32m 0[2mms[22m[39m
 [32mΓ£ô[39m tests/registry/loader.test.ts[2m > [22mloader[2m > [22mloadAllTemplates[2m > [22mshould have correct tag on each template set[32m 1[2mms[22m[39m
 [32mΓ£ô[39m tests/registry/loader.test.ts[2m > [22mloader[2m > [22mloadAllTemplates[2m > [22mshould load API-specific instruction blocks[32m 0[2mms[22m[39m
 [32mΓ£ô[39m tests/registry/loader.test.ts[2m > [22mloader[2m > [22mloadAllTemplates[2m > [22mshould have unique block IDs within a template[32m 1[2mms[22m[39m
 [32mΓ£ô[39m tests/registry/loader.test.ts[2m > [22mloader[2m > [22mloadAllTemplates[2m > [22mshould load skills when skills.yaml exists for a tag[32m 3[2mms[22m[39m
 [32mΓ£ô[39m tests/registry/loader.test.ts[2m > [22mloader[2m > [22mloadAllTemplates[2m > [22mshould have unique skill IDs within a template[32m 1[2mms[22m[39m
 [32mΓ£ô[39m tests/registry/loader.test.ts[2m > [22mloader[2m > [22mloadUserOverrides[2m > [22mshould return null when .forgecraft.json does not exist[32m 1[2mms[22m[39m
{"timestamp":"2026-03-28T01:43:52.373Z","level":"INFO","service":"forgecraft","module":"tools/generate-adr","message":"ADR written","filePath":"C:\\Users\\JC\\AppData\\Local\\Temp\\forgecraft-adr-test-1774662232322\\docs\\adrs\\0004-test-adr.md","number":4}
{"timestamp":"2026-03-28T01:43:52.388Z","level":"INFO","service":"forgecraft","module":"tools/generate-adr","message":"Created docs/adrs/ directory","adrDir":"C:\\Users\\JC\\AppData\\Local\\Temp\\forgecraft-adr-test-1774662232385\\docs\\adrs"}
{"timestamp":"2026-03-28T01:43:52.392Z","level":"INFO","service":"forgecraft","module":"tools/generate-adr","message":"ADR written","filePath":"C:\\Users\\JC\\AppData\\Local\\Temp\\forgecraft-adr-test-1774662232385\\docs\\adrs\\0001-this-is-an-extremely-long-title-that-should-be-truncated-bec.md","number":1}
{"timestamp":"2026-03-28T01:43:52.409Z","level":"INFO","service":"forgecraft","module":"tools/generate-adr","message":"Created docs/adrs/ directory","adrDir":"C:\\Users\\JC\\AppData\\Local\\Temp\\forgecraft-adr-test-1774662232400\\docs\\adrs"}
{"timestamp":"2026-03-28T01:43:52.425Z","level":"INFO","service":"forgecraft","module":"tools/generate-adr","message":"ADR written","filePath":"C:\\Users\\JC\\AppData\\Local\\Temp\\forgecraft-adr-test-1774662232400\\docs\\adrs\\0001-use-event-sourcing.md","number":1}
 [32mΓ£ô[39m tests/tools/generate-adr.test.ts[2m > [22mgenerateAdrHandler[2m > [22mwrites alternatives as bullet list when provided[32m 16[2mms[22m[39m
 [32mΓ£ô[39m tests/tools/generate-adr.test.ts[2m > [22mgenerateAdrHandler[2m > [22mwrites consequences when provided[32m 18[2mms[22m[39m
 [32mΓ£ô[39m tests/tools/generate-adr.test.ts[2m > [22mgenerateAdrHandler[2m > [22mreturns text content with file path and number[32m 14[2mms[22m[39m
 [32mΓ£ô[39m tests/tools/generate-adr.test.ts[2m > [22mgenerateAdrHandler[2m > [22mreturns error when ADR file already exists at computed path[32m 63[2mms[22m[39m
 [32mΓ£ô[39m tests/tools/set-cascade-requirement.test.ts[2m > [22msetCascadeRequirementHandler[2m > [22mdecision fields[2m > [22muses decided_by when provided[32m 18[2mms[22m[39m
 [32mΓ£ô[39m tests/tools/set-cascade-requirement.test.ts[2m > [22msetCascadeRequirementHandler[2m > [22mdecision fields[2m > [22msets decidedAt to today's ISO date[32m 9[2mms[22m[39m
 [32mΓ£ô[39m tests/tools/set-cascade-requirement.test.ts[2m > [22msetCascadeRequirementHandler[2m > [22mreturn message format[2m > [22mreturns a confirmation message with OPTIONAL for required: false[32m 7[2mms[22m[39m
 [32mΓ£ô[39m tests/tools/set-cascade-requirement.test.ts[2m > [22msetCascadeRequirementHandler[2m > [22mreturn message format[2m > [22mreturns a confirmation message with REQUIRED for required: true[32m 8[2mms[22m[39m
 [32mΓ£ô[39m tests/tools/set-cascade-requirement.test.ts[2m > [22msetCascadeRequirementHandler[2m > [22mreturn message format[2m > [22mincludes the rationale in the return message[32m 25[2mms[22m[39m
 [32mΓ£ô[39m tests/tools/communication-protocol.test.ts[2m > [22mgenerateSessionPromptHandler ambiguity detection[2m > [22mambiguity resolution_hint instructs user to pass a more specific description[32m 96[2mms[22m[39m
 [32mΓ£ô[39m tests/tools/set-cascade-requirement.test.ts[2m > [22msetCascadeRequirementHandler[2m > [22mreturn message format[2m > [22msuggests running check_cascade to see updated status[32m 65[2mms[22m[39m
 [32mΓ£ô[39m tests/tools/set-cascade-requirement.test.ts[2m > [22msetCascadeRequirementHandler[2m > [22mreturn message format[2m > [22muses Γùï icon for optional decisions[32m 18[2mms[22m[39m
 [32mΓ£ô[39m tests/tools/set-cascade-requirement.test.ts[2m > [22msetCascadeRequirementHandler[2m > [22mreturn message format[2m > [22muses Γ£ô icon for required decisions[32m 7[2mms[22m[39m
{"timestamp":"2026-03-28T01:43:52.453Z","level":"INFO","service":"forgecraft","module":"tools/generate-adr","message":"Created docs/adrs/ directory","adrDir":"C:\\Users\\JC\\AppData\\Local\\Temp\\forgecraft-adr-test-1774662232451\\docs\\adrs"}
{"timestamp":"2026-03-28T01:43:52.457Z","level":"INFO","service":"forgecraft","module":"tools/generate-adr","message":"ADR written","filePath":"C:\\Users\\JC\\AppData\\Local\\Temp\\forgecraft-adr-test-1774662232451\\docs\\adrs\\0001-use-event-sourcing.md","number":1}
 [32mΓ£ô[39m tests/shared/drift-detector.test.ts[2m > [22mdetectSpecRoadmapDrift[2m > [22mreturns driftDetected: false when no spec file exists[32m 15[2mms[22m[39m
 [32mΓ£ô[39m tests/shared/drift-detector.test.ts[2m > [22mdetectSpecRoadmapDrift[2m > [22mreturns driftDetected: false when no roadmap exists[32m 10[2mms[22m[39m
 [32mΓ£ô[39m tests/tools/generate-adr.test.ts[2m > [22mgenerateAdrHandler[2m > [22mstrips punctuation and truncates slug to 60 characters[32m 15[2mms[22m[39m
 [32mΓ£ô[39m tests/tools/generate-adr.test.ts[2m > [22mgenerateAdrHandler[2m > [22mincludes Status: Proposed and date in rendered content[32m 51[2mms[22m[39m
 [32mΓ£ô[39m tests/tools/generate-adr.test.ts[2m > [22mgenerateAdrHandler[2m > [22mincludes ForgeCraft footer in rendered ADR[32m 12[2mms[22m[39m
{"timestamp":"2026-03-28T01:43:52.467Z","level":"INFO","service":"forgecraft","module":"analyzers/language-detector","message":"No language indicators found, defaulting to typescript","projectDir":"C:\\Users\\JC\\AppData\\Local\\Temp\\forgecraft-test-probes-1774662232444"}
{"timestamp":"2026-03-28T01:43:52.478Z","level":"INFO","service":"forgecraft","module":"analyzers/language-detector","message":"No language indicators found, defaulting to typescript","projectDir":"/nonexistent/path/xyz"}
{"timestamp":"2026-03-28T01:43:52.481Z","level":"INFO","service":"forgecraft","module":"analyzers/language-detector","message":"No language indicators found, defaulting to typescript","projectDir":"C:\\Users\\JC\\AppData\\Local\\Temp\\forgecraft-test-probes-1774662232444"}
{"timestamp":"2026-03-28T01:43:52.487Z","level":"INFO","service":"forgecraft","module":"analyzers/language-detector","message":"No language indicators found, defaulting to typescript","projectDir":"C:\\Users\\JC\\AppData\\Local\\Temp\\forgecraft-test-probes-1774662232444"}
{"timestamp":"2026-03-28T01:43:52.494Z","level":"INFO","service":"forgecraft","module":"analyzers/language-detector","message":"No language indicators found, defaulting to typescript","projectDir":"C:\\Users\\JC\\AppData\\Local\\Temp\\forgecraft-test-probes-1774662232444"}
{"timestamp":"2026-03-28T01:43:52.501Z","level":"INFO","service":"forgecraft","module":"analyzers/language-detector","message":"No language indicators found, defaulting to typescript","projectDir":"C:\\Users\\JC\\AppData\\Local\\Temp\\forgecraft-test-probes-1774662232444"}
{"timestamp":"2026-03-28T01:43:52.547Z","level":"INFO","service":"forgecraft","module":"analyzers/language-detector","message":"No language indicators found, defaulting to typescript","projectDir":"C:\\Users\\JC\\AppData\\Local\\Temp\\forgecraft-test-probes-1774662232444"}
 [32mΓ£ô[39m tests/shared/drift-detector.test.ts[2m > [22mdetectSpecRoadmapDrift[2m > [22mreturns driftDetected: true when spec is newer than roadmap[32m 78[2mms[22m[39m
 [32mΓ£ô[39m tests/shared/drift-detector.test.ts[2m > [22mdetectSpecRoadmapDrift[2m > [22mreturns driftDetected: false when roadmap is newer than spec[32m 70[2mms[22m[39m
 [32mΓ£ô[39m tests/analyzers/code-probes.test.ts[2m > [22mprobeLoc[2m > [22mreturns available: true for valid project directory[32m 14[2mms[22m[39m
 [32mΓ£ô[39m tests/analyzers/code-probes.test.ts[2m > [22mprobeLoc[2m > [22mreturns available: false for non-existent directory[32m 2[2mms[22m[39m
 [32mΓ£ô[39m tests/analyzers/code-probes.test.ts[2m > [22mprobeLoc[2m > [22mcounts .ts source files under src/[32m 6[2mms[22m[39m
 [32mΓ£ô[39m tests/analyzers/code-probes.test.ts[2m > [22mprobeLoc[2m > [22mreports total line count greater than zero[32m 7[2mms[22m[39m
 [32mΓ£ô[39m tests/analyzers/code-probes.test.ts[2m > [22mprobeLoc[2m > [22mreports blank line count[32m 6[2mms[22m[39m
 [32mΓ£ô[39m tests/analyzers/code-probes.test.ts[2m > [22mprobeLoc[2m > [22mreports byExtension breakdown[32m 45[2mms[22m[39m
 [32mΓ£ô[39m tests/analyzers/code-probes.test.ts[2m > [22mprobeLoc[2m > [22mdetects typescript as language for TypeScript project[32m 39[2mms[22m[39m
 [32mΓ£ô[39m tests/tools/communication-protocol.test.ts[2m > [22mgenerateSessionPromptHandler ambiguity detection[2m > [22mdoes NOT add ambiguity when item_description is 30 chars or more[32m 102[2mms[22m[39m
 [32mΓ£ô[39m tests/tools/communication-protocol.test.ts[2m > [22mgenerateSessionPromptHandler ambiguity detection[2m > [22mdoes NOT add ambiguity when cascade is incomplete (do not double-block)[32m 5[2mms[22m[39m
 [32mΓ£ô[39m tests/tools/communication-protocol.test.ts[2m > [22mgenerateSessionPromptHandler ambiguity detection[2m > [22mstill generates the prompt content alongside the ambiguity[32m 170[2mms[22m[39m
{"timestamp":"2026-03-28T01:43:52.627Z","level":"INFO","service":"forgecraft","module":"analyzers/language-detector","message":"No language indicators found, defaulting to typescript","projectDir":"C:\\Users\\JC\\AppData\\Local\\Temp\\forgecraft-test-probes-1774662232444"}
{"timestamp":"2026-03-28T01:43:52.672Z","level":"INFO","service":"forgecraft","module":"analyzers/language-detector","message":"No language indicators found, defaulting to typescript","projectDir":"C:\\Users\\JC\\AppData\\Local\\Temp\\forgecraft-test-probes-1774662232444"}
 [32mΓ£ô[39m tests/shared/drift-detector.test.ts[2m > [22mdetectSpecRoadmapDrift[2m > [22mresolves spec from forgecraft.yaml spec_path when present[32m 59[2mms[22m[39m
 [32mΓ£ô[39m tests/shared/drift-detector.test.ts[2m > [22mdetectSpecRoadmapDrift[2m > [22mresolves spec from docs/specs/ when no spec_path configured[32m 91[2mms[22m[39m
 [32mΓ£ô[39m tests/analyzers/code-probes.test.ts[2m > [22mprobeLoc[2m > [22mskips node_modules and dist directories[32m 65[2mms[22m[39m
 [32mΓ£ô[39m tests/analyzers/code-probes.test.ts[2m > [22mprobeCoverage[2m > [22mwith no coverage report[2m > [22mreturns available: false when no report exists[32m 14[2mms[22m[39m
 [32mΓ£ô[39m tests/analyzers/code-probes.test.ts[2m > [22mprobeCoverage[2m > [22mLCOV format[2m > [22mparses lcov.info and returns line/branch/function percentages[32m 31[2mms[22m[39m
{"timestamp":"2026-03-28T01:43:52.738Z","level":"INFO","service":"forgecraft","module":"registry/loader","message":"Templates loaded","tagCount":24,"tags":["ANALYTICS","API","CLI","DATA-LINEAGE","DATA-PIPELINE","FINTECH","GAME","HEALTHCARE","HIPAA","INFRA","LIBRARY","MEDALLION-ARCHITECTURE","ML","MOBILE","OBSERVABILITY-XRAY","REALTIME","SOC2","SOCIAL","STATE-MACHINE","UNIVERSAL","WEB-REACT","WEB-STATIC","WEB3","ZERO-TRUST"]}
{"timestamp":"2026-03-28T01:43:52.738Z","level":"INFO","service":"forgecraft","module":"registry/mcp-discovery","message":"Loaded local MCP server recommendations","count":1,"tags":["ANALYTICS"]}
{"timestamp":"2026-03-28T01:43:52.807Z","level":"INFO","service":"forgecraft","module":"analyzers/language-detector","message":"No language indicators found, defaulting to typescript","projectDir":"C:\\Users\\JC\\AppData\\Local\\Temp\\forgecraft-test-probes-1774662232444"}
 [32mΓ£ô[39m tests/analyzers/code-probes.test.ts[2m > [22mprobeCoverage[2m > [22mLCOV format[2m > [22mreports the lcov file path[32m 15[2mms[22m[39m
 [32mΓ£ô[39m tests/analyzers/code-probes.test.ts[2m > [22mprobeCoverage[2m > [22mIstanbul JSON format[2m > [22mparses coverage-summary.json when lcov is absent[32m 49[2mms[22m[39m
 [32mΓ£ô[39m tests/analyzers/code-probes.test.ts[2m > [22mprobeCoverage[2m > [22mCobertura XML format[2m > [22mparses cobertura.xml when lcov and istanbul are absent[32m 32[2mms[22m[39m
 [32mΓ£ô[39m tests/analyzers/code-probes.test.ts[2m > [22mprobeLayerViolations[2m > [22mreturns available: true always (pure-fs fallback)[32m 8[2mms[22m[39m
{"timestamp":"2026-03-28T01:43:52.825Z","level":"INFO","service":"forgecraft","module":"analyzers/language-detector","message":"No language indicators found, defaulting to typescript","projectDir":"C:\\Users\\JC\\AppData\\Local\\Temp\\forgecraft-test-probes-1774662232444"}
{"timestamp":"2026-03-28T01:43:52.849Z","level":"INFO","service":"forgecraft","module":"analyzers/language-detector","message":"No language indicators found, defaulting to typescript","projectDir":"C:\\Users\\JC\\AppData\\Local\\Temp\\forgecraft-test-probes-1774662232444"}
{"timestamp":"2026-03-28T01:43:52.860Z","level":"INFO","service":"forgecraft","module":"analyzers/language-detector","message":"No language indicators found, defaulting to typescript","projectDir":"C:\\Users\\JC\\AppData\\Local\\Temp\\forgecraft-test-probes-1774662232444"}
 [32mΓ£ô[39m tests/analyzers/code-probes.test.ts[2m > [22mprobeLayerViolations[2m > [22mreturns zero violations for project with no route directories[32m 19[2mms[22m[39m
 [32mΓ£ô[39m tests/analyzers/code-probes.test.ts[2m > [22mprobeLayerViolations[2m > [22mdetects DB import in routes/ directory[32m 24[2mms[22m[39m
 [32mΓ£ô[39m tests/analyzers/code-probes.test.ts[2m > [22mprobeLayerViolations[2m > [22mdoes not report violations outside route directories[32m 13[2mms[22m[39m
[90mstdout[2m | tests/http-server-contribute.test.ts[2m > [22m[2mPOST /contribute/gate[2m > [22m[2mreturns 200 with issueUrl when GitHub API succeeds
[22m[39mGate proposal submitted: no-raw-sql ΓåÆ https://github.com/jghiringhelli/quality-gates/issues/42

stderr | tests/http-server-contribute.test.ts > POST /contribute/gate > returns 502 when GitHub API returns an error status
GitHub API error 403: Forbidden

 [32mΓ£ô[39m tests/http-server-contribute.test.ts[2m > [22mPOST /contribute/gate[2m > [22mreturns 503 when GITHUB_TOKEN is not set[33m 694[2mms[22m[39m
 [32mΓ£ô[39m tests/http-server-contribute.test.ts[2m > [22mPOST /contribute/gate[2m > [22mreturns 422 when gate payload is missing evidence[32m 22[2mms[22m[39m
 [32mΓ£ô[39m tests/http-server-contribute.test.ts[2m > [22mPOST /contribute/gate[2m > [22mreturns 200 with issueUrl when GitHub API succeeds[32m 17[2mms[22m[39m
 [32mΓ£ô[39m tests/http-server-contribute.test.ts[2m > [22mPOST /contribute/gate[2m > [22mreturns 502 when GitHub API returns an error status[32m 21[2mms[22m[39m
{"timestamp":"2026-03-28T01:43:53.304Z","level":"INFO","service":"forgecraft","module":"registry/loader","message":"Templates loaded","tagCount":24,"tags":["ANALYTICS","API","CLI","DATA-LINEAGE","DATA-PIPELINE","FINTECH","GAME","HEALTHCARE","HIPAA","INFRA","LIBRARY","MEDALLION-ARCHITECTURE","ML","MOBILE","OBSERVABILITY-XRAY","REALTIME","SOC2","SOCIAL","STATE-MACHINE","UNIVERSAL","WEB-REACT","WEB-STATIC","WEB3","ZERO-TRUST"]}
{"timestamp":"2026-03-28T01:43:53.305Z","level":"INFO","service":"forgecraft","module":"registry/composer","message":"Templates composed","tags":["UNIVERSAL"],"tier":"recommended","instructionBlocks":37,"structureEntries":20,"nfrBlocks":4,"hooks":13,"skills":8,"reviewBlocks":5,"referenceBlocks":8,"playbooks":0,"verificationStrategies":1}
{"timestamp":"2026-03-28T01:43:53.350Z","level":"INFO","service":"forgecraft","module":"registry/loader","message":"Templates loaded","tagCount":24,"tags":["ANALYTICS","API","CLI","DATA-LINEAGE","DATA-PIPELINE","FINTECH","GAME","HEALTHCARE","HIPAA","INFRA","LIBRARY","MEDALLION-ARCHITECTURE","ML","MOBILE","OBSERVABILITY-XRAY","REALTIME","SOC2","SOCIAL","STATE-MACHINE","UNIVERSAL","WEB-REACT","WEB-STATIC","WEB3","ZERO-TRUST"]}
{"timestamp":"2026-03-28T01:43:53.351Z","level":"INFO","service":"forgecraft","module":"registry/composer","message":"Templates composed","tags":["UNIVERSAL"],"tier":"recommended","instructionBlocks":37,"structureEntries":20,"nfrBlocks":4,"hooks":13,"skills":8,"reviewBlocks":5,"referenceBlocks":8,"playbooks":0,"verificationStrategies":1}
{"timestamp":"2026-03-28T01:43:53.355Z","level":"INFO","service":"forgecraft","module":"analyzers/language-detector","message":"No language indicators found, defaulting to typescript","projectDir":"C:\\Users\\JC\\AppData\\Local\\Temp\\forgecraft-refresh-test-1774662231344"}
{"timestamp":"2026-03-28T01:43:53.437Z","level":"INFO","service":"forgecraft","module":"analyzers/folder-structure","message":"Scanning folder structure","projectDir":"C:\\workspace\\claude\\forgecraft-mcp\\tests\\fixtures\\tree-simple","maxDepth":4}
{"timestamp":"2026-03-28T01:43:53.464Z","level":"INFO","service":"forgecraft","module":"analyzers/folder-structure","message":"Scanning folder structure","projectDir":"C:\\workspace\\claude\\forgecraft-mcp\\tests\\fixtures\\tree-skip-nm","maxDepth":4}
{"timestamp":"2026-03-28T01:43:53.532Z","level":"INFO","service":"forgecraft","module":"analyzers/folder-structure","message":"Scanning folder structure","projectDir":"C:\\workspace\\claude\\forgecraft-mcp\\tests\\fixtures\\tree-skip-dots","maxDepth":4}
 [32mΓ£ô[39m tests/analyzers/folder-structure.test.ts[2m > [22mfolder-structure analyzer[2m > [22mscanFolderStructure[2m > [22mshould scan a simple directory[32m 31[2mms[22m[39m
 [32mΓ£ô[39m tests/analyzers/folder-structure.test.ts[2m > [22mfolder-structure analyzer[2m > [22mscanFolderStructure[2m > [22mshould skip node_modules[32m 67[2mms[22m[39m
 [32mΓ£ô[39m tests/analyzers/folder-structure.test.ts[2m > [22mfolder-structure analyzer[2m > [22mscanFolderStructure[2m > [22mshould skip dotfiles/dotdirs[32m 18[2mms[22m[39m
{"timestamp":"2026-03-28T01:43:53.547Z","level":"INFO","service":"forgecraft","module":"analyzers/folder-structure","message":"Scanning folder structure","projectDir":"C:\\workspace\\claude\\forgecraft-mcp\\tests\\fixtures\\tree-depth","maxDepth":2}
{"timestamp":"2026-03-28T01:43:53.572Z","level":"INFO","service":"forgecraft","module":"analyzers/folder-structure","message":"Scanning folder structure","projectDir":"C:\\workspace\\claude\\forgecraft-mcp\\tests\\fixtures\\tree-render","maxDepth":4}
{"timestamp":"2026-03-28T01:43:53.591Z","level":"INFO","service":"forgecraft","module":"registry/loader","message":"Templates loaded","tagCount":24,"tags":["ANALYTICS","API","CLI","DATA-LINEAGE","DATA-PIPELINE","FINTECH","GAME","HEALTHCARE","HIPAA","INFRA","LIBRARY","MEDALLION-ARCHITECTURE","ML","MOBILE","OBSERVABILITY-XRAY","REALTIME","SOC2","SOCIAL","STATE-MACHINE","UNIVERSAL","WEB-REACT","WEB-STATIC","WEB3","ZERO-TRUST"]}
{"timestamp":"2026-03-28T01:43:53.591Z","level":"INFO","service":"forgecraft","module":"registry/mcp-discovery","message":"Loaded local MCP server recommendations","count":1,"tags":["FINTECH"]}
 [32mΓ£ô[39m tests/shared/gs-score-logger.test.ts[2m > [22mcomputeSRealized[2m > [22mreturns 1.0 when all steps pass[32m 3[2mms[22m[39m
 [32mΓ£ô[39m tests/shared/gs-score-logger.test.ts[2m > [22mcomputeSRealized[2m > [22mreturns 0.0 when all steps fail[32m 0[2mms[22m[39m
 [32mΓ£ô[39m tests/shared/gs-score-logger.test.ts[2m > [22mcomputeSRealized[2m > [22mexcludes SKIP steps from denominator[32m 0[2mms[22m[39m
 [32mΓ£ô[39m tests/shared/gs-score-logger.test.ts[2m > [22mcomputeSRealized[2m > [22mtreats WARN as passed[32m 1[2mms[22m[39m
 [32mΓ£ô[39m tests/shared/gs-score-logger.test.ts[2m > [22mcomputeSRealized[2m > [22mreturns 0 when no non-skipped steps[32m 1[2mms[22m[39m
 [32mΓ£ô[39m tests/shared/gs-score-logger.test.ts[2m > [22mcomputeSRealized[2m > [22mreturns 0 when steps array is empty[32m 0[2mms[22m[39m
 [32mΓ£ô[39m tests/shared/gs-score-logger.test.ts[2m > [22mcomputeSRealized[2m > [22mtreats STUB as failed[32m 0[2mms[22m[39m
 [32mΓ£ô[39m tests/shared/gs-score-logger.test.ts[2m > [22mappendGsScoreRow[2m > [22mcreates gs-score.md with header when missing[32m 19[2mms[22m[39m
 [32mΓ£ô[39m tests/shared/gs-score-logger.test.ts[2m > [22mappendGsScoreRow[2m > [22mappends correct row with property scores[32m 59[2mms[22m[39m
 [32mΓ£ô[39m tests/analyzers/folder-structure.test.ts[2m > [22mfolder-structure analyzer[2m > [22mscanFolderStructure[2m > [22mshould respect maxDepth[32m 23[2mms[22m[39m
 [32mΓ£ô[39m tests/analyzers/folder-structure.test.ts[2m > [22mfolder-structure analyzer[2m > [22mrenderFolderTree[2m > [22mshould render a tree as text[32m 16[2mms[22m[39m
 [32mΓ£ô[39m tests/analyzers/folder-structure.test.ts[2m > [22mfolder-structure analyzer[2m > [22mlistAllFiles[2m > [22mshould return flat list of files[32m 17[2mms[22m[39m
 [32mΓ£ô[39m tests/analyzers/folder-structure.test.ts[2m > [22mfolder-structure analyzer[2m > [22mfileExists / directoryExists[2m > [22mshould detect existing files[32m 35[2mms[22m[39m
 [32mΓ£ô[39m tests/analyzers/folder-structure.test.ts[2m > [22mfolder-structure analyzer[2m > [22mfileExists / directoryExists[2m > [22mshould detect existing directories[32m 23[2mms[22m[39m
 [32mΓ£ô[39m tests/shared/project-gates.test.ts[2m > [22mproject-gates module[2m > [22maddProjectGate[2m > [22mcreates the file if absent and returns gate with addedAt[32m 22[2mms[22m[39m
 [32mΓ£ô[39m tests/shared/project-gates.test.ts[2m > [22mproject-gates module[2m > [22maddProjectGate[2m > [22mappends a gate to an existing file[32m 22[2mms[22m[39m
 [32mΓ£ô[39m tests/shared/project-gates.test.ts[2m > [22mproject-gates module[2m > [22maddProjectGate[2m > [22mthrows if a gate with the same id already exists[32m 37[2mms[22m[39m
 [32mΓ£ô[39m tests/shared/project-gates.test.ts[2m > [22mproject-gates module[2m > [22mreadProjectGates[2m > [22mreturns empty array for missing file[32m 6[2mms[22m[39m
 [32mΓ£ô[39m tests/shared/gs-score-logger.test.ts[2m > [22mappendGsScoreRow[2m > [22mhandles missing properties with dash[32m 49[2mms[22m[39m
 [32mΓ£ô[39m tests/shared/gs-score-logger.test.ts[2m > [22mappendGsScoreRow[2m > [22muses dash for roadmapItemId when undefined[32m 82[2mms[22m[39m
 [32mΓ£ô[39m tests/shared/project-gates.test.ts[2m > [22mproject-gates module[2m > [22mreadProjectGates[2m > [22mreturns all gates from valid file[32m 28[2mms[22m[39m
 [32mΓ£ô[39m tests/shared/project-gates.test.ts[2m > [22mproject-gates module[2m > [22mgetContributableGates[2m > [22mreturns only gates marked generalizable: true[32m 56[2mms[22m[39m
 [32mΓ£ô[39m tests/shared/project-gates.test.ts[2m > [22mproject-gates module[2m > [22mgetContributableGates[2m > [22mreturns empty array when no generalizable gates exist[32m 12[2mms[22m[39m
 [32mΓ£ô[39m tests/shared/project-gates.test.ts[2m > [22mproject-gates module[2m > [22mvalidateGate[2m > [22mreturns no errors for a valid gate[32m 22[2mms[22m[39m
 [32mΓ£ô[39m tests/shared/project-gates.test.ts[2m > [22mproject-gates module[2m > [22mvalidateGate[2m > [22mreturns errors for missing required fields[32m 7[2mms[22m[39m
 [32mΓ£ô[39m tests/shared/project-gates.test.ts[2m > [22mproject-gates module[2m > [22mvalidateGate[2m > [22mrequires evidence when generalizable: true[32m 5[2mms[22m[39m
 [32mΓ£ô[39m tests/shared/project-gates.test.ts[2m > [22mproject-gates module[2m > [22mvalidateGate[2m > [22mdoes not require evidence when generalizable is false or absent[32m 4[2mms[22m[39m
{"timestamp":"2026-03-28T01:43:53.894Z","level":"INFO","service":"forgecraft","module":"registry/loader","message":"Templates loaded","tagCount":24,"tags":["ANALYTICS","API","CLI","DATA-LINEAGE","DATA-PIPELINE","FINTECH","GAME","HEALTHCARE","HIPAA","INFRA","LIBRARY","MEDALLION-ARCHITECTURE","ML","MOBILE","OBSERVABILITY-XRAY","REALTIME","SOC2","SOCIAL","STATE-MACHINE","UNIVERSAL","WEB-REACT","WEB-STATIC","WEB3","ZERO-TRUST"]}
{"timestamp":"2026-03-28T01:43:53.895Z","level":"INFO","service":"forgecraft","module":"registry/composer","message":"Templates composed","tags":["UNIVERSAL"],"tier":"recommended","instructionBlocks":37,"structureEntries":20,"nfrBlocks":4,"hooks":13,"skills":8,"reviewBlocks":5,"referenceBlocks":8,"playbooks":0,"verificationStrategies":1}
{"timestamp":"2026-03-28T01:43:53.907Z","level":"INFO","service":"forgecraft","module":"analyzers/project-context","message":"Project context detected","projectDir":"C:\\Users\\JC\\AppData\\Local\\Temp\\forgecraft-refresh-test-1774662231344","repoUrl":"not found","framework":"not detected","hasDomain":false,"sensitiveData":"NO"}
 [32mΓ£ô[39m tests/shared/gs-score-logger.test.ts[2m > [22mappendGsScoreRow[2m > [22mcreates docs/ directory if it does not exist[32m 106[2mms[22m[39m
 [32mΓ£ô[39m tests/shared/gs-score-logger.test.ts[2m > [22mappendGsScoreRow[2m > [22mappends rows on subsequent calls without duplicating header[32m 32[2mms[22m[39m
 [32mΓ£ô[39m tests/shared/gs-score-logger.test.ts[2m > [22mappendGsScoreRow[2m > [22mincrements loop count correctly on second call[32m 49[2mms[22m[39m
 [32mΓ£ô[39m tests/tools/refresh-project.test.ts[2m > [22mrefreshProjectHandler[2m > [22mapply=true (write changes)[2m > [22mupdates forgecraft.yaml when add_tags specified and apply=true[33m 2984[2mms[22m[39m
{"timestamp":"2026-03-28T01:43:53.992Z","level":"INFO","service":"forgecraft","module":"analyzers/project-context","message":"Project context detected","projectDir":"C:\\Users\\JC\\AppData\\Local\\Temp\\forgecraft-scaffold-test-1774662232280","repoUrl":"not found","framework":"not detected","hasDomain":false,"sensitiveData":"NO"}
 [32mΓ£ô[39m tests/tools/refresh-project.test.ts[2m > [22mrefreshProjectHandler[2m > [22mapply=true (write changes)[2m > [22mremoves tags when remove_tags specified and apply=true[33m 2693[2mms[22m[39m
{"timestamp":"2026-03-28T01:43:54.042Z","level":"INFO","service":"forgecraft","module":"tools/refresh-project","message":"Refresh project starting","projectDir":"C:\\Users\\JC\\AppData\\Local\\Temp\\forgecraft-refresh-test-1774662234038","apply":true}
{"timestamp":"2026-03-28T01:43:54.097Z","level":"INFO","service":"forgecraft","module":"analyzers/package-json","message":"Project analysis complete","projectDir":"C:\\workspace\\claude\\forgecraft-mcp\\tests\\fixtures\\react-app","detections":1,"tags":["WEB-REACT"]}
{"timestamp":"2026-03-28T01:43:54.113Z","level":"INFO","service":"forgecraft","module":"analyzers/package-json","message":"Project analysis complete","projectDir":"C:\\workspace\\claude\\forgecraft-mcp\\tests\\fixtures\\express-app","detections":1,"tags":["API"]}
{"timestamp":"2026-03-28T01:43:54.123Z","level":"INFO","service":"forgecraft","module":"analyzers/package-json","message":"Project analysis complete","projectDir":"C:\\workspace\\claude\\forgecraft-mcp\\tests\\fixtures\\cli-tool","detections":1,"tags":["CLI"]}
{"timestamp":"2026-03-28T01:43:54.133Z","level":"INFO","service":"forgecraft","module":"analyzers/package-json","message":"Project analysis complete","projectDir":"C:\\workspace\\claude\\forgecraft-mcp\\tests\\fixtures\\bin-tool","detections":1,"tags":["CLI"]}
{"timestamp":"2026-03-28T01:43:54.143Z","level":"INFO","service":"forgecraft","module":"analyzers/package-json","message":"Project analysis complete","projectDir":"C:\\workspace\\claude\\forgecraft-mcp\\tests\\fixtures\\mcp-server","detections":0,"tags":[]}
{"timestamp":"2026-03-28T01:43:54.155Z","level":"INFO","service":"forgecraft","module":"analyzers/package-json","message":"Project analysis complete","projectDir":"C:\\workspace\\claude\\forgecraft-mcp\\tests\\fixtures\\docker-only","detections":1,"tags":["INFRA"]}
{"timestamp":"2026-03-28T01:43:54.157Z","level":"INFO","service":"forgecraft","module":"tools/registry-refresh","message":"Registry sync complete","added":13,"updated":0,"retired":0}
{"timestamp":"2026-03-28T01:43:54.171Z","level":"INFO","service":"forgecraft","module":"analyzers/package-json","message":"Project analysis complete","projectDir":"C:\\Users\\JC\\AppData\\Local\\Temp\\forgecraft-refresh-test-1774662234038","detections":0,"tags":[]}
{"timestamp":"2026-03-28T01:43:54.172Z","level":"INFO","service":"forgecraft","module":"analyzers/completeness","message":"Completeness check done","passing":0,"failing":7}
{"timestamp":"2026-03-28T01:43:54.209Z","level":"INFO","service":"forgecraft","module":"analyzers/package-json","message":"Project analysis complete","projectDir":"C:\\workspace\\claude\\forgecraft-mcp\\tests\\fixtures\\bare-python","detections":0,"tags":[]}
 [32mΓ£ô[39m tests/analyzers/package-json.test.ts[2m > [22mpackage-json analyzer[2m > [22manalyzeProject[2m > [22mshould detect React from dependencies[32m 20[2mms[22m[39m
 [32mΓ£ô[39m tests/analyzers/package-json.test.ts[2m > [22mpackage-json analyzer[2m > [22manalyzeProject[2m > [22mshould detect Express as API[32m 10[2mms[22m[39m
 [32mΓ£ô[39m tests/analyzers/package-json.test.ts[2m > [22mpackage-json analyzer[2m > [22manalyzeProject[2m > [22mshould detect CLI from commander dependency[32m 10[2mms[22m[39m
 [32mΓ£ô[39m tests/analyzers/package-json.test.ts[2m > [22mpackage-json analyzer[2m > [22manalyzeProject[2m > [22mshould detect CLI from bin entry[32m 10[2mms[22m[39m
 [32mΓ£ô[39m tests/analyzers/package-json.test.ts[2m > [22mpackage-json analyzer[2m > [22manalyzeProject[2m > [22mshould not detect MCP SDK as API[32m 10[2mms[22m[39m
 [32mΓ£ô[39m tests/analyzers/package-json.test.ts[2m > [22mpackage-json analyzer[2m > [22manalyzeProject[2m > [22mshould not detect INFRA from Dockerfile alone[32m 32[2mms[22m[39m
 [32mΓ£ô[39m tests/analyzers/package-json.test.ts[2m > [22mpackage-json analyzer[2m > [22manalyzeProject[2m > [22mshould not detect API from bare pyproject.toml[32m 33[2mms[22m[39m
{"timestamp":"2026-03-28T01:43:54.215Z","level":"INFO","service":"forgecraft","module":"analyzers/package-json","message":"Project analysis complete","projectDir":"C:\\workspace\\claude\\forgecraft-mcp\\tests\\fixtures\\empty-project","detections":0,"tags":[]}
{"timestamp":"2026-03-28T01:43:54.224Z","level":"INFO","service":"forgecraft","module":"analyzers/package-json","message":"Project analysis complete","projectDir":"C:\\workspace\\claude\\forgecraft-mcp\\tests\\fixtures\\multi-api","detections":1,"tags":["API"]}
 [32mΓ£ô[39m tests/analyzers/package-json.test.ts[2m > [22mpackage-json analyzer[2m > [22manalyzeProject[2m > [22mshould return empty for project without package.json[32m 4[2mms[22m[39m
 [32mΓ£ô[39m tests/analyzers/package-json.test.ts[2m > [22mpackage-json analyzer[2m > [22manalyzeProject[2m > [22mshould deduplicate detections keeping highest confidence[32m 13[2mms[22m[39m
 [32mΓ£ô[39m tests/analyzers/package-json.test.ts[2m > [22mpackage-json analyzer[2m > [22manalyzeDescription[2m > [22mshould detect React from description[32m 1[2mms[22m[39m
 [32mΓ£ô[39m tests/analyzers/package-json.test.ts[2m > [22mpackage-json analyzer[2m > [22manalyzeDescription[2m > [22mshould detect multiple tags[32m 8[2mms[22m[39m
 [32mΓ£ô[39m tests/analyzers/package-json.test.ts[2m > [22mpackage-json analyzer[2m > [22manalyzeDescription[2m > [22mshould detect API from backend keywords[32m 1[2mms[22m[39m
 [32mΓ£ô[39m tests/analyzers/package-json.test.ts[2m > [22mpackage-json analyzer[2m > [22manalyzeDescription[2m > [22mshould return empty for generic description[32m 1[2mms[22m[39m
 [32mΓ£ô[39m tests/analyzers/package-json.test.ts[2m > [22mpackage-json analyzer[2m > [22manalyzeDescription[2m > [22mshould detect healthcare from HIPAA keywords[32m 1[2mms[22m[39m
{"timestamp":"2026-03-28T01:43:54.267Z","level":"INFO","service":"forgecraft","module":"analyzers/language-detector","message":"Detected language","projectDir":"C:\\Users\\JC\\AppData\\Local\\Temp\\forgecraft-lang-test-1774662234259","language":"python"}
{"timestamp":"2026-03-28T01:43:54.283Z","level":"INFO","service":"forgecraft","module":"analyzers/language-detector","message":"Detected language","projectDir":"C:\\Users\\JC\\AppData\\Local\\Temp\\forgecraft-lang-test-1774662234277","language":"python"}
{"timestamp":"2026-03-28T01:43:54.295Z","level":"INFO","service":"forgecraft","module":"analyzers/language-detector","message":"Detected language","projectDir":"C:\\Users\\JC\\AppData\\Local\\Temp\\forgecraft-lang-test-1774662234286","language":"python"}
{"timestamp":"2026-03-28T01:43:54.305Z","level":"INFO","service":"forgecraft","module":"analyzers/language-detector","message":"Detected language","projectDir":"C:\\Users\\JC\\AppData\\Local\\Temp\\forgecraft-lang-test-1774662234299","language":"typescript"}
{"timestamp":"2026-03-28T01:43:54.315Z","level":"INFO","service":"forgecraft","module":"analyzers/language-detector","message":"Detected language","projectDir":"C:\\Users\\JC\\AppData\\Local\\Temp\\forgecraft-lang-test-1774662234309","language":"typescript"}
{"timestamp":"2026-03-28T01:43:54.333Z","level":"INFO","service":"forgecraft","module":"analyzers/language-detector","message":"No language indicators found, defaulting to typescript","projectDir":"C:\\Users\\JC\\AppData\\Local\\Temp\\forgecraft-lang-test-1774662234318"}
{"timestamp":"2026-03-28T01:43:54.384Z","level":"INFO","service":"forgecraft","module":"registry/loader","message":"Templates loaded","tagCount":24,"tags":["ANALYTICS","API","CLI","DATA-LINEAGE","DATA-PIPELINE","FINTECH","GAME","HEALTHCARE","HIPAA","INFRA","LIBRARY","MEDALLION-ARCHITECTURE","ML","MOBILE","OBSERVABILITY-XRAY","REALTIME","SOC2","SOCIAL","STATE-MACHINE","UNIVERSAL","WEB-REACT","WEB-STATIC","WEB3","ZERO-TRUST"]}
{"timestamp":"2026-03-28T01:43:54.384Z","level":"INFO","service":"forgecraft","module":"registry/mcp-discovery","message":"Loaded local MCP server recommendations","count":1,"tags":["HEALTHCARE"]}
{"timestamp":"2026-03-28T01:43:54.387Z","level":"INFO","service":"forgecraft","module":"analyzers/language-detector","message":"Mixed project ΓÇö tiebroken by source file count","projectDir":"C:\\Users\\JC\\AppData\\Local\\Temp\\forgecraft-lang-test-1774662234334","language":"python"}
 [32mΓ£ô[39m tests/analyzers/language-detector.test.ts[2m > [22mlanguage-detector[2m > [22mshould detect python from pyproject.toml[32m 18[2mms[22m[39m
 [32mΓ£ô[39m tests/analyzers/language-detector.test.ts[2m > [22mlanguage-detector[2m > [22mshould detect python from requirements.txt[32m 9[2mms[22m[39m
 [32mΓ£ô[39m tests/analyzers/language-detector.test.ts[2m > [22mlanguage-detector[2m > [22mshould detect python from setup.py[32m 12[2mms[22m[39m
 [32mΓ£ô[39m tests/analyzers/language-detector.test.ts[2m > [22mlanguage-detector[2m > [22mshould detect typescript from tsconfig.json[32m 10[2mms[22m[39m
 [32mΓ£ô[39m tests/analyzers/language-detector.test.ts[2m > [22mlanguage-detector[2m > [22mshould detect typescript from package.json[32m 10[2mms[22m[39m
 [32mΓ£ô[39m tests/analyzers/language-detector.test.ts[2m > [22mlanguage-detector[2m > [22mshould return typescript as default for empty directory[32m 16[2mms[22m[39m
{"timestamp":"2026-03-28T01:43:54.437Z","level":"INFO","service":"forgecraft","module":"analyzers/language-detector","message":"Mixed project ΓÇö tiebroken by source file count","projectDir":"C:\\Users\\JC\\AppData\\Local\\Temp\\forgecraft-lang-test-1774662234398","language":"typescript"}
{"timestamp":"2026-03-28T01:43:54.454Z","level":"INFO","service":"forgecraft","module":"analyzers/language-detector","message":"Mixed project ΓÇö tiebroken by source file count","projectDir":"C:\\Users\\JC\\AppData\\Local\\Temp\\forgecraft-lang-test-1774662234445","language":"typescript"}
 [32mΓ£ô[39m tests/analyzers/language-detector.test.ts[2m > [22mlanguage-detector[2m > [22mshould count files when both languages present[32m 63[2mms[22m[39m
 [32mΓ£ô[39m tests/analyzers/language-detector.test.ts[2m > [22mlanguage-detector[2m > [22mshould prefer typescript when file counts are equal in mixed project[32m 47[2mms[22m[39m
 [32mΓ£ô[39m tests/analyzers/language-detector.test.ts[2m > [22mlanguage-detector[2m > [22mshould default to typescript when both indicators present but no src/[32m 27[2mms[22m[39m
 [32mΓ£ô[39m tests/artifacts/claude-instructions.test.ts[2m > [22mClaudeInstructionsArtifact[2m > [22midentity properties[2m > [22mhas the correct specId[32m 2[2mms[22m[39m
 [32mΓ£ô[39m tests/artifacts/claude-instructions.test.ts[2m > [22mClaudeInstructionsArtifact[2m > [22midentity properties[2m > [22mhas a non-empty name and purpose[32m 1[2mms[22m[39m
 [32mΓ£ô[39m tests/artifacts/claude-instructions.test.ts[2m > [22mClaudeInstructionsArtifact[2m > [22midentity properties[2m > [22mcovers and excludes are non-empty arrays[32m 1[2mms[22m[39m
 [32mΓ£ô[39m tests/artifacts/claude-instructions.test.ts[2m > [22mClaudeInstructionsArtifact[2m > [22midentity properties[2m > [22maccepts a custom version[32m 0[2mms[22m[39m
 [32mΓ£ô[39m tests/artifacts/claude-instructions.test.ts[2m > [22mClaudeInstructionsArtifact[2m > [22midentity properties[2m > [22mdefaults version to 1.0.0[32m 0[2mms[22m[39m
 [32mΓ£ô[39m tests/artifacts/claude-instructions.test.ts[2m > [22mClaudeInstructionsArtifact[2m > [22misInScope[2m > [22mreturns true for CLAUDE.md[32m 0[2mms[22m[39m
 [32mΓ£ô[39m tests/artifacts/claude-instructions.test.ts[2m > [22mClaudeInstructionsArtifact[2m > [22misInScope[2m > [22mreturns true for GitHub Copilot instructions[32m 0[2mms[22m[39m
 [32mΓ£ô[39m tests/artifacts/claude-instructions.test.ts[2m > [22mClaudeInstructionsArtifact[2m > [22misInScope[2m > [22mreturns true for .cursorrules[32m 0[2mms[22m[39m
 [32mΓ£ô[39m tests/artifacts/claude-instructions.test.ts[2m > [22mClaudeInstructionsArtifact[2m > [22misInScope[2m > [22mreturns false for unrelated files[32m 1[2mms[22m[39m
 [32mΓ£ô[39m tests/artifacts/claude-instructions.test.ts[2m > [22mClaudeInstructionsArtifact[2m > [22mverify()[2m > [22mreturns file-not-found result when file is missing[32m 1[2mms[22m[39m
 [32mΓ£ô[39m tests/artifacts/claude-instructions.test.ts[2m > [22mClaudeInstructionsArtifact[2m > [22mverify()[2m > [22mpasses has-sections for a file with ## headers[32m 4[2mms[22m[39m
 [32mΓ£ô[39m tests/artifacts/claude-instructions.test.ts[2m > [22mClaudeInstructionsArtifact[2m > [22mverify()[2m > [22mfails token-budget when file exceeds 200 lines[32m 5[2mms[22m[39m
 [32mΓ£ô[39m tests/artifacts/claude-instructions.test.ts[2m > [22mClaudeInstructionsArtifact[2m > [22mverify()[2m > [22mpasses token-budget for a file under 200 lines[32m 4[2mms[22m[39m
 [32mΓ£ô[39m tests/artifacts/claude-instructions.test.ts[2m > [22mClaudeInstructionsArtifact[2m > [22mverify()[2m > [22mfails no-hook-duplication when file contains hook details[32m 4[2mms[22m[39m
 [32mΓ£ô[39m tests/artifacts/claude-instructions.test.ts[2m > [22mClaudeInstructionsArtifact[2m > [22mdefend()[2m > [22mreturns allPassed and results array[32m 2[2mms[22m[39m
 [32mΓ£ô[39m tests/artifacts/claude-instructions.test.ts[2m > [22mClaudeInstructionsArtifact[2m > [22mdefend()[2m > [22meach result contains gate, exitCode, message[32m 2[2mms[22m[39m
 [32mΓ£ô[39m tests/artifacts/claude-instructions.test.ts[2m > [22mClaudeInstructionsArtifact[2m > [22mfindDecision()[2m > [22mreturns undefined when decisions array is empty[32m 0[2mms[22m[39m
 [32mΓ£ô[39m tests/artifacts/claude-instructions.test.ts[2m > [22mClaudeInstructionsArtifact[2m > [22mcomposeWith()[2m > [22mreturns empty array when composed with itself (no conflict)[32m 14[2mms[22m[39m
 [32mΓ£ô[39m tests/shared/exceptions.test.ts[2m > [22mexceptions module[2m > [22maddException[2m > [22mcreates the file if absent and returns exception with generated id[32m 17[2mms[22m[39m
 [32mΓ£ô[39m tests/shared/exceptions.test.ts[2m > [22mexceptions module[2m > [22maddException[2m > [22mappends to existing file and increments id counter[32m 14[2mms[22m[39m
{"timestamp":"2026-03-28T01:43:54.853Z","level":"INFO","service":"forgecraft","module":"analyzers/completeness","message":"Completeness check done","passing":0,"failing":7}
{"timestamp":"2026-03-28T01:43:54.865Z","level":"INFO","service":"forgecraft","module":"analyzers/completeness","message":"Completeness check done","passing":1,"failing":6}
 [32mΓ£ô[39m tests/shared/exceptions.test.ts[2m > [22mexceptions module[2m > [22maddException[2m > [22mgenerates sequential IDs: exc-001, exc-002, exc-003[32m 101[2mms[22m[39m
 [32mΓ£ô[39m tests/shared/exceptions.test.ts[2m > [22mexceptions module[2m > [22maddException[2m > [22mstores the adr field when provided[32m 9[2mms[22m[39m
 [32mΓ£ô[39m tests/shared/exceptions.test.ts[2m > [22mexceptions module[2m > [22mreadExceptions[2m > [22mreturns empty array for missing file[32m 5[2mms[22m[39m
 [32mΓ£ô[39m tests/shared/exceptions.test.ts[2m > [22mexceptions module[2m > [22mreadExceptions[2m > [22mreturns empty array for missing .forgecraft directory[32m 30[2mms[22m[39m
 [32mΓ£ô[39m tests/shared/exceptions.test.ts[2m > [22mexceptions module[2m > [22mreadExceptions[2m > [22mreturns all exceptions from a valid file[32m 15[2mms[22m[39m
 [32mΓ£ô[39m tests/shared/exceptions.test.ts[2m > [22mexceptions module[2m > [22mreadExceptions[2m > [22mreturns empty array for malformed JSON[32m 12[2mms[22m[39m
 [32mΓ£ô[39m tests/shared/exceptions.test.ts[2m > [22mexceptions module[2m > [22mfindMatchingException[2m > [22mreturns exception when hook and pattern match exactly[32m 5[2mms[22m[39m
 [32mΓ£ô[39m tests/shared/exceptions.test.ts[2m > [22mexceptions module[2m > [22mfindMatchingException[2m > [22mreturns undefined for wrong hook name[32m 4[2mms[22m[39m
 [32mΓ£ô[39m tests/shared/exceptions.test.ts[2m > [22mexceptions module[2m > [22mfindMatchingException[2m > [22mhandles ** glob pattern ΓÇö matches nested paths[32m 6[2mms[22m[39m
 [32mΓ£ô[39m tests/shared/exceptions.test.ts[2m > [22mexceptions module[2m > [22mfindMatchingException[2m > [22mhandles ** glob pattern ΓÇö matches deeply nested paths[32m 4[2mms[22m[39m
{"timestamp":"2026-03-28T01:43:54.871Z","level":"INFO","service":"forgecraft","module":"analyzers/completeness","message":"Completeness check done","passing":0,"failing":7}
{"timestamp":"2026-03-28T01:43:54.874Z","level":"INFO","service":"forgecraft","module":"analyzers/completeness","message":"Completeness check done","passing":0,"failing":7}
{"timestamp":"2026-03-28T01:43:54.886Z","level":"INFO","service":"forgecraft","module":"analyzers/completeness","message":"Completeness check done","passing":1,"failing":6}
{"timestamp":"2026-03-28T01:43:54.891Z","level":"INFO","service":"forgecraft","module":"registry/loader","message":"Templates loaded","tagCount":24,"tags":["ANALYTICS","API","CLI","DATA-LINEAGE","DATA-PIPELINE","FINTECH","GAME","HEALTHCARE","HIPAA","INFRA","LIBRARY","MEDALLION-ARCHITECTURE","ML","MOBILE","OBSERVABILITY-XRAY","REALTIME","SOC2","SOCIAL","STATE-MACHINE","UNIVERSAL","WEB-REACT","WEB-STATIC","WEB3","ZERO-TRUST"]}
{"timestamp":"2026-03-28T01:43:54.891Z","level":"INFO","service":"forgecraft","module":"registry/composer","message":"Templates composed","tags":["UNIVERSAL"],"tier":"recommended","instructionBlocks":37,"structureEntries":20,"nfrBlocks":4,"hooks":13,"skills":8,"reviewBlocks":5,"referenceBlocks":8,"playbooks":0,"verificationStrategies":1}
{"timestamp":"2026-03-28T01:43:54.892Z","level":"INFO","service":"forgecraft","module":"registry/composer","message":"Templates composed","tags":["UNIVERSAL"],"tier":"recommended","instructionBlocks":37,"structureEntries":20,"nfrBlocks":4,"hooks":13,"skills":8,"reviewBlocks":5,"referenceBlocks":8,"playbooks":0,"verificationStrategies":1}
{"timestamp":"2026-03-28T01:43:54.898Z","level":"INFO","service":"forgecraft","module":"analyzers/completeness","message":"Completeness check done","passing":0,"failing":8}
 [32mΓ£ô[39m tests/shared/exceptions.test.ts[2m > [22mexceptions module[2m > [22mfindMatchingException[2m > [22mhandles * single-segment wildcard[32m 5[2mms[22m[39m
 [32mΓ£ô[39m tests/shared/exceptions.test.ts[2m > [22mexceptions module[2m > [22mfindMatchingException[2m > [22mdoes not match * wildcard across path separators[32m 4[2mms[22m[39m
 [32mΓ£ô[39m tests/shared/exceptions.test.ts[2m > [22mexceptions module[2m > [22mfindMatchingException[2m > [22mreturns undefined when no exceptions are present[32m 4[2mms[22m[39m
{"timestamp":"2026-03-28T01:43:54.916Z","level":"INFO","service":"forgecraft","module":"analyzers/completeness","message":"Completeness check done","passing":2,"failing":7}
{"timestamp":"2026-03-28T01:43:54.922Z","level":"INFO","service":"forgecraft","module":"analyzers/completeness","message":"Completeness check done","passing":0,"failing":7}
 [32mΓ£ô[39m tests/analyzers/completeness.test.ts[2m > [22mcompleteness analyzer[2m > [22mshould fail when no instruction file exists[32m 12[2mms[22m[39m
 [32mΓ£ô[39m tests/analyzers/completeness.test.ts[2m > [22mcompleteness analyzer[2m > [22mshould pass when an instruction file exists[32m 9[2mms[22m[39m
 [32mΓ£ô[39m tests/analyzers/completeness.test.ts[2m > [22mcompleteness analyzer[2m > [22mshould fail when Status.md is missing[32m 3[2mms[22m[39m
 [32mΓ£ô[39m tests/analyzers/completeness.test.ts[2m > [22mcompleteness analyzer[2m > [22mshould fail when hooks directory is missing[32m 4[2mms[22m[39m
 [32mΓ£ô[39m tests/analyzers/completeness.test.ts[2m > [22mcompleteness analyzer[2m > [22mshould pass when shared modules exist[32m 18[2mms[22m[39m
 [32mΓ£ô[39m tests/analyzers/completeness.test.ts[2m > [22mcompleteness analyzer[2m > [22mshould check package.json for API/LIBRARY tags[32m 4[2mms[22m[39m
 [32mΓ£ô[39m tests/analyzers/completeness.test.ts[2m > [22mcompleteness analyzer[2m > [22mshould pass package.json checks when present with test script[32m 21[2mms[22m[39m
 [32mΓ£ô[39m tests/analyzers/completeness.test.ts[2m > [22mcompleteness analyzer[2m > [22mshould check for docs when UNIVERSAL[32m 4[2mms[22m[39m
 [32mΓ£ô[39m tests/registry/remote-gates.test.ts[2m > [22mfilterGatesByTags[2m > [22mreturns all gates when tags is empty[32m 4[2mms[22m[39m
 [32mΓ£ô[39m tests/registry/remote-gates.test.ts[2m > [22mfilterGatesByTags[2m > [22mreturns only matching gates when tags provided[32m 2[2mms[22m[39m
 [32mΓ£ô[39m tests/registry/remote-gates.test.ts[2m > [22mfilterGatesByTags[2m > [22mreturns gates with no tags field (treats as universal)[32m 1[2mms[22m[39m
 [32mΓ£ô[39m tests/registry/remote-gates.test.ts[2m > [22mfilterGatesByTags[2m > [22mis case-insensitive (FINTECH matches fintech in gate)[32m 0[2mms[22m[39m
 [32mΓ£ô[39m tests/registry/remote-gates.test.ts[2m > [22mfetchRemoteGates[2m > [22mreturns empty index on network failure[32m 11[2mms[22m[39m
 [32mΓ£ô[39m tests/registry/remote-gates.test.ts[2m > [22mfetchRemoteGates[2m > [22mreads from cache when cache is fresh[32m 12[2mms[22m[39m
 [32mΓ£ô[39m tests/registry/remote-gates.test.ts[2m > [22mfetchRemoteGates[2m > [22mignores stale cache (>24h) and falls back to fetch[32m 55[2mms[22m[39m
 [32mΓ£ô[39m tests/registry/remote-gates.test.ts[2m > [22memptyIndex shape[2m > [22mhas correct shape with gateCount:0 and empty gates array[32m 5[2mms[22m[39m
{"timestamp":"2026-03-28T01:43:54.947Z","level":"INFO","service":"forgecraft","module":"registry/loader","message":"Templates loaded","tagCount":24,"tags":["ANALYTICS","API","CLI","DATA-LINEAGE","DATA-PIPELINE","FINTECH","GAME","HEALTHCARE","HIPAA","INFRA","LIBRARY","MEDALLION-ARCHITECTURE","ML","MOBILE","OBSERVABILITY-XRAY","REALTIME","SOC2","SOCIAL","STATE-MACHINE","UNIVERSAL","WEB-REACT","WEB-STATIC","WEB3","ZERO-TRUST"]}
{"timestamp":"2026-03-28T01:43:54.947Z","level":"INFO","service":"forgecraft","module":"registry/mcp-discovery","message":"Loaded local MCP server recommendations","count":5,"tags":["UNIVERSAL"]}
 [32mΓ£ô[39m tests/tools/setup-project.test.ts[2m > [22msetupProjectHandler[2m > [22mphase 2 ΓÇö mvp/scope_complete/has_consumers provided[2m > [22mforgecraft.yaml contains cascade decisions in phase 2[33m 6075[2mms[22m[39m
{"timestamp":"2026-03-28T01:43:55.173Z","level":"INFO","service":"forgecraft","module":"registry/loader","message":"Templates loaded","tagCount":24,"tags":["ANALYTICS","API","CLI","DATA-LINEAGE","DATA-PIPELINE","FINTECH","GAME","HEALTHCARE","HIPAA","INFRA","LIBRARY","MEDALLION-ARCHITECTURE","ML","MOBILE","OBSERVABILITY-XRAY","REALTIME","SOC2","SOCIAL","STATE-MACHINE","UNIVERSAL","WEB-REACT","WEB-STATIC","WEB3","ZERO-TRUST"]}
{"timestamp":"2026-03-28T01:43:55.173Z","level":"INFO","service":"forgecraft","module":"registry/mcp-discovery","message":"Loaded local MCP server recommendations","count":1,"tags":["WEB3"]}
{"timestamp":"2026-03-28T01:43:55.232Z","level":"INFO","service":"forgecraft","module":"tools/setup-project","message":"setup_project","phase":2,"projectDir":"C:\\Users\\JC\\AppData\\Local\\Temp\\forgecraft-setup-test-1774662235231"}
{"timestamp":"2026-03-28T01:43:55.240Z","level":"INFO","service":"forgecraft","module":"tools/scaffold","message":"Scaffolding project","tags":["UNIVERSAL"],"projectDir":"C:\\Users\\JC\\AppData\\Local\\Temp\\forgecraft-setup-test-1774662235231","dryRun":false,"force":false}
 [32mΓ£ô[39m tests/shared/barrels.test.ts[2m > [22msrc/shared/config[2m > [22mloadConfig returns an object with all required keys[32m 33[2mms[22m[39m
 [32mΓ£ô[39m tests/shared/barrels.test.ts[2m > [22msrc/shared/config[2m > [22mdefaults to development environment[32m 1[2mms[22m[39m
 [32mΓ£ô[39m tests/shared/barrels.test.ts[2m > [22msrc/validators barrel exports[2m > [22mexports validateSpecs without error[32m 56[2mms[22m[39m
 [32mΓ£ô[39m tests/shared/barrels.test.ts[2m > [22msrc/validators barrel exports[2m > [22mexports formatValidationReport without error[32m 1[2mms[22m[39m
 [32mΓ£ô[39m tests/shared/barrels.test.ts[2m > [22msrc/validators barrel exports[2m > [22mexports checkComposition without error[32m 1[2mms[22m[39m
 [32mΓ£ô[39m tests/shared/barrels.test.ts[2m > [22msrc/core barrel exports[2m > [22mresolves core module without error[32m 17[2mms[22m[39m
 [32mΓ£ô[39m tests/validators/spec-validator.test.ts[2m > [22mvalidateSpecs[2m > [22mreturns_correct_structure_for_empty_spec_set[32m 11[2mms[22m[39m
 [32mΓ£ô[39m tests/validators/spec-validator.test.ts[2m > [22mvalidateSpecs[2m > [22mruns_commit_history_artifact_gates[32m 3[2mms[22m[39m
 [32mΓ£ô[39m tests/validators/spec-validator.test.ts[2m > [22mvalidateSpecs[2m > [22mmarks_allPassed_false_when_gate_fails[32m 4[2mms[22m[39m
 [32mΓ£ô[39m tests/validators/spec-validator.test.ts[2m > [22mvalidateSpecs[2m > [22mmarks_allPassed_true_when_all_gates_pass[32m 16[2mms[22m[39m
 [32mΓ£ô[39m tests/validators/spec-validator.test.ts[2m > [22mvalidateSpecs[2m > [22mincludes_verification_results_for_in_scope_paths[32m 16[2mms[22m[39m
 [32mΓ£ô[39m tests/validators/spec-validator.test.ts[2m > [22mvalidateSpecs[2m > [22mskips_verification_for_out_of_scope_paths[32m 3[2mms[22m[39m
 [32mΓ£ô[39m tests/validators/spec-validator.test.ts[2m > [22mvalidateSpecs[2m > [22msummary_counts_match_artifact_results[32m 3[2mms[22m[39m
 [32mΓ£ô[39m tests/validators/spec-validator.test.ts[2m > [22mformatValidationReport[2m > [22mincludes_pass_icon_when_all_passed[32m 1[2mms[22m[39m
 [32mΓ£ô[39m tests/validators/spec-validator.test.ts[2m > [22mformatValidationReport[2m > [22mincludes_fail_icon_when_any_failed[32m 3[2mms[22m[39m
 [32mΓ£ô[39m tests/validators/spec-validator.test.ts[2m > [22mformatValidationReport[2m > [22mcontains_project_dir_and_timestamp[32m 1[2mms[22m[39m
 [32mΓ£ô[39m tests/validators/spec-validator.test.ts[2m > [22mformatValidationReport[2m > [22mlists_each_artifact_spec_name[32m 0[2mms[22m[39m
 [32mΓ£ô[39m tests/tools/cnt-add-node.test.ts[2m > [22mcntAddNodeHandler[2m > [22mreturns error when CNT not initialized (no .claude/index.md)[32m 32[2mms[22m[39m
 [32mΓ£ô[39m tests/tools/cnt-add-node.test.ts[2m > [22mcntAddNodeHandler[2m > [22mreturns error when leaf node already exists[32m 49[2mms[22m[39m
{"timestamp":"2026-03-28T01:43:55.593Z","level":"INFO","service":"forgecraft","module":"analyzers/folder-structure","message":"Scanning folder structure","projectDir":"C:\\Users\\JC\\AppData\\Local\\Temp\\forgecraft-convert-test-1774662235591","maxDepth":3}
{"timestamp":"2026-03-28T01:43:55.600Z","level":"INFO","service":"forgecraft","module":"analyzers/package-json","message":"Project analysis complete","projectDir":"C:\\Users\\JC\\AppData\\Local\\Temp\\forgecraft-convert-test-1774662235591","detections":0,"tags":[]}
{"timestamp":"2026-03-28T01:43:55.602Z","level":"INFO","service":"forgecraft","module":"analyzers/completeness","message":"Completeness check done","passing":0,"failing":7}
 [32mΓ£ô[39m tests/tools/scaffold.test.ts[2m > [22mscaffoldProjectHandler[2m > [22mactual scaffolding[2m > [22mUNIVERSAL is always included even if not specified in tags[33m 3897[2mms[22m[39m
{"timestamp":"2026-03-28T01:43:55.611Z","level":"INFO","service":"forgecraft","module":"analyzers/folder-structure","message":"Scanning folder structure","projectDir":"C:\\Users\\JC\\AppData\\Local\\Temp\\forgecraft-convert-test-1774662235606","maxDepth":3}
{"timestamp":"2026-03-28T01:43:55.613Z","level":"INFO","service":"forgecraft","module":"analyzers/package-json","message":"Project analysis complete","projectDir":"C:\\Users\\JC\\AppData\\Local\\Temp\\forgecraft-convert-test-1774662235606","detections":0,"tags":[]}
{"timestamp":"2026-03-28T01:43:55.614Z","level":"INFO","service":"forgecraft","module":"analyzers/completeness","message":"Completeness check done","passing":0,"failing":8}
{"timestamp":"2026-03-28T01:43:55.617Z","level":"INFO","service":"forgecraft","module":"analyzers/folder-structure","message":"Scanning folder structure","projectDir":"C:\\Users\\JC\\AppData\\Local\\Temp\\forgecraft-convert-test-1774662235616","maxDepth":3}
{"timestamp":"2026-03-28T01:43:55.619Z","level":"INFO","service":"forgecraft","module":"analyzers/package-json","message":"Project analysis complete","projectDir":"C:\\Users\\JC\\AppData\\Local\\Temp\\forgecraft-convert-test-1774662235616","detections":0,"tags":[]}
{"timestamp":"2026-03-28T01:43:55.620Z","level":"INFO","service":"forgecraft","module":"analyzers/completeness","message":"Completeness check done","passing":0,"failing":7}
 [32mΓ£ô[39m tests/tools/convert.test.ts[2m > [22mconvertExistingHandler[2m > [22mreturns a Conversion Plan heading[32m 16[2mms[22m[39m
 [32mΓ£ô[39m tests/tools/convert.test.ts[2m > [22mconvertExistingHandler[2m > [22mincludes target tags in output[32m 10[2mms[22m[39m
 [32mΓ£ô[39m tests/tools/convert.test.ts[2m > [22mconvertExistingHandler[2m > [22mincludes at least one migration phase[32m 7[2mms[22m[39m
 [32mΓ£ô[39m tests/tools/cnt-add-node.test.ts[2m > [22mcntAddNodeHandler[2m > [22mcreates leaf node file and updates index on success[32m 85[2mms[22m[39m
{"timestamp":"2026-03-28T01:43:55.737Z","level":"INFO","service":"forgecraft","module":"analyzers/gs-scorer","message":"Scoring GS properties","projectDir":"C:\\workspace\\claude\\forgecraft-mcp\\tests\\fixtures\\verify-clean-project"}
{"timestamp":"2026-03-28T01:43:55.744Z","level":"INFO","service":"forgecraft","module":"registry/loader","message":"Templates loaded","tagCount":24,"tags":["ANALYTICS","API","CLI","DATA-LINEAGE","DATA-PIPELINE","FINTECH","GAME","HEALTHCARE","HIPAA","INFRA","LIBRARY","MEDALLION-ARCHITECTURE","ML","MOBILE","OBSERVABILITY-XRAY","REALTIME","SOC2","SOCIAL","STATE-MACHINE","UNIVERSAL","WEB-REACT","WEB-STATIC","WEB3","ZERO-TRUST"]}
{"timestamp":"2026-03-28T01:43:55.744Z","level":"INFO","service":"forgecraft","module":"registry/composer","message":"Templates composed","tags":["UNIVERSAL"],"tier":"recommended","instructionBlocks":37,"structureEntries":20,"nfrBlocks":4,"hooks":13,"skills":8,"reviewBlocks":5,"referenceBlocks":8,"playbooks":0,"verificationStrategies":1}
{"timestamp":"2026-03-28T01:43:55.755Z","level":"INFO","service":"forgecraft","module":"analyzers/gs-scorer","message":"Scoring GS properties","projectDir":"C:\\workspace\\claude\\forgecraft-mcp\\tests\\fixtures\\verify-clean-project"}
{"timestamp":"2026-03-28T01:43:55.765Z","level":"INFO","service":"forgecraft","module":"analyzers/gs-scorer","message":"Scoring GS properties","projectDir":"C:\\workspace\\claude\\forgecraft-mcp\\tests\\fixtures\\verify-clean-project"}
{"timestamp":"2026-03-28T01:43:55.772Z","level":"INFO","service":"forgecraft","module":"analyzers/language-detector","message":"No language indicators found, defaulting to typescript","projectDir":"C:\\Users\\JC\\AppData\\Local\\Temp\\forgecraft-refresh-test-1774662234038"}
{"timestamp":"2026-03-28T01:43:55.794Z","level":"INFO","service":"forgecraft","module":"analyzers/gs-scorer","message":"Scoring GS properties","projectDir":"C:\\workspace\\claude\\forgecraft-mcp\\tests\\fixtures\\verify-clean-project"}
 [32mΓ£ô[39m tests/analyzers/gs-scorer.test.ts[2m > [22mscoreGsProperties[2m > [22mreturns a score array with 7 GS properties[32m 20[2mms[22m[39m
 [32mΓ£ô[39m tests/analyzers/gs-scorer.test.ts[2m > [22mscoreGsProperties[2m > [22meach property score has name, score 0-2, and evidence array[32m 10[2mms[22m[39m
 [32mΓ£ô[39m tests/analyzers/gs-scorer.test.ts[2m > [22mscoreGsProperties[2m > [22mlayer violations reduce bounded score[32m 43[2mms[22m[39m
 [32mΓ£ô[39m tests/analyzers/gs-scorer.test.ts[2m > [22mfindMissingTestFiles[2m > [22mreturns an array (may be empty for well-tested fixtures)[32m 6[2mms[22m[39m
 [32mΓ£ô[39m tests/tools/cnt-add-node.test.ts[2m > [22mcntAddNodeHandler[2m > [22mtruncates content that exceeds 30 lines and warns[32m 128[2mms[22m[39m
 [32mΓ£ô[39m tests/tools/cnt-add-node.test.ts[2m > [22mcntAddNodeHandler[2m > [22mgenerates placeholder content when content is omitted[32m 121[2mms[22m[39m
{"timestamp":"2026-03-28T01:43:55.899Z","level":"INFO","service":"forgecraft","module":"tools/scaffold","message":"Scaffolding project","tags":["UNIVERSAL"],"projectDir":"C:\\Users\\JC\\AppData\\Local\\Temp\\forgecraft-scaffold-test-1774662235886","dryRun":false,"force":false}
{"timestamp":"2026-03-28T01:43:56.048Z","level":"INFO","service":"forgecraft","module":"registry/loader","message":"Templates loaded","tagCount":24,"tags":["ANALYTICS","API","CLI","DATA-LINEAGE","DATA-PIPELINE","FINTECH","GAME","HEALTHCARE","HIPAA","INFRA","LIBRARY","MEDALLION-ARCHITECTURE","ML","MOBILE","OBSERVABILITY-XRAY","REALTIME","SOC2","SOCIAL","STATE-MACHINE","UNIVERSAL","WEB-REACT","WEB-STATIC","WEB3","ZERO-TRUST"]}
{"timestamp":"2026-03-28T01:43:56.054Z","level":"INFO","service":"forgecraft","module":"registry/mcp-discovery","message":"Loaded local MCP server recommendations","count":1,"tags":["REALTIME"]}
{"timestamp":"2026-03-28T01:43:56.216Z","level":"WARN","service":"forgecraft","module":"registry/composer","message":"No templates found for tag","tag":"UNIVERSAL"}
{"timestamp":"2026-03-28T01:43:56.220Z","level":"WARN","service":"forgecraft","module":"registry/composer","message":"No templates found for tag","tag":"API"}
{"timestamp":"2026-03-28T01:43:56.220Z","level":"INFO","service":"forgecraft","module":"registry/composer","message":"Templates composed","tags":["UNIVERSAL","API"],"tier":"recommended","instructionBlocks":0,"structureEntries":0,"nfrBlocks":0,"hooks":0,"skills":0,"reviewBlocks":0,"referenceBlocks":0,"playbooks":0,"verificationStrategies":0}
{"timestamp":"2026-03-28T01:43:56.223Z","level":"INFO","service":"forgecraft","module":"registry/composer","message":"Templates composed","tags":["UNIVERSAL","API"],"tier":"recommended","instructionBlocks":2,"structureEntries":0,"nfrBlocks":0,"hooks":0,"skills":0,"reviewBlocks":0,"referenceBlocks":0,"playbooks":0,"verificationStrategies":0}
{"timestamp":"2026-03-28T01:43:56.226Z","level":"INFO","service":"forgecraft","module":"registry/composer","message":"Templates composed","tags":["UNIVERSAL","API"],"tier":"recommended","instructionBlocks":2,"structureEntries":0,"nfrBlocks":0,"hooks":0,"skills":0,"reviewBlocks":0,"referenceBlocks":0,"playbooks":0,"verificationStrategies":0}
{"timestamp":"2026-03-28T01:43:56.228Z","level":"INFO","service":"forgecraft","module":"registry/composer","message":"Templates composed","tags":["UNIVERSAL","API"],"tier":"recommended","instructionBlocks":0,"structureEntries":2,"nfrBlocks":0,"hooks":0,"skills":0,"reviewBlocks":0,"referenceBlocks":0,"playbooks":0,"verificationStrategies":0}
{"timestamp":"2026-03-28T01:43:56.229Z","level":"INFO","service":"forgecraft","module":"registry/composer","message":"Templates composed","tags":["UNIVERSAL","API"],"tier":"recommended","instructionBlocks":0,"structureEntries":0,"nfrBlocks":0,"hooks":3,"skills":0,"reviewBlocks":0,"referenceBlocks":0,"playbooks":0,"verificationStrategies":0}
{"timestamp":"2026-03-28T01:43:56.230Z","level":"INFO","service":"forgecraft","module":"registry/composer","message":"Templates composed","tags":["UNIVERSAL","API"],"tier":"recommended","instructionBlocks":0,"structureEntries":0,"nfrBlocks":2,"hooks":0,"skills":0,"reviewBlocks":0,"referenceBlocks":0,"playbooks":0,"verificationStrategies":0}
{"timestamp":"2026-03-28T01:43:56.231Z","level":"INFO","service":"forgecraft","module":"registry/composer","message":"Templates composed","tags":["UNIVERSAL"],"tier":"recommended","instructionBlocks":1,"structureEntries":0,"nfrBlocks":0,"hooks":0,"skills":0,"reviewBlocks":0,"referenceBlocks":0,"playbooks":0,"verificationStrategies":0}
{"timestamp":"2026-03-28T01:43:56.232Z","level":"INFO","service":"forgecraft","module":"registry/composer","message":"Templates composed","tags":["UNIVERSAL","API"],"tier":"recommended","instructionBlocks":0,"structureEntries":0,"nfrBlocks":0,"hooks":0,"skills":0,"reviewBlocks":0,"referenceBlocks":0,"playbooks":0,"verificationStrategies":0}
{"timestamp":"2026-03-28T01:43:56.233Z","level":"INFO","service":"forgecraft","module":"registry/composer","message":"Templates composed","tags":["UNIVERSAL","API"],"tier":"recommended","instructionBlocks":0,"structureEntries":0,"nfrBlocks":0,"hooks":0,"skills":0,"reviewBlocks":2,"referenceBlocks":0,"playbooks":0,"verificationStrategies":0}
{"timestamp":"2026-03-28T01:43:56.234Z","level":"INFO","service":"forgecraft","module":"registry/composer","message":"Templates composed","tags":["UNIVERSAL","API"],"tier":"recommended","instructionBlocks":0,"structureEntries":0,"nfrBlocks":0,"hooks":0,"skills":0,"reviewBlocks":2,"referenceBlocks":0,"playbooks":0,"verificationStrategies":0}
{"timestamp":"2026-03-28T01:43:56.236Z","level":"INFO","service":"forgecraft","module":"registry/composer","message":"Templates composed","tags":["UNIVERSAL"],"tier":"optional","instructionBlocks":4,"structureEntries":0,"nfrBlocks":2,"hooks":0,"skills":0,"reviewBlocks":0,"referenceBlocks":0,"playbooks":0,"verificationStrategies":0}
{"timestamp":"2026-03-28T01:43:56.237Z","level":"INFO","service":"forgecraft","module":"registry/composer","message":"Templates composed","tags":["UNIVERSAL"],"tier":"recommended","instructionBlocks":3,"structureEntries":0,"nfrBlocks":1,"hooks":0,"skills":0,"reviewBlocks":0,"referenceBlocks":0,"playbooks":0,"verificationStrategies":0}
{"timestamp":"2026-03-28T01:43:56.238Z","level":"INFO","service":"forgecraft","module":"registry/composer","message":"Templates composed","tags":["UNIVERSAL"],"tier":"core","instructionBlocks":2,"structureEntries":0,"nfrBlocks":1,"hooks":0,"skills":0,"reviewBlocks":0,"referenceBlocks":0,"playbooks":0,"verificationStrategies":0}
{"timestamp":"2026-03-28T01:43:56.239Z","level":"INFO","service":"forgecraft","module":"registry/composer","message":"Templates composed","tags":["UNIVERSAL"],"tier":"core","instructionBlocks":2,"structureEntries":0,"nfrBlocks":1,"hooks":0,"skills":0,"reviewBlocks":0,"referenceBlocks":0,"playbooks":0,"verificationStrategies":0}
{"timestamp":"2026-03-28T01:43:56.240Z","level":"INFO","service":"forgecraft","module":"registry/composer","message":"Templates composed","tags":["UNIVERSAL"],"tier":"recommended","instructionBlocks":3,"structureEntries":0,"nfrBlocks":1,"hooks":0,"skills":0,"reviewBlocks":0,"referenceBlocks":0,"playbooks":0,"verificationStrategies":0}
{"timestamp":"2026-03-28T01:43:56.241Z","level":"INFO","service":"forgecraft","module":"registry/composer","message":"Templates composed","tags":["UNIVERSAL"],"tier":"optional","instructionBlocks":1,"structureEntries":0,"nfrBlocks":0,"hooks":0,"skills":0,"reviewBlocks":0,"referenceBlocks":0,"playbooks":0,"verificationStrategies":0}
{"timestamp":"2026-03-28T01:43:56.242Z","level":"INFO","service":"forgecraft","module":"registry/composer","message":"Templates composed","tags":["UNIVERSAL"],"tier":"optional","instructionBlocks":2,"structureEntries":0,"nfrBlocks":0,"hooks":0,"skills":0,"reviewBlocks":0,"referenceBlocks":0,"playbooks":0,"verificationStrategies":0}
{"timestamp":"2026-03-28T01:43:56.243Z","level":"INFO","service":"forgecraft","module":"registry/composer","message":"Templates composed","tags":["UNIVERSAL"],"tier":"optional","instructionBlocks":1,"structureEntries":0,"nfrBlocks":0,"hooks":0,"skills":0,"reviewBlocks":0,"referenceBlocks":0,"playbooks":0,"verificationStrategies":0}
{"timestamp":"2026-03-28T01:43:56.244Z","level":"INFO","service":"forgecraft","module":"registry/composer","message":"Templates composed","tags":["UNIVERSAL"],"tier":"recommended","instructionBlocks":0,"structureEntries":0,"nfrBlocks":0,"hooks":0,"skills":0,"reviewBlocks":0,"referenceBlocks":2,"playbooks":0,"verificationStrategies":0}
{"timestamp":"2026-03-28T01:43:56.245Z","level":"INFO","service":"forgecraft","module":"registry/composer","message":"Templates composed","tags":["UNIVERSAL","API"],"tier":"recommended","instructionBlocks":0,"structureEntries":0,"nfrBlocks":0,"hooks":0,"skills":0,"reviewBlocks":0,"referenceBlocks":2,"playbooks":0,"verificationStrategies":0}
{"timestamp":"2026-03-28T01:43:56.245Z","level":"INFO","service":"forgecraft","module":"registry/composer","message":"Templates composed","tags":["UNIVERSAL"],"tier":"recommended","instructionBlocks":0,"structureEntries":0,"nfrBlocks":0,"hooks":0,"skills":0,"reviewBlocks":0,"referenceBlocks":0,"playbooks":0,"verificationStrategies":0}
{"timestamp":"2026-03-28T01:43:56.245Z","level":"INFO","service":"forgecraft","module":"registry/composer","message":"Templates composed","tags":["UNIVERSAL"],"tier":"core","instructionBlocks":0,"structureEntries":0,"nfrBlocks":0,"hooks":0,"skills":0,"reviewBlocks":0,"referenceBlocks":1,"playbooks":0,"verificationStrategies":0}
{"timestamp":"2026-03-28T01:43:56.246Z","level":"INFO","service":"forgecraft","module":"registry/composer","message":"Templates composed","tags":["UNIVERSAL"],"tier":"recommended","instructionBlocks":0,"structureEntries":0,"nfrBlocks":0,"hooks":0,"skills":2,"reviewBlocks":0,"referenceBlocks":0,"playbooks":0,"verificationStrategies":0}
{"timestamp":"2026-03-28T01:43:56.247Z","level":"INFO","service":"forgecraft","module":"registry/composer","message":"Templates composed","tags":["UNIVERSAL","API"],"tier":"recommended","instructionBlocks":0,"structureEntries":0,"nfrBlocks":0,"hooks":0,"skills":3,"reviewBlocks":0,"referenceBlocks":0,"playbooks":0,"verificationStrategies":0}
{"timestamp":"2026-03-28T01:43:56.247Z","level":"INFO","service":"forgecraft","module":"registry/composer","message":"Templates composed","tags":["UNIVERSAL"],"tier":"core","instructionBlocks":0,"structureEntries":0,"nfrBlocks":0,"hooks":0,"skills":1,"reviewBlocks":0,"referenceBlocks":0,"playbooks":0,"verificationStrategies":0}
{"timestamp":"2026-03-28T01:43:56.248Z","level":"INFO","service":"forgecraft","module":"registry/composer","message":"Templates composed","tags":["UNIVERSAL"],"tier":"recommended","instructionBlocks":0,"structureEntries":0,"nfrBlocks":0,"hooks":0,"skills":2,"reviewBlocks":0,"referenceBlocks":0,"playbooks":0,"verificationStrategies":0}
{"timestamp":"2026-03-28T01:43:56.248Z","level":"INFO","service":"forgecraft","module":"registry/composer","message":"Templates composed","tags":["UNIVERSAL"],"tier":"optional","instructionBlocks":0,"structureEntries":0,"nfrBlocks":0,"hooks":0,"skills":3,"reviewBlocks":0,"referenceBlocks":0,"playbooks":0,"verificationStrategies":0}
{"timestamp":"2026-03-28T01:43:56.248Z","level":"INFO","service":"forgecraft","module":"registry/composer","message":"Templates composed","tags":["UNIVERSAL"],"tier":"core","instructionBlocks":0,"structureEntries":0,"nfrBlocks":0,"hooks":0,"skills":1,"reviewBlocks":0,"referenceBlocks":0,"playbooks":0,"verificationStrategies":0}
{"timestamp":"2026-03-28T01:43:56.249Z","level":"INFO","service":"forgecraft","module":"registry/composer","message":"Templates composed","tags":["UNIVERSAL"],"tier":"optional","instructionBlocks":0,"structureEntries":0,"nfrBlocks":0,"hooks":0,"skills":1,"reviewBlocks":0,"referenceBlocks":0,"playbooks":0,"verificationStrategies":0}
{"timestamp":"2026-03-28T01:43:56.249Z","level":"INFO","service":"forgecraft","module":"registry/composer","message":"Templates composed","tags":["UNIVERSAL"],"tier":"recommended","instructionBlocks":0,"structureEntries":0,"nfrBlocks":0,"hooks":0,"skills":0,"reviewBlocks":0,"referenceBlocks":0,"playbooks":0,"verificationStrategies":0}
 [32mΓ£ô[39m tests/registry/composer.test.ts[2m > [22mcomposer[2m > [22mcomposeTemplates[2m > [22mshould return empty arrays when no templates match[32m 9[2mms[22m[39m
 [32mΓ£ô[39m tests/registry/composer.test.ts[2m > [22mcomposer[2m > [22mcomposeTemplates[2m > [22mshould always prepend UNIVERSAL even if not in tags[32m 3[2mms[22m[39m
 [32mΓ£ô[39m tests/registry/composer.test.ts[2m > [22mcomposer[2m > [22mcomposeTemplates[2m > [22mshould deduplicate claude-md blocks by id[32m 1[2mms[22m[39m
 [32mΓ£ô[39m tests/registry/composer.test.ts[2m > [22mcomposer[2m > [22mcomposeTemplates[2m > [22mshould deduplicate structure entries by path[32m 1[2mms[22m[39m
 [32mΓ£ô[39m tests/registry/composer.test.ts[2m > [22mcomposer[2m > [22mcomposeTemplates[2m > [22mshould deduplicate hooks by name[32m 1[2mms[22m[39m
 [32mΓ£ô[39m tests/registry/composer.test.ts[2m > [22mcomposer[2m > [22mcomposeTemplates[2m > [22mshould deduplicate NFR blocks by id[32m 1[2mms[22m[39m
 [32mΓ£ô[39m tests/registry/composer.test.ts[2m > [22mcomposer[2m > [22mcomposeTemplates[2m > [22mshould not duplicate UNIVERSAL if explicitly included[32m 1[2mms[22m[39m
 [32mΓ£ô[39m tests/registry/composer.test.ts[2m > [22mcomposer[2m > [22mcomposeTemplates[2m > [22mshould handle tags with no template data gracefully[32m 1[2mms[22m[39m
 [32mΓ£ô[39m tests/registry/composer.test.ts[2m > [22mcomposer[2m > [22mcomposeTemplates[2m > [22mshould deduplicate review blocks by id[32m 1[2mms[22m[39m
 [32mΓ£ô[39m tests/registry/composer.test.ts[2m > [22mcomposer[2m > [22mcomposeTemplates[2m > [22mshould compose review blocks from multiple tags preserving dimension[32m 1[2mms[22m[39m
 [32mΓ£ô[39m tests/registry/composer.test.ts[2m > [22mcomposer[2m > [22mtier filtering[2m > [22mshould include all blocks when tier is optional[32m 1[2mms[22m[39m
 [32mΓ£ô[39m tests/registry/composer.test.ts[2m > [22mcomposer[2m > [22mtier filtering[2m > [22mshould filter optional blocks when tier is recommended[32m 1[2mms[22m[39m
 [32mΓ£ô[39m tests/registry/composer.test.ts[2m > [22mcomposer[2m > [22mtier filtering[2m > [22mshould only include core blocks when tier is core[32m 1[2mms[22m[39m
 [32mΓ£ô[39m tests/registry/composer.test.ts[2m > [22mcomposer[2m > [22mtier filtering[2m > [22mshould treat blocks without tier as core[32m 1[2mms[22m[39m
 [32mΓ£ô[39m tests/registry/composer.test.ts[2m > [22mcomposer[2m > [22mtier filtering[2m > [22mshould default to recommended tier when no config provided[32m 1[2mms[22m[39m
 [32mΓ£ô[39m tests/registry/composer.test.ts[2m > [22mcomposer[2m > [22minclude/exclude filtering[2m > [22mshould exclude specified block IDs[32m 1[2mms[22m[39m
 [32mΓ£ô[39m tests/registry/composer.test.ts[2m > [22mcomposer[2m > [22minclude/exclude filtering[2m > [22mshould only include specified block IDs when include list given[32m 1[2mms[22m[39m
 [32mΓ£ô[39m tests/registry/composer.test.ts[2m > [22mcomposer[2m > [22minclude/exclude filtering[2m > [22mshould apply exclude on top of include[32m 1[2mms[22m[39m
 [32mΓ£ô[39m tests/registry/composer.test.ts[2m > [22mcomposer[2m > [22mreference block composition[2m > [22mshould compose reference blocks from templates[32m 1[2mms[22m[39m
 [32mΓ£ô[39m tests/registry/composer.test.ts[2m > [22mcomposer[2m > [22mreference block composition[2m > [22mshould deduplicate reference blocks by id[32m 1[2mms[22m[39m
 [32mΓ£ô[39m tests/registry/composer.test.ts[2m > [22mcomposer[2m > [22mreference block composition[2m > [22mshould return empty reference blocks when none exist[32m 0[2mms[22m[39m
 [32mΓ£ô[39m tests/registry/composer.test.ts[2m > [22mcomposer[2m > [22mreference block composition[2m > [22mshould not tier-filter reference blocks[32m 0[2mms[22m[39m
 [32mΓ£ô[39m tests/registry/composer.test.ts[2m > [22mcomposer[2m > [22mskill composition[2m > [22mshould compose skills from a single tag[32m 1[2mms[22m[39m
 [32mΓ£ô[39m tests/registry/composer.test.ts[2m > [22mcomposer[2m > [22mskill composition[2m > [22mshould deduplicate skills by id across tags[32m 1[2mms[22m[39m
 [32mΓ£ô[39m tests/registry/composer.test.ts[2m > [22mcomposer[2m > [22mskill composition[2m > [22mshould tier-filter skills[32m 1[2mms[22m[39m
 [32mΓ£ô[39m tests/registry/composer.test.ts[2m > [22mcomposer[2m > [22mskill composition[2m > [22mshould treat skills without tier as core[32m 1[2mms[22m[39m
 [32mΓ£ô[39m tests/registry/composer.test.ts[2m > [22mcomposer[2m > [22mskill composition[2m > [22mshould respect include/exclude for skills[32m 1[2mms[22m[39m
 [32mΓ£ô[39m tests/registry/composer.test.ts[2m > [22mcomposer[2m > [22mskill composition[2m > [22mshould return empty skills when no templates have skills[32m 0[2mms[22m[39m
{"timestamp":"2026-03-28T01:43:56.319Z","level":"INFO","service":"forgecraft","module":"analyzers/project-context","message":"Project context detected","projectDir":"C:\\Users\\JC\\AppData\\Local\\Temp\\forgecraft-refresh-test-1774662234038","repoUrl":"not found","framework":"not detected","hasDomain":false,"sensitiveData":"NO"}
{"timestamp":"2026-03-28T01:43:56.361Z","level":"INFO","service":"forgecraft","module":"analyzers/package-json","message":"Project analysis complete","projectDir":"C:\\Users\\JC\\AppData\\Local\\Temp\\forgecraft-classify-test-1774662236358","detections":0,"tags":[]}
{"timestamp":"2026-03-28T01:43:56.376Z","level":"INFO","service":"forgecraft","module":"analyzers/package-json","message":"Project analysis complete","projectDir":"C:\\Users\\JC\\AppData\\Local\\Temp\\forgecraft-classify-test-1774662236369","detections":1,"tags":["WEB-REACT"]}
 [32mΓ£ô[39m tests/tools/sentinel.test.ts[2m > [22msentinelHandler[2m > [22mrecommends forgecraft_actions setup_project for unconfigured project[32m 7[2mms[22m[39m
 [32mΓ£ô[39m tests/tools/sentinel.test.ts[2m > [22msentinelHandler[2m > [22mmentions removing MCP after setup in all responses[32m 3[2mms[22m[39m
 [32mΓ£ô[39m tests/tools/sentinel.test.ts[2m > [22msentinelHandler[2m > [22mshows different message when forgecraft.yaml exists[32m 8[2mms[22m[39m
 [32mΓ£ô[39m tests/tools/sentinel.test.ts[2m > [22msentinelHandler[2m > [22mshows configured status when config, CLAUDE.md, and hooks exist[32m 15[2mms[22m[39m
 [32mΓ£ô[39m tests/tools/classify.test.ts[2m > [22mclassifyProjectHandler[2m > [22malways suggests UNIVERSAL tag[32m 12[2mms[22m[39m
 [32mΓ£ô[39m tests/tools/classify.test.ts[2m > [22mclassifyProjectHandler[2m > [22mdetects WEB-REACT from package.json with react dependency[32m 11[2mms[22m[39m
 [32mΓ£ô[39m tests/tools/classify.test.ts[2m > [22mclassifyProjectHandler[2m > [22minfers tags from description text[32m 3[2mms[22m[39m
 [32mΓ£ô[39m tests/tools/classify.test.ts[2m > [22mclassifyProjectHandler[2m > [22mlists all available tags in output[32m 3[2mms[22m[39m
{"timestamp":"2026-03-28T01:43:56.408Z","level":"INFO","service":"forgecraft","module":"tools/refresh-project","message":"Refresh project starting","projectDir":"C:\\Users\\JC\\AppData\\Local\\Temp\\forgecraft-refresh-test-1774662236385","apply":true}
{"timestamp":"2026-03-28T01:43:56.415Z","level":"INFO","service":"forgecraft","module":"registry/loader","message":"Templates loaded","tagCount":24,"tags":["ANALYTICS","API","CLI","DATA-LINEAGE","DATA-PIPELINE","FINTECH","GAME","HEALTHCARE","HIPAA","INFRA","LIBRARY","MEDALLION-ARCHITECTURE","ML","MOBILE","OBSERVABILITY-XRAY","REALTIME","SOC2","SOCIAL","STATE-MACHINE","UNIVERSAL","WEB-REACT","WEB-STATIC","WEB3","ZERO-TRUST"]}
{"timestamp":"2026-03-28T01:43:56.415Z","level":"INFO","service":"forgecraft","module":"registry/composer","message":"Templates composed","tags":["UNIVERSAL"],"tier":"recommended","instructionBlocks":37,"structureEntries":20,"nfrBlocks":4,"hooks":13,"skills":8,"reviewBlocks":5,"referenceBlocks":8,"playbooks":0,"verificationStrategies":1}
{"timestamp":"2026-03-28T01:43:56.599Z","level":"INFO","service":"forgecraft","module":"tools/registry-refresh","message":"Registry sync complete","added":13,"updated":0,"retired":0}
{"timestamp":"2026-03-28T01:43:56.601Z","level":"INFO","service":"forgecraft","module":"analyzers/package-json","message":"Project analysis complete","projectDir":"C:\\Users\\JC\\AppData\\Local\\Temp\\forgecraft-refresh-test-1774662236385","detections":0,"tags":[]}
{"timestamp":"2026-03-28T01:43:56.602Z","level":"INFO","service":"forgecraft","module":"analyzers/completeness","message":"Completeness check done","passing":0,"failing":7}
{"timestamp":"2026-03-28T01:43:56.671Z","level":"INFO","service":"forgecraft","module":"registry/loader","message":"Templates loaded","tagCount":24,"tags":["ANALYTICS","API","CLI","DATA-LINEAGE","DATA-PIPELINE","FINTECH","GAME","HEALTHCARE","HIPAA","INFRA","LIBRARY","MEDALLION-ARCHITECTURE","ML","MOBILE","OBSERVABILITY-XRAY","REALTIME","SOC2","SOCIAL","STATE-MACHINE","UNIVERSAL","WEB-REACT","WEB-STATIC","WEB3","ZERO-TRUST"]}
{"timestamp":"2026-03-28T01:43:56.672Z","level":"INFO","service":"forgecraft","module":"registry/composer","message":"Templates composed","tags":["UNIVERSAL"],"tier":"recommended","instructionBlocks":37,"structureEntries":20,"nfrBlocks":4,"hooks":13,"skills":8,"reviewBlocks":5,"referenceBlocks":8,"playbooks":0,"verificationStrategies":1}
{"timestamp":"2026-03-28T01:43:57.069Z","level":"INFO","service":"forgecraft","module":"analyzers/project-context","message":"Project context detected","projectDir":"C:\\Users\\JC\\AppData\\Local\\Temp\\forgecraft-setup-test-1774662235231","repoUrl":"not found","framework":"not detected","hasDomain":false,"sensitiveData":"NO"}
 [32mΓ£ô[39m tests/tools/cascade-defaults.test.ts[2m > [22mderiveDefaultCascadeDecisions[2m > [22moutput shape[2m > [22mreturns exactly 5 decisions[32m 8[2mms[22m[39m
 [32mΓ£ô[39m tests/tools/cascade-defaults.test.ts[2m > [22mderiveDefaultCascadeDecisions[2m > [22moutput shape[2m > [22mcovers all five step names[32m 2[2mms[22m[39m
 [32mΓ£ô[39m tests/tools/cascade-defaults.test.ts[2m > [22mderiveDefaultCascadeDecisions[2m > [22moutput shape[2m > [22msets decidedBy to scaffold[32m 1[2mms[22m[39m
 [32mΓ£ô[39m tests/tools/cascade-defaults.test.ts[2m > [22mderiveDefaultCascadeDecisions[2m > [22moutput shape[2m > [22msets decidedAt to today's ISO date (YYYY-MM-DD)[32m 1[2mms[22m[39m
 [32mΓ£ô[39m tests/tools/cascade-defaults.test.ts[2m > [22mderiveDefaultCascadeDecisions[2m > [22moutput shape[2m > [22mevery decision has a non-empty rationale string[32m 1[2mms[22m[39m
 [32mΓ£ô[39m tests/tools/cascade-defaults.test.ts[2m > [22mderiveDefaultCascadeDecisions[2m > [22mCLI tag defaults[2m > [22mfunctional_spec is required[32m 0[2mms[22m[39m
 [32mΓ£ô[39m tests/tools/cascade-defaults.test.ts[2m > [22mderiveDefaultCascadeDecisions[2m > [22mCLI tag defaults[2m > [22marchitecture_diagrams is optional[32m 0[2mms[22m[39m
 [32mΓ£ô[39m tests/tools/cascade-defaults.test.ts[2m > [22mderiveDefaultCascadeDecisions[2m > [22mCLI tag defaults[2m > [22mconstitution is required[32m 0[2mms[22m[39m
 [32mΓ£ô[39m tests/tools/cascade-defaults.test.ts[2m > [22mderiveDefaultCascadeDecisions[2m > [22mCLI tag defaults[2m > [22madrs is optional[32m 1[2mms[22m[39m
 [32mΓ£ô[39m tests/tools/cascade-defaults.test.ts[2m > [22mderiveDefaultCascadeDecisions[2m > [22mCLI tag defaults[2m > [22mbehavioral_contracts is optional[32m 0[2mms[22m[39m
 [32mΓ£ô[39m tests/tools/cascade-defaults.test.ts[2m > [22mderiveDefaultCascadeDecisions[2m > [22mLIBRARY tag defaults[2m > [22mall five steps are required[32m 0[2mms[22m[39m
 [32mΓ£ô[39m tests/tools/cascade-defaults.test.ts[2m > [22mderiveDefaultCascadeDecisions[2m > [22mAPI tag defaults[2m > [22mall five steps are required[32m 0[2mms[22m[39m
 [32mΓ£ô[39m tests/tools/cascade-defaults.test.ts[2m > [22mderiveDefaultCascadeDecisions[2m > [22mUNIVERSAL-only fallback[2m > [22mfunctional_spec is required[32m 0[2mms[22m[39m
 [32mΓ£ô[39m tests/tools/cascade-defaults.test.ts[2m > [22mderiveDefaultCascadeDecisions[2m > [22mUNIVERSAL-only fallback[2m > [22marchitecture_diagrams is required[32m 0[2mms[22m[39m
 [32mΓ£ô[39m tests/tools/cascade-defaults.test.ts[2m > [22mderiveDefaultCascadeDecisions[2m > [22mUNIVERSAL-only fallback[2m > [22mconstitution is required[32m 0[2mms[22m[39m
 [32mΓ£ô[39m tests/tools/cascade-defaults.test.ts[2m > [22mderiveDefaultCascadeDecisions[2m > [22mUNIVERSAL-only fallback[2m > [22madrs is optional[32m 0[2mms[22m[39m
 [32mΓ£ô[39m tests/tools/cascade-defaults.test.ts[2m > [22mderiveDefaultCascadeDecisions[2m > [22mUNIVERSAL-only fallback[2m > [22mbehavioral_contracts is optional[32m 0[2mms[22m[39m
 [32mΓ£ô[39m tests/tools/cascade-defaults.test.ts[2m > [22mderiveDefaultCascadeDecisions[2m > [22mno recognized tags ΓÇö fail-safe defaults[2m > [22mall steps are required when no recognized tags present[32m 0[2mms[22m[39m
 [32mΓ£ô[39m tests/tools/cascade-defaults.test.ts[2m > [22mderiveDefaultCascadeDecisions[2m > [22mno recognized tags ΓÇö fail-safe defaults[2m > [22munrecognized tags also default all steps to required[32m 0[2mms[22m[39m
 [32mΓ£ô[39m tests/tools/cascade-defaults.test.ts[2m > [22mderiveDefaultCascadeDecisions[2m > [22mmost-restrictive rule (multiple tags)[2m > [22mCLI+API: architecture_diagrams is required (API overrides CLI optional)[32m 0[2mms[22m[39m
 [32mΓ£ô[39m tests/tools/cascade-defaults.test.ts[2m > [22mderiveDefaultCascadeDecisions[2m > [22mmost-restrictive rule (multiple tags)[2m > [22mCLI+LIBRARY: adrs is required (LIBRARY overrides CLI optional)[32m 0[2mms[22m[39m
 [32mΓ£ô[39m tests/tools/cascade-defaults.test.ts[2m > [22mderiveDefaultCascadeDecisions[2m > [22mmost-restrictive rule (multiple tags)[2m > [22mCLI+API: behavioral_contracts is required (API overrides CLI optional)[32m 0[2mms[22m[39m
 [32mΓ£ô[39m tests/tools/cascade-defaults.test.ts[2m > [22mderiveDefaultCascadeDecisions[2m > [22mmost-restrictive rule (multiple tags)[2m > [22mCLI+LIBRARY: all steps required (most restrictive wins)[32m 0[2mms[22m[39m
 [32mΓ£ô[39m tests/tools/cascade-defaults.test.ts[2m > [22mderiveDefaultCascadeDecisions[2m > [22mrationale content[2m > [22mCLI architecture_diagrams optional rationale mentions CLI[32m 0[2mms[22m[39m
 [32mΓ£ô[39m tests/tools/cascade-defaults.test.ts[2m > [22mderiveDefaultCascadeDecisions[2m > [22mrationale content[2m > [22mAPI architecture_diagrams required rationale mentions contracts[32m 0[2mms[22m[39m
 [32mΓ£ô[39m tests/tools/cascade-defaults.test.ts[2m > [22mderiveDefaultCascadeDecisions[2m > [22mrationale content[2m > [22mLIBRARY behavioral_contracts required rationale mentions consumers[32m 0[2mms[22m[39m
 [32mΓ£ô[39m tests/tools/cascade-defaults.test.ts[2m > [22mderiveDefaultCascadeDecisions[2m > [22mrationale content[2m > [22mincludes the project name in at least one rationale[32m 0[2mms[22m[39m
{"timestamp":"2026-03-28T01:43:57.144Z","level":"INFO","service":"forgecraft","module":"analyzers/completeness","message":"Completeness check done","passing":0,"failing":7}
{"timestamp":"2026-03-28T01:43:57.154Z","level":"INFO","service":"forgecraft","module":"analyzers/completeness","message":"Completeness check done","passing":0,"failing":7}
{"timestamp":"2026-03-28T01:43:57.158Z","level":"INFO","service":"forgecraft","module":"analyzers/completeness","message":"Completeness check done","passing":0,"failing":7}
{"timestamp":"2026-03-28T01:43:57.163Z","level":"INFO","service":"forgecraft","module":"analyzers/completeness","message":"Completeness check done","passing":1,"failing":6}
 [32mΓ£ô[39m tests/tools/audit.test.ts[2m > [22mauditProjectHandler[2m > [22mreturns a score between 0 and 100[32m 14[2mms[22m[39m
 [32mΓ£ô[39m tests/tools/audit.test.ts[2m > [22mauditProjectHandler[2m > [22mincludes Grade in output[32m 4[2mms[22m[39m
 [32mΓ£ô[39m tests/tools/audit.test.ts[2m > [22mauditProjectHandler[2m > [22mscore improves when CLAUDE.md is present[32m 11[2mms[22m[39m
{"timestamp":"2026-03-28T01:43:57.185Z","level":"INFO","service":"forgecraft","module":"registry/loader","message":"Templates loaded","tagCount":24,"tags":["ANALYTICS","API","CLI","DATA-LINEAGE","DATA-PIPELINE","FINTECH","GAME","HEALTHCARE","HIPAA","INFRA","LIBRARY","MEDALLION-ARCHITECTURE","ML","MOBILE","OBSERVABILITY-XRAY","REALTIME","SOC2","SOCIAL","STATE-MACHINE","UNIVERSAL","WEB-REACT","WEB-STATIC","WEB3","ZERO-TRUST"]}
{"timestamp":"2026-03-28T01:43:57.212Z","level":"INFO","service":"forgecraft","module":"registry/composer","message":"Templates composed","tags":["UNIVERSAL"],"tier":"recommended","instructionBlocks":37,"structureEntries":20,"nfrBlocks":4,"hooks":13,"skills":8,"reviewBlocks":5,"referenceBlocks":8,"playbooks":0,"verificationStrategies":1}
{"timestamp":"2026-03-28T01:43:57.220Z","level":"INFO","service":"forgecraft","module":"registry/composer","message":"Templates composed","tags":["UNIVERSAL","API"],"tier":"recommended","instructionBlocks":42,"structureEntries":28,"nfrBlocks":5,"hooks":13,"skills":10,"reviewBlocks":9,"referenceBlocks":8,"playbooks":0,"verificationStrategies":2}
{"timestamp":"2026-03-28T01:43:57.222Z","level":"INFO","service":"forgecraft","module":"registry/composer","message":"Templates composed","tags":["UNIVERSAL","CLI"],"tier":"recommended","instructionBlocks":38,"structureEntries":23,"nfrBlocks":4,"hooks":13,"skills":8,"reviewBlocks":8,"referenceBlocks":8,"playbooks":0,"verificationStrategies":1}
{"timestamp":"2026-03-28T01:43:57.223Z","level":"INFO","service":"forgecraft","module":"registry/composer","message":"Templates composed","tags":["UNIVERSAL","LIBRARY"],"tier":"recommended","instructionBlocks":38,"structureEntries":25,"nfrBlocks":4,"hooks":13,"skills":8,"reviewBlocks":8,"referenceBlocks":8,"playbooks":0,"verificationStrategies":1}
{"timestamp":"2026-03-28T01:43:57.223Z","level":"INFO","service":"forgecraft","module":"analyzers/project-context","message":"Project context detected","projectDir":"C:\\Users\\JC\\AppData\\Local\\Temp\\forgecraft-scaffold-test-1774662235886","repoUrl":"not found","framework":"not detected","hasDomain":false,"sensitiveData":"NO"}
{"timestamp":"2026-03-28T01:43:57.224Z","level":"INFO","service":"forgecraft","module":"registry/composer","message":"Templates composed","tags":["UNIVERSAL","WEB-REACT"],"tier":"recommended","instructionBlocks":47,"structureEntries":33,"nfrBlocks":5,"hooks":15,"skills":10,"reviewBlocks":9,"referenceBlocks":8,"playbooks":0,"verificationStrategies":2}
{"timestamp":"2026-03-28T01:43:57.225Z","level":"INFO","service":"forgecraft","module":"registry/composer","message":"Templates composed","tags":["UNIVERSAL","WEB-REACT","API"],"tier":"recommended","instructionBlocks":52,"structureEntries":40,"nfrBlocks":6,"hooks":15,"skills":12,"reviewBlocks":13,"referenceBlocks":8,"playbooks":0,"verificationStrategies":3}
{"timestamp":"2026-03-28T01:43:57.226Z","level":"INFO","service":"forgecraft","module":"registry/composer","message":"Templates composed","tags":["UNIVERSAL","ANALYTICS"],"tier":"recommended","instructionBlocks":38,"structureEntries":27,"nfrBlocks":4,"hooks":13,"skills":8,"reviewBlocks":5,"referenceBlocks":8,"playbooks":0,"verificationStrategies":1}
{"timestamp":"2026-03-28T01:43:57.227Z","level":"INFO","service":"forgecraft","module":"registry/composer","message":"Templates composed","tags":["UNIVERSAL","API","CLI","LIBRARY"],"tier":"recommended","instructionBlocks":44,"structureEntries":34,"nfrBlocks":5,"hooks":13,"skills":10,"reviewBlocks":15,"referenceBlocks":8,"playbooks":0,"verificationStrategies":2}
{"timestamp":"2026-03-28T01:43:57.229Z","level":"INFO","service":"forgecraft","module":"registry/composer","message":"Templates composed","tags":["UNIVERSAL"],"tier":"recommended","instructionBlocks":37,"structureEntries":20,"nfrBlocks":4,"hooks":13,"skills":8,"reviewBlocks":5,"referenceBlocks":8,"playbooks":0,"verificationStrategies":1}
{"timestamp":"2026-03-28T01:43:57.229Z","level":"INFO","service":"forgecraft","module":"registry/composer","message":"Templates composed","tags":["UNIVERSAL","API"],"tier":"recommended","instructionBlocks":42,"structureEntries":28,"nfrBlocks":5,"hooks":13,"skills":10,"reviewBlocks":9,"referenceBlocks":8,"playbooks":0,"verificationStrategies":2}
{"timestamp":"2026-03-28T01:43:57.229Z","level":"INFO","service":"forgecraft","module":"registry/composer","message":"Templates composed","tags":["UNIVERSAL","CLI"],"tier":"recommended","instructionBlocks":38,"structureEntries":23,"nfrBlocks":4,"hooks":13,"skills":8,"reviewBlocks":8,"referenceBlocks":8,"playbooks":0,"verificationStrategies":1}
{"timestamp":"2026-03-28T01:43:57.229Z","level":"INFO","service":"forgecraft","module":"registry/composer","message":"Templates composed","tags":["UNIVERSAL","LIBRARY"],"tier":"recommended","instructionBlocks":38,"structureEntries":25,"nfrBlocks":4,"hooks":13,"skills":8,"reviewBlocks":8,"referenceBlocks":8,"playbooks":0,"verificationStrategies":1}
{"timestamp":"2026-03-28T01:43:57.229Z","level":"INFO","service":"forgecraft","module":"registry/composer","message":"Templates composed","tags":["UNIVERSAL","WEB-REACT"],"tier":"recommended","instructionBlocks":47,"structureEntries":33,"nfrBlocks":5,"hooks":15,"skills":10,"reviewBlocks":9,"referenceBlocks":8,"playbooks":0,"verificationStrategies":2}
{"timestamp":"2026-03-28T01:43:57.230Z","level":"INFO","service":"forgecraft","module":"registry/composer","message":"Templates composed","tags":["UNIVERSAL","WEB-REACT","API"],"tier":"recommended","instructionBlocks":52,"structureEntries":40,"nfrBlocks":6,"hooks":15,"skills":12,"reviewBlocks":13,"referenceBlocks":8,"playbooks":0,"verificationStrategies":3}
{"timestamp":"2026-03-28T01:43:57.230Z","level":"INFO","service":"forgecraft","module":"registry/composer","message":"Templates composed","tags":["UNIVERSAL","ANALYTICS"],"tier":"recommended","instructionBlocks":38,"structureEntries":27,"nfrBlocks":4,"hooks":13,"skills":8,"reviewBlocks":5,"referenceBlocks":8,"playbooks":0,"verificationStrategies":1}
{"timestamp":"2026-03-28T01:43:57.230Z","level":"INFO","service":"forgecraft","module":"registry/composer","message":"Templates composed","tags":["UNIVERSAL","API","CLI","LIBRARY"],"tier":"recommended","instructionBlocks":44,"structureEntries":34,"nfrBlocks":5,"hooks":13,"skills":10,"reviewBlocks":15,"referenceBlocks":8,"playbooks":0,"verificationStrategies":2}
{"timestamp":"2026-03-28T01:43:57.231Z","level":"INFO","service":"forgecraft","module":"registry/composer","message":"Templates composed","tags":["UNIVERSAL","API"],"tier":"recommended","instructionBlocks":42,"structureEntries":28,"nfrBlocks":5,"hooks":13,"skills":10,"reviewBlocks":9,"referenceBlocks":8,"playbooks":0,"verificationStrategies":2}
 [32mΓ£ô[39m tests/integration/smoke.test.ts[2m > [22msmoke tests[2m > [22mshould compose and render [UNIVERSAL] without errors[32m 10[2mms[22m[39m
 [32mΓ£ô[39m tests/integration/smoke.test.ts[2m > [22msmoke tests[2m > [22mshould compose and render [UNIVERSAL + API] without errors[32m 2[2mms[22m[39m
 [32mΓ£ô[39m tests/integration/smoke.test.ts[2m > [22msmoke tests[2m > [22mshould compose and render [UNIVERSAL + CLI] without errors[32m 1[2mms[22m[39m
 [32mΓ£ô[39m tests/integration/smoke.test.ts[2m > [22msmoke tests[2m > [22mshould compose and render [UNIVERSAL + LIBRARY] without errors[32m 1[2mms[22m[39m
 [32mΓ£ô[39m tests/integration/smoke.test.ts[2m > [22msmoke tests[2m > [22mshould compose and render [UNIVERSAL + WEB-REACT] without errors[32m 1[2mms[22m[39m
 [32mΓ£ô[39m tests/integration/smoke.test.ts[2m > [22msmoke tests[2m > [22mshould compose and render [UNIVERSAL + WEB-REACT + API] without errors[32m 1[2mms[22m[39m
 [32mΓ£ô[39m tests/integration/smoke.test.ts[2m > [22msmoke tests[2m > [22mshould compose and render [UNIVERSAL + ANALYTICS] without errors[32m 1[2mms[22m[39m
 [32mΓ£ô[39m tests/integration/smoke.test.ts[2m > [22msmoke tests[2m > [22mshould compose and render [UNIVERSAL + API + CLI + LIBRARY] without errors[32m 1[2mms[22m[39m
 [32mΓ£ô[39m tests/integration/smoke.test.ts[2m > [22msmoke tests[2m > [22mshould have UNIVERSAL blocks in every composition[32m 2[2mms[22m[39m
 [32mΓ£ô[39m tests/integration/smoke.test.ts[2m > [22msmoke tests[2m > [22mshould never produce unresolved required variables in rendered CLAUDE.md[32m 1[2mms[22m[39m
{"timestamp":"2026-03-28T01:43:57.236Z","level":"INFO","service":"forgecraft","module":"registry/loader","message":"Templates loaded","tagCount":24,"tags":["ANALYTICS","API","CLI","DATA-LINEAGE","DATA-PIPELINE","FINTECH","GAME","HEALTHCARE","HIPAA","INFRA","LIBRARY","MEDALLION-ARCHITECTURE","ML","MOBILE","OBSERVABILITY-XRAY","REALTIME","SOC2","SOCIAL","STATE-MACHINE","UNIVERSAL","WEB-REACT","WEB-STATIC","WEB3","ZERO-TRUST"]}
{"timestamp":"2026-03-28T01:43:57.236Z","level":"INFO","service":"forgecraft","module":"registry/mcp-discovery","message":"Loaded local MCP server recommendations","count":1,"tags":["STATE-MACHINE"]}
 [32mΓ£ô[39m tests/registry/sentinel-renderer.test.ts[2m > [22mrenderSentinelTree ΓÇö structure[2m > [22mreturns_claude_md_as_first_file[32m 7[2mms[22m[39m
 [32mΓ£ô[39m tests/registry/sentinel-renderer.test.ts[2m > [22mrenderSentinelTree ΓÇö structure[2m > [22mclaude_md_is_sentinel_not_monolithic[32m 1[2mms[22m[39m
 [32mΓ£ô[39m tests/registry/sentinel-renderer.test.ts[2m > [22mrenderSentinelTree ΓÇö structure[2m > [22mempty_blocks_returns_only_claude_md_with_no_domain_files[32m 2[2mms[22m[39m
 [32mΓ£ô[39m tests/registry/sentinel-renderer.test.ts[2m > [22mrenderSentinelTree ΓÇö structure[2m > [22mproduces_separate_domain_file_per_domain[32m 1[2mms[22m[39m
 [32mΓ£ô[39m tests/registry/sentinel-renderer.test.ts[2m > [22mrenderSentinelTree ΓÇö structure[2m > [22mdomain_file_paths_match_pattern[32m 1[2mms[22m[39m
 [32mΓ£ô[39m tests/registry/sentinel-renderer.test.ts[2m > [22mrenderSentinelTree ΓÇö structure[2m > [22munknown_block_ids_route_to_protocols_not_discarded[32m 1[2mms[22m[39m
 [32mΓ£ô[39m tests/registry/sentinel-renderer.test.ts[2m > [22mrenderSentinelTree ΓÇö CLAUDE.md content[2m > [22mclaude_md_is_sentinel_not_monolithic[32m 0[2mms[22m[39m
 [32mΓ£ô[39m tests/registry/sentinel-renderer.test.ts[2m > [22mrenderSentinelTree ΓÇö CLAUDE.md content[2m > [22mempty_blocks_returns_only_claude_md_with_no_domain_files[32m 1[2mms[22m[39m
 [32mΓ£ô[39m tests/registry/sentinel-renderer.test.ts[2m > [22mrenderSentinelTree ΓÇö CLAUDE.md content[2m > [22mcontains_project_name_as_h1_title[32m 1[2mms[22m[39m
 [32mΓ£ô[39m tests/registry/sentinel-renderer.test.ts[2m > [22mrenderSentinelTree ΓÇö CLAUDE.md content[2m > [22mcontains_navigation_pointer_to_index_md[32m 0[2mms[22m[39m
 [32mΓ£ô[39m tests/registry/sentinel-renderer.test.ts[2m > [22mrenderSentinelTree ΓÇö CLAUDE.md content[2m > [22mclaude_md_does_not_contain_wayfinding_table[32m 0[2mms[22m[39m
 [32mΓ£ô[39m tests/registry/sentinel-renderer.test.ts[2m > [22mrenderSentinelTree ΓÇö CLAUDE.md content[2m > [22muses_tag_names_in_description_when_no_domain_set[32m 0[2mms[22m[39m
 [32mΓ£ô[39m tests/registry/sentinel-renderer.test.ts[2m > [22mrenderSentinelTree ΓÇö CLAUDE.md content[2m > [22muses_domain_in_description_when_domain_is_set[32m 0[2mms[22m[39m
 [32mΓ£ô[39m tests/registry/sentinel-renderer.test.ts[2m > [22mrenderSentinelTree ΓÇö domain file content[2m > [22mdomain_file_contains_forgecraft_sentinel_comment[32m 0[2mms[22m[39m
 [32mΓ£ô[39m tests/registry/sentinel-renderer.test.ts[2m > [22mrenderSentinelTree ΓÇö domain file content[2m > [22mdomain_file_contains_rendered_block_content[32m 0[2mms[22m[39m
 [32mΓ£ô[39m tests/registry/sentinel-renderer.test.ts[2m > [22mrenderSentinelTree ΓÇö domain file content[2m > [22mdomain_file_only_contains_its_own_domain_blocks[32m 0[2mms[22m[39m
 [32mΓ£ô[39m tests/registry/sentinel-renderer.test.ts[2m > [22mrenderSentinelTree ΓÇö domain file content[2m > [22mblock_content_is_trimmed_before_inclusion_in_domain_file[32m 0[2mms[22m[39m
 [32mΓ£ô[39m tests/registry/sentinel-renderer.test.ts[2m > [22mrenderSentinelTree ΓÇö domain file content[2m > [22mempty_block_content_is_not_added_to_domain_file[32m 0[2mms[22m[39m
 [32mΓ£ô[39m tests/registry/sentinel-renderer.test.ts[2m > [22mrenderSentinelTree ΓÇö domain file content[2m > [22munknown_domain_description_falls_back_to_domain_name[32m 0[2mms[22m[39m
 [32mΓ£ô[39m tests/registry/renderer.test.ts[2m > [22mrenderer[2m > [22mrenderTemplate[2m > [22mshould substitute simple variables[32m 3[2mms[22m[39m
 [32mΓ£ô[39m tests/registry/renderer.test.ts[2m > [22mrenderer[2m > [22mrenderTemplate[2m > [22mshould handle snake_case to camelCase mapping[32m 2[2mms[22m[39m
 [32mΓ£ô[39m tests/registry/renderer.test.ts[2m > [22mrenderer[2m > [22mrenderTemplate[2m > [22mshould use default value when variable is missing[32m 1[2mms[22m[39m
 [32mΓ£ô[39m tests/registry/renderer.test.ts[2m > [22mrenderer[2m > [22mrenderTemplate[2m > [22mshould prefer actual value over default[32m 1[2mms[22m[39m
 [32mΓ£ô[39m tests/registry/renderer.test.ts[2m > [22mrenderer[2m > [22mrenderTemplate[2m > [22mshould leave placeholder when no value and no default[32m 0[2mms[22m[39m
 [32mΓ£ô[39m tests/registry/renderer.test.ts[2m > [22mrenderer[2m > [22mrenderTemplate[2m > [22mshould handle multiple substitutions[32m 0[2mms[22m[39m
 [32mΓ£ô[39m tests/registry/renderer.test.ts[2m > [22mrenderer[2m > [22mrenderTemplate[2m > [22mshould handle tags as formatted list[32m 1[2mms[22m[39m
 [32mΓ£ô[39m tests/registry/renderer.test.ts[2m > [22mrenderer[2m > [22mrenderTemplate[2m > [22mshould handle whitespace in variable syntax[32m 0[2mms[22m[39m
 [32mΓ£ô[39m tests/registry/renderer.test.ts[2m > [22mrenderer[2m > [22mrenderTemplate[2m > [22mshould strip typescript block when language is python[32m 1[2mms[22m[39m
 [32mΓ£ô[39m tests/registry/renderer.test.ts[2m > [22mrenderer[2m > [22mrenderTemplate[2m > [22mshould preserve typescript block when language is typescript[32m 1[2mms[22m[39m
 [32mΓ£ô[39m tests/registry/renderer.test.ts[2m > [22mrenderer[2m > [22mrenderTemplate[2m > [22mshould strip python block when language is typescript[32m 0[2mms[22m[39m
 [32mΓ£ô[39m tests/registry/renderer.test.ts[2m > [22mrenderer[2m > [22mrenderTemplate[2m > [22mshould preserve python block when language is python[32m 0[2mms[22m[39m
 [32mΓ£ô[39m tests/registry/renderer.test.ts[2m > [22mrenderer[2m > [22mrenderTemplate[2m > [22mshould handle multiline content in conditional blocks[32m 1[2mms[22m[39m
 [32mΓ£ô[39m tests/registry/renderer.test.ts[2m > [22mrenderer[2m > [22mrenderTemplate[2m > [22mshould handle multiple conditional blocks in same template[32m 0[2mms[22m[39m
 [32mΓ£ô[39m tests/registry/renderer.test.ts[2m > [22mrenderer[2m > [22mrenderTemplate[2m > [22mshould leave non-conditional content untouched[32m 0[2mms[22m[39m
 [32mΓ£ô[39m tests/registry/renderer.test.ts[2m > [22mrenderer[2m > [22mrenderClaudeMd[2m > [22mshould render blocks with header[32m 5[2mms[22m[39m
 [32mΓ£ô[39m tests/registry/renderer.test.ts[2m > [22mrenderer[2m > [22mrenderClaudeMd[2m > [22mshould render multiple blocks in order[32m 1[2mms[22m[39m
 [32mΓ£ô[39m tests/registry/renderer.test.ts[2m > [22mrenderer[2m > [22mrenderClaudeMd[2m > [22mshould substitute variables within blocks[32m 0[2mms[22m[39m
 [32mΓ£ô[39m tests/registry/renderer.test.ts[2m > [22mrenderer[2m > [22mrenderNfrs[2m > [22mshould render NFR blocks[32m 0[2mms[22m[39m
 [32mΓ£ô[39m tests/registry/renderer.test.ts[2m > [22mrenderer[2m > [22mrenderStatusMd[2m > [22mshould include tags[32m 0[2mms[22m[39m
 [32mΓ£ô[39m tests/registry/renderer.test.ts[2m > [22mrenderer[2m > [22mrenderStatusMd[2m > [22mshould include feature tracker table[32m 0[2mms[22m[39m
 [32mΓ£ô[39m tests/registry/renderer.test.ts[2m > [22mrenderer[2m > [22mrenderPrdSkeleton[2m > [22mshould include project name[32m 0[2mms[22m[39m
 [32mΓ£ô[39m tests/registry/renderer.test.ts[2m > [22mrenderer[2m > [22mrenderPrdSkeleton[2m > [22mshould include tags in NFR section[32m 0[2mms[22m[39m
 [32mΓ£ô[39m tests/registry/renderer.test.ts[2m > [22mrenderer[2m > [22mrenderTechSpecSkeleton[2m > [22mshould include project name and language[32m 0[2mms[22m[39m
 [32mΓ£ô[39m tests/registry/renderer.test.ts[2m > [22mrenderer[2m > [22mrenderTechSpecSkeleton[2m > [22mshould use framework when provided[32m 0[2mms[22m[39m
 [32mΓ£ô[39m tests/registry/renderer.test.ts[2m > [22mrenderer[2m > [22mrenderTechSpecSkeleton[2m > [22mshould show TBD when no framework[32m 0[2mms[22m[39m
 [32mΓ£ô[39m tests/registry/renderer.test.ts[2m > [22mrenderer[2m > [22mrenderSkill[2m > [22mshould substitute variables in skill content[32m 0[2mms[22m[39m
 [32mΓ£ô[39m tests/registry/renderer.test.ts[2m > [22mrenderer[2m > [22mrenderSkill[2m > [22mshould handle conditionals in skill content[32m 0[2mms[22m[39m
 [32mΓ£ô[39m tests/registry/renderer.test.ts[2m > [22mrenderer[2m > [22mrenderSkill[2m > [22mshould preserve content without variables unchanged[32m 0[2mms[22m[39m
 [32mΓ£ô[39m tests/registry/renderer.test.ts[2m > [22mrenderer[2m > [22mrenderSkill[2m > [22mshould use default values for missing variables[32m 0[2mms[22m[39m
 [32mΓ£ô[39m tests/registry/renderer.test.ts[2m > [22mrenderer[2m > [22mcompactifyContent[2m > [22mstrips . This explanatory tail from bullet points[32m 1[2mms[22m[39m
 [32mΓ£ô[39m tests/registry/renderer.test.ts[2m > [22mrenderer[2m > [22mcompactifyContent[2m > [22mstrips . It tail from bullet points[32m 0[2mms[22m[39m
 [32mΓ£ô[39m tests/registry/renderer.test.ts[2m > [22mrenderer[2m > [22mcompactifyContent[2m > [22mstrips . Because tail from bullet points[32m 0[2mms[22m[39m
 [32mΓ£ô[39m tests/registry/renderer.test.ts[2m > [22mrenderer[2m > [22mcompactifyContent[2m > [22mleaves bullets without explanatory tails unchanged[32m 0[2mms[22m[39m
 [32mΓ£ô[39m tests/registry/renderer.test.ts[2m > [22mrenderer[2m > [22mcompactifyContent[2m > [22mleaves non-bullet lines unchanged[32m 0[2mms[22m[39m
 [32mΓ£ô[39m tests/registry/renderer.test.ts[2m > [22mrenderer[2m > [22mcompactifyContent[2m > [22mdeduplicates identical bullet lines across the content[32m 0[2mms[22m[39m
 [32mΓ£ô[39m tests/registry/renderer.test.ts[2m > [22mrenderer[2m > [22mcompactifyContent[2m > [22mcompresses 3+ consecutive blank lines to 2[32m 0[2mms[22m[39m
 [32mΓ£ô[39m tests/registry/renderer.test.ts[2m > [22mrenderer[2m > [22mcompactifyContent[2m > [22mhandles content with no bullets gracefully[32m 0[2mms[22m[39m
 [32mΓ£ô[39m tests/artifacts/schema.test.ts[2m > [22mSchemaArtifact[2m > [22midentity properties[2m > [22mhas the correct specId[32m 3[2mms[22m[39m
 [32mΓ£ô[39m tests/artifacts/schema.test.ts[2m > [22mSchemaArtifact[2m > [22midentity properties[2m > [22mhas a non-empty name mentioning Zod or Schema[32m 1[2mms[22m[39m
 [32mΓ£ô[39m tests/artifacts/schema.test.ts[2m > [22mSchemaArtifact[2m > [22midentity properties[2m > [22mcovers tool handler schemas and DTOs[32m 1[2mms[22m[39m
 [32mΓ£ô[39m tests/artifacts/schema.test.ts[2m > [22mSchemaArtifact[2m > [22midentity properties[2m > [22mexcludes test fixture types[32m 0[2mms[22m[39m
 [32mΓ£ô[39m tests/artifacts/schema.test.ts[2m > [22mSchemaArtifact[2m > [22midentity properties[2m > [22maccepts a custom version[32m 0[2mms[22m[39m
 [32mΓ£ô[39m tests/artifacts/schema.test.ts[2m > [22mSchemaArtifact[2m > [22misInScope[2m > [22mreturns true for files containing 'Schema'[32m 0[2mms[22m[39m
 [32mΓ£ô[39m tests/artifacts/schema.test.ts[2m > [22mSchemaArtifact[2m > [22misInScope[2m > [22mreturns true for *.schema.ts files[32m 0[2mms[22m[39m
 [32mΓ£ô[39m tests/artifacts/schema.test.ts[2m > [22mSchemaArtifact[2m > [22misInScope[2m > [22mreturns true for types.ts files[32m 0[2mms[22m[39m
 [32mΓ£ô[39m tests/artifacts/schema.test.ts[2m > [22mSchemaArtifact[2m > [22misInScope[2m > [22mreturns false for unrelated files[32m 1[2mms[22m[39m
 [32mΓ£ô[39m tests/artifacts/schema.test.ts[2m > [22mSchemaArtifact[2m > [22mverify()[2m > [22mfails for non-existent file[32m 2[2mms[22m[39m
 [32mΓ£ô[39m tests/artifacts/schema.test.ts[2m > [22mSchemaArtifact[2m > [22mdefend()[2m > [22mreturns allPassed and results array[32m 1[2mms[22m[39m
 [32mΓ£ô[39m tests/artifacts/schema.test.ts[2m > [22mSchemaArtifact[2m > [22mdefend()[2m > [22meach result has gate, exitCode, message[32m 1[2mms[22m[39m
 [32mΓ£ô[39m tests/artifacts/schema.test.ts[2m > [22mSchemaArtifact[2m > [22mdefend()[2m > [22mpasses the schema-for-tool-inputs gate when no tools dir (skipped)[32m 1[2mms[22m[39m
 [32mΓ£ô[39m tests/artifacts/schema.test.ts[2m > [22mSchemaArtifact[2m > [22mfindDecision()[2m > [22mreturns undefined when decisions is empty[32m 0[2mms[22m[39m
 [32mΓ£ô[39m tests/artifacts/schema.test.ts[2m > [22mSchemaArtifact[2m > [22mcomposeWith()[2m > [22mreturns empty conflict array[32m 0[2mms[22m[39m
{"timestamp":"2026-03-28T01:43:57.582Z","level":"INFO","service":"forgecraft","module":"registry/loader","message":"Templates loaded","tagCount":24,"tags":["ANALYTICS","API","CLI","DATA-LINEAGE","DATA-PIPELINE","FINTECH","GAME","HEALTHCARE","HIPAA","INFRA","LIBRARY","MEDALLION-ARCHITECTURE","ML","MOBILE","OBSERVABILITY-XRAY","REALTIME","SOC2","SOCIAL","STATE-MACHINE","UNIVERSAL","WEB-REACT","WEB-STATIC","WEB3","ZERO-TRUST"]}
{"timestamp":"2026-03-28T01:43:57.582Z","level":"INFO","service":"forgecraft","module":"registry/composer","message":"Templates composed","tags":["UNIVERSAL"],"tier":"\"recommended\"","instructionBlocks":0,"structureEntries":20,"nfrBlocks":0,"hooks":13,"skills":0,"reviewBlocks":0,"referenceBlocks":8,"playbooks":0,"verificationStrategies":1}
{"timestamp":"2026-03-28T01:43:57.583Z","level":"INFO","service":"forgecraft","module":"registry/composer","message":"Templates composed","tags":["UNIVERSAL"],"tier":"core","instructionBlocks":23,"structureEntries":20,"nfrBlocks":1,"hooks":13,"skills":3,"reviewBlocks":2,"referenceBlocks":8,"playbooks":0,"verificationStrategies":1}
 [32mΓ£ô[39m tests/artifacts/commit-history.test.ts[2m > [22mCommitHistoryArtifact[2m > [22mvalidateMessage[2m > [22maccepts_valid_feat_commit[32m 3[2mms[22m[39m
 [32mΓ£ô[39m tests/artifacts/commit-history.test.ts[2m > [22mCommitHistoryArtifact[2m > [22mvalidateMessage[2m > [22maccepts_valid_fix_commit[32m 1[2mms[22m[39m
 [32mΓ£ô[39m tests/artifacts/commit-history.test.ts[2m > [22mCommitHistoryArtifact[2m > [22mvalidateMessage[2m > [22maccepts_valid_chore_commit_no_scope[32m 0[2mms[22m[39m
 [32mΓ£ô[39m tests/artifacts/commit-history.test.ts[2m > [22mCommitHistoryArtifact[2m > [22mvalidateMessage[2m > [22maccepts_breaking_change_marker[32m 0[2mms[22m[39m
 [32mΓ£ô[39m tests/artifacts/commit-history.test.ts[2m > [22mCommitHistoryArtifact[2m > [22mvalidateMessage[2m > [22mrejects_missing_type[32m 0[2mms[22m[39m
 [32mΓ£ô[39m tests/artifacts/commit-history.test.ts[2m > [22mCommitHistoryArtifact[2m > [22mvalidateMessage[2m > [22mrejects_uppercase_type[32m 0[2mms[22m[39m
 [32mΓ£ô[39m tests/artifacts/commit-history.test.ts[2m > [22mCommitHistoryArtifact[2m > [22mvalidateMessage[2m > [22mrejects_message_too_long[32m 0[2mms[22m[39m
 [32mΓ£ô[39m tests/artifacts/commit-history.test.ts[2m > [22mCommitHistoryArtifact[2m > [22mvalidateMessage[2m > [22mrejects_empty_subject[32m 0[2mms[22m[39m
 [32mΓ£ô[39m tests/artifacts/commit-history.test.ts[2m > [22mCommitHistoryArtifact[2m > [22mvalidateMessage[2m > [22muses_only_first_line_for_validation[32m 1[2mms[22m[39m
 [32mΓ£ô[39m tests/artifacts/commit-history.test.ts[2m > [22mCommitHistoryArtifact[2m > [22mdetermineBump[2m > [22mreturns_major_for_breaking_change_footer[32m 1[2mms[22m[39m
 [32mΓ£ô[39m tests/artifacts/commit-history.test.ts[2m > [22mCommitHistoryArtifact[2m > [22mdetermineBump[2m > [22mreturns_major_for_bang_type[32m 0[2mms[22m[39m
 [32mΓ£ô[39m tests/artifacts/commit-history.test.ts[2m > [22mCommitHistoryArtifact[2m > [22mdetermineBump[2m > [22mreturns_minor_for_feat_no_breaking[32m 0[2mms[22m[39m
 [32mΓ£ô[39m tests/artifacts/commit-history.test.ts[2m > [22mCommitHistoryArtifact[2m > [22mdetermineBump[2m > [22mreturns_patch_for_fix_only[32m 0[2mms[22m[39m
 [32mΓ£ô[39m tests/artifacts/commit-history.test.ts[2m > [22mCommitHistoryArtifact[2m > [22mdetermineBump[2m > [22mreturns_patch_for_empty_list[32m 0[2mms[22m[39m
 [32mΓ£ô[39m tests/artifacts/commit-history.test.ts[2m > [22mCommitHistoryArtifact[2m > [22mdetermineBump[2m > [22mprefers_major_over_minor[32m 0[2mms[22m[39m
 [32mΓ£ô[39m tests/artifacts/commit-history.test.ts[2m > [22mCommitHistoryArtifact[2m > [22misInScope[2m > [22mmatches_changelog[32m 0[2mms[22m[39m
 [32mΓ£ô[39m tests/artifacts/commit-history.test.ts[2m > [22mCommitHistoryArtifact[2m > [22misInScope[2m > [22mmatches_package_json[32m 0[2mms[22m[39m
 [32mΓ£ô[39m tests/artifacts/commit-history.test.ts[2m > [22mCommitHistoryArtifact[2m > [22misInScope[2m > [22mrejects_source_files[32m 0[2mms[22m[39m
 [32mΓ£ô[39m tests/artifacts/commit-history.test.ts[2m > [22mCommitHistoryArtifact[2m > [22mGenerativeSpec contract[2m > [22mhas_required_identity_fields[32m 0[2mms[22m[39m
 [32mΓ£ô[39m tests/artifacts/commit-history.test.ts[2m > [22mCommitHistoryArtifact[2m > [22mGenerativeSpec contract[2m > [22mcovers_and_excludes_are_non_empty[32m 0[2mms[22m[39m
 [32mΓ£ô[39m tests/artifacts/commit-history.test.ts[2m > [22mCommitHistoryArtifact[2m > [22mGenerativeSpec contract[2m > [22mdefend_resolves_without_throwing[32m 0[2mms[22m[39m
 [32mΓ£ô[39m tests/artifacts/commit-history.test.ts[2m > [22mCommitHistoryArtifact[2m > [22mGenerativeSpec contract[2m > [22mverify_returns_array[32m 0[2mms[22m[39m
 [32mΓ£ô[39m tests/artifacts/commit-history.test.ts[2m > [22mCommitHistoryArtifact[2m > [22mGenerativeSpec contract[2m > [22mcomposeWith_returns_no_conflicts[32m 1[2mms[22m[39m
 [32mΓ£ô[39m tests/shared/errors.test.ts[2m > [22mForgeError[2m > [22msets message and name[32m 3[2mms[22m[39m
 [32mΓ£ô[39m tests/shared/errors.test.ts[2m > [22mForgeError[2m > [22mstores context[32m 2[2mms[22m[39m
 [32mΓ£ô[39m tests/shared/errors.test.ts[2m > [22mForgeError[2m > [22mdefaults to empty context[32m 0[2mms[22m[39m
 [32mΓ£ô[39m tests/shared/errors.test.ts[2m > [22mForgeError[2m > [22mis an instance of Error[32m 0[2mms[22m[39m
 [32mΓ£ô[39m tests/shared/errors.test.ts[2m > [22mTemplateNotFoundError[2m > [22mincludes tag in message[32m 1[2mms[22m[39m
 [32mΓ£ô[39m tests/shared/errors.test.ts[2m > [22mTemplateNotFoundError[2m > [22mincludes section in message when provided[32m 0[2mms[22m[39m
 [32mΓ£ô[39m tests/shared/errors.test.ts[2m > [22mTemplateNotFoundError[2m > [22mstores tag in context[32m 0[2mms[22m[39m
 [32mΓ£ô[39m tests/shared/errors.test.ts[2m > [22mTemplateNotFoundError[2m > [22mhas name TemplateNotFoundError[32m 0[2mms[22m[39m
 [32mΓ£ô[39m tests/shared/errors.test.ts[2m > [22mTemplateNotFoundError[2m > [22mextends ForgeError[32m 1[2mms[22m[39m
 [32mΓ£ô[39m tests/shared/errors.test.ts[2m > [22mValidationError[2m > [22msets message[32m 1[2mms[22m[39m
 [32mΓ£ô[39m tests/shared/errors.test.ts[2m > [22mValidationError[2m > [22mstores field in context when provided[32m 0[2mms[22m[39m
 [32mΓ£ô[39m tests/shared/errors.test.ts[2m > [22mValidationError[2m > [22mhas name ValidationError[32m 0[2mms[22m[39m
 [32mΓ£ô[39m tests/shared/errors.test.ts[2m > [22mValidationError[2m > [22mextends ForgeError[32m 0[2mms[22m[39m
 [32mΓ£ô[39m tests/shared/errors.test.ts[2m > [22mFileSystemError[2m > [22msets message[32m 0[2mms[22m[39m
 [32mΓ£ô[39m tests/shared/errors.test.ts[2m > [22mFileSystemError[2m > [22mstores filePath in context[32m 0[2mms[22m[39m
 [32mΓ£ô[39m tests/shared/errors.test.ts[2m > [22mFileSystemError[2m > [22mhas name FileSystemError[32m 0[2mms[22m[39m
 [32mΓ£ô[39m tests/shared/errors.test.ts[2m > [22mFileSystemError[2m > [22mextends ForgeError[32m 0[2mms[22m[39m
 [32mΓ£ô[39m tests/shared/errors.test.ts[2m > [22mAnalysisError[2m > [22msets message[32m 0[2mms[22m[39m
 [32mΓ£ô[39m tests/shared/errors.test.ts[2m > [22mAnalysisError[2m > [22mstores extra details in context[32m 0[2mms[22m[39m
 [32mΓ£ô[39m tests/shared/errors.test.ts[2m > [22mAnalysisError[2m > [22mhas name AnalysisError[32m 0[2mms[22m[39m
 [32mΓ£ô[39m tests/shared/errors.test.ts[2m > [22mAnalysisError[2m > [22mextends ForgeError[32m 0[2mms[22m[39m
 [32mΓ£ô[39m tests/shared/errors.test.ts[2m > [22mTemplateParseError[2m > [22mincludes reason in message[32m 0[2mms[22m[39m
 [32mΓ£ô[39m tests/shared/errors.test.ts[2m > [22mTemplateParseError[2m > [22mstores filePath and reason in context[32m 0[2mms[22m[39m
 [32mΓ£ô[39m tests/shared/errors.test.ts[2m > [22mTemplateParseError[2m > [22mhas name TemplateParseError[32m 0[2mms[22m[39m
 [32mΓ£ô[39m tests/shared/errors.test.ts[2m > [22mTemplateParseError[2m > [22mextends ForgeError[32m 0[2mms[22m[39m
 [32mΓ£ô[39m tests/shared/errors.test.ts[2m > [22mDiscoveryError[2m > [22msets message[32m 0[2mms[22m[39m
 [32mΓ£ô[39m tests/shared/errors.test.ts[2m > [22mDiscoveryError[2m > [22mstores url in context when provided[32m 0[2mms[22m[39m
 [32mΓ£ô[39m tests/shared/errors.test.ts[2m > [22mDiscoveryError[2m > [22mhas name DiscoveryError[32m 0[2mms[22m[39m
 [32mΓ£ô[39m tests/shared/errors.test.ts[2m > [22mDiscoveryError[2m > [22mextends ForgeError[32m 0[2mms[22m[39m
 [32mΓ£ô[39m tests/shared/errors.test.ts[2m > [22mDiscoveryError[2m > [22minstanceof check distinguishes from other error subtypes[32m 0[2mms[22m[39m
{"timestamp":"2026-03-28T01:43:58.295Z","level":"INFO","service":"forgecraft","module":"registry/loader","message":"Templates loaded","tagCount":24,"tags":["ANALYTICS","API","CLI","DATA-LINEAGE","DATA-PIPELINE","FINTECH","GAME","HEALTHCARE","HIPAA","INFRA","LIBRARY","MEDALLION-ARCHITECTURE","ML","MOBILE","OBSERVABILITY-XRAY","REALTIME","SOC2","SOCIAL","STATE-MACHINE","UNIVERSAL","WEB-REACT","WEB-STATIC","WEB3","ZERO-TRUST"]}
{"timestamp":"2026-03-28T01:43:58.295Z","level":"INFO","service":"forgecraft","module":"registry/mcp-discovery","message":"Loaded local MCP server recommendations","count":2,"tags":["SOCIAL"]}
 [32mΓ£ô[39m tests/tools/advice.test.ts[2m > [22madviceHandler > tag resolution[2m > [22muses explicit tags when provided[32m 3[2mms[22m[39m
 [32mΓ£ô[39m tests/tools/advice.test.ts[2m > [22madviceHandler > tag resolution[2m > [22mfalls back to UNIVERSAL when no tags and no project_dir[32m 1[2mms[22m[39m
 [32mΓ£ô[39m tests/tools/advice.test.ts[2m > [22madviceHandler > tag resolution[2m > [22mreads tags from forgecraft.yaml when project_dir provided[32m 1[2mms[22m[39m
 [32mΓ£ô[39m tests/tools/advice.test.ts[2m > [22madviceHandler > tag resolution[2m > [22mexplicit tags override project_dir[32m 0[2mms[22m[39m
 [32mΓ£ô[39m tests/tools/advice.test.ts[2m > [22madviceHandler > report structure[2m > [22mincludes all three main sections[32m 1[2mms[22m[39m
 [32mΓ£ô[39m tests/tools/advice.test.ts[2m > [22madviceHandler > report structure[2m > [22mincludes base tool rows for every output[32m 0[2mms[22m[39m
 [32mΓ£ô[39m tests/tools/advice.test.ts[2m > [22madviceHandler > report structure[2m > [22mincludes numbered cycle steps[32m 1[2mms[22m[39m
 [32mΓ£ô[39m tests/tools/advice.test.ts[2m > [22madviceHandler > report structure[2m > [22mends with regeneration tip[32m 0[2mms[22m[39m
 [32mΓ£ô[39m tests/tools/advice.test.ts[2m > [22madviceHandler > API tag[2m > [22mincludes CDC and DAST in tool stack[32m 1[2mms[22m[39m
 [32mΓ£ô[39m tests/tools/advice.test.ts[2m > [22madviceHandler > API tag[2m > [22mincludes APIRequestContext smoke note[32m 0[2mms[22m[39m
 [32mΓ£ô[39m tests/tools/advice.test.ts[2m > [22madviceHandler > API tag[2m > [22mincludes playwright.smoke.config.ts example[32m 1[2mms[22m[39m
 [32mΓ£ô[39m tests/tools/advice.test.ts[2m > [22madviceHandler > WEB-REACT tag[2m > [22mincludes axe-core and visual regression tools[32m 0[2mms[22m[39m
 [32mΓ£ô[39m tests/tools/advice.test.ts[2m > [22madviceHandler > WEB-REACT tag[2m > [22mmentions store window exposure for chain tests[32m 0[2mms[22m[39m
 [32mΓ£ô[39m tests/tools/advice.test.ts[2m > [22madviceHandler > WEB-REACT tag[2m > [22mincludes browser devices in playwright config[32m 0[2mms[22m[39m
 [32mΓ£ô[39m tests/tools/advice.test.ts[2m > [22madviceHandler > GAME tag[2m > [22mincludes all three smoke tiers[32m 0[2mms[22m[39m
 [32mΓ£ô[39m tests/tools/advice.test.ts[2m > [22madviceHandler > GAME tag[2m > [22mmentions FPS floor and CDP[32m 0[2mms[22m[39m
 [32mΓ£ô[39m tests/tools/advice.test.ts[2m > [22madviceHandler > multiple tags[2m > [22mmerges tool rows for API + WEB-REACT without duplicates[32m 0[2mms[22m[39m
 [32mΓ£ô[39m tests/core/properties.test.ts[2m > [22mGenerativeSpec ΓÇö core interface contract[2m > [22mClaudeInstructionsArtifact satisfies GenerativeSpec[2m > [22mcan be assigned to GenerativeSpec type[32m 3[2mms[22m[39m
 [32mΓ£ô[39m tests/core/properties.test.ts[2m > [22mGenerativeSpec ΓÇö core interface contract[2m > [22mClaudeInstructionsArtifact satisfies GenerativeSpec[2m > [22mhas all six required property groups[32m 2[2mms[22m[39m
 [32mΓ£ô[39m tests/core/properties.test.ts[2m > [22mGenerativeSpec ΓÇö core interface contract[2m > [22mCommitHooksArtifact satisfies GenerativeSpec[2m > [22mcan be assigned to GenerativeSpec type[32m 1[2mms[22m[39m
 [32mΓ£ô[39m tests/core/properties.test.ts[2m > [22mGenerativeSpec ΓÇö core interface contract[2m > [22mSchemaArtifact satisfies GenerativeSpec[2m > [22mcan be assigned to GenerativeSpec type[32m 0[2mms[22m[39m
 [32mΓ£ô[39m tests/core/properties.test.ts[2m > [22mGenerativeSpec ΓÇö core interface contract[2m > [22mAdrArtifact satisfies GenerativeSpec[2m > [22mcan be assigned to GenerativeSpec type[32m 0[2mms[22m[39m
 [32mΓ£ô[39m tests/core/properties.test.ts[2m > [22mGenerativeSpec ΓÇö core interface contract[2m > [22mCommitHistoryArtifact satisfies GenerativeSpec[2m > [22mcan be assigned to GenerativeSpec type[32m 0[2mms[22m[39m
 [32mΓ£ô[39m tests/core/properties.test.ts[2m > [22mVerificationResult shape[2m > [22mcan be constructed as a plain object[32m 0[2mms[22m[39m
 [32mΓ£ô[39m tests/core/properties.test.ts[2m > [22mVerificationResult shape[2m > [22mdetail is optional[32m 0[2mms[22m[39m
 [32mΓ£ô[39m tests/core/properties.test.ts[2m > [22mQualityGate shape[2m > [22mcan be constructed as an object literal[32m 1[2mms[22m[39m
 [32mΓ£ô[39m tests/core/properties.test.ts[2m > [22mQualityGate shape[2m > [22mall phases are valid string literals[32m 2[2mms[22m[39m
 [32mΓ£ô[39m tests/core/properties.test.ts[2m > [22mArchDecision shape[2m > [22maccepted decision has required fields[32m 0[2mms[22m[39m
 [32mΓ£ô[39m tests/core/properties.test.ts[2m > [22mArchDecision shape[2m > [22msuperseded decision can reference a new ADR[32m 0[2mms[22m[39m
 [32mΓ£ô[39m tests/core/properties.test.ts[2m > [22mCompositionConflict shape[2m > [22mcan be constructed as a plain object[32m 0[2mms[22m[39m
 [32mΓ£ô[39m tests/core/properties.test.ts[2m > [22mSpecChange shape[2m > [22mcan be constructed as a plain object[32m 0[2mms[22m[39m
 [32mΓ£ô[39m tests/shared/gate-tools.test.ts[2m > [22mresolveToolsForLanguage[2m > [22mreturns empty array when gate has no tools and no variants[32m 3[2mms[22m[39m
 [32mΓ£ô[39m tests/shared/gate-tools.test.ts[2m > [22mresolveToolsForLanguage[2m > [22mreturns variant tool when language matches[32m 2[2mms[22m[39m
 [32mΓ£ô[39m tests/shared/gate-tools.test.ts[2m > [22mresolveToolsForLanguage[2m > [22mfalls back to gate.tools when no variant matches the language[32m 1[2mms[22m[39m
 [32mΓ£ô[39m tests/shared/gate-tools.test.ts[2m > [22mresolveToolsForLanguage[2m > [22mis case-insensitive when matching language[32m 1[2mms[22m[39m
 [32mΓ£ô[39m tests/shared/gate-tools.test.ts[2m > [22mresolveToolsForLanguage[2m > [22mreturns gate.tools when toolVariants is absent[32m 1[2mms[22m[39m
 [32mΓ£ô[39m tests/shared/gate-tools.test.ts[2m > [22mresolveToolsForLanguage[2m > [22mmatches the first variant when multiple could apply[32m 1[2mms[22m[39m
 [32mΓ£ô[39m tests/registry/review-renderer.test.ts[2m > [22mrenderReviewChecklist[2m > [22mshould render all dimensions in correct order[32m 3[2mms[22m[39m
 [32mΓ£ô[39m tests/registry/review-renderer.test.ts[2m > [22mrenderReviewChecklist[2m > [22mshould include all severity levels in comprehensive scope[32m 1[2mms[22m[39m
 [32mΓ£ô[39m tests/registry/review-renderer.test.ts[2m > [22mrenderReviewChecklist[2m > [22mshould include only critical items in focused scope[32m 1[2mms[22m[39m
 [32mΓ£ô[39m tests/registry/review-renderer.test.ts[2m > [22mrenderReviewChecklist[2m > [22mshould include severity icons[32m 1[2mms[22m[39m
 [32mΓ£ô[39m tests/registry/review-renderer.test.ts[2m > [22mrenderReviewChecklist[2m > [22mshould include per-issue output format guidance[32m 1[2mms[22m[39m
 [32mΓ£ô[39m tests/registry/review-renderer.test.ts[2m > [22mrenderReviewChecklist[2m > [22mshould skip dimensions with no blocks[32m 1[2mms[22m[39m
 [32mΓ£ô[39m tests/registry/review-renderer.test.ts[2m > [22mrenderReviewChecklist[2m > [22mshould handle empty blocks array[32m 0[2mms[22m[39m
 [32mΓ£ô[39m tests/registry/review-renderer.test.ts[2m > [22mrenderReviewChecklist[2m > [22mshould group multiple blocks under the same dimension[32m 0[2mms[22m[39m
{"timestamp":"2026-03-28T01:43:58.678Z","level":"INFO","service":"forgecraft","module":"registry/loader","message":"Templates loaded","tagCount":24,"tags":["ANALYTICS","API","CLI","DATA-LINEAGE","DATA-PIPELINE","FINTECH","GAME","HEALTHCARE","HIPAA","INFRA","LIBRARY","MEDALLION-ARCHITECTURE","ML","MOBILE","OBSERVABILITY-XRAY","REALTIME","SOC2","SOCIAL","STATE-MACHINE","UNIVERSAL","WEB-REACT","WEB-STATIC","WEB3","ZERO-TRUST"]}
{"timestamp":"2026-03-28T01:43:58.679Z","level":"INFO","service":"forgecraft","module":"registry/composer","message":"Templates composed","tags":["UNIVERSAL"],"tier":"core","instructionBlocks":23,"structureEntries":20,"nfrBlocks":1,"hooks":13,"skills":3,"reviewBlocks":2,"referenceBlocks":8,"playbooks":0,"verificationStrategies":1}
{"timestamp":"2026-03-28T01:43:58.701Z","level":"INFO","service":"forgecraft","module":"analyzers/language-detector","message":"No language indicators found, defaulting to typescript","projectDir":"C:\\Users\\JC\\AppData\\Local\\Temp\\forgecraft-refresh-test-1774662236385"}
 [32mΓ£ô[39m tests/tools/scaffold.test.ts[2m > [22mscaffoldProjectHandler[2m > [22mactual scaffolding[2m > [22mreturns response text listing created files[33m 3606[2mms[22m[39m
 [32mΓ£ô[39m tests/shared/types.test.ts[2m > [22mALL_TAGS[2m > [22mcontains exactly 27 tags[32m 5[2mms[22m[39m
 [32mΓ£ô[39m tests/shared/types.test.ts[2m > [22mALL_TAGS[2m > [22mstarts with UNIVERSAL[32m 1[2mms[22m[39m
 [32mΓ£ô[39m tests/shared/types.test.ts[2m > [22mALL_TAGS[2m > [22mincludes standard domain tags[32m 2[2mms[22m[39m
 [32mΓ£ô[39m tests/shared/types.test.ts[2m > [22mALL_TAGS[2m > [22mhas no duplicate tags[32m 0[2mms[22m[39m
{"timestamp":"2026-03-28T01:43:58.993Z","level":"INFO","service":"forgecraft","module":"registry/loader","message":"Templates loaded","tagCount":24,"tags":["ANALYTICS","API","CLI","DATA-LINEAGE","DATA-PIPELINE","FINTECH","GAME","HEALTHCARE","HIPAA","INFRA","LIBRARY","MEDALLION-ARCHITECTURE","ML","MOBILE","OBSERVABILITY-XRAY","REALTIME","SOC2","SOCIAL","STATE-MACHINE","UNIVERSAL","WEB-REACT","WEB-STATIC","WEB3","ZERO-TRUST"]}
{"timestamp":"2026-03-28T01:43:58.993Z","level":"INFO","service":"forgecraft","module":"registry/mcp-discovery","message":"Loaded local MCP server recommendations","count":2,"tags":["WEB-STATIC"]}
{"timestamp":"2026-03-28T01:43:59.106Z","level":"INFO","service":"forgecraft","module":"tools/scaffold","message":"Scaffolding project","tags":["UNIVERSAL"],"projectDir":"C:\\Users\\JC\\AppData\\Local\\Temp\\forgecraft-scaffold-test-1774662239102","dryRun":false,"force":true}
 [32mΓ£ô[39m tests/validators/composition-check.test.ts[2m > [22mcheckComposition[2m > [22mno_conflicts[2m > [22mreturns_composable_true_for_empty_set[32m 5[2mms[22m[39m
 [32mΓ£ô[39m tests/validators/composition-check.test.ts[2m > [22mcheckComposition[2m > [22mno_conflicts[2m > [22mreturns_composable_true_for_single_artifact[32m 1[2mms[22m[39m
 [32mΓ£ô[39m tests/validators/composition-check.test.ts[2m > [22mcheckComposition[2m > [22mno_conflicts[2m > [22mreturns_composable_true_for_non_conflicting_pair[32m 1[2mms[22m[39m
 [32mΓ£ô[39m tests/validators/composition-check.test.ts[2m > [22mcheckComposition[2m > [22mconflict_detection[2m > [22mreports_conflicts_from_composeWith[32m 1[2mms[22m[39m
 [32mΓ£ô[39m tests/validators/composition-check.test.ts[2m > [22mcheckComposition[2m > [22mcycle_detection[2m > [22mdetects_no_cycles_for_independent_artifacts[32m 1[2mms[22m[39m
 [32mΓ£ô[39m tests/validators/composition-check.test.ts[2m > [22mcheckComposition[2m > [22mcycle_detection[2m > [22mdetects_self_loop[32m 1[2mms[22m[39m
{"timestamp":"2026-03-28T01:43:59.290Z","level":"INFO","service":"forgecraft","module":"analyzers/project-context","message":"Project context detected","projectDir":"C:\\Users\\JC\\AppData\\Local\\Temp\\forgecraft-refresh-test-1774662236385","repoUrl":"not found","framework":"not detected","hasDomain":false,"sensitiveData":"NO"}
 [32mΓ£ô[39m tests/tools/refresh-project.test.ts[2m > [22mrefreshProjectHandler[2m > [22mapply=true (write changes)[2m > [22mresponse text lists files written[33m 2347[2mms[22m[39m
{"timestamp":"2026-03-28T01:43:59.374Z","level":"INFO","service":"forgecraft","module":"tools/refresh-project","message":"Refresh project starting","projectDir":"C:\\Users\\JC\\AppData\\Local\\Temp\\forgecraft-refresh-test-1774662239357","apply":true}
 [32mΓ£ô[39m tests/shared/template-resolver.test.ts[2m > [22mresolveTemplatePlaceholders[2m > [22msubstitutes {{repo_url}} with provided value[32m 3[2mms[22m[39m
 [32mΓ£ô[39m tests/shared/template-resolver.test.ts[2m > [22mresolveTemplatePlaceholders[2m > [22msubstitutes {{repo_url}} with FILL marker when undefined[32m 1[2mms[22m[39m
 [32mΓ£ô[39m tests/shared/template-resolver.test.ts[2m > [22mresolveTemplatePlaceholders[2m > [22msubstitutes {{framework}} when provided[32m 0[2mms[22m[39m
 [32mΓ£ô[39m tests/shared/template-resolver.test.ts[2m > [22mresolveTemplatePlaceholders[2m > [22mremoves lines with {{framework}} when not detected[32m 1[2mms[22m[39m
 [32mΓ£ô[39m tests/shared/template-resolver.test.ts[2m > [22mresolveTemplatePlaceholders[2m > [22msubstitutes {{domain}} when provided[32m 0[2mms[22m[39m
 [32mΓ£ô[39m tests/shared/template-resolver.test.ts[2m > [22mresolveTemplatePlaceholders[2m > [22msubstitutes {{domain}} with FILL marker when undefined[32m 0[2mms[22m[39m
 [32mΓ£ô[39m tests/shared/template-resolver.test.ts[2m > [22mresolveTemplatePlaceholders[2m > [22msubstitutes {{sensitive_data}} when provided[32m 0[2mms[22m[39m
 [32mΓ£ô[39m tests/shared/template-resolver.test.ts[2m > [22mresolveTemplatePlaceholders[2m > [22mleaves unknown {{placeholders}} untouched[32m 0[2mms[22m[39m
 [32mΓ£ô[39m tests/shared/template-resolver.test.ts[2m > [22mresolveTemplatePlaceholders[2m > [22msubstitutes multiple {{repo_url}} occurrences[32m 1[2mms[22m[39m
 [32mΓ£ô[39m tests/shared/template-resolver.test.ts[2m > [22mresolveTemplatePlaceholders[2m > [22mdoes not substitute {{sensitive_data}} when sensitiveData is undefined[32m 0[2mms[22m[39m
{"timestamp":"2026-03-28T01:43:59.497Z","level":"INFO","service":"forgecraft","module":"tools/registry-refresh","message":"Registry sync complete","added":13,"updated":0,"retired":0}
{"timestamp":"2026-03-28T01:43:59.498Z","level":"INFO","service":"forgecraft","module":"analyzers/package-json","message":"Project analysis complete","projectDir":"C:\\Users\\JC\\AppData\\Local\\Temp\\forgecraft-refresh-test-1774662239357","detections":0,"tags":[]}
{"timestamp":"2026-03-28T01:43:59.499Z","level":"INFO","service":"forgecraft","module":"analyzers/completeness","message":"Completeness check done","passing":0,"failing":7}
{"timestamp":"2026-03-28T01:43:59.503Z","level":"INFO","service":"forgecraft","module":"registry/loader","message":"Templates loaded","tagCount":24,"tags":["ANALYTICS","API","CLI","DATA-LINEAGE","DATA-PIPELINE","FINTECH","GAME","HEALTHCARE","HIPAA","INFRA","LIBRARY","MEDALLION-ARCHITECTURE","ML","MOBILE","OBSERVABILITY-XRAY","REALTIME","SOC2","SOCIAL","STATE-MACHINE","UNIVERSAL","WEB-REACT","WEB-STATIC","WEB3","ZERO-TRUST"]}
{"timestamp":"2026-03-28T01:43:59.504Z","level":"INFO","service":"forgecraft","module":"registry/composer","message":"Templates composed","tags":["UNIVERSAL"],"tier":"recommended","instructionBlocks":37,"structureEntries":20,"nfrBlocks":4,"hooks":13,"skills":8,"reviewBlocks":5,"referenceBlocks":8,"playbooks":0,"verificationStrategies":1}
{"timestamp":"2026-03-28T01:43:59.505Z","level":"INFO","service":"forgecraft","module":"registry/loader","message":"Templates loaded","tagCount":24,"tags":["ANALYTICS","API","CLI","DATA-LINEAGE","DATA-PIPELINE","FINTECH","GAME","HEALTHCARE","HIPAA","INFRA","LIBRARY","MEDALLION-ARCHITECTURE","ML","MOBILE","OBSERVABILITY-XRAY","REALTIME","SOC2","SOCIAL","STATE-MACHINE","UNIVERSAL","WEB-REACT","WEB-STATIC","WEB3","ZERO-TRUST"]}
{"timestamp":"2026-03-28T01:43:59.506Z","level":"INFO","service":"forgecraft","module":"registry/composer","message":"Templates composed","tags":["UNIVERSAL"],"tier":"recommended","instructionBlocks":37,"structureEntries":20,"nfrBlocks":4,"hooks":13,"skills":8,"reviewBlocks":5,"referenceBlocks":8,"playbooks":0,"verificationStrategies":1}
{"timestamp":"2026-03-28T01:43:59.612Z","level":"INFO","service":"forgecraft","module":"registry/loader","message":"Templates loaded","tagCount":24,"tags":["ANALYTICS","API","CLI","DATA-LINEAGE","DATA-PIPELINE","FINTECH","GAME","HEALTHCARE","HIPAA","INFRA","LIBRARY","MEDALLION-ARCHITECTURE","ML","MOBILE","OBSERVABILITY-XRAY","REALTIME","SOC2","SOCIAL","STATE-MACHINE","UNIVERSAL","WEB-REACT","WEB-STATIC","WEB3","ZERO-TRUST"]}
{"timestamp":"2026-03-28T01:43:59.612Z","level":"INFO","service":"forgecraft","module":"registry/mcp-discovery","message":"Loaded local MCP server recommendations","count":1,"tags":["HIPAA"]}
 [32mΓ£ô[39m tests/fixtures/verify-clean-project/src/services/user-service.test.ts[2m > [22mUserService[2m > [22mreturns all users[32m 4[2mms[22m[39m
{"timestamp":"2026-03-28T01:43:59.805Z","level":"INFO","service":"forgecraft","module":"registry/loader","message":"Templates loaded","tagCount":24,"tags":["ANALYTICS","API","CLI","DATA-LINEAGE","DATA-PIPELINE","FINTECH","GAME","HEALTHCARE","HIPAA","INFRA","LIBRARY","MEDALLION-ARCHITECTURE","ML","MOBILE","OBSERVABILITY-XRAY","REALTIME","SOC2","SOCIAL","STATE-MACHINE","UNIVERSAL","WEB-REACT","WEB-STATIC","WEB3","ZERO-TRUST"]}
{"timestamp":"2026-03-28T01:43:59.805Z","level":"INFO","service":"forgecraft","module":"registry/composer","message":"Templates composed","tags":["UNIVERSAL"],"tier":"recommended","instructionBlocks":37,"structureEntries":20,"nfrBlocks":4,"hooks":13,"skills":8,"reviewBlocks":5,"referenceBlocks":8,"playbooks":0,"verificationStrategies":1}
{"timestamp":"2026-03-28T01:43:59.805Z","level":"INFO","service":"forgecraft","module":"registry/composer","message":"Templates composed","tags":["UNIVERSAL"],"tier":"recommended","instructionBlocks":37,"structureEntries":20,"nfrBlocks":4,"hooks":13,"skills":8,"reviewBlocks":5,"referenceBlocks":8,"playbooks":0,"verificationStrategies":1}
{"timestamp":"2026-03-28T01:43:59.843Z","level":"INFO","service":"forgecraft","module":"registry/loader","message":"Templates loaded","tagCount":24,"tags":["ANALYTICS","API","CLI","DATA-LINEAGE","DATA-PIPELINE","FINTECH","GAME","HEALTHCARE","HIPAA","INFRA","LIBRARY","MEDALLION-ARCHITECTURE","ML","MOBILE","OBSERVABILITY-XRAY","REALTIME","SOC2","SOCIAL","STATE-MACHINE","UNIVERSAL","WEB-REACT","WEB-STATIC","WEB3","ZERO-TRUST"]}
{"timestamp":"2026-03-28T01:43:59.844Z","level":"INFO","service":"forgecraft","module":"registry/mcp-discovery","message":"Loaded local MCP server recommendations","count":5,"tags":["UNIVERSAL"]}
 [32mΓ£ô[39m tests/tools/setup-project.test.ts[2m > [22msetupProjectHandler[2m > [22mphase 2 ΓÇö mvp/scope_complete/has_consumers provided[2m > [22mmvp=true makes architecture_diagrams optional[33m 4752[2mms[22m[39m
{"timestamp":"2026-03-28T01:43:59.923Z","level":"INFO","service":"forgecraft","module":"registry/loader","message":"Templates loaded","tagCount":24,"tags":["ANALYTICS","API","CLI","DATA-LINEAGE","DATA-PIPELINE","FINTECH","GAME","HEALTHCARE","HIPAA","INFRA","LIBRARY","MEDALLION-ARCHITECTURE","ML","MOBILE","OBSERVABILITY-XRAY","REALTIME","SOC2","SOCIAL","STATE-MACHINE","UNIVERSAL","WEB-REACT","WEB-STATIC","WEB3","ZERO-TRUST"]}
{"timestamp":"2026-03-28T01:43:59.923Z","level":"INFO","service":"forgecraft","module":"registry/mcp-discovery","message":"Loaded local MCP server recommendations","count":2,"tags":["SOC2"]}
{"timestamp":"2026-03-28T01:43:59.958Z","level":"INFO","service":"forgecraft","module":"analyzers/project-context","message":"Project context detected","projectDir":"C:\\Users\\JC\\AppData\\Local\\Temp\\forgecraft-scaffold-test-1774662239102","repoUrl":"not found","framework":"not detected","hasDomain":false,"sensitiveData":"NO"}
{"timestamp":"2026-03-28T01:43:59.969Z","level":"INFO","service":"forgecraft","module":"tools/setup-project","message":"setup_project","phase":2,"projectDir":"C:\\Users\\JC\\AppData\\Local\\Temp\\forgecraft-setup-test-1774662239968"}
{"timestamp":"2026-03-28T01:43:59.977Z","level":"INFO","service":"forgecraft","module":"tools/scaffold","message":"Scaffolding project","tags":["UNIVERSAL"],"projectDir":"C:\\Users\\JC\\AppData\\Local\\Temp\\forgecraft-setup-test-1774662239968","dryRun":false,"force":false}
{"timestamp":"2026-03-28T01:44:00.056Z","level":"INFO","service":"forgecraft","module":"registry/loader","message":"Templates loaded","tagCount":24,"tags":["ANALYTICS","API","CLI","DATA-LINEAGE","DATA-PIPELINE","FINTECH","GAME","HEALTHCARE","HIPAA","INFRA","LIBRARY","MEDALLION-ARCHITECTURE","ML","MOBILE","OBSERVABILITY-XRAY","REALTIME","SOC2","SOCIAL","STATE-MACHINE","UNIVERSAL","WEB-REACT","WEB-STATIC","WEB3","ZERO-TRUST"]}
{"timestamp":"2026-03-28T01:44:00.056Z","level":"INFO","service":"forgecraft","module":"registry/composer","message":"Templates composed","tags":["UNIVERSAL"],"tier":"recommended","instructionBlocks":37,"structureEntries":20,"nfrBlocks":4,"hooks":13,"skills":8,"reviewBlocks":5,"referenceBlocks":8,"playbooks":0,"verificationStrategies":1}
{"timestamp":"2026-03-28T01:44:00.070Z","level":"INFO","service":"forgecraft","module":"analyzers/language-detector","message":"No language indicators found, defaulting to typescript","projectDir":"C:\\Users\\JC\\AppData\\Local\\Temp\\forgecraft-refresh-test-1774662239357"}
{"timestamp":"2026-03-28T01:44:00.185Z","level":"INFO","service":"forgecraft","module":"registry/loader","message":"Templates loaded","tagCount":24,"tags":["ANALYTICS","API","CLI","DATA-LINEAGE","DATA-PIPELINE","FINTECH","GAME","HEALTHCARE","HIPAA","INFRA","LIBRARY","MEDALLION-ARCHITECTURE","ML","MOBILE","OBSERVABILITY-XRAY","REALTIME","SOC2","SOCIAL","STATE-MACHINE","UNIVERSAL","WEB-REACT","WEB-STATIC","WEB3","ZERO-TRUST"]}
{"timestamp":"2026-03-28T01:44:00.185Z","level":"INFO","service":"forgecraft","module":"registry/mcp-discovery","message":"Loaded local MCP server recommendations","count":2,"tags":["DATA-LINEAGE"]}
{"timestamp":"2026-03-28T01:44:00.353Z","level":"INFO","service":"forgecraft","module":"registry/loader","message":"Templates loaded","tagCount":24,"tags":["ANALYTICS","API","CLI","DATA-LINEAGE","DATA-PIPELINE","FINTECH","GAME","HEALTHCARE","HIPAA","INFRA","LIBRARY","MEDALLION-ARCHITECTURE","ML","MOBILE","OBSERVABILITY-XRAY","REALTIME","SOC2","SOCIAL","STATE-MACHINE","UNIVERSAL","WEB-REACT","WEB-STATIC","WEB3","ZERO-TRUST"]}
{"timestamp":"2026-03-28T01:44:00.353Z","level":"INFO","service":"forgecraft","module":"registry/composer","message":"Templates composed","tags":["UNIVERSAL"],"tier":"recommended","instructionBlocks":37,"structureEntries":20,"nfrBlocks":4,"hooks":13,"skills":8,"reviewBlocks":5,"referenceBlocks":8,"playbooks":0,"verificationStrategies":1}
 [32mΓ£ô[39m tests/tools/close-cycle.test.ts[2m > [22mcloseCycle[2m > [22mcloseCycle sets gsScoreLogged=true on success[33m 1573[2mms[22m[39m
{"timestamp":"2026-03-28T01:44:00.536Z","level":"INFO","service":"forgecraft","module":"analyzers/project-context","message":"Project context detected","projectDir":"C:\\Users\\JC\\AppData\\Local\\Temp\\forgecraft-refresh-test-1774662239357","repoUrl":"not found","framework":"not detected","hasDomain":false,"sensitiveData":"NO"}
 [32mΓ£ô[39m tests/tools/refresh-project.test.ts[2m > [22mrefreshProjectHandler[2m > [22mapply=true (write changes)[2m > [22mrespects tier override in apply mode[33m 2972[2mms[22m[39m
{"timestamp":"2026-03-28T01:44:00.583Z","level":"INFO","service":"forgecraft","module":"registry/loader","message":"Templates loaded","tagCount":24,"tags":["ANALYTICS","API","CLI","DATA-LINEAGE","DATA-PIPELINE","FINTECH","GAME","HEALTHCARE","HIPAA","INFRA","LIBRARY","MEDALLION-ARCHITECTURE","ML","MOBILE","OBSERVABILITY-XRAY","REALTIME","SOC2","SOCIAL","STATE-MACHINE","UNIVERSAL","WEB-REACT","WEB-STATIC","WEB3","ZERO-TRUST"]}
{"timestamp":"2026-03-28T01:44:00.584Z","level":"INFO","service":"forgecraft","module":"registry/mcp-discovery","message":"Loaded local MCP server recommendations","count":1,"tags":["OBSERVABILITY-XRAY"]}
{"timestamp":"2026-03-28T01:44:00.604Z","level":"INFO","service":"forgecraft","module":"tools/refresh-project","message":"Refresh project starting","projectDir":"C:\\Users\\JC\\AppData\\Local\\Temp\\forgecraft-refresh-test-1774662240600","apply":true}
{"timestamp":"2026-03-28T01:44:00.730Z","level":"INFO","service":"forgecraft","module":"tools/registry-refresh","message":"Registry sync complete","added":13,"updated":0,"retired":0}
{"timestamp":"2026-03-28T01:44:00.731Z","level":"INFO","service":"forgecraft","module":"analyzers/package-json","message":"Project analysis complete","projectDir":"C:\\Users\\JC\\AppData\\Local\\Temp\\forgecraft-refresh-test-1774662240600","detections":0,"tags":[]}
{"timestamp":"2026-03-28T01:44:00.732Z","level":"INFO","service":"forgecraft","module":"analyzers/completeness","message":"Completeness check done","passing":0,"failing":7}
{"timestamp":"2026-03-28T01:44:00.740Z","level":"INFO","service":"forgecraft","module":"analyzers/project-context","message":"Project context detected","projectDir":"C:\\Users\\JC\\AppData\\Local\\Temp\\forgecraft-setup-test-1774662239968","repoUrl":"not found","framework":"not detected","hasDomain":false,"sensitiveData":"NO"}
{"timestamp":"2026-03-28T01:44:00.741Z","level":"INFO","service":"forgecraft","module":"registry/loader","message":"Templates loaded","tagCount":24,"tags":["ANALYTICS","API","CLI","DATA-LINEAGE","DATA-PIPELINE","FINTECH","GAME","HEALTHCARE","HIPAA","INFRA","LIBRARY","MEDALLION-ARCHITECTURE","ML","MOBILE","OBSERVABILITY-XRAY","REALTIME","SOC2","SOCIAL","STATE-MACHINE","UNIVERSAL","WEB-REACT","WEB-STATIC","WEB3","ZERO-TRUST"]}
{"timestamp":"2026-03-28T01:44:00.741Z","level":"INFO","service":"forgecraft","module":"registry/mcp-discovery","message":"Loaded local MCP server recommendations","count":2,"tags":["MEDALLION-ARCHITECTURE"]}
{"timestamp":"2026-03-28T01:44:00.893Z","level":"INFO","service":"forgecraft","module":"registry/loader","message":"Templates loaded","tagCount":24,"tags":["ANALYTICS","API","CLI","DATA-LINEAGE","DATA-PIPELINE","FINTECH","GAME","HEALTHCARE","HIPAA","INFRA","LIBRARY","MEDALLION-ARCHITECTURE","ML","MOBILE","OBSERVABILITY-XRAY","REALTIME","SOC2","SOCIAL","STATE-MACHINE","UNIVERSAL","WEB-REACT","WEB-STATIC","WEB3","ZERO-TRUST"]}
{"timestamp":"2026-03-28T01:44:00.893Z","level":"INFO","service":"forgecraft","module":"registry/mcp-discovery","message":"Loaded local MCP server recommendations","count":1,"tags":["ZERO-TRUST"]}
 [32mΓ£ô[39m tests/registry/mcp-discovery.test.ts[2m > [22mMcpDiscoveryService[2m > [22mDefaultMcpDiscoveryService ΓÇö local discovery[2m > [22mshould return servers for every supported tag[33m 18210[2mms[22m[39m
{"timestamp":"2026-03-28T01:44:00.912Z","level":"INFO","service":"forgecraft","module":"registry/loader","message":"Templates loaded","tagCount":24,"tags":["ANALYTICS","API","CLI","DATA-LINEAGE","DATA-PIPELINE","FINTECH","GAME","HEALTHCARE","HIPAA","INFRA","LIBRARY","MEDALLION-ARCHITECTURE","ML","MOBILE","OBSERVABILITY-XRAY","REALTIME","SOC2","SOCIAL","STATE-MACHINE","UNIVERSAL","WEB-REACT","WEB-STATIC","WEB3","ZERO-TRUST"]}
{"timestamp":"2026-03-28T01:44:00.912Z","level":"INFO","service":"forgecraft","module":"registry/composer","message":"Templates composed","tags":["UNIVERSAL"],"tier":"recommended","instructionBlocks":37,"structureEntries":20,"nfrBlocks":4,"hooks":13,"skills":8,"reviewBlocks":5,"referenceBlocks":8,"playbooks":0,"verificationStrategies":1}
{"timestamp":"2026-03-28T01:44:00.913Z","level":"INFO","service":"forgecraft","module":"registry/composer","message":"Templates composed","tags":["UNIVERSAL"],"tier":"recommended","instructionBlocks":37,"structureEntries":20,"nfrBlocks":4,"hooks":13,"skills":8,"reviewBlocks":5,"referenceBlocks":8,"playbooks":0,"verificationStrategies":1}
 [32mΓ£ô[39m tests/tools/scaffold.test.ts[2m > [22mscaffoldProjectHandler[2m > [22mactual scaffolding[2m > [22mskips existing files when force=false[33m 3216[2mms[22m[39m
{"timestamp":"2026-03-28T01:44:01.061Z","level":"INFO","service":"forgecraft","module":"tools/scaffold","message":"Scaffolding project","tags":["UNIVERSAL"],"projectDir":"C:\\Users\\JC\\AppData\\Local\\Temp\\forgecraft-scaffold-test-1774662241060","dryRun":false,"force":false}
{"timestamp":"2026-03-28T01:44:01.062Z","level":"INFO","service":"forgecraft","module":"registry/loader","message":"Templates loaded","tagCount":24,"tags":["ANALYTICS","API","CLI","DATA-LINEAGE","DATA-PIPELINE","FINTECH","GAME","HEALTHCARE","HIPAA","INFRA","LIBRARY","MEDALLION-ARCHITECTURE","ML","MOBILE","OBSERVABILITY-XRAY","REALTIME","SOC2","SOCIAL","STATE-MACHINE","UNIVERSAL","WEB-REACT","WEB-STATIC","WEB3","ZERO-TRUST"]}
{"timestamp":"2026-03-28T01:44:01.062Z","level":"INFO","service":"forgecraft","module":"registry/mcp-discovery","message":"Loaded local MCP server recommendations","count":5,"tags":["UNIVERSAL"]}
 [32mΓ£ô[39m tests/registry/mcp-discovery.test.ts[2m > [22mMcpDiscoveryService[2m > [22mDefaultMcpDiscoveryService ΓÇö local discovery[2m > [22mshould populate all recommendation fields[32m 168[2mms[22m[39m
{"timestamp":"2026-03-28T01:44:01.077Z","level":"INFO","service":"forgecraft","module":"registry/loader","message":"Templates loaded","tagCount":24,"tags":["ANALYTICS","API","CLI","DATA-LINEAGE","DATA-PIPELINE","FINTECH","GAME","HEALTHCARE","HIPAA","INFRA","LIBRARY","MEDALLION-ARCHITECTURE","ML","MOBILE","OBSERVABILITY-XRAY","REALTIME","SOC2","SOCIAL","STATE-MACHINE","UNIVERSAL","WEB-REACT","WEB-STATIC","WEB3","ZERO-TRUST"]}
{"timestamp":"2026-03-28T01:44:01.077Z","level":"INFO","service":"forgecraft","module":"registry/composer","message":"Templates composed","tags":["UNIVERSAL"],"tier":"recommended","instructionBlocks":37,"structureEntries":20,"nfrBlocks":4,"hooks":13,"skills":8,"reviewBlocks":5,"referenceBlocks":8,"playbooks":0,"verificationStrategies":1}
{"timestamp":"2026-03-28T01:44:01.081Z","level":"INFO","service":"forgecraft","module":"analyzers/language-detector","message":"No language indicators found, defaulting to typescript","projectDir":"C:\\Users\\JC\\AppData\\Local\\Temp\\forgecraft-refresh-test-1774662240600"}
 [31m├ù[39m tests/tools/close-cycle.test.ts[2m > [22mcloseCycle[2m > [22mclose_cycle suggests semver bump when git history available[33m 11220[2mms[22m[39m
[31m   ΓåÆ Test timed out in 10000ms.
If this is a long-running test, pass a timeout value as the last argument or configure it globally with "testTimeout".[39m
{"timestamp":"2026-03-28T01:44:01.196Z","level":"INFO","service":"forgecraft","module":"registry/loader","message":"Templates loaded","tagCount":24,"tags":["ANALYTICS","API","CLI","DATA-LINEAGE","DATA-PIPELINE","FINTECH","GAME","HEALTHCARE","HIPAA","INFRA","LIBRARY","MEDALLION-ARCHITECTURE","ML","MOBILE","OBSERVABILITY-XRAY","REALTIME","SOC2","SOCIAL","STATE-MACHINE","UNIVERSAL","WEB-REACT","WEB-STATIC","WEB3","ZERO-TRUST"]}
{"timestamp":"2026-03-28T01:44:01.196Z","level":"INFO","service":"forgecraft","module":"registry/composer","message":"Templates composed","tags":["UNIVERSAL"],"tier":"recommended","instructionBlocks":37,"structureEntries":20,"nfrBlocks":4,"hooks":13,"skills":8,"reviewBlocks":5,"referenceBlocks":8,"playbooks":0,"verificationStrategies":1}
{"timestamp":"2026-03-28T01:44:01.211Z","level":"INFO","service":"forgecraft","module":"registry/loader","message":"Templates loaded","tagCount":24,"tags":["ANALYTICS","API","CLI","DATA-LINEAGE","DATA-PIPELINE","FINTECH","GAME","HEALTHCARE","HIPAA","INFRA","LIBRARY","MEDALLION-ARCHITECTURE","ML","MOBILE","OBSERVABILITY-XRAY","REALTIME","SOC2","SOCIAL","STATE-MACHINE","UNIVERSAL","WEB-REACT","WEB-STATIC","WEB3","ZERO-TRUST"]}
{"timestamp":"2026-03-28T01:44:01.211Z","level":"INFO","service":"forgecraft","module":"registry/mcp-discovery","message":"Loaded local MCP server recommendations","count":1,"tags":["DATA-PIPELINE"]}
 [32mΓ£ô[39m tests/registry/mcp-discovery.test.ts[2m > [22mMcpDiscoveryService[2m > [22mDefaultMcpDiscoveryService ΓÇö local discovery[2m > [22mshould include servers with env vars for DATA-PIPELINE[32m 148[2mms[22m[39m
{"timestamp":"2026-03-28T01:44:01.454Z","level":"INFO","service":"forgecraft","module":"analyzers/project-context","message":"Project context detected","projectDir":"C:\\Users\\JC\\AppData\\Local\\Temp\\forgecraft-refresh-test-1774662240600","repoUrl":"not found","framework":"not detected","hasDomain":false,"sensitiveData":"NO"}
{"timestamp":"2026-03-28T01:44:01.462Z","level":"INFO","service":"forgecraft","module":"registry/loader","message":"Templates loaded","tagCount":24,"tags":["ANALYTICS","API","CLI","DATA-LINEAGE","DATA-PIPELINE","FINTECH","GAME","HEALTHCARE","HIPAA","INFRA","LIBRARY","MEDALLION-ARCHITECTURE","ML","MOBILE","OBSERVABILITY-XRAY","REALTIME","SOC2","SOCIAL","STATE-MACHINE","UNIVERSAL","WEB-REACT","WEB-STATIC","WEB3","ZERO-TRUST"]}
{"timestamp":"2026-03-28T01:44:01.462Z","level":"INFO","service":"forgecraft","module":"registry/mcp-discovery","message":"Loaded local MCP server recommendations","count":5,"tags":["UNIVERSAL"]}
 [32mΓ£ô[39m tests/tools/refresh-project.test.ts[2m > [22mrefreshProjectHandler[2m > [22msentinel mode (apply=true, sentinel default)[2m > [22mwrites a short CLAUDE.md when sentinel mode is active[33m 1243[2mms[22m[39m
{"timestamp":"2026-03-28T01:44:01.532Z","level":"INFO","service":"forgecraft","module":"tools/refresh-project","message":"Refresh project starting","projectDir":"C:\\Users\\JC\\AppData\\Local\\Temp\\forgecraft-refresh-test-1774662241528","apply":true}
{"timestamp":"2026-03-28T01:44:01.544Z","level":"INFO","service":"forgecraft","module":"analyzers/project-context","message":"Project context detected","projectDir":"C:\\Users\\JC\\AppData\\Local\\Temp\\forgecraft-scaffold-test-1774662241060","repoUrl":"not found","framework":"not detected","hasDomain":false,"sensitiveData":"NO"}
{"timestamp":"2026-03-28T01:44:01.619Z","level":"INFO","service":"forgecraft","module":"registry/loader","message":"Templates loaded","tagCount":24,"tags":["ANALYTICS","API","CLI","DATA-LINEAGE","DATA-PIPELINE","FINTECH","GAME","HEALTHCARE","HIPAA","INFRA","LIBRARY","MEDALLION-ARCHITECTURE","ML","MOBILE","OBSERVABILITY-XRAY","REALTIME","SOC2","SOCIAL","STATE-MACHINE","UNIVERSAL","WEB-REACT","WEB-STATIC","WEB3","ZERO-TRUST"]}
{"timestamp":"2026-03-28T01:44:01.619Z","level":"INFO","service":"forgecraft","module":"registry/mcp-discovery","message":"Loaded local MCP server recommendations","count":5,"tags":["UNIVERSAL"]}
{"timestamp":"2026-03-28T01:44:01.619Z","level":"WARN","service":"forgecraft","module":"registry/mcp-discovery","message":"Remote discovery requested but no registry URL configured. Set FORGECRAFT_MCP_REGISTRY_URL or pass remoteRegistryUrl."}
 [32mΓ£ô[39m tests/registry/mcp-discovery.test.ts[2m > [22mMcpDiscoveryService[2m > [22mDefaultMcpDiscoveryService ΓÇö remote discovery[2m > [22mshould skip remote when includeRemote is false[32m 251[2mms[22m[39m
{"timestamp":"2026-03-28T01:44:01.638Z","level":"INFO","service":"forgecraft","module":"tools/registry-refresh","message":"Registry sync complete","added":13,"updated":0,"retired":0}
{"timestamp":"2026-03-28T01:44:01.638Z","level":"INFO","service":"forgecraft","module":"analyzers/package-json","message":"Project analysis complete","projectDir":"C:\\Users\\JC\\AppData\\Local\\Temp\\forgecraft-refresh-test-1774662241528","detections":0,"tags":[]}
{"timestamp":"2026-03-28T01:44:01.639Z","level":"INFO","service":"forgecraft","module":"analyzers/completeness","message":"Completeness check done","passing":0,"failing":7}
{"timestamp":"2026-03-28T01:44:01.769Z","level":"INFO","service":"forgecraft","module":"registry/loader","message":"Templates loaded","tagCount":24,"tags":["ANALYTICS","API","CLI","DATA-LINEAGE","DATA-PIPELINE","FINTECH","GAME","HEALTHCARE","HIPAA","INFRA","LIBRARY","MEDALLION-ARCHITECTURE","ML","MOBILE","OBSERVABILITY-XRAY","REALTIME","SOC2","SOCIAL","STATE-MACHINE","UNIVERSAL","WEB-REACT","WEB-STATIC","WEB3","ZERO-TRUST"]}
{"timestamp":"2026-03-28T01:44:01.769Z","level":"INFO","service":"forgecraft","module":"registry/composer","message":"Templates composed","tags":["UNIVERSAL"],"tier":"recommended","instructionBlocks":37,"structureEntries":20,"nfrBlocks":4,"hooks":13,"skills":8,"reviewBlocks":5,"referenceBlocks":8,"playbooks":0,"verificationStrategies":1}
{"timestamp":"2026-03-28T01:44:01.774Z","level":"INFO","service":"forgecraft","module":"registry/loader","message":"Templates loaded","tagCount":24,"tags":["ANALYTICS","API","CLI","DATA-LINEAGE","DATA-PIPELINE","FINTECH","GAME","HEALTHCARE","HIPAA","INFRA","LIBRARY","MEDALLION-ARCHITECTURE","ML","MOBILE","OBSERVABILITY-XRAY","REALTIME","SOC2","SOCIAL","STATE-MACHINE","UNIVERSAL","WEB-REACT","WEB-STATIC","WEB3","ZERO-TRUST"]}
{"timestamp":"2026-03-28T01:44:01.774Z","level":"INFO","service":"forgecraft","module":"registry/mcp-discovery","message":"Loaded local MCP server recommendations","count":5,"tags":["UNIVERSAL"]}
{"timestamp":"2026-03-28T01:44:01.777Z","level":"INFO","service":"forgecraft","module":"registry/mcp-discovery","message":"Fetched remote MCP server recommendations","count":2,"url":"https://example.com/registry.json"}
{"timestamp":"2026-03-28T01:44:01.778Z","level":"INFO","service":"forgecraft","module":"registry/loader","message":"Templates loaded","tagCount":24,"tags":["ANALYTICS","API","CLI","DATA-LINEAGE","DATA-PIPELINE","FINTECH","GAME","HEALTHCARE","HIPAA","INFRA","LIBRARY","MEDALLION-ARCHITECTURE","ML","MOBILE","OBSERVABILITY-XRAY","REALTIME","SOC2","SOCIAL","STATE-MACHINE","UNIVERSAL","WEB-REACT","WEB-STATIC","WEB3","ZERO-TRUST"]}
{"timestamp":"2026-03-28T01:44:01.778Z","level":"INFO","service":"forgecraft","module":"registry/composer","message":"Templates composed","tags":["UNIVERSAL"],"tier":"recommended","instructionBlocks":37,"structureEntries":20,"nfrBlocks":4,"hooks":13,"skills":8,"reviewBlocks":5,"referenceBlocks":8,"playbooks":0,"verificationStrategies":1}
{"timestamp":"2026-03-28T01:44:01.778Z","level":"INFO","service":"forgecraft","module":"registry/composer","message":"Templates composed","tags":["UNIVERSAL"],"tier":"recommended","instructionBlocks":37,"structureEntries":20,"nfrBlocks":4,"hooks":13,"skills":8,"reviewBlocks":5,"referenceBlocks":8,"playbooks":0,"verificationStrategies":1}
 [32mΓ£ô[39m tests/registry/mcp-discovery.test.ts[2m > [22mMcpDiscoveryService[2m > [22mDefaultMcpDiscoveryService ΓÇö remote discovery[2m > [22mshould skip remote when no registry URL is configured[32m 156[2mms[22m[39m
{"timestamp":"2026-03-28T01:44:01.893Z","level":"INFO","service":"forgecraft","module":"registry/loader","message":"Templates loaded","tagCount":24,"tags":["ANALYTICS","API","CLI","DATA-LINEAGE","DATA-PIPELINE","FINTECH","GAME","HEALTHCARE","HIPAA","INFRA","LIBRARY","MEDALLION-ARCHITECTURE","ML","MOBILE","OBSERVABILITY-XRAY","REALTIME","SOC2","SOCIAL","STATE-MACHINE","UNIVERSAL","WEB-REACT","WEB-STATIC","WEB3","ZERO-TRUST"]}
{"timestamp":"2026-03-28T01:44:01.893Z","level":"INFO","service":"forgecraft","module":"registry/mcp-discovery","message":"Loaded local MCP server recommendations","count":5,"tags":["UNIVERSAL"]}
{"timestamp":"2026-03-28T01:44:01.894Z","level":"WARN","service":"forgecraft","module":"registry/mcp-discovery","message":"Failed to fetch remote MCP registry","url":"https://example.com/broken.json","error":"Network error"}
{"timestamp":"2026-03-28T01:44:01.894Z","level":"INFO","service":"forgecraft","module":"registry/loader","message":"Templates loaded","tagCount":24,"tags":["ANALYTICS","API","CLI","DATA-LINEAGE","DATA-PIPELINE","FINTECH","GAME","HEALTHCARE","HIPAA","INFRA","LIBRARY","MEDALLION-ARCHITECTURE","ML","MOBILE","OBSERVABILITY-XRAY","REALTIME","SOC2","SOCIAL","STATE-MACHINE","UNIVERSAL","WEB-REACT","WEB-STATIC","WEB3","ZERO-TRUST"]}
{"timestamp":"2026-03-28T01:44:01.894Z","level":"INFO","service":"forgecraft","module":"registry/mcp-discovery","message":"Fetched remote MCP server recommendations","count":0,"url":"https://example.com/broken.json"}
{"timestamp":"2026-03-28T01:44:01.894Z","level":"INFO","service":"forgecraft","module":"registry/mcp-discovery","message":"Loaded local MCP server recommendations","count":5,"tags":["UNIVERSAL"]}
 [32mΓ£ô[39m tests/registry/mcp-discovery.test.ts[2m > [22mMcpDiscoveryService[2m > [22mDefaultMcpDiscoveryService ΓÇö remote discovery[2m > [22mshould merge remote servers with local, local taking priority[32m 159[2mms[22m[39m
{"timestamp":"2026-03-28T01:44:01.907Z","level":"INFO","service":"forgecraft","module":"registry/loader","message":"Templates loaded","tagCount":24,"tags":["ANALYTICS","API","CLI","DATA-LINEAGE","DATA-PIPELINE","FINTECH","GAME","HEALTHCARE","HIPAA","INFRA","LIBRARY","MEDALLION-ARCHITECTURE","ML","MOBILE","OBSERVABILITY-XRAY","REALTIME","SOC2","SOCIAL","STATE-MACHINE","UNIVERSAL","WEB-REACT","WEB-STATIC","WEB3","ZERO-TRUST"]}
{"timestamp":"2026-03-28T01:44:01.908Z","level":"INFO","service":"forgecraft","module":"registry/composer","message":"Templates composed","tags":["UNIVERSAL"],"tier":"recommended","instructionBlocks":37,"structureEntries":20,"nfrBlocks":4,"hooks":13,"skills":8,"reviewBlocks":5,"referenceBlocks":8,"playbooks":0,"verificationStrategies":1}
{"timestamp":"2026-03-28T01:44:01.912Z","level":"INFO","service":"forgecraft","module":"analyzers/language-detector","message":"No language indicators found, defaulting to typescript","projectDir":"C:\\Users\\JC\\AppData\\Local\\Temp\\forgecraft-refresh-test-1774662241528"}
 [32mΓ£ô[39m tests/tools/setup-project.test.ts[2m > [22msetupProjectHandler[2m > [22mphase 2 ΓÇö mvp/scope_complete/has_consumers provided[2m > [22mhas_consumers=true makes behavioral_contracts required regardless of mvp[33m 4737[2mms[22m[39m
 [32mΓ£ô[39m tests/tools/close-cycle.test.ts[2m > [22mcloseCycle[2m > [22mclose_cycle in experiment mode forces auto-contribute (dryRun=false)[33m 800[2mms[22m[39m
{"timestamp":"2026-03-28T01:44:02.016Z","level":"INFO","service":"forgecraft","module":"tools/setup-project","message":"setup_project","phase":2,"projectDir":"C:\\Users\\JC\\AppData\\Local\\Temp\\forgecraft-setup-test-1774662242015"}
{"timestamp":"2026-03-28T01:44:02.033Z","level":"INFO","service":"forgecraft","module":"tools/scaffold","message":"Scaffolding project","tags":["UNIVERSAL"],"projectDir":"C:\\Users\\JC\\AppData\\Local\\Temp\\forgecraft-setup-test-1774662242015","dryRun":false,"force":false}
{"timestamp":"2026-03-28T01:44:02.036Z","level":"INFO","service":"forgecraft","module":"registry/loader","message":"Templates loaded","tagCount":24,"tags":["ANALYTICS","API","CLI","DATA-LINEAGE","DATA-PIPELINE","FINTECH","GAME","HEALTHCARE","HIPAA","INFRA","LIBRARY","MEDALLION-ARCHITECTURE","ML","MOBILE","OBSERVABILITY-XRAY","REALTIME","SOC2","SOCIAL","STATE-MACHINE","UNIVERSAL","WEB-REACT","WEB-STATIC","WEB3","ZERO-TRUST"]}
{"timestamp":"2026-03-28T01:44:02.036Z","level":"INFO","service":"forgecraft","module":"registry/mcp-discovery","message":"Loaded local MCP server recommendations","count":5,"tags":["UNIVERSAL"]}
{"timestamp":"2026-03-28T01:44:02.037Z","level":"WARN","service":"forgecraft","module":"registry/mcp-discovery","message":"Remote MCP registry error","url":"https://example.com/missing.json","error":"Remote registry returned HTTP 404"}
{"timestamp":"2026-03-28T01:44:02.037Z","level":"INFO","service":"forgecraft","module":"registry/mcp-discovery","message":"Fetched remote MCP server recommendations","count":0,"url":"https://example.com/missing.json"}
 [32mΓ£ô[39m tests/registry/mcp-discovery.test.ts[2m > [22mMcpDiscoveryService[2m > [22mDefaultMcpDiscoveryService ΓÇö remote discovery[2m > [22mshould gracefully handle remote fetch failure[32m 116[2mms[22m[39m
{"timestamp":"2026-03-28T01:44:02.199Z","level":"INFO","service":"forgecraft","module":"registry/loader","message":"Templates loaded","tagCount":24,"tags":["ANALYTICS","API","CLI","DATA-LINEAGE","DATA-PIPELINE","FINTECH","GAME","HEALTHCARE","HIPAA","INFRA","LIBRARY","MEDALLION-ARCHITECTURE","ML","MOBILE","OBSERVABILITY-XRAY","REALTIME","SOC2","SOCIAL","STATE-MACHINE","UNIVERSAL","WEB-REACT","WEB-STATIC","WEB3","ZERO-TRUST"]}
{"timestamp":"2026-03-28T01:44:02.200Z","level":"INFO","service":"forgecraft","module":"registry/composer","message":"Templates composed","tags":["UNIVERSAL"],"tier":"recommended","instructionBlocks":37,"structureEntries":20,"nfrBlocks":4,"hooks":13,"skills":8,"reviewBlocks":5,"referenceBlocks":8,"playbooks":0,"verificationStrategies":1}
{"timestamp":"2026-03-28T01:44:02.208Z","level":"INFO","service":"forgecraft","module":"registry/loader","message":"Templates loaded","tagCount":24,"tags":["ANALYTICS","API","CLI","DATA-LINEAGE","DATA-PIPELINE","FINTECH","GAME","HEALTHCARE","HIPAA","INFRA","LIBRARY","MEDALLION-ARCHITECTURE","ML","MOBILE","OBSERVABILITY-XRAY","REALTIME","SOC2","SOCIAL","STATE-MACHINE","UNIVERSAL","WEB-REACT","WEB-STATIC","WEB3","ZERO-TRUST"]}
{"timestamp":"2026-03-28T01:44:02.208Z","level":"INFO","service":"forgecraft","module":"registry/mcp-discovery","message":"Loaded local MCP server recommendations","count":6,"tags":["UNIVERSAL","API"]}
{"timestamp":"2026-03-28T01:44:02.209Z","level":"INFO","service":"forgecraft","module":"registry/mcp-discovery","message":"Fetched remote MCP server recommendations","count":1,"url":"https://example.com/registry.json"}
 [32mΓ£ô[39m tests/registry/mcp-discovery.test.ts[2m > [22mMcpDiscoveryService[2m > [22mDefaultMcpDiscoveryService ΓÇö remote discovery[2m > [22mshould gracefully handle non-200 remote response[32m 144[2mms[22m[39m
 [32mΓ£ô[39m tests/registry/mcp-discovery.test.ts[2m > [22mMcpDiscoveryService[2m > [22mDefaultMcpDiscoveryService ΓÇö remote discovery[2m > [22mshould filter remote servers by requested tags[32m 171[2mms[22m[39m
{"timestamp":"2026-03-28T01:44:02.274Z","level":"INFO","service":"forgecraft","module":"analyzers/project-context","message":"Project context detected","projectDir":"C:\\Users\\JC\\AppData\\Local\\Temp\\forgecraft-refresh-test-1774662241528","repoUrl":"not found","framework":"not detected","hasDomain":false,"sensitiveData":"NO"}
 [32mΓ£ô[39m tests/tools/refresh-project.test.ts[2m > [22mrefreshProjectHandler[2m > [22msentinel mode (apply=true, sentinel default)[2m > [22mCLAUDE.md contains the ForgeCraft sentinel comment[33m 928[2mms[22m[39m
{"timestamp":"2026-03-28T01:44:02.348Z","level":"INFO","service":"forgecraft","module":"tools/refresh-project","message":"Refresh project starting","projectDir":"C:\\Users\\JC\\AppData\\Local\\Temp\\forgecraft-refresh-test-1774662242339","apply":true}
 [32mΓ£ô[39m tests/tools/scaffold.test.ts[2m > [22mscaffoldProjectHandler[2m > [22mactual scaffolding[2m > [22moverwrites existing files when force=true[33m 1957[2mms[22m[39m
{"timestamp":"2026-03-28T01:44:02.461Z","level":"INFO","service":"forgecraft","module":"tools/registry-refresh","message":"Registry sync complete","added":13,"updated":0,"retired":0}
{"timestamp":"2026-03-28T01:44:02.461Z","level":"INFO","service":"forgecraft","module":"analyzers/package-json","message":"Project analysis complete","projectDir":"C:\\Users\\JC\\AppData\\Local\\Temp\\forgecraft-refresh-test-1774662242339","detections":0,"tags":[]}
{"timestamp":"2026-03-28T01:44:02.462Z","level":"INFO","service":"forgecraft","module":"analyzers/completeness","message":"Completeness check done","passing":1,"failing":6}
{"timestamp":"2026-03-28T01:44:02.473Z","level":"INFO","service":"forgecraft","module":"tools/scaffold","message":"Scaffolding project","tags":["UNIVERSAL"],"projectDir":"C:\\Users\\JC\\AppData\\Local\\Temp\\forgecraft-scaffold-test-1774662242472","dryRun":false,"force":false}
{"timestamp":"2026-03-28T01:44:02.558Z","level":"INFO","service":"forgecraft","module":"analyzers/project-context","message":"Project context detected","projectDir":"C:\\Users\\JC\\AppData\\Local\\Temp\\forgecraft-setup-test-1774662242015","repoUrl":"not found","framework":"not detected","hasDomain":false,"sensitiveData":"NO"}
{"timestamp":"2026-03-28T01:44:02.608Z","level":"INFO","service":"forgecraft","module":"registry/loader","message":"Templates loaded","tagCount":24,"tags":["ANALYTICS","API","CLI","DATA-LINEAGE","DATA-PIPELINE","FINTECH","GAME","HEALTHCARE","HIPAA","INFRA","LIBRARY","MEDALLION-ARCHITECTURE","ML","MOBILE","OBSERVABILITY-XRAY","REALTIME","SOC2","SOCIAL","STATE-MACHINE","UNIVERSAL","WEB-REACT","WEB-STATIC","WEB3","ZERO-TRUST"]}
{"timestamp":"2026-03-28T01:44:02.608Z","level":"INFO","service":"forgecraft","module":"registry/composer","message":"Templates composed","tags":["UNIVERSAL"],"tier":"recommended","instructionBlocks":37,"structureEntries":20,"nfrBlocks":4,"hooks":13,"skills":8,"reviewBlocks":5,"referenceBlocks":8,"playbooks":0,"verificationStrategies":1}
{"timestamp":"2026-03-28T01:44:02.608Z","level":"INFO","service":"forgecraft","module":"registry/composer","message":"Templates composed","tags":["UNIVERSAL"],"tier":"recommended","instructionBlocks":37,"structureEntries":20,"nfrBlocks":4,"hooks":13,"skills":8,"reviewBlocks":5,"referenceBlocks":8,"playbooks":0,"verificationStrategies":1}
{"timestamp":"2026-03-28T01:44:02.633Z","level":"INFO","service":"forgecraft","module":"registry/loader","message":"Templates loaded","tagCount":24,"tags":["ANALYTICS","API","CLI","DATA-LINEAGE","DATA-PIPELINE","FINTECH","GAME","HEALTHCARE","HIPAA","INFRA","LIBRARY","MEDALLION-ARCHITECTURE","ML","MOBILE","OBSERVABILITY-XRAY","REALTIME","SOC2","SOCIAL","STATE-MACHINE","UNIVERSAL","WEB-REACT","WEB-STATIC","WEB3","ZERO-TRUST"]}
{"timestamp":"2026-03-28T01:44:02.633Z","level":"INFO","service":"forgecraft","module":"registry/composer","message":"Templates composed","tags":["UNIVERSAL"],"tier":"recommended","instructionBlocks":37,"structureEntries":20,"nfrBlocks":4,"hooks":13,"skills":8,"reviewBlocks":5,"referenceBlocks":8,"playbooks":0,"verificationStrategies":1}
 [32mΓ£ô[39m tests/tools/close-cycle.test.ts[2m > [22mcloseCycle[2m > [22mclose_cycle sets experimentId in result when experiment config present[33m 778[2mms[22m[39m
 [32mΓ£ô[39m tests/tools/close-cycle.test.ts[2m > [22mmarkRoadmapItemDone[2m > [22mmarks a pending item as done in roadmap.md[32m 13[2mms[22m[39m
 [32mΓ£ô[39m tests/tools/close-cycle.test.ts[2m > [22mmarkRoadmapItemDone[2m > [22mdoes not modify roadmap when item is already done[32m 10[2mms[22m[39m
 [32mΓ£ô[39m tests/tools/close-cycle.test.ts[2m > [22mmarkRoadmapItemDone[2m > [22mno-ops when roadmap.md does not exist[32m 4[2mms[22m[39m
{"timestamp":"2026-03-28T01:44:02.855Z","level":"INFO","service":"forgecraft","module":"registry/loader","message":"Templates loaded","tagCount":24,"tags":["ANALYTICS","API","CLI","DATA-LINEAGE","DATA-PIPELINE","FINTECH","GAME","HEALTHCARE","HIPAA","INFRA","LIBRARY","MEDALLION-ARCHITECTURE","ML","MOBILE","OBSERVABILITY-XRAY","REALTIME","SOC2","SOCIAL","STATE-MACHINE","UNIVERSAL","WEB-REACT","WEB-STATIC","WEB3","ZERO-TRUST"]}
{"timestamp":"2026-03-28T01:44:02.855Z","level":"INFO","service":"forgecraft","module":"registry/composer","message":"Templates composed","tags":["UNIVERSAL"],"tier":"recommended","instructionBlocks":37,"structureEntries":20,"nfrBlocks":4,"hooks":13,"skills":8,"reviewBlocks":5,"referenceBlocks":8,"playbooks":0,"verificationStrategies":1}
{"timestamp":"2026-03-28T01:44:02.864Z","level":"INFO","service":"forgecraft","module":"analyzers/language-detector","message":"No language indicators found, defaulting to typescript","projectDir":"C:\\Users\\JC\\AppData\\Local\\Temp\\forgecraft-refresh-test-1774662242339"}
{"timestamp":"2026-03-28T01:44:03.019Z","level":"INFO","service":"forgecraft","module":"analyzers/project-context","message":"Project context detected","projectDir":"C:\\Users\\JC\\AppData\\Local\\Temp\\forgecraft-scaffold-test-1774662242472","repoUrl":"not found","framework":"not detected","hasDomain":false,"sensitiveData":"NO"}
{"timestamp":"2026-03-28T01:44:03.314Z","level":"INFO","service":"forgecraft","module":"analyzers/project-context","message":"Project context detected","projectDir":"C:\\Users\\JC\\AppData\\Local\\Temp\\forgecraft-refresh-test-1774662242339","repoUrl":"not found","framework":"not detected","hasDomain":false,"sensitiveData":"NO"}
 [32mΓ£ô[39m tests/tools/refresh-project.test.ts[2m > [22mrefreshProjectHandler[2m > [22msentinel mode (apply=true, sentinel default)[2m > [22mwrites domain standards files into .claude/standards/[33m 811[2mms[22m[39m
{"timestamp":"2026-03-28T01:44:03.395Z","level":"INFO","service":"forgecraft","module":"tools/refresh-project","message":"Refresh project starting","projectDir":"C:\\Users\\JC\\AppData\\Local\\Temp\\forgecraft-refresh-test-1774662243384","apply":true}
{"timestamp":"2026-03-28T01:44:03.490Z","level":"INFO","service":"forgecraft","module":"tools/registry-refresh","message":"Registry sync complete","added":13,"updated":0,"retired":0}
{"timestamp":"2026-03-28T01:44:03.491Z","level":"INFO","service":"forgecraft","module":"analyzers/package-json","message":"Project analysis complete","projectDir":"C:\\Users\\JC\\AppData\\Local\\Temp\\forgecraft-refresh-test-1774662243384","detections":0,"tags":[]}
{"timestamp":"2026-03-28T01:44:03.491Z","level":"INFO","service":"forgecraft","module":"analyzers/completeness","message":"Completeness check done","passing":0,"failing":7}
 [32mΓ£ô[39m tests/tools/close-cycle.test.ts[2m > [22mcloseCycleHandler roadmap_item writeback[2m > [22mmarks roadmap item done after successful cycle with roadmap_item arg[33m 773[2mms[22m[39m
 [32mΓ£ô[39m tests/tools/close-cycle.test.ts[2m > [22mcloseCycleHandler roadmap_item writeback[2m > [22mdoes NOT mark roadmap item done when dry_run is true[33m 875[2mms[22m[39m
{"timestamp":"2026-03-28T01:44:03.744Z","level":"INFO","service":"forgecraft","module":"registry/loader","message":"Templates loaded","tagCount":24,"tags":["ANALYTICS","API","CLI","DATA-LINEAGE","DATA-PIPELINE","FINTECH","GAME","HEALTHCARE","HIPAA","INFRA","LIBRARY","MEDALLION-ARCHITECTURE","ML","MOBILE","OBSERVABILITY-XRAY","REALTIME","SOC2","SOCIAL","STATE-MACHINE","UNIVERSAL","WEB-REACT","WEB-STATIC","WEB3","ZERO-TRUST"]}
{"timestamp":"2026-03-28T01:44:03.744Z","level":"INFO","service":"forgecraft","module":"registry/composer","message":"Templates composed","tags":["UNIVERSAL"],"tier":"recommended","instructionBlocks":37,"structureEntries":20,"nfrBlocks":4,"hooks":13,"skills":8,"reviewBlocks":5,"referenceBlocks":8,"playbooks":0,"verificationStrategies":1}
{"timestamp":"2026-03-28T01:44:03.751Z","level":"INFO","service":"forgecraft","module":"registry/loader","message":"Templates loaded","tagCount":24,"tags":["ANALYTICS","API","CLI","DATA-LINEAGE","DATA-PIPELINE","FINTECH","GAME","HEALTHCARE","HIPAA","INFRA","LIBRARY","MEDALLION-ARCHITECTURE","ML","MOBILE","OBSERVABILITY-XRAY","REALTIME","SOC2","SOCIAL","STATE-MACHINE","UNIVERSAL","WEB-REACT","WEB-STATIC","WEB3","ZERO-TRUST"]}
{"timestamp":"2026-03-28T01:44:03.751Z","level":"INFO","service":"forgecraft","module":"registry/composer","message":"Templates composed","tags":["UNIVERSAL"],"tier":"recommended","instructionBlocks":37,"structureEntries":20,"nfrBlocks":4,"hooks":13,"skills":8,"reviewBlocks":5,"referenceBlocks":8,"playbooks":0,"verificationStrategies":1}
{"timestamp":"2026-03-28T01:44:03.751Z","level":"INFO","service":"forgecraft","module":"registry/composer","message":"Templates composed","tags":["UNIVERSAL"],"tier":"recommended","instructionBlocks":37,"structureEntries":20,"nfrBlocks":4,"hooks":13,"skills":8,"reviewBlocks":5,"referenceBlocks":8,"playbooks":0,"verificationStrategies":1}
{"timestamp":"2026-03-28T01:44:03.884Z","level":"INFO","service":"forgecraft","module":"registry/loader","message":"Templates loaded","tagCount":24,"tags":["ANALYTICS","API","CLI","DATA-LINEAGE","DATA-PIPELINE","FINTECH","GAME","HEALTHCARE","HIPAA","INFRA","LIBRARY","MEDALLION-ARCHITECTURE","ML","MOBILE","OBSERVABILITY-XRAY","REALTIME","SOC2","SOCIAL","STATE-MACHINE","UNIVERSAL","WEB-REACT","WEB-STATIC","WEB3","ZERO-TRUST"]}
{"timestamp":"2026-03-28T01:44:03.884Z","level":"INFO","service":"forgecraft","module":"registry/mcp-discovery","message":"Loaded local MCP server recommendations","count":5,"tags":["UNIVERSAL"]}
 [32mΓ£ô[39m tests/tools/setup-project.test.ts[2m > [22msetupProjectHandler[2m > [22mphase 2 ΓÇö mvp/scope_complete/has_consumers provided[2m > [22mscope_complete=false makes adrs optional[33m 2046[2mms[22m[39m
{"timestamp":"2026-03-28T01:44:03.949Z","level":"INFO","service":"forgecraft","module":"registry/loader","message":"Templates loaded","tagCount":24,"tags":["ANALYTICS","API","CLI","DATA-LINEAGE","DATA-PIPELINE","FINTECH","GAME","HEALTHCARE","HIPAA","INFRA","LIBRARY","MEDALLION-ARCHITECTURE","ML","MOBILE","OBSERVABILITY-XRAY","REALTIME","SOC2","SOCIAL","STATE-MACHINE","UNIVERSAL","WEB-REACT","WEB-STATIC","WEB3","ZERO-TRUST"]}
{"timestamp":"2026-03-28T01:44:03.949Z","level":"INFO","service":"forgecraft","module":"registry/composer","message":"Templates composed","tags":["UNIVERSAL"],"tier":"recommended","instructionBlocks":37,"structureEntries":20,"nfrBlocks":4,"hooks":13,"skills":8,"reviewBlocks":5,"referenceBlocks":8,"playbooks":0,"verificationStrategies":1}
{"timestamp":"2026-03-28T01:44:03.954Z","level":"INFO","service":"forgecraft","module":"analyzers/language-detector","message":"No language indicators found, defaulting to typescript","projectDir":"C:\\Users\\JC\\AppData\\Local\\Temp\\forgecraft-refresh-test-1774662243384"}
{"timestamp":"2026-03-28T01:44:04.020Z","level":"INFO","service":"forgecraft","module":"tools/setup-project","message":"setup_project","phase":2,"projectDir":"C:\\Users\\JC\\AppData\\Local\\Temp\\forgecraft-setup-test-1774662244019"}
 [32mΓ£ô[39m tests/tools/scaffold.test.ts[2m > [22mscaffoldProjectHandler[2m > [22msentinel scaffolding (default)[2m > [22mcreates a short sentinel CLAUDE.md (< 100 lines)[33m 1412[2mms[22m[39m
{"timestamp":"2026-03-28T01:44:04.038Z","level":"INFO","service":"forgecraft","module":"tools/scaffold","message":"Scaffolding project","tags":["UNIVERSAL"],"projectDir":"C:\\Users\\JC\\AppData\\Local\\Temp\\forgecraft-setup-test-1774662244019","dryRun":false,"force":false}
{"timestamp":"2026-03-28T01:44:04.129Z","level":"INFO","service":"forgecraft","module":"tools/scaffold","message":"Scaffolding project","tags":["UNIVERSAL"],"projectDir":"C:\\Users\\JC\\AppData\\Local\\Temp\\forgecraft-scaffold-test-1774662244124","dryRun":false,"force":false}
{"timestamp":"2026-03-28T01:44:04.317Z","level":"INFO","service":"forgecraft","module":"registry/loader","message":"Templates loaded","tagCount":24,"tags":["ANALYTICS","API","CLI","DATA-LINEAGE","DATA-PIPELINE","FINTECH","GAME","HEALTHCARE","HIPAA","INFRA","LIBRARY","MEDALLION-ARCHITECTURE","ML","MOBILE","OBSERVABILITY-XRAY","REALTIME","SOC2","SOCIAL","STATE-MACHINE","UNIVERSAL","WEB-REACT","WEB-STATIC","WEB3","ZERO-TRUST"]}
{"timestamp":"2026-03-28T01:44:04.317Z","level":"INFO","service":"forgecraft","module":"registry/composer","message":"Templates composed","tags":["UNIVERSAL"],"tier":"recommended","instructionBlocks":37,"structureEntries":20,"nfrBlocks":4,"hooks":13,"skills":8,"reviewBlocks":5,"referenceBlocks":8,"playbooks":0,"verificationStrategies":1}
{"timestamp":"2026-03-28T01:44:04.334Z","level":"INFO","service":"forgecraft","module":"registry/loader","message":"Templates loaded","tagCount":24,"tags":["ANALYTICS","API","CLI","DATA-LINEAGE","DATA-PIPELINE","FINTECH","GAME","HEALTHCARE","HIPAA","INFRA","LIBRARY","MEDALLION-ARCHITECTURE","ML","MOBILE","OBSERVABILITY-XRAY","REALTIME","SOC2","SOCIAL","STATE-MACHINE","UNIVERSAL","WEB-REACT","WEB-STATIC","WEB3","ZERO-TRUST"]}
{"timestamp":"2026-03-28T01:44:04.335Z","level":"INFO","service":"forgecraft","module":"registry/composer","message":"Templates composed","tags":["UNIVERSAL"],"tier":"recommended","instructionBlocks":37,"structureEntries":20,"nfrBlocks":4,"hooks":13,"skills":8,"reviewBlocks":5,"referenceBlocks":8,"playbooks":0,"verificationStrategies":1}
{"timestamp":"2026-03-28T01:44:04.392Z","level":"INFO","service":"forgecraft","module":"analyzers/project-context","message":"Project context detected","projectDir":"C:\\Users\\JC\\AppData\\Local\\Temp\\forgecraft-refresh-test-1774662243384","repoUrl":"not found","framework":"not detected","hasDomain":false,"sensitiveData":"NO"}
 [32mΓ£ô[39m tests/tools/refresh-project.test.ts[2m > [22mrefreshProjectHandler[2m > [22msentinel mode (apply=true, sentinel default)[2m > [22mreplaces a large monolithic CLAUDE.md instead of appending to it[33m 1045[2mms[22m[39m
{"timestamp":"2026-03-28T01:44:04.470Z","level":"INFO","service":"forgecraft","module":"tools/refresh-project","message":"Refresh project starting","projectDir":"C:\\Users\\JC\\AppData\\Local\\Temp\\forgecraft-refresh-test-1774662244458","apply":true}
{"timestamp":"2026-03-28T01:44:04.589Z","level":"INFO","service":"forgecraft","module":"tools/registry-refresh","message":"Registry sync complete","added":13,"updated":0,"retired":0}
{"timestamp":"2026-03-28T01:44:04.589Z","level":"INFO","service":"forgecraft","module":"analyzers/package-json","message":"Project analysis complete","projectDir":"C:\\Users\\JC\\AppData\\Local\\Temp\\forgecraft-refresh-test-1774662244458","detections":0,"tags":[]}
{"timestamp":"2026-03-28T01:44:04.590Z","level":"INFO","service":"forgecraft","module":"analyzers/completeness","message":"Completeness check done","passing":0,"failing":7}
{"timestamp":"2026-03-28T01:44:04.673Z","level":"INFO","service":"forgecraft","module":"analyzers/project-context","message":"Project context detected","projectDir":"C:\\Users\\JC\\AppData\\Local\\Temp\\forgecraft-setup-test-1774662244019","repoUrl":"not found","framework":"not detected","hasDomain":false,"sensitiveData":"NO"}
{"timestamp":"2026-03-28T01:44:04.691Z","level":"INFO","service":"forgecraft","module":"analyzers/project-context","message":"Project context detected","projectDir":"C:\\Users\\JC\\AppData\\Local\\Temp\\forgecraft-scaffold-test-1774662244124","repoUrl":"not found","framework":"not detected","hasDomain":false,"sensitiveData":"NO"}
{"timestamp":"2026-03-28T01:44:04.745Z","level":"INFO","service":"forgecraft","module":"registry/loader","message":"Templates loaded","tagCount":24,"tags":["ANALYTICS","API","CLI","DATA-LINEAGE","DATA-PIPELINE","FINTECH","GAME","HEALTHCARE","HIPAA","INFRA","LIBRARY","MEDALLION-ARCHITECTURE","ML","MOBILE","OBSERVABILITY-XRAY","REALTIME","SOC2","SOCIAL","STATE-MACHINE","UNIVERSAL","WEB-REACT","WEB-STATIC","WEB3","ZERO-TRUST"]}
{"timestamp":"2026-03-28T01:44:04.746Z","level":"INFO","service":"forgecraft","module":"registry/composer","message":"Templates composed","tags":["UNIVERSAL"],"tier":"recommended","instructionBlocks":37,"structureEntries":20,"nfrBlocks":4,"hooks":13,"skills":8,"reviewBlocks":5,"referenceBlocks":8,"playbooks":0,"verificationStrategies":1}
{"timestamp":"2026-03-28T01:44:04.746Z","level":"INFO","service":"forgecraft","module":"registry/composer","message":"Templates composed","tags":["UNIVERSAL"],"tier":"recommended","instructionBlocks":37,"structureEntries":20,"nfrBlocks":4,"hooks":13,"skills":8,"reviewBlocks":5,"referenceBlocks":8,"playbooks":0,"verificationStrategies":1}
{"timestamp":"2026-03-28T01:44:04.936Z","level":"INFO","service":"forgecraft","module":"registry/loader","message":"Templates loaded","tagCount":24,"tags":["ANALYTICS","API","CLI","DATA-LINEAGE","DATA-PIPELINE","FINTECH","GAME","HEALTHCARE","HIPAA","INFRA","LIBRARY","MEDALLION-ARCHITECTURE","ML","MOBILE","OBSERVABILITY-XRAY","REALTIME","SOC2","SOCIAL","STATE-MACHINE","UNIVERSAL","WEB-REACT","WEB-STATIC","WEB3","ZERO-TRUST"]}
{"timestamp":"2026-03-28T01:44:04.936Z","level":"INFO","service":"forgecraft","module":"registry/composer","message":"Templates composed","tags":["UNIVERSAL"],"tier":"recommended","instructionBlocks":37,"structureEntries":20,"nfrBlocks":4,"hooks":13,"skills":8,"reviewBlocks":5,"referenceBlocks":8,"playbooks":0,"verificationStrategies":1}
{"timestamp":"2026-03-28T01:44:04.943Z","level":"INFO","service":"forgecraft","module":"analyzers/language-detector","message":"No language indicators found, defaulting to typescript","projectDir":"C:\\Users\\JC\\AppData\\Local\\Temp\\forgecraft-refresh-test-1774662244458"}
{"timestamp":"2026-03-28T01:44:05.391Z","level":"INFO","service":"forgecraft","module":"analyzers/project-context","message":"Project context detected","projectDir":"C:\\Users\\JC\\AppData\\Local\\Temp\\forgecraft-refresh-test-1774662244458","repoUrl":"not found","framework":"not detected","hasDomain":false,"sensitiveData":"NO"}
 [32mΓ£ô[39m tests/tools/refresh-project.test.ts[2m > [22mrefreshProjectHandler[2m > [22msentinel mode (apply=true, sentinel default)[2m > [22mcreates project-specific.md as a user-owned placeholder[33m 1074[2mms[22m[39m
{"timestamp":"2026-03-28T01:44:05.459Z","level":"INFO","service":"forgecraft","module":"tools/refresh-project","message":"Refresh project starting","projectDir":"C:\\Users\\JC\\AppData\\Local\\Temp\\forgecraft-refresh-test-1774662245455","apply":true}
{"timestamp":"2026-03-28T01:44:05.559Z","level":"INFO","service":"forgecraft","module":"tools/registry-refresh","message":"Registry sync complete","added":13,"updated":0,"retired":0}
{"timestamp":"2026-03-28T01:44:05.560Z","level":"INFO","service":"forgecraft","module":"analyzers/package-json","message":"Project analysis complete","projectDir":"C:\\Users\\JC\\AppData\\Local\\Temp\\forgecraft-refresh-test-1774662245455","detections":0,"tags":[]}
{"timestamp":"2026-03-28T01:44:05.561Z","level":"INFO","service":"forgecraft","module":"analyzers/completeness","message":"Completeness check done","passing":0,"failing":7}
 [32mΓ£ô[39m tests/tools/scaffold.test.ts[2m > [22mscaffoldProjectHandler[2m > [22msentinel scaffolding (default)[2m > [22mcreates .claude/standards/ domain files[33m 1653[2mms[22m[39m
{"timestamp":"2026-03-28T01:44:05.658Z","level":"INFO","service":"forgecraft","module":"registry/loader","message":"Templates loaded","tagCount":24,"tags":["ANALYTICS","API","CLI","DATA-LINEAGE","DATA-PIPELINE","FINTECH","GAME","HEALTHCARE","HIPAA","INFRA","LIBRARY","MEDALLION-ARCHITECTURE","ML","MOBILE","OBSERVABILITY-XRAY","REALTIME","SOC2","SOCIAL","STATE-MACHINE","UNIVERSAL","WEB-REACT","WEB-STATIC","WEB3","ZERO-TRUST"]}
{"timestamp":"2026-03-28T01:44:05.658Z","level":"INFO","service":"forgecraft","module":"registry/composer","message":"Templates composed","tags":["UNIVERSAL"],"tier":"recommended","instructionBlocks":37,"structureEntries":20,"nfrBlocks":4,"hooks":13,"skills":8,"reviewBlocks":5,"referenceBlocks":8,"playbooks":0,"verificationStrategies":1}
{"timestamp":"2026-03-28T01:44:05.672Z","level":"INFO","service":"forgecraft","module":"registry/loader","message":"Templates loaded","tagCount":24,"tags":["ANALYTICS","API","CLI","DATA-LINEAGE","DATA-PIPELINE","FINTECH","GAME","HEALTHCARE","HIPAA","INFRA","LIBRARY","MEDALLION-ARCHITECTURE","ML","MOBILE","OBSERVABILITY-XRAY","REALTIME","SOC2","SOCIAL","STATE-MACHINE","UNIVERSAL","WEB-REACT","WEB-STATIC","WEB3","ZERO-TRUST"]}
{"timestamp":"2026-03-28T01:44:05.672Z","level":"INFO","service":"forgecraft","module":"registry/composer","message":"Templates composed","tags":["UNIVERSAL"],"tier":"recommended","instructionBlocks":37,"structureEntries":20,"nfrBlocks":4,"hooks":13,"skills":8,"reviewBlocks":5,"referenceBlocks":8,"playbooks":0,"verificationStrategies":1}
{"timestamp":"2026-03-28T01:44:05.672Z","level":"INFO","service":"forgecraft","module":"registry/composer","message":"Templates composed","tags":["UNIVERSAL"],"tier":"recommended","instructionBlocks":37,"structureEntries":20,"nfrBlocks":4,"hooks":13,"skills":8,"reviewBlocks":5,"referenceBlocks":8,"playbooks":0,"verificationStrategies":1}
{"timestamp":"2026-03-28T01:44:05.680Z","level":"INFO","service":"forgecraft","module":"tools/scaffold","message":"Scaffolding project","tags":["UNIVERSAL"],"projectDir":"C:\\Users\\JC\\AppData\\Local\\Temp\\forgecraft-scaffold-test-1774662245675","dryRun":false,"force":false}
{"timestamp":"2026-03-28T01:44:05.772Z","level":"INFO","service":"forgecraft","module":"registry/loader","message":"Templates loaded","tagCount":24,"tags":["ANALYTICS","API","CLI","DATA-LINEAGE","DATA-PIPELINE","FINTECH","GAME","HEALTHCARE","HIPAA","INFRA","LIBRARY","MEDALLION-ARCHITECTURE","ML","MOBILE","OBSERVABILITY-XRAY","REALTIME","SOC2","SOCIAL","STATE-MACHINE","UNIVERSAL","WEB-REACT","WEB-STATIC","WEB3","ZERO-TRUST"]}
{"timestamp":"2026-03-28T01:44:05.772Z","level":"INFO","service":"forgecraft","module":"registry/mcp-discovery","message":"Loaded local MCP server recommendations","count":5,"tags":["UNIVERSAL"]}
{"timestamp":"2026-03-28T01:44:05.796Z","level":"INFO","service":"forgecraft","module":"registry/loader","message":"Templates loaded","tagCount":24,"tags":["ANALYTICS","API","CLI","DATA-LINEAGE","DATA-PIPELINE","FINTECH","GAME","HEALTHCARE","HIPAA","INFRA","LIBRARY","MEDALLION-ARCHITECTURE","ML","MOBILE","OBSERVABILITY-XRAY","REALTIME","SOC2","SOCIAL","STATE-MACHINE","UNIVERSAL","WEB-REACT","WEB-STATIC","WEB3","ZERO-TRUST"]}
{"timestamp":"2026-03-28T01:44:05.796Z","level":"INFO","service":"forgecraft","module":"registry/loader","message":"Templates loaded","tagCount":24,"tags":["ANALYTICS","API","CLI","DATA-LINEAGE","DATA-PIPELINE","FINTECH","GAME","HEALTHCARE","HIPAA","INFRA","LIBRARY","MEDALLION-ARCHITECTURE","ML","MOBILE","OBSERVABILITY-XRAY","REALTIME","SOC2","SOCIAL","STATE-MACHINE","UNIVERSAL","WEB-REACT","WEB-STATIC","WEB3","ZERO-TRUST"]}
{"timestamp":"2026-03-28T01:44:05.797Z","level":"INFO","service":"forgecraft","module":"registry/composer","message":"Templates composed","tags":["UNIVERSAL"],"tier":"recommended","instructionBlocks":37,"structureEntries":20,"nfrBlocks":4,"hooks":13,"skills":8,"reviewBlocks":5,"referenceBlocks":8,"playbooks":0,"verificationStrategies":1}
{"timestamp":"2026-03-28T01:44:05.796Z","level":"INFO","service":"forgecraft","module":"registry/composer","message":"Templates composed","tags":["UNIVERSAL"],"tier":"recommended","instructionBlocks":37,"structureEntries":20,"nfrBlocks":4,"hooks":13,"skills":8,"reviewBlocks":5,"referenceBlocks":8,"playbooks":0,"verificationStrategies":1}
{"timestamp":"2026-03-28T01:44:05.801Z","level":"INFO","service":"forgecraft","module":"analyzers/language-detector","message":"No language indicators found, defaulting to typescript","projectDir":"C:\\Users\\JC\\AppData\\Local\\Temp\\forgecraft-refresh-test-1774662245455"}
 [32mΓ£ô[39m tests/tools/setup-project.test.ts[2m > [22msetupProjectHandler[2m > [22mphase 2 ΓÇö mvp/scope_complete/has_consumers provided[2m > [22mcreates docs/PRD.md when spec_text provided in phase 2[33m 2004[2mms[22m[39m
{"timestamp":"2026-03-28T01:44:05.895Z","level":"INFO","service":"forgecraft","module":"tools/setup-project","message":"setup_project","phase":2,"projectDir":"C:\\Users\\JC\\AppData\\Local\\Temp\\forgecraft-setup-test-1774662245890"}
{"timestamp":"2026-03-28T01:44:05.905Z","level":"INFO","service":"forgecraft","module":"tools/scaffold","message":"Scaffolding project","tags":["UNIVERSAL"],"projectDir":"C:\\Users\\JC\\AppData\\Local\\Temp\\forgecraft-setup-test-1774662245890","dryRun":false,"force":false}
{"timestamp":"2026-03-28T01:44:06.159Z","level":"INFO","service":"forgecraft","module":"registry/loader","message":"Templates loaded","tagCount":24,"tags":["ANALYTICS","API","CLI","DATA-LINEAGE","DATA-PIPELINE","FINTECH","GAME","HEALTHCARE","HIPAA","INFRA","LIBRARY","MEDALLION-ARCHITECTURE","ML","MOBILE","OBSERVABILITY-XRAY","REALTIME","SOC2","SOCIAL","STATE-MACHINE","UNIVERSAL","WEB-REACT","WEB-STATIC","WEB3","ZERO-TRUST"]}
{"timestamp":"2026-03-28T01:44:06.159Z","level":"INFO","service":"forgecraft","module":"registry/composer","message":"Templates composed","tags":["UNIVERSAL"],"tier":"recommended","instructionBlocks":37,"structureEntries":20,"nfrBlocks":4,"hooks":13,"skills":8,"reviewBlocks":5,"referenceBlocks":8,"playbooks":0,"verificationStrategies":1}
{"timestamp":"2026-03-28T01:44:06.208Z","level":"INFO","service":"forgecraft","module":"analyzers/project-context","message":"Project context detected","projectDir":"C:\\Users\\JC\\AppData\\Local\\Temp\\forgecraft-scaffold-test-1774662245675","repoUrl":"not found","framework":"not detected","hasDomain":false,"sensitiveData":"NO"}
{"timestamp":"2026-03-28T01:44:06.215Z","level":"INFO","service":"forgecraft","module":"analyzers/project-context","message":"Project context detected","projectDir":"C:\\Users\\JC\\AppData\\Local\\Temp\\forgecraft-refresh-test-1774662245455","repoUrl":"not found","framework":"not detected","hasDomain":false,"sensitiveData":"NO"}
 [32mΓ£ô[39m tests/tools/refresh-project.test.ts[2m > [22mrefreshProjectHandler[2m > [22msentinel mode (apply=true, sentinel default)[2m > [22mdoes NOT overwrite an existing project-specific.md with user content[33m 997[2mms[22m[39m
{"timestamp":"2026-03-28T01:44:06.288Z","level":"INFO","service":"forgecraft","module":"tools/refresh-project","message":"Refresh project starting","projectDir":"C:\\Users\\JC\\AppData\\Local\\Temp\\forgecraft-refresh-test-1774662246283","apply":true}
{"timestamp":"2026-03-28T01:44:06.386Z","level":"INFO","service":"forgecraft","module":"tools/registry-refresh","message":"Registry sync complete","added":13,"updated":0,"retired":0}
{"timestamp":"2026-03-28T01:44:06.387Z","level":"INFO","service":"forgecraft","module":"analyzers/package-json","message":"Project analysis complete","projectDir":"C:\\Users\\JC\\AppData\\Local\\Temp\\forgecraft-refresh-test-1774662246283","detections":0,"tags":[]}
{"timestamp":"2026-03-28T01:44:06.388Z","level":"INFO","service":"forgecraft","module":"analyzers/completeness","message":"Completeness check done","passing":0,"failing":7}
{"timestamp":"2026-03-28T01:44:06.522Z","level":"INFO","service":"forgecraft","module":"analyzers/project-context","message":"Project context detected","projectDir":"C:\\Users\\JC\\AppData\\Local\\Temp\\forgecraft-setup-test-1774662245890","repoUrl":"not found","framework":"not detected","hasDomain":false,"sensitiveData":"NO"}
{"timestamp":"2026-03-28T01:44:06.551Z","level":"INFO","service":"forgecraft","module":"registry/loader","message":"Templates loaded","tagCount":24,"tags":["ANALYTICS","API","CLI","DATA-LINEAGE","DATA-PIPELINE","FINTECH","GAME","HEALTHCARE","HIPAA","INFRA","LIBRARY","MEDALLION-ARCHITECTURE","ML","MOBILE","OBSERVABILITY-XRAY","REALTIME","SOC2","SOCIAL","STATE-MACHINE","UNIVERSAL","WEB-REACT","WEB-STATIC","WEB3","ZERO-TRUST"]}
{"timestamp":"2026-03-28T01:44:06.551Z","level":"INFO","service":"forgecraft","module":"registry/composer","message":"Templates composed","tags":["UNIVERSAL"],"tier":"recommended","instructionBlocks":37,"structureEntries":20,"nfrBlocks":4,"hooks":13,"skills":8,"reviewBlocks":5,"referenceBlocks":8,"playbooks":0,"verificationStrategies":1}
{"timestamp":"2026-03-28T01:44:06.551Z","level":"INFO","service":"forgecraft","module":"registry/composer","message":"Templates composed","tags":["UNIVERSAL"],"tier":"recommended","instructionBlocks":37,"structureEntries":20,"nfrBlocks":4,"hooks":13,"skills":8,"reviewBlocks":5,"referenceBlocks":8,"playbooks":0,"verificationStrategies":1}
{"timestamp":"2026-03-28T01:44:06.739Z","level":"INFO","service":"forgecraft","module":"registry/loader","message":"Templates loaded","tagCount":24,"tags":["ANALYTICS","API","CLI","DATA-LINEAGE","DATA-PIPELINE","FINTECH","GAME","HEALTHCARE","HIPAA","INFRA","LIBRARY","MEDALLION-ARCHITECTURE","ML","MOBILE","OBSERVABILITY-XRAY","REALTIME","SOC2","SOCIAL","STATE-MACHINE","UNIVERSAL","WEB-REACT","WEB-STATIC","WEB3","ZERO-TRUST"]}
{"timestamp":"2026-03-28T01:44:06.739Z","level":"INFO","service":"forgecraft","module":"registry/composer","message":"Templates composed","tags":["UNIVERSAL"],"tier":"recommended","instructionBlocks":37,"structureEntries":20,"nfrBlocks":4,"hooks":13,"skills":8,"reviewBlocks":5,"referenceBlocks":8,"playbooks":0,"verificationStrategies":1}
{"timestamp":"2026-03-28T01:44:06.744Z","level":"INFO","service":"forgecraft","module":"analyzers/language-detector","message":"No language indicators found, defaulting to typescript","projectDir":"C:\\Users\\JC\\AppData\\Local\\Temp\\forgecraft-refresh-test-1774662246283"}
{"timestamp":"2026-03-28T01:44:07.108Z","level":"INFO","service":"forgecraft","module":"analyzers/project-context","message":"Project context detected","projectDir":"C:\\Users\\JC\\AppData\\Local\\Temp\\forgecraft-refresh-test-1774662246283","repoUrl":"not found","framework":"not detected","hasDomain":false,"sensitiveData":"NO"}
 [32mΓ£ô[39m tests/tools/refresh-project.test.ts[2m > [22mrefreshProjectHandler[2m > [22msentinel mode (apply=true, sentinel default)[2m > [22mCLAUDE.md contains navigation pointer to .claude/index.md[33m 827[2mms[22m[39m
 [32mΓ£ô[39m tests/tools/scaffold.test.ts[2m > [22mscaffoldProjectHandler[2m > [22msentinel scaffolding (default)[2m > [22mcreates project-specific.md as user-owned placeholder[33m 1551[2mms[22m[39m
{"timestamp":"2026-03-28T01:44:07.177Z","level":"WARN","service":"forgecraft","module":"tools/registry-refresh","message":"Registry returned empty index ΓÇö skipping gate sync"}
{"timestamp":"2026-03-28T01:44:07.209Z","level":"INFO","service":"forgecraft","module":"tools/registry-refresh","message":"Registry sync complete","added":2,"updated":0,"retired":0}
{"timestamp":"2026-03-28T01:44:07.222Z","level":"INFO","service":"forgecraft","module":"tools/scaffold","message":"Scaffolding project","tags":["UNIVERSAL"],"projectDir":"C:\\Users\\JC\\AppData\\Local\\Temp\\forgecraft-scaffold-test-1774662247221","dryRun":false,"force":false}
{"timestamp":"2026-03-28T01:44:07.252Z","level":"INFO","service":"forgecraft","module":"tools/registry-refresh","message":"Active gate retired ΓÇö superseded by registry gate","activeGateId":"my-secrets-gate","registryGateId":"registry-secrets-gate"}
{"timestamp":"2026-03-28T01:44:07.252Z","level":"INFO","service":"forgecraft","module":"tools/registry-refresh","message":"Registry sync complete","added":1,"updated":0,"retired":1}
 [32mΓ£ô[39m tests/tools/refresh-project.test.ts[2m > [22mrefreshProjectHandler[2m > [22msentinel mode (apply=true, sentinel default)[2m > [22mresponse text indicates sentinel was used and explains scaffold scope[33m 891[2mms[22m[39m
 [32mΓ£ô[39m tests/tools/refresh-project.test.ts[2m > [22mpullRegistryGates[2m > [22mhandles_network_failure_gracefully ΓÇö fetch throws ΓåÆ gatesAdded: 0, no files written[32m 8[2mms[22m[39m
 [32mΓ£ô[39m tests/tools/refresh-project.test.ts[2m > [22mpullRegistryGates[2m > [22mwrites_registry_gates_to_correct_folders ΓÇö 2 gates with different tags ΓåÆ separate subdirs[32m 40[2mms[22m[39m
{"timestamp":"2026-03-28T01:44:07.282Z","level":"INFO","service":"forgecraft","module":"tools/registry-refresh","message":"Registry sync complete","added":0,"updated":0,"retired":0}
 [32mΓ£ô[39m tests/tools/refresh-project.test.ts[2m > [22mpullRegistryGates[2m > [22mretires_superseded_active_gate ΓÇö matching domain+phase+check ΓåÆ gate moved to retired/[32m 50[2mms[22m[39m
 [32mΓ£ô[39m tests/tools/refresh-project.test.ts[2m > [22mpullRegistryGates[2m > [22mskips_non_matching_tags ΓÇö project has [API], gate has [CLI] only ΓåÆ gate not downloaded[32m 18[2mms[22m[39m
{"timestamp":"2026-03-28T01:44:07.330Z","level":"INFO","service":"forgecraft","module":"registry/loader","message":"Templates loaded","tagCount":24,"tags":["ANALYTICS","API","CLI","DATA-LINEAGE","DATA-PIPELINE","FINTECH","GAME","HEALTHCARE","HIPAA","INFRA","LIBRARY","MEDALLION-ARCHITECTURE","ML","MOBILE","OBSERVABILITY-XRAY","REALTIME","SOC2","SOCIAL","STATE-MACHINE","UNIVERSAL","WEB-REACT","WEB-STATIC","WEB3","ZERO-TRUST"]}
{"timestamp":"2026-03-28T01:44:07.330Z","level":"INFO","service":"forgecraft","module":"registry/composer","message":"Templates composed","tags":["UNIVERSAL"],"tier":"recommended","instructionBlocks":37,"structureEntries":20,"nfrBlocks":4,"hooks":13,"skills":8,"reviewBlocks":5,"referenceBlocks":8,"playbooks":0,"verificationStrategies":1}
{"timestamp":"2026-03-28T01:44:07.536Z","level":"INFO","service":"forgecraft","module":"registry/loader","message":"Templates loaded","tagCount":24,"tags":["ANALYTICS","API","CLI","DATA-LINEAGE","DATA-PIPELINE","FINTECH","GAME","HEALTHCARE","HIPAA","INFRA","LIBRARY","MEDALLION-ARCHITECTURE","ML","MOBILE","OBSERVABILITY-XRAY","REALTIME","SOC2","SOCIAL","STATE-MACHINE","UNIVERSAL","WEB-REACT","WEB-STATIC","WEB3","ZERO-TRUST"]}
{"timestamp":"2026-03-28T01:44:07.536Z","level":"INFO","service":"forgecraft","module":"registry/composer","message":"Templates composed","tags":["UNIVERSAL"],"tier":"recommended","instructionBlocks":37,"structureEntries":20,"nfrBlocks":4,"hooks":13,"skills":8,"reviewBlocks":5,"referenceBlocks":8,"playbooks":0,"verificationStrategies":1}
{"timestamp":"2026-03-28T01:44:07.668Z","level":"INFO","service":"forgecraft","module":"analyzers/project-context","message":"Project context detected","projectDir":"C:\\Users\\JC\\AppData\\Local\\Temp\\forgecraft-scaffold-test-1774662247221","repoUrl":"not found","framework":"not detected","hasDomain":false,"sensitiveData":"NO"}
{"timestamp":"2026-03-28T01:44:07.673Z","level":"INFO","service":"forgecraft","module":"registry/loader","message":"Templates loaded","tagCount":24,"tags":["ANALYTICS","API","CLI","DATA-LINEAGE","DATA-PIPELINE","FINTECH","GAME","HEALTHCARE","HIPAA","INFRA","LIBRARY","MEDALLION-ARCHITECTURE","ML","MOBILE","OBSERVABILITY-XRAY","REALTIME","SOC2","SOCIAL","STATE-MACHINE","UNIVERSAL","WEB-REACT","WEB-STATIC","WEB3","ZERO-TRUST"]}
{"timestamp":"2026-03-28T01:44:07.673Z","level":"INFO","service":"forgecraft","module":"registry/mcp-discovery","message":"Loaded local MCP server recommendations","count":5,"tags":["UNIVERSAL"]}
 [32mΓ£ô[39m tests/tools/setup-project.test.ts[2m > [22msetupProjectHandler[2m > [22mphase 2 ΓÇö mvp/scope_complete/has_consumers provided[2m > [22mPRD.md contains spec content mapped to sections[33m 1871[2mms[22m[39m
{"timestamp":"2026-03-28T01:44:07.847Z","level":"INFO","service":"forgecraft","module":"tools/setup-project","message":"setup_project","phase":2,"projectDir":"C:\\Users\\JC\\AppData\\Local\\Temp\\forgecraft-setup-test-1774662247846"}
{"timestamp":"2026-03-28T01:44:07.861Z","level":"INFO","service":"forgecraft","module":"tools/scaffold","message":"Scaffolding project","tags":["UNIVERSAL"],"projectDir":"C:\\Users\\JC\\AppData\\Local\\Temp\\forgecraft-setup-test-1774662247846","dryRun":false,"force":false}
{"timestamp":"2026-03-28T01:44:08.175Z","level":"INFO","service":"forgecraft","module":"registry/loader","message":"Templates loaded","tagCount":24,"tags":["ANALYTICS","API","CLI","DATA-LINEAGE","DATA-PIPELINE","FINTECH","GAME","HEALTHCARE","HIPAA","INFRA","LIBRARY","MEDALLION-ARCHITECTURE","ML","MOBILE","OBSERVABILITY-XRAY","REALTIME","SOC2","SOCIAL","STATE-MACHINE","UNIVERSAL","WEB-REACT","WEB-STATIC","WEB3","ZERO-TRUST"]}
{"timestamp":"2026-03-28T01:44:08.176Z","level":"INFO","service":"forgecraft","module":"registry/composer","message":"Templates composed","tags":["UNIVERSAL"],"tier":"recommended","instructionBlocks":37,"structureEntries":20,"nfrBlocks":4,"hooks":13,"skills":8,"reviewBlocks":5,"referenceBlocks":8,"playbooks":0,"verificationStrategies":1}
{"timestamp":"2026-03-28T01:44:08.555Z","level":"INFO","service":"forgecraft","module":"analyzers/project-context","message":"Project context detected","projectDir":"C:\\Users\\JC\\AppData\\Local\\Temp\\forgecraft-setup-test-1774662247846","repoUrl":"not found","framework":"not detected","hasDomain":false,"sensitiveData":"NO"}
 [32mΓ£ô[39m tests/tools/scaffold.test.ts[2m > [22mscaffoldProjectHandler[2m > [22msentinel scaffolding (default)[2m > [22mdoes NOT overwrite existing project-specific.md (user-owned)[33m 1546[2mms[22m[39m
{"timestamp":"2026-03-28T01:44:08.713Z","level":"INFO","service":"forgecraft","module":"tools/scaffold","message":"Scaffolding project","tags":["UNIVERSAL"],"projectDir":"C:\\Users\\JC\\AppData\\Local\\Temp\\forgecraft-scaffold-test-1774662248712","dryRun":false,"force":false}
{"timestamp":"2026-03-28T01:44:08.823Z","level":"INFO","service":"forgecraft","module":"registry/loader","message":"Templates loaded","tagCount":24,"tags":["ANALYTICS","API","CLI","DATA-LINEAGE","DATA-PIPELINE","FINTECH","GAME","HEALTHCARE","HIPAA","INFRA","LIBRARY","MEDALLION-ARCHITECTURE","ML","MOBILE","OBSERVABILITY-XRAY","REALTIME","SOC2","SOCIAL","STATE-MACHINE","UNIVERSAL","WEB-REACT","WEB-STATIC","WEB3","ZERO-TRUST"]}
{"timestamp":"2026-03-28T01:44:08.823Z","level":"INFO","service":"forgecraft","module":"registry/composer","message":"Templates composed","tags":["UNIVERSAL"],"tier":"recommended","instructionBlocks":37,"structureEntries":20,"nfrBlocks":4,"hooks":13,"skills":8,"reviewBlocks":5,"referenceBlocks":8,"playbooks":0,"verificationStrategies":1}
{"timestamp":"2026-03-28T01:44:09.157Z","level":"INFO","service":"forgecraft","module":"analyzers/project-context","message":"Project context detected","projectDir":"C:\\Users\\JC\\AppData\\Local\\Temp\\forgecraft-scaffold-test-1774662248712","repoUrl":"not found","framework":"not detected","hasDomain":false,"sensitiveData":"NO"}
{"timestamp":"2026-03-28T01:44:09.479Z","level":"INFO","service":"forgecraft","module":"registry/loader","message":"Templates loaded","tagCount":24,"tags":["ANALYTICS","API","CLI","DATA-LINEAGE","DATA-PIPELINE","FINTECH","GAME","HEALTHCARE","HIPAA","INFRA","LIBRARY","MEDALLION-ARCHITECTURE","ML","MOBILE","OBSERVABILITY-XRAY","REALTIME","SOC2","SOCIAL","STATE-MACHINE","UNIVERSAL","WEB-REACT","WEB-STATIC","WEB3","ZERO-TRUST"]}
{"timestamp":"2026-03-28T01:44:09.479Z","level":"INFO","service":"forgecraft","module":"registry/composer","message":"Templates composed","tags":["UNIVERSAL"],"tier":"recommended","instructionBlocks":37,"structureEntries":20,"nfrBlocks":4,"hooks":13,"skills":8,"reviewBlocks":5,"referenceBlocks":8,"playbooks":0,"verificationStrategies":1}
{"timestamp":"2026-03-28T01:44:09.647Z","level":"INFO","service":"forgecraft","module":"registry/loader","message":"Templates loaded","tagCount":24,"tags":["ANALYTICS","API","CLI","DATA-LINEAGE","DATA-PIPELINE","FINTECH","GAME","HEALTHCARE","HIPAA","INFRA","LIBRARY","MEDALLION-ARCHITECTURE","ML","MOBILE","OBSERVABILITY-XRAY","REALTIME","SOC2","SOCIAL","STATE-MACHINE","UNIVERSAL","WEB-REACT","WEB-STATIC","WEB3","ZERO-TRUST"]}
{"timestamp":"2026-03-28T01:44:09.647Z","level":"INFO","service":"forgecraft","module":"registry/mcp-discovery","message":"Loaded local MCP server recommendations","count":5,"tags":["UNIVERSAL"]}
 [32mΓ£ô[39m tests/tools/setup-project.test.ts[2m > [22msetupProjectHandler[2m > [22mphase 2 ΓÇö mvp/scope_complete/has_consumers provided[2m > [22mdoes not overwrite existing docs/PRD.md[33m 1919[2mms[22m[39m
{"timestamp":"2026-03-28T01:44:09.779Z","level":"INFO","service":"forgecraft","module":"tools/setup-project","message":"setup_project","phase":2,"projectDir":"C:\\Users\\JC\\AppData\\Local\\Temp\\forgecraft-setup-test-1774662249778"}
{"timestamp":"2026-03-28T01:44:09.787Z","level":"INFO","service":"forgecraft","module":"tools/scaffold","message":"Scaffolding project","tags":["UNIVERSAL"],"projectDir":"C:\\Users\\JC\\AppData\\Local\\Temp\\forgecraft-setup-test-1774662249778","dryRun":false,"force":false}
{"timestamp":"2026-03-28T01:44:09.908Z","level":"INFO","service":"forgecraft","module":"registry/loader","message":"Templates loaded","tagCount":24,"tags":["ANALYTICS","API","CLI","DATA-LINEAGE","DATA-PIPELINE","FINTECH","GAME","HEALTHCARE","HIPAA","INFRA","LIBRARY","MEDALLION-ARCHITECTURE","ML","MOBILE","OBSERVABILITY-XRAY","REALTIME","SOC2","SOCIAL","STATE-MACHINE","UNIVERSAL","WEB-REACT","WEB-STATIC","WEB3","ZERO-TRUST"]}
{"timestamp":"2026-03-28T01:44:09.908Z","level":"INFO","service":"forgecraft","module":"registry/composer","message":"Templates composed","tags":["UNIVERSAL"],"tier":"recommended","instructionBlocks":37,"structureEntries":20,"nfrBlocks":4,"hooks":13,"skills":8,"reviewBlocks":5,"referenceBlocks":8,"playbooks":0,"verificationStrategies":1}
 [32mΓ£ô[39m tests/tools/scaffold.test.ts[2m > [22mscaffoldProjectHandler[2m > [22msentinel scaffolding (default)[2m > [22mCLAUDE.md contains navigation pointer to .claude/index.md[33m 1491[2mms[22m[39m
{"timestamp":"2026-03-28T01:44:10.097Z","level":"INFO","service":"forgecraft","module":"tools/scaffold","message":"Scaffolding project","tags":["UNIVERSAL"],"projectDir":"C:\\Users\\JC\\AppData\\Local\\Temp\\forgecraft-scaffold-test-1774662250092","dryRun":false,"force":false}
{"timestamp":"2026-03-28T01:44:10.207Z","level":"INFO","service":"forgecraft","module":"registry/loader","message":"Templates loaded","tagCount":24,"tags":["ANALYTICS","API","CLI","DATA-LINEAGE","DATA-PIPELINE","FINTECH","GAME","HEALTHCARE","HIPAA","INFRA","LIBRARY","MEDALLION-ARCHITECTURE","ML","MOBILE","OBSERVABILITY-XRAY","REALTIME","SOC2","SOCIAL","STATE-MACHINE","UNIVERSAL","WEB-REACT","WEB-STATIC","WEB3","ZERO-TRUST"]}
{"timestamp":"2026-03-28T01:44:10.207Z","level":"INFO","service":"forgecraft","module":"registry/composer","message":"Templates composed","tags":["UNIVERSAL"],"tier":"recommended","instructionBlocks":37,"structureEntries":20,"nfrBlocks":4,"hooks":13,"skills":8,"reviewBlocks":5,"referenceBlocks":8,"playbooks":0,"verificationStrategies":1}
{"timestamp":"2026-03-28T01:44:10.240Z","level":"INFO","service":"forgecraft","module":"analyzers/project-context","message":"Project context detected","projectDir":"C:\\Users\\JC\\AppData\\Local\\Temp\\forgecraft-setup-test-1774662249778","repoUrl":"not found","framework":"not detected","hasDomain":false,"sensitiveData":"NO"}
{"timestamp":"2026-03-28T01:44:10.524Z","level":"INFO","service":"forgecraft","module":"analyzers/project-context","message":"Project context detected","projectDir":"C:\\Users\\JC\\AppData\\Local\\Temp\\forgecraft-scaffold-test-1774662250092","repoUrl":"not found","framework":"not detected","hasDomain":false,"sensitiveData":"NO"}
{"timestamp":"2026-03-28T01:44:11.071Z","level":"INFO","service":"forgecraft","module":"registry/loader","message":"Templates loaded","tagCount":24,"tags":["ANALYTICS","API","CLI","DATA-LINEAGE","DATA-PIPELINE","FINTECH","GAME","HEALTHCARE","HIPAA","INFRA","LIBRARY","MEDALLION-ARCHITECTURE","ML","MOBILE","OBSERVABILITY-XRAY","REALTIME","SOC2","SOCIAL","STATE-MACHINE","UNIVERSAL","WEB-REACT","WEB-STATIC","WEB3","ZERO-TRUST"]}
{"timestamp":"2026-03-28T01:44:11.072Z","level":"INFO","service":"forgecraft","module":"registry/composer","message":"Templates composed","tags":["UNIVERSAL"],"tier":"recommended","instructionBlocks":37,"structureEntries":20,"nfrBlocks":4,"hooks":13,"skills":8,"reviewBlocks":5,"referenceBlocks":8,"playbooks":0,"verificationStrategies":1}
{"timestamp":"2026-03-28T01:44:11.172Z","level":"INFO","service":"forgecraft","module":"registry/loader","message":"Templates loaded","tagCount":24,"tags":["ANALYTICS","API","CLI","DATA-LINEAGE","DATA-PIPELINE","FINTECH","GAME","HEALTHCARE","HIPAA","INFRA","LIBRARY","MEDALLION-ARCHITECTURE","ML","MOBILE","OBSERVABILITY-XRAY","REALTIME","SOC2","SOCIAL","STATE-MACHINE","UNIVERSAL","WEB-REACT","WEB-STATIC","WEB3","ZERO-TRUST"]}
{"timestamp":"2026-03-28T01:44:11.172Z","level":"INFO","service":"forgecraft","module":"registry/mcp-discovery","message":"Loaded local MCP server recommendations","count":5,"tags":["UNIVERSAL"]}
 [32mΓ£ô[39m tests/tools/setup-project.test.ts[2m > [22msetupProjectHandler[2m > [22mphase 2 ΓÇö mvp/scope_complete/has_consumers provided[2m > [22mphase 2 response contains cascade decisions summary[33m 1969[2mms[22m[39m
 [32mΓ£ô[39m tests/tools/scaffold.test.ts[2m > [22mscaffoldProjectHandler[2m > [22mexceptions.json scaffolding[2m > [22mcreates .forgecraft/exceptions.json when it does not exist[33m 1380[2mms[22m[39m
{"timestamp":"2026-03-28T01:44:11.276Z","level":"INFO","service":"forgecraft","module":"tools/setup-project","message":"setup_project","phase":1,"projectDir":"C:\\Users\\JC\\AppData\\Local\\Temp\\forgecraft-setup-test-1774662251273"}
{"timestamp":"2026-03-28T01:44:11.288Z","level":"INFO","service":"forgecraft","module":"tools/setup-project","message":"setup_project","phase":1,"projectDir":"C:\\Users\\JC\\AppData\\Local\\Temp\\forgecraft-setup-test-1774662251285"}
{"timestamp":"2026-03-28T01:44:11.290Z","level":"INFO","service":"forgecraft","module":"tools/scaffold","message":"Scaffolding project","tags":["UNIVERSAL"],"projectDir":"C:\\Users\\JC\\AppData\\Local\\Temp\\forgecraft-scaffold-test-1774662251289","dryRun":false,"force":false}
 [32mΓ£ô[39m tests/tools/setup-project.test.ts[2m > [22msetupProjectHandler[2m > [22mphase 2 ΓÇö mvp/scope_complete/has_consumers provided[2m > [22mphase 2 response mentions check_cascade next step[33m 1495[2mms[22m[39m
 [32mΓ£ô[39m tests/tools/setup-project.test.ts[2m > [22msetupProjectHandler[2m > [22mambiguity detection[2m > [22mphase 1 with pure docs project includes Ambiguity Detected section[32m 12[2mms[22m[39m
{"timestamp":"2026-03-28T01:44:11.298Z","level":"INFO","service":"forgecraft","module":"tools/setup-project","message":"setup_project","phase":1,"projectDir":"C:\\Users\\JC\\AppData\\Local\\Temp\\forgecraft-setup-test-1774662251295"}
{"timestamp":"2026-03-28T01:44:11.309Z","level":"INFO","service":"forgecraft","module":"tools/setup-project","message":"setup_project","phase":2,"projectDir":"C:\\Users\\JC\\AppData\\Local\\Temp\\forgecraft-setup-test-1774662251305"}
{"timestamp":"2026-03-28T01:44:11.323Z","level":"INFO","service":"forgecraft","module":"tools/scaffold","message":"Scaffolding project","tags":["UNIVERSAL","DOCS"],"projectDir":"C:\\Users\\JC\\AppData\\Local\\Temp\\forgecraft-setup-test-1774662251305","dryRun":false,"force":false}
{"timestamp":"2026-03-28T01:44:11.379Z","level":"INFO","service":"forgecraft","module":"registry/loader","message":"Templates loaded","tagCount":24,"tags":["ANALYTICS","API","CLI","DATA-LINEAGE","DATA-PIPELINE","FINTECH","GAME","HEALTHCARE","HIPAA","INFRA","LIBRARY","MEDALLION-ARCHITECTURE","ML","MOBILE","OBSERVABILITY-XRAY","REALTIME","SOC2","SOCIAL","STATE-MACHINE","UNIVERSAL","WEB-REACT","WEB-STATIC","WEB3","ZERO-TRUST"]}
{"timestamp":"2026-03-28T01:44:11.379Z","level":"INFO","service":"forgecraft","module":"registry/composer","message":"Templates composed","tags":["UNIVERSAL"],"tier":"recommended","instructionBlocks":37,"structureEntries":20,"nfrBlocks":4,"hooks":13,"skills":8,"reviewBlocks":5,"referenceBlocks":8,"playbooks":0,"verificationStrategies":1}
{"timestamp":"2026-03-28T01:44:11.413Z","level":"INFO","service":"forgecraft","module":"registry/loader","message":"Templates loaded","tagCount":24,"tags":["ANALYTICS","API","CLI","DATA-LINEAGE","DATA-PIPELINE","FINTECH","GAME","HEALTHCARE","HIPAA","INFRA","LIBRARY","MEDALLION-ARCHITECTURE","ML","MOBILE","OBSERVABILITY-XRAY","REALTIME","SOC2","SOCIAL","STATE-MACHINE","UNIVERSAL","WEB-REACT","WEB-STATIC","WEB3","ZERO-TRUST"]}
{"timestamp":"2026-03-28T01:44:11.413Z","level":"WARN","service":"forgecraft","module":"registry/composer","message":"No templates found for tag","tag":"DOCS"}
{"timestamp":"2026-03-28T01:44:11.413Z","level":"INFO","service":"forgecraft","module":"registry/composer","message":"Templates composed","tags":["UNIVERSAL","DOCS"],"tier":"recommended","instructionBlocks":37,"structureEntries":20,"nfrBlocks":4,"hooks":13,"skills":8,"reviewBlocks":5,"referenceBlocks":8,"playbooks":0,"verificationStrategies":1}
{"timestamp":"2026-03-28T01:44:11.705Z","level":"INFO","service":"forgecraft","module":"analyzers/project-context","message":"Project context detected","projectDir":"C:\\Users\\JC\\AppData\\Local\\Temp\\forgecraft-scaffold-test-1774662251289","repoUrl":"not found","framework":"not detected","hasDomain":false,"sensitiveData":"NO"}
{"timestamp":"2026-03-28T01:44:11.737Z","level":"INFO","service":"forgecraft","module":"analyzers/project-context","message":"Project context detected","projectDir":"C:\\Users\\JC\\AppData\\Local\\Temp\\forgecraft-setup-test-1774662251305","repoUrl":"not found","framework":"not detected","hasDomain":false,"sensitiveData":"NO"}
 [32mΓ£ô[39m tests/tools/scaffold.test.ts[2m > [22mscaffoldProjectHandler[2m > [22mexceptions.json scaffolding[2m > [22mdoes NOT overwrite existing .forgecraft/exceptions.json[33m 1197[2mms[22m[39m
{"timestamp":"2026-03-28T01:44:12.532Z","level":"INFO","service":"forgecraft","module":"tools/scaffold","message":"Scaffolding project","tags":["UNIVERSAL"],"projectDir":"C:\\Users\\JC\\AppData\\Local\\Temp\\forgecraft-scaffold-test-1774662252528","dryRun":false,"force":false}
{"timestamp":"2026-03-28T01:44:12.573Z","level":"INFO","service":"forgecraft","module":"registry/loader","message":"Templates loaded","tagCount":24,"tags":["ANALYTICS","API","CLI","DATA-LINEAGE","DATA-PIPELINE","FINTECH","GAME","HEALTHCARE","HIPAA","INFRA","LIBRARY","MEDALLION-ARCHITECTURE","ML","MOBILE","OBSERVABILITY-XRAY","REALTIME","SOC2","SOCIAL","STATE-MACHINE","UNIVERSAL","WEB-REACT","WEB-STATIC","WEB3","ZERO-TRUST"]}
{"timestamp":"2026-03-28T01:44:12.573Z","level":"WARN","service":"forgecraft","module":"registry/composer","message":"No templates found for tag","tag":"DOCS"}
{"timestamp":"2026-03-28T01:44:12.573Z","level":"INFO","service":"forgecraft","module":"registry/composer","message":"Templates composed","tags":["UNIVERSAL","DOCS"],"tier":"recommended","instructionBlocks":37,"structureEntries":20,"nfrBlocks":4,"hooks":13,"skills":8,"reviewBlocks":5,"referenceBlocks":8,"playbooks":0,"verificationStrategies":1}
{"timestamp":"2026-03-28T01:44:12.623Z","level":"INFO","service":"forgecraft","module":"registry/loader","message":"Templates loaded","tagCount":24,"tags":["ANALYTICS","API","CLI","DATA-LINEAGE","DATA-PIPELINE","FINTECH","GAME","HEALTHCARE","HIPAA","INFRA","LIBRARY","MEDALLION-ARCHITECTURE","ML","MOBILE","OBSERVABILITY-XRAY","REALTIME","SOC2","SOCIAL","STATE-MACHINE","UNIVERSAL","WEB-REACT","WEB-STATIC","WEB3","ZERO-TRUST"]}
{"timestamp":"2026-03-28T01:44:12.623Z","level":"INFO","service":"forgecraft","module":"registry/composer","message":"Templates composed","tags":["UNIVERSAL"],"tier":"recommended","instructionBlocks":37,"structureEntries":20,"nfrBlocks":4,"hooks":13,"skills":8,"reviewBlocks":5,"referenceBlocks":8,"playbooks":0,"verificationStrategies":1}
{"timestamp":"2026-03-28T01:44:12.674Z","level":"INFO","service":"forgecraft","module":"registry/loader","message":"Templates loaded","tagCount":24,"tags":["ANALYTICS","API","CLI","DATA-LINEAGE","DATA-PIPELINE","FINTECH","GAME","HEALTHCARE","HIPAA","INFRA","LIBRARY","MEDALLION-ARCHITECTURE","ML","MOBILE","OBSERVABILITY-XRAY","REALTIME","SOC2","SOCIAL","STATE-MACHINE","UNIVERSAL","WEB-REACT","WEB-STATIC","WEB3","ZERO-TRUST"]}
{"timestamp":"2026-03-28T01:44:12.674Z","level":"INFO","service":"forgecraft","module":"registry/mcp-discovery","message":"Loaded local MCP server recommendations","count":5,"tags":["UNIVERSAL","DOCS"]}
 [32mΓ£ô[39m tests/tools/setup-project.test.ts[2m > [22msetupProjectHandler[2m > [22mambiguity detection[2m > [22mphase 1 ambiguity section appears BEFORE the three calibration questions[32m 10[2mms[22m[39m
 [32mΓ£ô[39m tests/tools/setup-project.test.ts[2m > [22msetupProjectHandler[2m > [22mambiguity detection[2m > [22mphase 1 with no ambiguities does NOT include Ambiguity Detected section[32m 10[2mms[22m[39m
{"timestamp":"2026-03-28T01:44:12.787Z","level":"INFO","service":"forgecraft","module":"tools/setup-project","message":"setup_project","phase":2,"projectDir":"C:\\Users\\JC\\AppData\\Local\\Temp\\forgecraft-setup-test-1774662252786"}
{"timestamp":"2026-03-28T01:44:12.795Z","level":"INFO","service":"forgecraft","module":"tools/scaffold","message":"Scaffolding project","tags":["UNIVERSAL","CLI"],"projectDir":"C:\\Users\\JC\\AppData\\Local\\Temp\\forgecraft-setup-test-1774662252786","dryRun":false,"force":false}
{"timestamp":"2026-03-28T01:44:12.919Z","level":"INFO","service":"forgecraft","module":"registry/loader","message":"Templates loaded","tagCount":24,"tags":["ANALYTICS","API","CLI","DATA-LINEAGE","DATA-PIPELINE","FINTECH","GAME","HEALTHCARE","HIPAA","INFRA","LIBRARY","MEDALLION-ARCHITECTURE","ML","MOBILE","OBSERVABILITY-XRAY","REALTIME","SOC2","SOCIAL","STATE-MACHINE","UNIVERSAL","WEB-REACT","WEB-STATIC","WEB3","ZERO-TRUST"]}
{"timestamp":"2026-03-28T01:44:12.920Z","level":"INFO","service":"forgecraft","module":"registry/composer","message":"Templates composed","tags":["UNIVERSAL","CLI"],"tier":"recommended","instructionBlocks":38,"structureEntries":23,"nfrBlocks":4,"hooks":13,"skills":8,"reviewBlocks":8,"referenceBlocks":8,"playbooks":0,"verificationStrategies":1}
{"timestamp":"2026-03-28T01:44:12.987Z","level":"INFO","service":"forgecraft","module":"analyzers/project-context","message":"Project context detected","projectDir":"C:\\Users\\JC\\AppData\\Local\\Temp\\forgecraft-scaffold-test-1774662252528","repoUrl":"not found","framework":"not detected","hasDomain":false,"sensitiveData":"NO"}
{"timestamp":"2026-03-28T01:44:13.286Z","level":"INFO","service":"forgecraft","module":"analyzers/project-context","message":"Project context detected","projectDir":"C:\\Users\\JC\\AppData\\Local\\Temp\\forgecraft-setup-test-1774662252786","repoUrl":"not found","framework":"not detected","hasDomain":false,"sensitiveData":"NO"}
 [32mΓ£ô[39m tests/tools/scaffold.test.ts[2m > [22mscaffoldProjectHandler[2m > [22mproject-gates.yaml scaffolding[2m > [22mcreates .forgecraft/project-gates.yaml when it does not exist[33m 1239[2mms[22m[39m
 [32mΓ£ô[39m tests/tools/scaffold.test.ts[2m > [22mscaffoldProjectHandler[2m > [22mproject-gates.yaml scaffolding[2m > [22mdoes NOT overwrite existing .forgecraft/project-gates.yaml[33m 1366[2mms[22m[39m
{"timestamp":"2026-03-28T01:44:14.237Z","level":"INFO","service":"forgecraft","module":"registry/loader","message":"Templates loaded","tagCount":24,"tags":["ANALYTICS","API","CLI","DATA-LINEAGE","DATA-PIPELINE","FINTECH","GAME","HEALTHCARE","HIPAA","INFRA","LIBRARY","MEDALLION-ARCHITECTURE","ML","MOBILE","OBSERVABILITY-XRAY","REALTIME","SOC2","SOCIAL","STATE-MACHINE","UNIVERSAL","WEB-REACT","WEB-STATIC","WEB3","ZERO-TRUST"]}
{"timestamp":"2026-03-28T01:44:14.238Z","level":"INFO","service":"forgecraft","module":"registry/composer","message":"Templates composed","tags":["UNIVERSAL","CLI"],"tier":"recommended","instructionBlocks":38,"structureEntries":23,"nfrBlocks":4,"hooks":13,"skills":8,"reviewBlocks":8,"referenceBlocks":8,"playbooks":0,"verificationStrategies":1}
{"timestamp":"2026-03-28T01:44:14.355Z","level":"INFO","service":"forgecraft","module":"registry/loader","message":"Templates loaded","tagCount":24,"tags":["ANALYTICS","API","CLI","DATA-LINEAGE","DATA-PIPELINE","FINTECH","GAME","HEALTHCARE","HIPAA","INFRA","LIBRARY","MEDALLION-ARCHITECTURE","ML","MOBILE","OBSERVABILITY-XRAY","REALTIME","SOC2","SOCIAL","STATE-MACHINE","UNIVERSAL","WEB-REACT","WEB-STATIC","WEB3","ZERO-TRUST"]}
{"timestamp":"2026-03-28T01:44:14.355Z","level":"INFO","service":"forgecraft","module":"registry/mcp-discovery","message":"Loaded local MCP server recommendations","count":6,"tags":["UNIVERSAL","CLI"]}
 [32mΓ£ô[39m tests/tools/setup-project.test.ts[2m > [22msetupProjectHandler[2m > [22mambiguity detection[2m > [22mphase 2 with project_type_override='docs' uses DOCS cascade defaults[33m 1481[2mms[22m[39m
{"timestamp":"2026-03-28T01:44:14.459Z","level":"INFO","service":"forgecraft","module":"tools/setup-project","message":"setup_project","phase":1,"projectDir":"C:\\Users\\JC\\AppData\\Local\\Temp\\forgecraft-setup-test-1774662254456"}
{"timestamp":"2026-03-28T01:44:14.470Z","level":"INFO","service":"forgecraft","module":"tools/setup-project","message":"setup_project","phase":2,"projectDir":"C:\\Users\\JC\\AppData\\Local\\Temp\\forgecraft-setup-test-1774662254468"}
{"timestamp":"2026-03-28T01:44:14.484Z","level":"INFO","service":"forgecraft","module":"tools/scaffold","message":"Scaffolding project","tags":["UNIVERSAL"],"projectDir":"C:\\Users\\JC\\AppData\\Local\\Temp\\forgecraft-setup-test-1774662254468","dryRun":false,"force":false}
{"timestamp":"2026-03-28T01:44:14.579Z","level":"INFO","service":"forgecraft","module":"registry/loader","message":"Templates loaded","tagCount":24,"tags":["ANALYTICS","API","CLI","DATA-LINEAGE","DATA-PIPELINE","FINTECH","GAME","HEALTHCARE","HIPAA","INFRA","LIBRARY","MEDALLION-ARCHITECTURE","ML","MOBILE","OBSERVABILITY-XRAY","REALTIME","SOC2","SOCIAL","STATE-MACHINE","UNIVERSAL","WEB-REACT","WEB-STATIC","WEB3","ZERO-TRUST"]}
{"timestamp":"2026-03-28T01:44:14.580Z","level":"INFO","service":"forgecraft","module":"registry/composer","message":"Templates composed","tags":["UNIVERSAL"],"tier":"recommended","instructionBlocks":37,"structureEntries":20,"nfrBlocks":4,"hooks":13,"skills":8,"reviewBlocks":5,"referenceBlocks":8,"playbooks":0,"verificationStrategies":1}
{"timestamp":"2026-03-28T01:44:14.848Z","level":"INFO","service":"forgecraft","module":"analyzers/project-context","message":"Project context detected","projectDir":"C:\\Users\\JC\\AppData\\Local\\Temp\\forgecraft-setup-test-1774662254468","repoUrl":"not found","framework":"not detected","hasDomain":false,"sensitiveData":"NO"}
{"timestamp":"2026-03-28T01:44:16.079Z","level":"INFO","service":"forgecraft","module":"registry/loader","message":"Templates loaded","tagCount":24,"tags":["ANALYTICS","API","CLI","DATA-LINEAGE","DATA-PIPELINE","FINTECH","GAME","HEALTHCARE","HIPAA","INFRA","LIBRARY","MEDALLION-ARCHITECTURE","ML","MOBILE","OBSERVABILITY-XRAY","REALTIME","SOC2","SOCIAL","STATE-MACHINE","UNIVERSAL","WEB-REACT","WEB-STATIC","WEB3","ZERO-TRUST"]}
{"timestamp":"2026-03-28T01:44:16.096Z","level":"INFO","service":"forgecraft","module":"registry/composer","message":"Templates composed","tags":["UNIVERSAL"],"tier":"recommended","instructionBlocks":37,"structureEntries":20,"nfrBlocks":4,"hooks":13,"skills":8,"reviewBlocks":5,"referenceBlocks":8,"playbooks":0,"verificationStrategies":1}
{"timestamp":"2026-03-28T01:44:16.385Z","level":"INFO","service":"forgecraft","module":"registry/loader","message":"Templates loaded","tagCount":24,"tags":["ANALYTICS","API","CLI","DATA-LINEAGE","DATA-PIPELINE","FINTECH","GAME","HEALTHCARE","HIPAA","INFRA","LIBRARY","MEDALLION-ARCHITECTURE","ML","MOBILE","OBSERVABILITY-XRAY","REALTIME","SOC2","SOCIAL","STATE-MACHINE","UNIVERSAL","WEB-REACT","WEB-STATIC","WEB3","ZERO-TRUST"]}
{"timestamp":"2026-03-28T01:44:16.385Z","level":"INFO","service":"forgecraft","module":"registry/mcp-discovery","message":"Loaded local MCP server recommendations","count":5,"tags":["UNIVERSAL"]}
 [32mΓ£ô[39m tests/tools/setup-project.test.ts[2m > [22msetupProjectHandler[2m > [22mambiguity detection[2m > [22mphase 2 with project_type_override='cli' applies CLI tag decisions[33m 1670[2mms[22m[39m
 [32mΓ£ô[39m tests/tools/setup-project.test.ts[2m > [22msetupProjectHandler[2m > [22mambiguity detection[2m > [22muses richest spec file when standard spec search fails[32m 12[2mms[22m[39m
{"timestamp":"2026-03-28T01:44:16.493Z","level":"INFO","service":"forgecraft","module":"tools/setup-project","message":"setup_project","phase":2,"projectDir":"C:\\Users\\JC\\AppData\\Local\\Temp\\forgecraft-setup-test-1774662256492"}
{"timestamp":"2026-03-28T01:44:16.517Z","level":"INFO","service":"forgecraft","module":"tools/scaffold","message":"Scaffolding project","tags":["UNIVERSAL","FINTECH"],"projectDir":"C:\\Users\\JC\\AppData\\Local\\Temp\\forgecraft-setup-test-1774662256492","dryRun":false,"force":false}
{"timestamp":"2026-03-28T01:44:17.394Z","level":"INFO","service":"forgecraft","module":"registry/loader","message":"Templates loaded","tagCount":24,"tags":["ANALYTICS","API","CLI","DATA-LINEAGE","DATA-PIPELINE","FINTECH","GAME","HEALTHCARE","HIPAA","INFRA","LIBRARY","MEDALLION-ARCHITECTURE","ML","MOBILE","OBSERVABILITY-XRAY","REALTIME","SOC2","SOCIAL","STATE-MACHINE","UNIVERSAL","WEB-REACT","WEB-STATIC","WEB3","ZERO-TRUST"]}
{"timestamp":"2026-03-28T01:44:17.394Z","level":"INFO","service":"forgecraft","module":"registry/composer","message":"Templates composed","tags":["UNIVERSAL","FINTECH"],"tier":"recommended","instructionBlocks":41,"structureEntries":20,"nfrBlocks":6,"hooks":14,"skills":9,"reviewBlocks":5,"referenceBlocks":8,"playbooks":1,"verificationStrategies":2}
{"timestamp":"2026-03-28T01:44:17.756Z","level":"INFO","service":"forgecraft","module":"analyzers/project-context","message":"Project context detected","projectDir":"C:\\Users\\JC\\AppData\\Local\\Temp\\forgecraft-setup-test-1774662256492","repoUrl":"not found","framework":"not detected","hasDomain":false,"sensitiveData":"YES"}
{"timestamp":"2026-03-28T01:44:18.702Z","level":"INFO","service":"forgecraft","module":"registry/loader","message":"Templates loaded","tagCount":24,"tags":["ANALYTICS","API","CLI","DATA-LINEAGE","DATA-PIPELINE","FINTECH","GAME","HEALTHCARE","HIPAA","INFRA","LIBRARY","MEDALLION-ARCHITECTURE","ML","MOBILE","OBSERVABILITY-XRAY","REALTIME","SOC2","SOCIAL","STATE-MACHINE","UNIVERSAL","WEB-REACT","WEB-STATIC","WEB3","ZERO-TRUST"]}
{"timestamp":"2026-03-28T01:44:18.702Z","level":"INFO","service":"forgecraft","module":"registry/composer","message":"Templates composed","tags":["UNIVERSAL","FINTECH"],"tier":"recommended","instructionBlocks":41,"structureEntries":20,"nfrBlocks":6,"hooks":14,"skills":9,"reviewBlocks":5,"referenceBlocks":8,"playbooks":1,"verificationStrategies":2}
{"timestamp":"2026-03-28T01:44:18.834Z","level":"INFO","service":"forgecraft","module":"registry/loader","message":"Templates loaded","tagCount":24,"tags":["ANALYTICS","API","CLI","DATA-LINEAGE","DATA-PIPELINE","FINTECH","GAME","HEALTHCARE","HIPAA","INFRA","LIBRARY","MEDALLION-ARCHITECTURE","ML","MOBILE","OBSERVABILITY-XRAY","REALTIME","SOC2","SOCIAL","STATE-MACHINE","UNIVERSAL","WEB-REACT","WEB-STATIC","WEB3","ZERO-TRUST"]}
{"timestamp":"2026-03-28T01:44:18.834Z","level":"INFO","service":"forgecraft","module":"registry/mcp-discovery","message":"Loaded local MCP server recommendations","count":6,"tags":["UNIVERSAL","FINTECH"]}
 [32mΓ£ô[39m tests/tools/setup-project.test.ts[2m > [22msetupProjectHandler[2m > [22mambiguity detection[2m > [22msets sensitiveData in forgecraft.yaml when spec mentions health keywords[33m 2024[2mms[22m[39m
{"timestamp":"2026-03-28T01:44:19.012Z","level":"INFO","service":"forgecraft","module":"tools/setup-project","message":"setup_project","phase":2,"projectDir":"C:\\Users\\JC\\AppData\\Local\\Temp\\forgecraft-setup-test-1774662259011"}
{"timestamp":"2026-03-28T01:44:19.023Z","level":"INFO","service":"forgecraft","module":"tools/scaffold","message":"Scaffolding project","tags":["UNIVERSAL"],"projectDir":"C:\\Users\\JC\\AppData\\Local\\Temp\\forgecraft-setup-test-1774662259011","dryRun":false,"force":false}
{"timestamp":"2026-03-28T01:44:19.127Z","level":"INFO","service":"forgecraft","module":"registry/loader","message":"Templates loaded","tagCount":24,"tags":["ANALYTICS","API","CLI","DATA-LINEAGE","DATA-PIPELINE","FINTECH","GAME","HEALTHCARE","HIPAA","INFRA","LIBRARY","MEDALLION-ARCHITECTURE","ML","MOBILE","OBSERVABILITY-XRAY","REALTIME","SOC2","SOCIAL","STATE-MACHINE","UNIVERSAL","WEB-REACT","WEB-STATIC","WEB3","ZERO-TRUST"]}
{"timestamp":"2026-03-28T01:44:19.127Z","level":"INFO","service":"forgecraft","module":"registry/composer","message":"Templates composed","tags":["UNIVERSAL"],"tier":"recommended","instructionBlocks":37,"structureEntries":20,"nfrBlocks":4,"hooks":13,"skills":8,"reviewBlocks":5,"referenceBlocks":8,"playbooks":0,"verificationStrategies":1}
{"timestamp":"2026-03-28T01:44:19.485Z","level":"INFO","service":"forgecraft","module":"analyzers/project-context","message":"Project context detected","projectDir":"C:\\Users\\JC\\AppData\\Local\\Temp\\forgecraft-setup-test-1774662259011","repoUrl":"not found","framework":"not detected","hasDomain":false,"sensitiveData":"NO"}
{"timestamp":"2026-03-28T01:44:20.722Z","level":"INFO","service":"forgecraft","module":"registry/loader","message":"Templates loaded","tagCount":24,"tags":["ANALYTICS","API","CLI","DATA-LINEAGE","DATA-PIPELINE","FINTECH","GAME","HEALTHCARE","HIPAA","INFRA","LIBRARY","MEDALLION-ARCHITECTURE","ML","MOBILE","OBSERVABILITY-XRAY","REALTIME","SOC2","SOCIAL","STATE-MACHINE","UNIVERSAL","WEB-REACT","WEB-STATIC","WEB3","ZERO-TRUST"]}
{"timestamp":"2026-03-28T01:44:20.723Z","level":"INFO","service":"forgecraft","module":"registry/composer","message":"Templates composed","tags":["UNIVERSAL"],"tier":"recommended","instructionBlocks":37,"structureEntries":20,"nfrBlocks":4,"hooks":13,"skills":8,"reviewBlocks":5,"referenceBlocks":8,"playbooks":0,"verificationStrategies":1}
{"timestamp":"2026-03-28T01:44:20.907Z","level":"INFO","service":"forgecraft","module":"registry/loader","message":"Templates loaded","tagCount":24,"tags":["ANALYTICS","API","CLI","DATA-LINEAGE","DATA-PIPELINE","FINTECH","GAME","HEALTHCARE","HIPAA","INFRA","LIBRARY","MEDALLION-ARCHITECTURE","ML","MOBILE","OBSERVABILITY-XRAY","REALTIME","SOC2","SOCIAL","STATE-MACHINE","UNIVERSAL","WEB-REACT","WEB-STATIC","WEB3","ZERO-TRUST"]}
{"timestamp":"2026-03-28T01:44:20.907Z","level":"INFO","service":"forgecraft","module":"registry/mcp-discovery","message":"Loaded local MCP server recommendations","count":5,"tags":["UNIVERSAL"]}
 [32mΓ£ô[39m tests/tools/setup-project.test.ts[2m > [22msetupProjectHandler[2m > [22mambiguity detection[2m > [22mincludes sensitive data warning in phase 2 response when detected[33m 2519[2mms[22m[39m
{"timestamp":"2026-03-28T01:44:21.036Z","level":"INFO","service":"forgecraft","module":"tools/setup-project","message":"setup_project","phase":2,"projectDir":"C:\\Users\\JC\\AppData\\Local\\Temp\\forgecraft-setup-test-1774662261032"}
{"timestamp":"2026-03-28T01:44:21.071Z","level":"INFO","service":"forgecraft","module":"tools/scaffold","message":"Scaffolding project","tags":["UNIVERSAL","DATA-PIPELINE"],"projectDir":"C:\\Users\\JC\\AppData\\Local\\Temp\\forgecraft-setup-test-1774662261032","dryRun":false,"force":false}
{"timestamp":"2026-03-28T01:44:21.359Z","level":"INFO","service":"forgecraft","module":"registry/loader","message":"Templates loaded","tagCount":24,"tags":["ANALYTICS","API","CLI","DATA-LINEAGE","DATA-PIPELINE","FINTECH","GAME","HEALTHCARE","HIPAA","INFRA","LIBRARY","MEDALLION-ARCHITECTURE","ML","MOBILE","OBSERVABILITY-XRAY","REALTIME","SOC2","SOCIAL","STATE-MACHINE","UNIVERSAL","WEB-REACT","WEB-STATIC","WEB3","ZERO-TRUST"]}
{"timestamp":"2026-03-28T01:44:21.359Z","level":"INFO","service":"forgecraft","module":"registry/composer","message":"Templates composed","tags":["UNIVERSAL","DATA-PIPELINE"],"tier":"recommended","instructionBlocks":41,"structureEntries":30,"nfrBlocks":6,"hooks":13,"skills":10,"reviewBlocks":5,"referenceBlocks":8,"playbooks":0,"verificationStrategies":1}
{"timestamp":"2026-03-28T01:44:22.025Z","level":"INFO","service":"forgecraft","module":"analyzers/project-context","message":"Project context detected","projectDir":"C:\\Users\\JC\\AppData\\Local\\Temp\\forgecraft-setup-test-1774662261032","repoUrl":"not found","framework":"not detected","hasDomain":false,"sensitiveData":"NO"}
{"timestamp":"2026-03-28T01:44:22.989Z","level":"INFO","service":"forgecraft","module":"registry/loader","message":"Templates loaded","tagCount":24,"tags":["ANALYTICS","API","CLI","DATA-LINEAGE","DATA-PIPELINE","FINTECH","GAME","HEALTHCARE","HIPAA","INFRA","LIBRARY","MEDALLION-ARCHITECTURE","ML","MOBILE","OBSERVABILITY-XRAY","REALTIME","SOC2","SOCIAL","STATE-MACHINE","UNIVERSAL","WEB-REACT","WEB-STATIC","WEB3","ZERO-TRUST"]}
{"timestamp":"2026-03-28T01:44:22.989Z","level":"INFO","service":"forgecraft","module":"registry/composer","message":"Templates composed","tags":["UNIVERSAL","DATA-PIPELINE"],"tier":"recommended","instructionBlocks":41,"structureEntries":30,"nfrBlocks":6,"hooks":13,"skills":10,"reviewBlocks":5,"referenceBlocks":8,"playbooks":0,"verificationStrategies":1}
{"timestamp":"2026-03-28T01:44:23.108Z","level":"INFO","service":"forgecraft","module":"registry/loader","message":"Templates loaded","tagCount":24,"tags":["ANALYTICS","API","CLI","DATA-LINEAGE","DATA-PIPELINE","FINTECH","GAME","HEALTHCARE","HIPAA","INFRA","LIBRARY","MEDALLION-ARCHITECTURE","ML","MOBILE","OBSERVABILITY-XRAY","REALTIME","SOC2","SOCIAL","STATE-MACHINE","UNIVERSAL","WEB-REACT","WEB-STATIC","WEB3","ZERO-TRUST"]}
{"timestamp":"2026-03-28T01:44:23.108Z","level":"INFO","service":"forgecraft","module":"registry/mcp-discovery","message":"Loaded local MCP server recommendations","count":6,"tags":["UNIVERSAL","DATA-PIPELINE"]}
 [32mΓ£ô[39m tests/tools/setup-project.test.ts[2m > [22msetupProjectHandler[2m > [22mambiguity detection[2m > [22mdoes NOT set sensitiveData for non-sensitive project[33m 2021[2mms[22m[39m
{"timestamp":"2026-03-28T01:44:23.232Z","level":"INFO","service":"forgecraft","module":"tools/setup-project","message":"setup_project","phase":2,"projectDir":"C:\\Users\\JC\\AppData\\Local\\Temp\\forgecraft-setup-test-1774662263230"}
{"timestamp":"2026-03-28T01:44:23.239Z","level":"INFO","service":"forgecraft","module":"tools/scaffold","message":"Scaffolding project","tags":["UNIVERSAL","CLI"],"projectDir":"C:\\Users\\JC\\AppData\\Local\\Temp\\forgecraft-setup-test-1774662263230","dryRun":false,"force":false}
{"timestamp":"2026-03-28T01:44:23.365Z","level":"INFO","service":"forgecraft","module":"registry/loader","message":"Templates loaded","tagCount":24,"tags":["ANALYTICS","API","CLI","DATA-LINEAGE","DATA-PIPELINE","FINTECH","GAME","HEALTHCARE","HIPAA","INFRA","LIBRARY","MEDALLION-ARCHITECTURE","ML","MOBILE","OBSERVABILITY-XRAY","REALTIME","SOC2","SOCIAL","STATE-MACHINE","UNIVERSAL","WEB-REACT","WEB-STATIC","WEB3","ZERO-TRUST"]}
{"timestamp":"2026-03-28T01:44:23.366Z","level":"INFO","service":"forgecraft","module":"registry/composer","message":"Templates composed","tags":["UNIVERSAL","CLI"],"tier":"recommended","instructionBlocks":38,"structureEntries":23,"nfrBlocks":4,"hooks":13,"skills":8,"reviewBlocks":8,"referenceBlocks":8,"playbooks":0,"verificationStrategies":1}
{"timestamp":"2026-03-28T01:44:23.691Z","level":"INFO","service":"forgecraft","module":"analyzers/project-context","message":"Project context detected","projectDir":"C:\\Users\\JC\\AppData\\Local\\Temp\\forgecraft-setup-test-1774662263230","repoUrl":"not found","framework":"not detected","hasDomain":false,"sensitiveData":"NO"}
{"timestamp":"2026-03-28T01:44:24.454Z","level":"INFO","service":"forgecraft","module":"registry/loader","message":"Templates loaded","tagCount":24,"tags":["ANALYTICS","API","CLI","DATA-LINEAGE","DATA-PIPELINE","FINTECH","GAME","HEALTHCARE","HIPAA","INFRA","LIBRARY","MEDALLION-ARCHITECTURE","ML","MOBILE","OBSERVABILITY-XRAY","REALTIME","SOC2","SOCIAL","STATE-MACHINE","UNIVERSAL","WEB-REACT","WEB-STATIC","WEB3","ZERO-TRUST"]}
{"timestamp":"2026-03-28T01:44:24.455Z","level":"INFO","service":"forgecraft","module":"registry/composer","message":"Templates composed","tags":["UNIVERSAL","CLI"],"tier":"recommended","instructionBlocks":38,"structureEntries":23,"nfrBlocks":4,"hooks":13,"skills":8,"reviewBlocks":8,"referenceBlocks":8,"playbooks":0,"verificationStrategies":1}
{"timestamp":"2026-03-28T01:44:24.548Z","level":"INFO","service":"forgecraft","module":"registry/loader","message":"Templates loaded","tagCount":24,"tags":["ANALYTICS","API","CLI","DATA-LINEAGE","DATA-PIPELINE","FINTECH","GAME","HEALTHCARE","HIPAA","INFRA","LIBRARY","MEDALLION-ARCHITECTURE","ML","MOBILE","OBSERVABILITY-XRAY","REALTIME","SOC2","SOCIAL","STATE-MACHINE","UNIVERSAL","WEB-REACT","WEB-STATIC","WEB3","ZERO-TRUST"]}
{"timestamp":"2026-03-28T01:44:24.549Z","level":"INFO","service":"forgecraft","module":"registry/mcp-discovery","message":"Loaded local MCP server recommendations","count":6,"tags":["UNIVERSAL","CLI"]}
 [32mΓ£ô[39m tests/tools/setup-project.test.ts[2m > [22msetupProjectHandler[2m > [22mambiguity detection[2m > [22mphase 2 with tags param overrides directory-inferred tags in forgecraft.yaml[33m 2198[2mms[22m[39m
{"timestamp":"2026-03-28T01:44:24.634Z","level":"INFO","service":"forgecraft","module":"tools/setup-project","message":"setup_project","phase":2,"projectDir":"C:\\Users\\JC\\AppData\\Local\\Temp\\forgecraft-setup-test-1774662264628"}
{"timestamp":"2026-03-28T01:44:24.645Z","level":"INFO","service":"forgecraft","module":"tools/scaffold","message":"Scaffolding project","tags":["UNIVERSAL","API"],"projectDir":"C:\\Users\\JC\\AppData\\Local\\Temp\\forgecraft-setup-test-1774662264628","dryRun":false,"force":false}
{"timestamp":"2026-03-28T01:44:24.741Z","level":"INFO","service":"forgecraft","module":"registry/loader","message":"Templates loaded","tagCount":24,"tags":["ANALYTICS","API","CLI","DATA-LINEAGE","DATA-PIPELINE","FINTECH","GAME","HEALTHCARE","HIPAA","INFRA","LIBRARY","MEDALLION-ARCHITECTURE","ML","MOBILE","OBSERVABILITY-XRAY","REALTIME","SOC2","SOCIAL","STATE-MACHINE","UNIVERSAL","WEB-REACT","WEB-STATIC","WEB3","ZERO-TRUST"]}
{"timestamp":"2026-03-28T01:44:24.741Z","level":"INFO","service":"forgecraft","module":"registry/composer","message":"Templates composed","tags":["UNIVERSAL","API"],"tier":"recommended","instructionBlocks":42,"structureEntries":28,"nfrBlocks":5,"hooks":13,"skills":10,"reviewBlocks":9,"referenceBlocks":8,"playbooks":0,"verificationStrategies":2}
{"timestamp":"2026-03-28T01:44:24.998Z","level":"INFO","service":"forgecraft","module":"analyzers/project-context","message":"Project context detected","projectDir":"C:\\Users\\JC\\AppData\\Local\\Temp\\forgecraft-setup-test-1774662264628","repoUrl":"not found","framework":"Express","hasDomain":false,"sensitiveData":"NO"}
{"timestamp":"2026-03-28T01:44:25.676Z","level":"INFO","service":"forgecraft","module":"registry/loader","message":"Templates loaded","tagCount":24,"tags":["ANALYTICS","API","CLI","DATA-LINEAGE","DATA-PIPELINE","FINTECH","GAME","HEALTHCARE","HIPAA","INFRA","LIBRARY","MEDALLION-ARCHITECTURE","ML","MOBILE","OBSERVABILITY-XRAY","REALTIME","SOC2","SOCIAL","STATE-MACHINE","UNIVERSAL","WEB-REACT","WEB-STATIC","WEB3","ZERO-TRUST"]}
{"timestamp":"2026-03-28T01:44:25.676Z","level":"INFO","service":"forgecraft","module":"registry/composer","message":"Templates composed","tags":["UNIVERSAL","API"],"tier":"recommended","instructionBlocks":42,"structureEntries":28,"nfrBlocks":5,"hooks":13,"skills":10,"reviewBlocks":9,"referenceBlocks":8,"playbooks":0,"verificationStrategies":2}
{"timestamp":"2026-03-28T01:44:25.781Z","level":"INFO","service":"forgecraft","module":"registry/loader","message":"Templates loaded","tagCount":24,"tags":["ANALYTICS","API","CLI","DATA-LINEAGE","DATA-PIPELINE","FINTECH","GAME","HEALTHCARE","HIPAA","INFRA","LIBRARY","MEDALLION-ARCHITECTURE","ML","MOBILE","OBSERVABILITY-XRAY","REALTIME","SOC2","SOCIAL","STATE-MACHINE","UNIVERSAL","WEB-REACT","WEB-STATIC","WEB3","ZERO-TRUST"]}
{"timestamp":"2026-03-28T01:44:25.781Z","level":"INFO","service":"forgecraft","module":"registry/mcp-discovery","message":"Loaded local MCP server recommendations","count":6,"tags":["UNIVERSAL","API"]}
 [32mΓ£ô[39m tests/tools/setup-project.test.ts[2m > [22msetupProjectHandler[2m > [22mambiguity detection[2m > [22mphase 2 tags param always includes UNIVERSAL even if not passed[33m 1398[2mms[22m[39m
{"timestamp":"2026-03-28T01:44:25.901Z","level":"INFO","service":"forgecraft","module":"tools/setup-project","message":"setup_project","phase":2,"projectDir":"C:\\Users\\JC\\AppData\\Local\\Temp\\forgecraft-setup-test-1774662265900"}
{"timestamp":"2026-03-28T01:44:25.908Z","level":"INFO","service":"forgecraft","module":"tools/scaffold","message":"Scaffolding project","tags":["UNIVERSAL"],"projectDir":"C:\\Users\\JC\\AppData\\Local\\Temp\\forgecraft-setup-test-1774662265900","dryRun":false,"force":false}
{"timestamp":"2026-03-28T01:44:26.029Z","level":"INFO","service":"forgecraft","module":"registry/loader","message":"Templates loaded","tagCount":24,"tags":["ANALYTICS","API","CLI","DATA-LINEAGE","DATA-PIPELINE","FINTECH","GAME","HEALTHCARE","HIPAA","INFRA","LIBRARY","MEDALLION-ARCHITECTURE","ML","MOBILE","OBSERVABILITY-XRAY","REALTIME","SOC2","SOCIAL","STATE-MACHINE","UNIVERSAL","WEB-REACT","WEB-STATIC","WEB3","ZERO-TRUST"]}
{"timestamp":"2026-03-28T01:44:26.029Z","level":"INFO","service":"forgecraft","module":"registry/composer","message":"Templates composed","tags":["UNIVERSAL"],"tier":"recommended","instructionBlocks":37,"structureEntries":20,"nfrBlocks":4,"hooks":13,"skills":8,"reviewBlocks":5,"referenceBlocks":8,"playbooks":0,"verificationStrategies":1}
{"timestamp":"2026-03-28T01:44:26.331Z","level":"INFO","service":"forgecraft","module":"analyzers/project-context","message":"Project context detected","projectDir":"C:\\Users\\JC\\AppData\\Local\\Temp\\forgecraft-setup-test-1774662265900","repoUrl":"not found","framework":"not detected","hasDomain":false,"sensitiveData":"NO"}
{"timestamp":"2026-03-28T01:44:27.160Z","level":"INFO","service":"forgecraft","module":"registry/loader","message":"Templates loaded","tagCount":24,"tags":["ANALYTICS","API","CLI","DATA-LINEAGE","DATA-PIPELINE","FINTECH","GAME","HEALTHCARE","HIPAA","INFRA","LIBRARY","MEDALLION-ARCHITECTURE","ML","MOBILE","OBSERVABILITY-XRAY","REALTIME","SOC2","SOCIAL","STATE-MACHINE","UNIVERSAL","WEB-REACT","WEB-STATIC","WEB3","ZERO-TRUST"]}
{"timestamp":"2026-03-28T01:44:27.160Z","level":"INFO","service":"forgecraft","module":"registry/composer","message":"Templates composed","tags":["UNIVERSAL"],"tier":"recommended","instructionBlocks":37,"structureEntries":20,"nfrBlocks":4,"hooks":13,"skills":8,"reviewBlocks":5,"referenceBlocks":8,"playbooks":0,"verificationStrategies":1}
{"timestamp":"2026-03-28T01:44:27.251Z","level":"INFO","service":"forgecraft","module":"registry/loader","message":"Templates loaded","tagCount":24,"tags":["ANALYTICS","API","CLI","DATA-LINEAGE","DATA-PIPELINE","FINTECH","GAME","HEALTHCARE","HIPAA","INFRA","LIBRARY","MEDALLION-ARCHITECTURE","ML","MOBILE","OBSERVABILITY-XRAY","REALTIME","SOC2","SOCIAL","STATE-MACHINE","UNIVERSAL","WEB-REACT","WEB-STATIC","WEB3","ZERO-TRUST"]}
{"timestamp":"2026-03-28T01:44:27.251Z","level":"INFO","service":"forgecraft","module":"registry/mcp-discovery","message":"Loaded local MCP server recommendations","count":5,"tags":["UNIVERSAL"]}
 [32mΓ£ô[39m tests/tools/setup-project.test.ts[2m > [22msetupProjectHandler[2m > [22mambiguity detection[2m > [22mphase 2 without tags param uses directory-inferred tags[33m 1272[2mms[22m[39m
{"timestamp":"2026-03-28T01:44:27.340Z","level":"INFO","service":"forgecraft","module":"tools/setup-project","message":"setup_project","phase":2,"projectDir":"C:\\Users\\JC\\AppData\\Local\\Temp\\forgecraft-setup-test-1774662267339"}
{"timestamp":"2026-03-28T01:44:27.350Z","level":"INFO","service":"forgecraft","module":"tools/scaffold","message":"Scaffolding project","tags":["UNIVERSAL"],"projectDir":"C:\\Users\\JC\\AppData\\Local\\Temp\\forgecraft-setup-test-1774662267339","dryRun":false,"force":false}
{"timestamp":"2026-03-28T01:44:27.441Z","level":"INFO","service":"forgecraft","module":"registry/loader","message":"Templates loaded","tagCount":24,"tags":["ANALYTICS","API","CLI","DATA-LINEAGE","DATA-PIPELINE","FINTECH","GAME","HEALTHCARE","HIPAA","INFRA","LIBRARY","MEDALLION-ARCHITECTURE","ML","MOBILE","OBSERVABILITY-XRAY","REALTIME","SOC2","SOCIAL","STATE-MACHINE","UNIVERSAL","WEB-REACT","WEB-STATIC","WEB3","ZERO-TRUST"]}
{"timestamp":"2026-03-28T01:44:27.441Z","level":"INFO","service":"forgecraft","module":"registry/composer","message":"Templates composed","tags":["UNIVERSAL"],"tier":"recommended","instructionBlocks":37,"structureEntries":20,"nfrBlocks":4,"hooks":13,"skills":8,"reviewBlocks":5,"referenceBlocks":8,"playbooks":0,"verificationStrategies":1}
{"timestamp":"2026-03-28T01:44:27.732Z","level":"INFO","service":"forgecraft","module":"analyzers/project-context","message":"Project context detected","projectDir":"C:\\Users\\JC\\AppData\\Local\\Temp\\forgecraft-setup-test-1774662267339","repoUrl":"not found","framework":"not detected","hasDomain":false,"sensitiveData":"NO"}
{"timestamp":"2026-03-28T01:44:28.737Z","level":"INFO","service":"forgecraft","module":"registry/loader","message":"Templates loaded","tagCount":24,"tags":["ANALYTICS","API","CLI","DATA-LINEAGE","DATA-PIPELINE","FINTECH","GAME","HEALTHCARE","HIPAA","INFRA","LIBRARY","MEDALLION-ARCHITECTURE","ML","MOBILE","OBSERVABILITY-XRAY","REALTIME","SOC2","SOCIAL","STATE-MACHINE","UNIVERSAL","WEB-REACT","WEB-STATIC","WEB3","ZERO-TRUST"]}
{"timestamp":"2026-03-28T01:44:28.737Z","level":"INFO","service":"forgecraft","module":"registry/composer","message":"Templates composed","tags":["UNIVERSAL"],"tier":"recommended","instructionBlocks":37,"structureEntries":20,"nfrBlocks":4,"hooks":13,"skills":8,"reviewBlocks":5,"referenceBlocks":8,"playbooks":0,"verificationStrategies":1}
{"timestamp":"2026-03-28T01:44:28.860Z","level":"INFO","service":"forgecraft","module":"registry/loader","message":"Templates loaded","tagCount":24,"tags":["ANALYTICS","API","CLI","DATA-LINEAGE","DATA-PIPELINE","FINTECH","GAME","HEALTHCARE","HIPAA","INFRA","LIBRARY","MEDALLION-ARCHITECTURE","ML","MOBILE","OBSERVABILITY-XRAY","REALTIME","SOC2","SOCIAL","STATE-MACHINE","UNIVERSAL","WEB-REACT","WEB-STATIC","WEB3","ZERO-TRUST"]}
{"timestamp":"2026-03-28T01:44:28.861Z","level":"INFO","service":"forgecraft","module":"registry/mcp-discovery","message":"Loaded local MCP server recommendations","count":5,"tags":["UNIVERSAL"]}
 [32mΓ£ô[39m tests/tools/setup-project.test.ts[2m > [22msetupProjectHandler[2m > [22mCNT generation[2m > [22msetup_project generates .claude/index.md with navigation protocol[33m 1439[2mms[22m[39m
{"timestamp":"2026-03-28T01:44:28.954Z","level":"INFO","service":"forgecraft","module":"tools/setup-project","message":"setup_project","phase":2,"projectDir":"C:\\Users\\JC\\AppData\\Local\\Temp\\forgecraft-setup-test-1774662268954"}
{"timestamp":"2026-03-28T01:44:28.961Z","level":"INFO","service":"forgecraft","module":"tools/scaffold","message":"Scaffolding project","tags":["UNIVERSAL"],"projectDir":"C:\\Users\\JC\\AppData\\Local\\Temp\\forgecraft-setup-test-1774662268954","dryRun":false,"force":false}
{"timestamp":"2026-03-28T01:44:29.074Z","level":"INFO","service":"forgecraft","module":"registry/loader","message":"Templates loaded","tagCount":24,"tags":["ANALYTICS","API","CLI","DATA-LINEAGE","DATA-PIPELINE","FINTECH","GAME","HEALTHCARE","HIPAA","INFRA","LIBRARY","MEDALLION-ARCHITECTURE","ML","MOBILE","OBSERVABILITY-XRAY","REALTIME","SOC2","SOCIAL","STATE-MACHINE","UNIVERSAL","WEB-REACT","WEB-STATIC","WEB3","ZERO-TRUST"]}
{"timestamp":"2026-03-28T01:44:29.074Z","level":"INFO","service":"forgecraft","module":"registry/composer","message":"Templates composed","tags":["UNIVERSAL"],"tier":"recommended","instructionBlocks":37,"structureEntries":20,"nfrBlocks":4,"hooks":13,"skills":8,"reviewBlocks":5,"referenceBlocks":8,"playbooks":0,"verificationStrategies":1}
{"timestamp":"2026-03-28T01:44:29.381Z","level":"INFO","service":"forgecraft","module":"analyzers/project-context","message":"Project context detected","projectDir":"C:\\Users\\JC\\AppData\\Local\\Temp\\forgecraft-setup-test-1774662268954","repoUrl":"not found","framework":"not detected","hasDomain":false,"sensitiveData":"NO"}
{"timestamp":"2026-03-28T01:44:30.269Z","level":"INFO","service":"forgecraft","module":"registry/loader","message":"Templates loaded","tagCount":24,"tags":["ANALYTICS","API","CLI","DATA-LINEAGE","DATA-PIPELINE","FINTECH","GAME","HEALTHCARE","HIPAA","INFRA","LIBRARY","MEDALLION-ARCHITECTURE","ML","MOBILE","OBSERVABILITY-XRAY","REALTIME","SOC2","SOCIAL","STATE-MACHINE","UNIVERSAL","WEB-REACT","WEB-STATIC","WEB3","ZERO-TRUST"]}
{"timestamp":"2026-03-28T01:44:30.269Z","level":"INFO","service":"forgecraft","module":"registry/composer","message":"Templates composed","tags":["UNIVERSAL"],"tier":"recommended","instructionBlocks":37,"structureEntries":20,"nfrBlocks":4,"hooks":13,"skills":8,"reviewBlocks":5,"referenceBlocks":8,"playbooks":0,"verificationStrategies":1}
{"timestamp":"2026-03-28T01:44:30.386Z","level":"INFO","service":"forgecraft","module":"registry/loader","message":"Templates loaded","tagCount":24,"tags":["ANALYTICS","API","CLI","DATA-LINEAGE","DATA-PIPELINE","FINTECH","GAME","HEALTHCARE","HIPAA","INFRA","LIBRARY","MEDALLION-ARCHITECTURE","ML","MOBILE","OBSERVABILITY-XRAY","REALTIME","SOC2","SOCIAL","STATE-MACHINE","UNIVERSAL","WEB-REACT","WEB-STATIC","WEB3","ZERO-TRUST"]}
{"timestamp":"2026-03-28T01:44:30.387Z","level":"INFO","service":"forgecraft","module":"registry/mcp-discovery","message":"Loaded local MCP server recommendations","count":5,"tags":["UNIVERSAL"]}
 [32mΓ£ô[39m tests/tools/setup-project.test.ts[2m > [22msetupProjectHandler[2m > [22mCNT generation[2m > [22msetup_project generates .claude/core.md under 50 lines[33m 1614[2mms[22m[39m
{"timestamp":"2026-03-28T01:44:30.498Z","level":"INFO","service":"forgecraft","module":"tools/setup-project","message":"setup_project","phase":2,"projectDir":"C:\\Users\\JC\\AppData\\Local\\Temp\\forgecraft-setup-test-1774662270497"}
{"timestamp":"2026-03-28T01:44:30.507Z","level":"INFO","service":"forgecraft","module":"tools/scaffold","message":"Scaffolding project","tags":["UNIVERSAL"],"projectDir":"C:\\Users\\JC\\AppData\\Local\\Temp\\forgecraft-setup-test-1774662270497","dryRun":false,"force":false}
{"timestamp":"2026-03-28T01:44:30.636Z","level":"INFO","service":"forgecraft","module":"registry/loader","message":"Templates loaded","tagCount":24,"tags":["ANALYTICS","API","CLI","DATA-LINEAGE","DATA-PIPELINE","FINTECH","GAME","HEALTHCARE","HIPAA","INFRA","LIBRARY","MEDALLION-ARCHITECTURE","ML","MOBILE","OBSERVABILITY-XRAY","REALTIME","SOC2","SOCIAL","STATE-MACHINE","UNIVERSAL","WEB-REACT","WEB-STATIC","WEB3","ZERO-TRUST"]}
{"timestamp":"2026-03-28T01:44:30.636Z","level":"INFO","service":"forgecraft","module":"registry/composer","message":"Templates composed","tags":["UNIVERSAL"],"tier":"recommended","instructionBlocks":37,"structureEntries":20,"nfrBlocks":4,"hooks":13,"skills":8,"reviewBlocks":5,"referenceBlocks":8,"playbooks":0,"verificationStrategies":1}
{"timestamp":"2026-03-28T01:44:30.935Z","level":"INFO","service":"forgecraft","module":"analyzers/project-context","message":"Project context detected","projectDir":"C:\\Users\\JC\\AppData\\Local\\Temp\\forgecraft-setup-test-1774662270497","repoUrl":"not found","framework":"not detected","hasDomain":false,"sensitiveData":"NO"}
{"timestamp":"2026-03-28T01:44:31.833Z","level":"INFO","service":"forgecraft","module":"registry/loader","message":"Templates loaded","tagCount":24,"tags":["ANALYTICS","API","CLI","DATA-LINEAGE","DATA-PIPELINE","FINTECH","GAME","HEALTHCARE","HIPAA","INFRA","LIBRARY","MEDALLION-ARCHITECTURE","ML","MOBILE","OBSERVABILITY-XRAY","REALTIME","SOC2","SOCIAL","STATE-MACHINE","UNIVERSAL","WEB-REACT","WEB-STATIC","WEB3","ZERO-TRUST"]}
{"timestamp":"2026-03-28T01:44:31.833Z","level":"INFO","service":"forgecraft","module":"registry/composer","message":"Templates composed","tags":["UNIVERSAL"],"tier":"recommended","instructionBlocks":37,"structureEntries":20,"nfrBlocks":4,"hooks":13,"skills":8,"reviewBlocks":5,"referenceBlocks":8,"playbooks":0,"verificationStrategies":1}
{"timestamp":"2026-03-28T01:44:31.916Z","level":"INFO","service":"forgecraft","module":"registry/loader","message":"Templates loaded","tagCount":24,"tags":["ANALYTICS","API","CLI","DATA-LINEAGE","DATA-PIPELINE","FINTECH","GAME","HEALTHCARE","HIPAA","INFRA","LIBRARY","MEDALLION-ARCHITECTURE","ML","MOBILE","OBSERVABILITY-XRAY","REALTIME","SOC2","SOCIAL","STATE-MACHINE","UNIVERSAL","WEB-REACT","WEB-STATIC","WEB3","ZERO-TRUST"]}
{"timestamp":"2026-03-28T01:44:31.916Z","level":"INFO","service":"forgecraft","module":"registry/mcp-discovery","message":"Loaded local MCP server recommendations","count":5,"tags":["UNIVERSAL"]}
 [32mΓ£ô[39m tests/tools/setup-project.test.ts[2m > [22msetupProjectHandler[2m > [22mCNT generation[2m > [22msetup_project generates .claude/adr/index.md[33m 1543[2mms[22m[39m
{"timestamp":"2026-03-28T01:44:31.995Z","level":"INFO","service":"forgecraft","module":"tools/setup-project","message":"setup_project","phase":2,"projectDir":"C:\\Users\\JC\\AppData\\Local\\Temp\\forgecraft-setup-test-1774662271994"}
{"timestamp":"2026-03-28T01:44:32.001Z","level":"INFO","service":"forgecraft","module":"tools/scaffold","message":"Scaffolding project","tags":["UNIVERSAL"],"projectDir":"C:\\Users\\JC\\AppData\\Local\\Temp\\forgecraft-setup-test-1774662271994","dryRun":false,"force":false}
{"timestamp":"2026-03-28T01:44:32.082Z","level":"INFO","service":"forgecraft","module":"registry/loader","message":"Templates loaded","tagCount":24,"tags":["ANALYTICS","API","CLI","DATA-LINEAGE","DATA-PIPELINE","FINTECH","GAME","HEALTHCARE","HIPAA","INFRA","LIBRARY","MEDALLION-ARCHITECTURE","ML","MOBILE","OBSERVABILITY-XRAY","REALTIME","SOC2","SOCIAL","STATE-MACHINE","UNIVERSAL","WEB-REACT","WEB-STATIC","WEB3","ZERO-TRUST"]}
{"timestamp":"2026-03-28T01:44:32.082Z","level":"INFO","service":"forgecraft","module":"registry/composer","message":"Templates composed","tags":["UNIVERSAL"],"tier":"recommended","instructionBlocks":37,"structureEntries":20,"nfrBlocks":4,"hooks":13,"skills":8,"reviewBlocks":5,"referenceBlocks":8,"playbooks":0,"verificationStrategies":1}
{"timestamp":"2026-03-28T01:44:32.353Z","level":"INFO","service":"forgecraft","module":"analyzers/project-context","message":"Project context detected","projectDir":"C:\\Users\\JC\\AppData\\Local\\Temp\\forgecraft-setup-test-1774662271994","repoUrl":"not found","framework":"not detected","hasDomain":false,"sensitiveData":"NO"}
{"timestamp":"2026-03-28T01:44:33.368Z","level":"INFO","service":"forgecraft","module":"registry/loader","message":"Templates loaded","tagCount":24,"tags":["ANALYTICS","API","CLI","DATA-LINEAGE","DATA-PIPELINE","FINTECH","GAME","HEALTHCARE","HIPAA","INFRA","LIBRARY","MEDALLION-ARCHITECTURE","ML","MOBILE","OBSERVABILITY-XRAY","REALTIME","SOC2","SOCIAL","STATE-MACHINE","UNIVERSAL","WEB-REACT","WEB-STATIC","WEB3","ZERO-TRUST"]}
{"timestamp":"2026-03-28T01:44:33.368Z","level":"INFO","service":"forgecraft","module":"registry/composer","message":"Templates composed","tags":["UNIVERSAL"],"tier":"recommended","instructionBlocks":37,"structureEntries":20,"nfrBlocks":4,"hooks":13,"skills":8,"reviewBlocks":5,"referenceBlocks":8,"playbooks":0,"verificationStrategies":1}
{"timestamp":"2026-03-28T01:44:33.494Z","level":"INFO","service":"forgecraft","module":"registry/loader","message":"Templates loaded","tagCount":24,"tags":["ANALYTICS","API","CLI","DATA-LINEAGE","DATA-PIPELINE","FINTECH","GAME","HEALTHCARE","HIPAA","INFRA","LIBRARY","MEDALLION-ARCHITECTURE","ML","MOBILE","OBSERVABILITY-XRAY","REALTIME","SOC2","SOCIAL","STATE-MACHINE","UNIVERSAL","WEB-REACT","WEB-STATIC","WEB3","ZERO-TRUST"]}
{"timestamp":"2026-03-28T01:44:33.494Z","level":"INFO","service":"forgecraft","module":"registry/mcp-discovery","message":"Loaded local MCP server recommendations","count":5,"tags":["UNIVERSAL"]}
 [32mΓ£ô[39m tests/tools/setup-project.test.ts[2m > [22msetupProjectHandler[2m > [22mCNT generation[2m > [22msetup_project generates .claude/gates/index.md[33m 1498[2mms[22m[39m
{"timestamp":"2026-03-28T01:44:33.589Z","level":"INFO","service":"forgecraft","module":"tools/setup-project","message":"setup_project","phase":2,"projectDir":"C:\\Users\\JC\\AppData\\Local\\Temp\\forgecraft-setup-test-1774662273588"}
{"timestamp":"2026-03-28T01:44:33.594Z","level":"INFO","service":"forgecraft","module":"tools/scaffold","message":"Scaffolding project","tags":["UNIVERSAL"],"projectDir":"C:\\Users\\JC\\AppData\\Local\\Temp\\forgecraft-setup-test-1774662273588","dryRun":false,"force":false}
{"timestamp":"2026-03-28T01:44:33.715Z","level":"INFO","service":"forgecraft","module":"registry/loader","message":"Templates loaded","tagCount":24,"tags":["ANALYTICS","API","CLI","DATA-LINEAGE","DATA-PIPELINE","FINTECH","GAME","HEALTHCARE","HIPAA","INFRA","LIBRARY","MEDALLION-ARCHITECTURE","ML","MOBILE","OBSERVABILITY-XRAY","REALTIME","SOC2","SOCIAL","STATE-MACHINE","UNIVERSAL","WEB-REACT","WEB-STATIC","WEB3","ZERO-TRUST"]}
{"timestamp":"2026-03-28T01:44:33.715Z","level":"INFO","service":"forgecraft","module":"registry/composer","message":"Templates composed","tags":["UNIVERSAL"],"tier":"recommended","instructionBlocks":37,"structureEntries":20,"nfrBlocks":4,"hooks":13,"skills":8,"reviewBlocks":5,"referenceBlocks":8,"playbooks":0,"verificationStrategies":1}
{"timestamp":"2026-03-28T01:44:33.999Z","level":"INFO","service":"forgecraft","module":"analyzers/project-context","message":"Project context detected","projectDir":"C:\\Users\\JC\\AppData\\Local\\Temp\\forgecraft-setup-test-1774662273588","repoUrl":"not found","framework":"not detected","hasDomain":false,"sensitiveData":"NO"}
{"timestamp":"2026-03-28T01:44:34.749Z","level":"INFO","service":"forgecraft","module":"registry/loader","message":"Templates loaded","tagCount":24,"tags":["ANALYTICS","API","CLI","DATA-LINEAGE","DATA-PIPELINE","FINTECH","GAME","HEALTHCARE","HIPAA","INFRA","LIBRARY","MEDALLION-ARCHITECTURE","ML","MOBILE","OBSERVABILITY-XRAY","REALTIME","SOC2","SOCIAL","STATE-MACHINE","UNIVERSAL","WEB-REACT","WEB-STATIC","WEB3","ZERO-TRUST"]}
{"timestamp":"2026-03-28T01:44:34.749Z","level":"INFO","service":"forgecraft","module":"registry/composer","message":"Templates composed","tags":["UNIVERSAL"],"tier":"recommended","instructionBlocks":37,"structureEntries":20,"nfrBlocks":4,"hooks":13,"skills":8,"reviewBlocks":5,"referenceBlocks":8,"playbooks":0,"verificationStrategies":1}
{"timestamp":"2026-03-28T01:44:34.828Z","level":"INFO","service":"forgecraft","module":"registry/loader","message":"Templates loaded","tagCount":24,"tags":["ANALYTICS","API","CLI","DATA-LINEAGE","DATA-PIPELINE","FINTECH","GAME","HEALTHCARE","HIPAA","INFRA","LIBRARY","MEDALLION-ARCHITECTURE","ML","MOBILE","OBSERVABILITY-XRAY","REALTIME","SOC2","SOCIAL","STATE-MACHINE","UNIVERSAL","WEB-REACT","WEB-STATIC","WEB3","ZERO-TRUST"]}
{"timestamp":"2026-03-28T01:44:34.828Z","level":"INFO","service":"forgecraft","module":"registry/mcp-discovery","message":"Loaded local MCP server recommendations","count":5,"tags":["UNIVERSAL"]}
 [32mΓ£ô[39m tests/tools/setup-project.test.ts[2m > [22msetupProjectHandler[2m > [22mCNT generation[2m > [22mCLAUDE.md is 3-5 lines (identity + pointer only)[33m 1594[2mms[22m[39m
{"timestamp":"2026-03-28T01:44:34.908Z","level":"INFO","service":"forgecraft","module":"tools/setup-project","message":"setup_project","phase":1,"projectDir":"C:\\Users\\JC\\AppData\\Local\\Temp\\forgecraft-setup-test-1774662274905"}
 [32mΓ£ô[39m tests/tools/setup-project.test.ts[2m > [22msetupProjectHandler[2m > [22mCNT generation[2m > [22mADR-000 is created on first setup[33m 1309[2mms[22m[39m
 [32mΓ£ô[39m tests/tools/setup-project.test.ts[2m > [22msetupProjectHandler[2m > [22mbrownfield detection[2m > [22mdetectProjectMode returns brownfield when src/*.ts exists and no spec doc[32m 6[2mms[22m[39m
 [32mΓ£ô[39m tests/tools/setup-project.test.ts[2m > [22msetupProjectHandler[2m > [22mbrownfield detection[2m > [22mdetectProjectMode returns greenfield when no src files exist[32m 2[2mms[22m[39m
 [32mΓ£ô[39m tests/tools/setup-project.test.ts[2m > [22msetupProjectHandler[2m > [22mbrownfield detection[2m > [22msetupProjectHandler phase1 uses brownfield questions when brownfield detected[32m 16[2mms[22m[39m

ΓÄ»ΓÄ»ΓÄ»ΓÄ»ΓÄ»ΓÄ»ΓÄ» Failed Tests 1 ΓÄ»ΓÄ»ΓÄ»ΓÄ»ΓÄ»ΓÄ»ΓÄ»

 FAIL  tests/tools/close-cycle.test.ts > closeCycle > close_cycle suggests semver bump when git history available
Error: Test timed out in 10000ms.
If this is a long-running test, pass a timeout value as the last argument or configure it globally with "testTimeout".
 Γ¥» tests/tools/close-cycle.test.ts:316:3
    314|   });
    315| 
    316|   it("close_cycle suggests semver bump when git history available", asΓÇª
       |   ^
    317|     // Use the actual project dir which has real git history to validaΓÇª
    318|     // the function returns a non-null suggestion when commits exist.

ΓÄ»ΓÄ»ΓÄ»ΓÄ»ΓÄ»ΓÄ»ΓÄ»ΓÄ»ΓÄ»ΓÄ»ΓÄ»ΓÄ»ΓÄ»ΓÄ»ΓÄ»ΓÄ»ΓÄ»ΓÄ»ΓÄ»ΓÄ»ΓÄ»ΓÄ»ΓÄ»ΓÄ»[1/1]ΓÄ»


[2m Test Files [22m [1m[31m1 failed[39m[22m[2m | [22m[1m[32m74 passed[39m[22m[90m (75)[39m
[2m      Tests [22m [1m[31m1 failed[39m[22m[2m | [22m[1m[32m1143 passed[39m[22m[90m (1144)[39m
[2m   Start at [22m 20:43:34
[2m   Duration [22m 59.97s[2m (transform 12.26s, setup 0ms, collect 34.74s, tests 301.05s, environment 30ms, prepare 64.22s)[22m

